2026-02-13 20:23:30,317 - configurador_logs - INFO - Sistema de logs configurado com sucesso
2026-02-13 20:23:30,317 - configurador_logs - INFO - 🚀 Logs configurados para MODO PRODUÇÃO
2026-02-13 20:23:30,317 - gerenciador_principal - INFO - Inicializando sistema - Modo: PRODUCAO
2026-02-13 20:23:30,317 - gerenciador_arquivos - INFO - Pasta dados_coletados preparada
2026-02-13 20:23:30,317 - gerenciador_principal - INFO - Sistema inicializado com 3 scrapers
2026-02-13 20:23:30,317 - gerenciador_principal - INFO - ============================================================
2026-02-13 20:23:30,317 - gerenciador_principal - INFO - INICIANDO SCRAPING COMPLETO - PRODUCAO
2026-02-13 20:23:30,318 - gerenciador_principal - INFO - ============================================================
2026-02-13 20:23:30,318 - gerenciador_principal - INFO - [1/3] Processando Cobasi
2026-02-13 20:23:30,318 - scraper_base - INFO - 🚀 Iniciando scraping completo - Cobasi
2026-02-13 20:23:30,851 - gerenciador_conexoes - INFO - Sessao estabelecida com cobasi.com.br
2026-02-13 20:23:30,851 - scraper_base - INFO - 📋 20 medicamentos para processar
2026-02-13 20:23:30,851 - scraper_base - INFO - 📦 [1/20] Processando Simparic
2026-02-13 20:23:30,851 - scraper_base - INFO - 🔍 Cobasi: Buscando Simparic
2026-02-13 20:23:34,849 - scraper_cobasi - INFO - Cobasi: Dados extraídos via JSON para Simparic
2026-02-13 20:23:34,849 - scraper_base - INFO - ✅ Cobasi: 12 produto(s) encontrado(s) para Simparic
2026-02-13 20:23:36,283 - scraper_base - INFO - 📦 [2/20] Processando Revolution
2026-02-13 20:23:36,283 - scraper_base - INFO - 🔍 Cobasi: Buscando Revolution
2026-02-13 20:23:38,628 - scraper_cobasi - INFO - Cobasi: Dados extraídos via JSON para Revolution
2026-02-13 20:23:38,628 - scraper_base - INFO - ✅ Cobasi: 18 produto(s) encontrado(s) para Revolution
2026-02-13 20:23:41,176 - scraper_base - INFO - 📦 [3/20] Processando NexGard
2026-02-13 20:23:41,176 - scraper_base - INFO - 🔍 Cobasi: Buscando NexGard
2026-02-13 20:23:43,590 - scraper_cobasi - INFO - Cobasi: Dados extraídos via JSON para NexGard
2026-02-13 20:23:43,590 - scraper_base - INFO - ✅ Cobasi: 22 produto(s) encontrado(s) para NexGard
2026-02-13 20:23:45,644 - scraper_base - INFO - 📦 [4/20] Processando NexGard Spectra
2026-02-13 20:23:45,644 - scraper_base - INFO - 🔍 Cobasi: Buscando NexGard Spectra
2026-02-13 20:23:47,402 - scraper_cobasi - INFO - Cobasi: Dados extraídos via JSON para NexGard Spectra
2026-02-13 20:23:47,403 - scraper_base - INFO - ✅ Cobasi: 10 produto(s) encontrado(s) para NexGard Spectra
2026-02-13 20:23:49,018 - scraper_base - INFO - 📦 [5/20] Processando NexGard Combo
2026-02-13 20:23:49,019 - scraper_base - INFO - 🔍 Cobasi: Buscando NexGard Combo
2026-02-13 20:23:50,692 - scraper_cobasi - INFO - Cobasi: Dados extraídos via JSON para NexGard Combo
2026-02-13 20:23:50,692 - scraper_base - INFO - ✅ Cobasi: 4 produto(s) encontrado(s) para NexGard Combo
2026-02-13 20:23:53,457 - scraper_base - INFO - 📦 [6/20] Processando Bravecto
2026-02-13 20:23:53,457 - scraper_base - INFO - 🔍 Cobasi: Buscando Bravecto
2026-02-13 20:23:55,478 - scraper_cobasi - INFO - Cobasi: Dados extraídos via JSON para Bravecto
2026-02-13 20:23:55,479 - scraper_base - INFO - ✅ Cobasi: 16 produto(s) encontrado(s) para Bravecto
2026-02-13 20:23:57,024 - scraper_base - INFO - 📦 [7/20] Processando Frontline
2026-02-13 20:23:57,025 - scraper_base - INFO - 🔍 Cobasi: Buscando Frontline
2026-02-13 20:24:00,997 - scraper_cobasi - INFO - Cobasi: Dados extraídos via JSON para Frontline
2026-02-13 20:24:00,998 - scraper_base - INFO - ✅ Cobasi: 10 produto(s) encontrado(s) para Frontline
2026-02-13 20:24:02,967 - scraper_base - INFO - 📦 [8/20] Processando Advocate
2026-02-13 20:24:02,967 - scraper_base - INFO - 🔍 Cobasi: Buscando Advocate
2026-02-13 20:24:03,586 - scraper_cobasi - INFO - Cobasi: Dados extraídos via JSON para Advocate
2026-02-13 20:24:03,586 - scraper_base - INFO - ✅ Cobasi: 12 produto(s) encontrado(s) para Advocate
2026-02-13 20:24:05,706 - scraper_base - INFO - 📦 [9/20] Processando Drontal
2026-02-13 20:24:05,707 - scraper_base - INFO - 🔍 Cobasi: Buscando Drontal
2026-02-13 20:24:07,901 - scraper_cobasi - INFO - Cobasi: Dados extraídos via JSON para Drontal
2026-02-13 20:24:07,901 - scraper_base - INFO - ✅ Cobasi: 8 produto(s) encontrado(s) para Drontal
2026-02-13 20:24:09,615 - scraper_base - INFO - 📦 [10/20] Processando Milbemax
2026-02-13 20:24:09,615 - scraper_base - INFO - 🔍 Cobasi: Buscando Milbemax
2026-02-13 20:24:11,339 - scraper_cobasi - INFO - Cobasi: Dados extraídos via JSON para Milbemax
2026-02-13 20:24:11,339 - scraper_base - INFO - ✅ Cobasi: 4 produto(s) encontrado(s) para Milbemax
2026-02-13 20:24:13,932 - scraper_base - INFO - 📦 [11/20] Processando Vermivet
2026-02-13 20:24:13,932 - scraper_base - INFO - 🔍 Cobasi: Buscando Vermivet
2026-02-13 20:24:14,643 - scraper_cobasi - INFO - Cobasi: Dados extraídos via JSON para Vermivet
2026-02-13 20:24:14,643 - scraper_base - INFO - ✅ Cobasi: 5 produto(s) encontrado(s) para Vermivet
2026-02-13 20:24:17,160 - scraper_base - INFO - 📦 [12/20] Processando Rimadyl
2026-02-13 20:24:17,160 - scraper_base - INFO - 🔍 Cobasi: Buscando Rimadyl
2026-02-13 20:24:18,916 - scraper_cobasi - INFO - Cobasi: Dados extraídos via JSON para Rimadyl
2026-02-13 20:24:18,917 - scraper_base - INFO - ✅ Cobasi: 3 produto(s) encontrado(s) para Rimadyl
2026-02-13 20:24:21,099 - scraper_base - INFO - 📦 [13/20] Processando Onsior
2026-02-13 20:24:21,099 - scraper_base - INFO - 🔍 Cobasi: Buscando Onsior
2026-02-13 20:24:23,211 - scraper_cobasi - INFO - Cobasi: Dados extraídos via JSON para Onsior
2026-02-13 20:24:23,211 - scraper_base - INFO - ✅ Cobasi: 4 produto(s) encontrado(s) para Onsior
2026-02-13 20:24:25,967 - scraper_base - INFO - 📦 [14/20] Processando Maxicam
2026-02-13 20:24:25,967 - scraper_base - INFO - 🔍 Cobasi: Buscando Maxicam
2026-02-13 20:24:29,026 - scraper_cobasi - INFO - Cobasi: Dados extraídos via JSON para Maxicam
2026-02-13 20:24:29,026 - scraper_base - INFO - ✅ Cobasi: 21 produto(s) encontrado(s) para Maxicam
2026-02-13 20:24:30,650 - scraper_base - INFO - 📦 [15/20] Processando Carproflan
2026-02-13 20:24:30,651 - scraper_base - INFO - 🔍 Cobasi: Buscando Carproflan
2026-02-13 20:24:34,259 - scraper_cobasi - INFO - Cobasi: Dados extraídos via JSON para Carproflan
2026-02-13 20:24:34,259 - scraper_base - INFO - ✅ Cobasi: 3 produto(s) encontrado(s) para Carproflan
2026-02-13 20:24:36,167 - scraper_base - INFO - 📦 [16/20] Processando Previcox
2026-02-13 20:24:36,167 - scraper_base - INFO - 🔍 Cobasi: Buscando Previcox
2026-02-13 20:24:36,742 - scraper_cobasi - INFO - Cobasi: Dados extraídos via JSON para Previcox
2026-02-13 20:24:36,742 - scraper_base - INFO - ✅ Cobasi: 2 produto(s) encontrado(s) para Previcox
2026-02-13 20:24:39,530 - scraper_base - INFO - 📦 [17/20] Processando Apoquel
2026-02-13 20:24:39,530 - scraper_base - INFO - 🔍 Cobasi: Buscando Apoquel
2026-02-13 20:24:40,603 - scraper_cobasi - INFO - Cobasi: Dados extraídos via JSON para Apoquel
2026-02-13 20:24:40,603 - scraper_base - INFO - ✅ Cobasi: 3 produto(s) encontrado(s) para Apoquel
2026-02-13 20:24:41,771 - scraper_base - INFO - 📦 [18/20] Processando Zenrelia
2026-02-13 20:24:41,771 - scraper_base - INFO - 🔍 Cobasi: Buscando Zenrelia
2026-02-13 20:24:43,553 - scraper_cobasi - INFO - Cobasi: Dados extraídos via JSON para Zenrelia
2026-02-13 20:24:43,553 - scraper_base - INFO - ✅ Cobasi: 4 produto(s) encontrado(s) para Zenrelia
2026-02-13 20:24:44,677 - scraper_base - INFO - 📦 [19/20] Processando Synulox
2026-02-13 20:24:44,677 - scraper_base - INFO - 🔍 Cobasi: Buscando Synulox
2026-02-13 20:24:46,873 - scraper_cobasi - INFO - Cobasi: Dados extraídos via JSON para Synulox
2026-02-13 20:24:46,873 - scraper_base - INFO - ✅ Cobasi: 2 produto(s) encontrado(s) para Synulox
2026-02-13 20:24:49,594 - scraper_base - INFO - 📦 [20/20] Processando Baytril
2026-02-13 20:24:49,594 - scraper_base - INFO - 🔍 Cobasi: Buscando Baytril
2026-02-13 20:24:51,216 - scraper_cobasi - INFO - Cobasi: Dados extraídos via JSON para Baytril
2026-02-13 20:24:51,216 - scraper_base - INFO - ✅ Cobasi: 4 produto(s) encontrado(s) para Baytril
2026-02-13 20:24:54,156 - scraper_base - INFO - 📊 Cobasi - Estatísticas finais:
2026-02-13 20:24:54,156 - scraper_base - INFO -    • Medicamentos processados: 20
2026-02-13 20:24:54,156 - scraper_base - INFO -    • Produtos encontrados: 167
2026-02-13 20:24:54,156 - scraper_base - INFO -    • Medicamentos sem resultado: 0
2026-02-13 20:24:54,156 - scraper_base - INFO -    • Tempo total: 83.8s
2026-02-13 20:24:54,156 - scraper_base - INFO -    • Tempo médio por medicamento: 4.2s
2026-02-13 20:24:54,275 - gerenciador_arquivos - INFO - Excel salvo: dados_coletados/cobasi_20260213_202454.xlsx (167 produtos)
2026-02-13 20:24:54,275 - gerenciador_principal - INFO - Cobasi: Arquivo individual salvo com sucesso
2026-02-13 20:24:54,275 - gerenciador_principal - INFO - Pausando entre sites...
2026-02-13 20:24:56,276 - gerenciador_principal - INFO - [2/3] Processando Petlove
2026-02-13 20:24:56,276 - scraper_base - INFO - 🚀 Iniciando scraping completo - Petlove
2026-02-13 20:24:56,478 - scraper_base - INFO - 📋 20 medicamentos para processar
2026-02-13 20:24:56,478 - scraper_base - INFO - 📦 [1/20] Processando Simparic
2026-02-13 20:24:56,478 - scraper_base - INFO - 🔍 Petlove: Buscando Simparic
2026-02-13 20:25:02,463 - gerenciador_conexoes - INFO - Chrome inicializado com otimizacoes de velocidade
2026-02-13 20:25:06,950 - scraper_base - INFO - ✅ Petlove: 36 produto(s) encontrado(s) para Simparic
2026-02-13 20:25:09,871 - scraper_base - INFO - 📦 [2/20] Processando Revolution
2026-02-13 20:25:09,871 - scraper_base - INFO - 🔍 Petlove: Buscando Revolution
2026-02-13 20:25:11,736 - scraper_base - INFO - ✅ Petlove: 19 produto(s) encontrado(s) para Revolution
2026-02-13 20:25:13,871 - scraper_base - INFO - 📦 [3/20] Processando NexGard
2026-02-13 20:25:13,872 - scraper_base - INFO - 🔍 Petlove: Buscando NexGard
2026-02-13 20:25:15,488 - scraper_base - INFO - ✅ Petlove: 11 produto(s) encontrado(s) para NexGard
2026-02-13 20:25:16,723 - scraper_base - INFO - 📦 [4/20] Processando NexGard Spectra
2026-02-13 20:25:16,723 - scraper_base - INFO - 🔍 Petlove: Buscando NexGard Spectra
2026-02-13 20:25:17,936 - scraper_base - INFO - ✅ Petlove: 5 produto(s) encontrado(s) para NexGard Spectra
2026-02-13 20:25:20,643 - scraper_base - INFO - 📦 [5/20] Processando NexGard Combo
2026-02-13 20:25:20,643 - scraper_base - INFO - 🔍 Petlove: Buscando NexGard Combo
2026-02-13 20:25:22,006 - scraper_base - INFO - ✅ Petlove: 2 produto(s) encontrado(s) para NexGard Combo
2026-02-13 20:25:23,185 - scraper_base - INFO - 📦 [6/20] Processando Bravecto
2026-02-13 20:25:23,185 - scraper_base - INFO - 🔍 Petlove: Buscando Bravecto
2026-02-13 20:25:25,941 - scraper_base - INFO - ✅ Petlove: 26 produto(s) encontrado(s) para Bravecto
2026-02-13 20:25:28,664 - scraper_base - INFO - 📦 [7/20] Processando Frontline
2026-02-13 20:25:28,664 - scraper_base - INFO - 🔍 Petlove: Buscando Frontline
2026-02-13 20:25:30,580 - scraper_base - INFO - ✅ Petlove: 11 produto(s) encontrado(s) para Frontline
2026-02-13 20:25:31,910 - scraper_base - INFO - 📦 [8/20] Processando Advocate
2026-02-13 20:25:31,910 - scraper_base - INFO - 🔍 Petlove: Buscando Advocate
2026-02-13 20:25:33,637 - scraper_base - INFO - ✅ Petlove: 12 produto(s) encontrado(s) para Advocate
2026-02-13 20:25:35,365 - scraper_base - INFO - 📦 [9/20] Processando Drontal
2026-02-13 20:25:35,365 - scraper_base - INFO - 🔍 Petlove: Buscando Drontal
2026-02-13 20:25:37,483 - scraper_base - INFO - ✅ Petlove: 36 produto(s) encontrado(s) para Drontal
2026-02-13 20:25:40,050 - scraper_base - INFO - 📦 [10/20] Processando Milbemax
2026-02-13 20:25:40,050 - scraper_base - INFO - 🔍 Petlove: Buscando Milbemax
2026-02-13 20:25:41,713 - scraper_base - INFO - ✅ Petlove: 15 produto(s) encontrado(s) para Milbemax
2026-02-13 20:25:42,848 - scraper_base - INFO - 📦 [11/20] Processando Vermivet
2026-02-13 20:25:42,848 - scraper_base - INFO - 🔍 Petlove: Buscando Vermivet
2026-02-13 20:25:44,980 - scraper_base - INFO - ✅ Petlove: 36 produto(s) encontrado(s) para Vermivet
2026-02-13 20:25:47,158 - scraper_base - INFO - 📦 [12/20] Processando Rimadyl
2026-02-13 20:25:47,158 - scraper_base - INFO - 🔍 Petlove: Buscando Rimadyl
2026-02-13 20:25:49,191 - scraper_base - INFO - ✅ Petlove: 1 produto(s) encontrado(s) para Rimadyl
2026-02-13 20:25:52,177 - scraper_base - INFO - 📦 [13/20] Processando Onsior
2026-02-13 20:25:52,178 - scraper_base - INFO - 🔍 Petlove: Buscando Onsior
2026-02-13 20:25:53,544 - scraper_base - INFO - ✅ Petlove: 4 produto(s) encontrado(s) para Onsior
2026-02-13 20:25:55,088 - scraper_base - INFO - 📦 [14/20] Processando Maxicam
2026-02-13 20:25:55,088 - scraper_base - INFO - 🔍 Petlove: Buscando Maxicam
2026-02-13 20:25:56,657 - scraper_base - INFO - ✅ Petlove: 3 produto(s) encontrado(s) para Maxicam
2026-02-13 20:25:58,200 - scraper_base - INFO - 📦 [15/20] Processando Carproflan
2026-02-13 20:25:58,201 - scraper_base - INFO - 🔍 Petlove: Buscando Carproflan
2026-02-13 20:25:59,780 - scraper_base - INFO - ✅ Petlove: 8 produto(s) encontrado(s) para Carproflan
2026-02-13 20:26:02,441 - scraper_base - INFO - 📦 [16/20] Processando Previcox
2026-02-13 20:26:02,441 - scraper_base - INFO - 🔍 Petlove: Buscando Previcox
2026-02-13 20:26:03,748 - scraper_base - INFO - ✅ Petlove: 4 produto(s) encontrado(s) para Previcox
2026-02-13 20:26:06,160 - scraper_base - INFO - 📦 [17/20] Processando Apoquel
2026-02-13 20:26:06,160 - scraper_base - INFO - 🔍 Petlove: Buscando Apoquel
2026-02-13 20:26:08,792 - scraper_base - INFO - ✅ Petlove: 16 produto(s) encontrado(s) para Apoquel
2026-02-13 20:26:11,189 - scraper_base - INFO - 📦 [18/20] Processando Zenrelia
2026-02-13 20:26:11,189 - scraper_base - INFO - 🔍 Petlove: Buscando Zenrelia
2026-02-13 20:26:12,529 - scraper_base - INFO - ✅ Petlove: 4 produto(s) encontrado(s) para Zenrelia
2026-02-13 20:26:13,825 - scraper_base - INFO - 📦 [19/20] Processando Synulox
2026-02-13 20:26:13,825 - scraper_base - INFO - 🔍 Petlove: Buscando Synulox
2026-02-13 20:26:15,026 - scraper_base - INFO - ✅ Petlove: 1 produto(s) encontrado(s) para Synulox
2026-02-13 20:26:17,853 - scraper_base - INFO - 📦 [20/20] Processando Baytril
2026-02-13 20:26:17,854 - scraper_base - INFO - 🔍 Petlove: Buscando Baytril
2026-02-13 20:26:19,460 - scraper_base - INFO - ✅ Petlove: 4 produto(s) encontrado(s) para Baytril
2026-02-13 20:26:20,605 - scraper_base - INFO - 📊 Petlove - Estatísticas finais:
2026-02-13 20:26:20,605 - scraper_base - INFO -    • Medicamentos processados: 20
2026-02-13 20:26:20,605 - scraper_base - INFO -    • Produtos encontrados: 254
2026-02-13 20:26:20,605 - scraper_base - INFO -    • Medicamentos sem resultado: 0
2026-02-13 20:26:20,605 - scraper_base - INFO -    • Tempo total: 84.3s
2026-02-13 20:26:20,605 - scraper_base - INFO -    • Tempo médio por medicamento: 4.2s
2026-02-13 20:26:20,655 - gerenciador_arquivos - INFO - Excel salvo: dados_coletados/petlove_20260213_202620.xlsx (254 produtos)
2026-02-13 20:26:20,655 - gerenciador_principal - INFO - Petlove: Arquivo individual salvo com sucesso
2026-02-13 20:26:20,655 - gerenciador_principal - INFO - Pausando entre sites...
2026-02-13 20:26:22,656 - gerenciador_principal - INFO - [3/3] Processando Petz
2026-02-13 20:26:22,656 - scraper_base - INFO - 🚀 Iniciando scraping completo - Petz
2026-02-13 20:26:23,415 - scraper_base - INFO - 📋 20 medicamentos para processar
2026-02-13 20:26:23,416 - scraper_base - INFO - 📦 [1/20] Processando Simparic
2026-02-13 20:26:23,416 - scraper_base - INFO - 🔍 Petz: Buscando Simparic
2026-02-13 20:26:29,779 - scraper_base - INFO - ✅ Petz: 12 produto(s) encontrado(s) para Simparic
2026-02-13 20:26:31,144 - scraper_base - INFO - 📦 [2/20] Processando Revolution
2026-02-13 20:26:31,144 - scraper_base - INFO - 🔍 Petz: Buscando Revolution
2026-02-13 20:26:34,858 - scraper_base - INFO - ✅ Petz: 25 produto(s) encontrado(s) para Revolution
2026-02-13 20:26:35,865 - scraper_base - INFO - 📦 [3/20] Processando NexGard
2026-02-13 20:26:35,865 - scraper_base - INFO - 🔍 Petz: Buscando NexGard
2026-02-13 20:26:38,894 - scraper_base - INFO - ✅ Petz: 22 produto(s) encontrado(s) para NexGard
2026-02-13 20:26:39,965 - scraper_base - INFO - 📦 [4/20] Processando NexGard Spectra
2026-02-13 20:26:39,965 - scraper_base - INFO - 🔍 Petz: Buscando NexGard Spectra
2026-02-13 20:26:42,850 - scraper_base - INFO - ✅ Petz: 10 produto(s) encontrado(s) para NexGard Spectra
2026-02-13 20:26:45,550 - scraper_base - INFO - 📦 [5/20] Processando NexGard Combo
2026-02-13 20:26:45,550 - scraper_base - INFO - 🔍 Petz: Buscando NexGard Combo
2026-02-13 20:26:48,144 - scraper_base - INFO - ✅ Petz: 4 produto(s) encontrado(s) para NexGard Combo
2026-02-13 20:26:51,097 - scraper_base - INFO - 📦 [6/20] Processando Bravecto
2026-02-13 20:26:51,097 - scraper_base - INFO - 🔍 Petz: Buscando Bravecto
2026-02-13 20:26:54,119 - scraper_base - INFO - ✅ Petz: 16 produto(s) encontrado(s) para Bravecto
2026-02-13 20:26:56,165 - scraper_base - INFO - 📦 [7/20] Processando Frontline
2026-02-13 20:26:56,165 - scraper_base - INFO - 🔍 Petz: Buscando Frontline
2026-02-13 20:26:58,645 - scraper_base - INFO - ✅ Petz: 11 produto(s) encontrado(s) para Frontline
2026-02-13 20:27:00,388 - scraper_base - INFO - 📦 [8/20] Processando Advocate
2026-02-13 20:27:00,389 - scraper_base - INFO - 🔍 Petz: Buscando Advocate
2026-02-13 20:27:03,058 - scraper_base - INFO - ✅ Petz: 12 produto(s) encontrado(s) para Advocate
2026-02-13 20:27:05,055 - scraper_base - INFO - 📦 [9/20] Processando Drontal
2026-02-13 20:27:05,055 - scraper_base - INFO - 🔍 Petz: Buscando Drontal
2026-02-13 20:27:09,231 - scraper_base - INFO - ✅ Petz: 30 produto(s) encontrado(s) para Drontal
2026-02-13 20:27:12,019 - scraper_base - INFO - 📦 [10/20] Processando Milbemax
2026-02-13 20:27:12,020 - scraper_base - INFO - 🔍 Petz: Buscando Milbemax
2026-02-13 20:27:14,309 - scraper_base - INFO - ✅ Petz: 4 produto(s) encontrado(s) para Milbemax
2026-02-13 20:27:16,970 - scraper_base - INFO - 📦 [11/20] Processando Vermivet
2026-02-13 20:27:16,970 - scraper_base - INFO - 🔍 Petz: Buscando Vermivet
2026-02-13 20:27:19,087 - scraper_base - INFO - ✅ Petz: 5 produto(s) encontrado(s) para Vermivet
2026-02-13 20:27:20,267 - scraper_base - INFO - 📦 [12/20] Processando Rimadyl
2026-02-13 20:27:20,267 - scraper_base - INFO - 🔍 Petz: Buscando Rimadyl
2026-02-13 20:27:22,619 - scraper_base - INFO - ✅ Petz: 3 produto(s) encontrado(s) para Rimadyl
2026-02-13 20:27:23,784 - scraper_base - INFO - 📦 [13/20] Processando Onsior
2026-02-13 20:27:23,784 - scraper_base - INFO - 🔍 Petz: Buscando Onsior
2026-02-13 20:27:26,159 - scraper_base - INFO - ✅ Petz: 4 produto(s) encontrado(s) para Onsior
2026-02-13 20:27:29,079 - scraper_base - INFO - 📦 [14/20] Processando Maxicam
2026-02-13 20:27:29,079 - scraper_base - INFO - 🔍 Petz: Buscando Maxicam
2026-02-13 20:27:33,014 - scraper_base - INFO - ✅ Petz: 30 produto(s) encontrado(s) para Maxicam
2026-02-13 20:27:35,059 - scraper_base - INFO - 📦 [15/20] Processando Carproflan
2026-02-13 20:27:35,059 - scraper_base - INFO - 🔍 Petz: Buscando Carproflan
2026-02-13 20:27:37,457 - scraper_base - INFO - ✅ Petz: 3 produto(s) encontrado(s) para Carproflan
2026-02-13 20:27:39,027 - scraper_base - INFO - 📦 [16/20] Processando Previcox
2026-02-13 20:27:39,027 - scraper_base - INFO - 🔍 Petz: Buscando Previcox
2026-02-13 20:27:41,276 - scraper_base - INFO - ✅ Petz: 2 produto(s) encontrado(s) para Previcox
2026-02-13 20:27:42,477 - scraper_base - INFO - 📦 [17/20] Processando Apoquel
2026-02-13 20:27:42,477 - scraper_base - INFO - 🔍 Petz: Buscando Apoquel
2026-02-13 20:27:44,779 - scraper_base - INFO - ✅ Petz: 3 produto(s) encontrado(s) para Apoquel
2026-02-13 20:27:46,418 - scraper_base - INFO - 📦 [18/20] Processando Zenrelia
2026-02-13 20:27:46,418 - scraper_base - INFO - 🔍 Petz: Buscando Zenrelia
2026-02-13 20:27:48,532 - scraper_base - INFO - ✅ Petz: 4 produto(s) encontrado(s) para Zenrelia
2026-02-13 20:27:49,757 - scraper_base - INFO - 📦 [19/20] Processando Synulox
2026-02-13 20:27:49,757 - scraper_base - INFO - 🔍 Petz: Buscando Synulox
2026-02-13 20:27:51,932 - scraper_base - INFO - ✅ Petz: 2 produto(s) encontrado(s) para Synulox
2026-02-13 20:27:54,893 - scraper_base - INFO - 📦 [20/20] Processando Baytril
2026-02-13 20:27:54,893 - scraper_base - INFO - 🔍 Petz: Buscando Baytril
2026-02-13 20:27:57,385 - scraper_base - INFO - ✅ Petz: 9 produto(s) encontrado(s) para Baytril
2026-02-13 20:27:59,100 - scraper_base - INFO - 📊 Petz - Estatísticas finais:
2026-02-13 20:27:59,100 - scraper_base - INFO -    • Medicamentos processados: 20
2026-02-13 20:27:59,101 - scraper_base - INFO -    • Produtos encontrados: 211
2026-02-13 20:27:59,101 - scraper_base - INFO -    • Medicamentos sem resultado: 0
2026-02-13 20:27:59,101 - scraper_base - INFO -    • Tempo total: 96.4s
2026-02-13 20:27:59,101 - scraper_base - INFO -    • Tempo médio por medicamento: 4.8s
2026-02-13 20:27:59,145 - gerenciador_arquivos - INFO - Excel salvo: dados_coletados/petz_20260213_202759.xlsx (211 produtos)
2026-02-13 20:27:59,145 - gerenciador_principal - INFO - Petz: Arquivo individual salvo com sucesso
2026-02-13 20:27:59,145 - gerenciador_principal - INFO - Gerando relatório consolidado...
2026-02-13 20:27:59,421 - gerenciador_arquivos - INFO - Relatório consolidado salvo: dados_relatorios/relatorio_consolidado_20260213_202759.xlsx
2026-02-13 20:27:59,563 - gerenciador_conexoes - INFO - Chrome fechado
2026-02-13 20:27:59,563 - gerenciador_conexoes - INFO - Métodos utilizados - Requests: 33.3%, Selenium: 66.7%, Falhas: 0.0%
2026-02-13 20:27:59,563 - gerenciador_principal - INFO - ============================================================
2026-02-13 20:27:59,563 - gerenciador_principal - INFO - RELATORIO FINAL DE EXECUÇÃO
2026-02-13 20:27:59,564 - gerenciador_principal - INFO - ============================================================
2026-02-13 20:27:59,564 - gerenciador_principal - INFO - Sites processados: 3
2026-02-13 20:27:59,564 - gerenciador_principal - INFO - Sites com sucesso: 3
2026-02-13 20:27:59,564 - gerenciador_principal - INFO - Total de produtos coletados: 632
2026-02-13 20:27:59,564 - gerenciador_principal - INFO - Tempo total de execução: 268.8 segundos
2026-02-13 20:27:59,564 - gerenciador_principal - INFO - Estatísticas de conexão:
2026-02-13 20:27:59,564 - gerenciador_principal - INFO -   - Requests bem-sucedidos: 33.3%
2026-02-13 20:27:59,564 - gerenciador_principal - INFO -   - Selenium fallback: 66.7%
2026-02-13 20:27:59,564 - gerenciador_principal - INFO -   - Falhas totais: 0.0%
2026-02-13 20:27:59,566 - gerenciador_principal - INFO - Arquivos salvos na pasta: dados_coletados
2026-02-13 20:27:59,566 - gerenciador_principal - INFO - Total de arquivos: 392
2026-02-13 20:27:59,566 - gerenciador_principal - INFO - ============================================================
