2026-02-19 20:19:42,256 - configurador_logs - INFO - Sistema de logs configurado com sucesso
2026-02-19 20:19:42,256 - configurador_logs - INFO - 🚀 Logs configurados para MODO PRODUÇÃO
2026-02-19 20:19:42,257 - gerenciador_principal - INFO - Inicializando sistema - Modo: PRODUCAO
2026-02-19 20:19:42,257 - gerenciador_arquivos - INFO - Pasta dados_coletados preparada
2026-02-19 20:19:42,257 - gerenciador_principal - INFO - Sistema inicializado com 3 scrapers
2026-02-19 20:19:42,257 - gerenciador_principal - INFO - ============================================================
2026-02-19 20:19:42,257 - gerenciador_principal - INFO - INICIANDO SCRAPING COMPLETO - PRODUCAO
2026-02-19 20:19:42,257 - gerenciador_principal - INFO - ============================================================
2026-02-19 20:19:42,257 - gerenciador_principal - INFO - [1/3] Processando Cobasi
2026-02-19 20:19:42,257 - scraper_base - INFO - 🚀 Iniciando scraping completo - Cobasi
2026-02-19 20:19:42,557 - gerenciador_conexoes - INFO - Sessao estabelecida com cobasi.com.br
2026-02-19 20:19:42,557 - scraper_base - INFO - 📋 20 medicamentos para processar
2026-02-19 20:19:42,557 - scraper_base - INFO - 📦 [1/20] Processando Simparic
2026-02-19 20:19:42,557 - scraper_base - INFO - 🔍 Cobasi: Buscando Simparic
2026-02-19 20:19:45,271 - scraper_cobasi - INFO - Cobasi: Dados extraídos via JSON para Simparic
2026-02-19 20:19:45,271 - scraper_base - INFO - ✅ Cobasi: 12 produto(s) encontrado(s) para Simparic
2026-02-19 20:19:47,595 - scraper_base - INFO - 📦 [2/20] Processando Revolution
2026-02-19 20:19:47,595 - scraper_base - INFO - 🔍 Cobasi: Buscando Revolution
2026-02-19 20:19:51,324 - scraper_cobasi - INFO - Cobasi: Dados extraídos via JSON para Revolution
2026-02-19 20:19:51,324 - scraper_base - INFO - ✅ Cobasi: 18 produto(s) encontrado(s) para Revolution
2026-02-19 20:19:53,203 - scraper_base - INFO - 📦 [3/20] Processando NexGard
2026-02-19 20:19:53,203 - scraper_base - INFO - 🔍 Cobasi: Buscando NexGard
2026-02-19 20:19:56,281 - scraper_cobasi - INFO - Cobasi: Dados extraídos via JSON para NexGard
2026-02-19 20:19:56,281 - scraper_base - INFO - ✅ Cobasi: 22 produto(s) encontrado(s) para NexGard
2026-02-19 20:19:58,363 - scraper_base - INFO - 📦 [4/20] Processando NexGard Spectra
2026-02-19 20:19:58,363 - scraper_base - INFO - 🔍 Cobasi: Buscando NexGard Spectra
2026-02-19 20:20:02,012 - scraper_cobasi - INFO - Cobasi: Dados extraídos via JSON para NexGard Spectra
2026-02-19 20:20:02,012 - scraper_base - INFO - ✅ Cobasi: 10 produto(s) encontrado(s) para NexGard Spectra
2026-02-19 20:20:03,033 - scraper_base - INFO - 📦 [5/20] Processando NexGard Combo
2026-02-19 20:20:03,034 - scraper_base - INFO - 🔍 Cobasi: Buscando NexGard Combo
2026-02-19 20:20:05,590 - scraper_cobasi - INFO - Cobasi: Dados extraídos via JSON para NexGard Combo
2026-02-19 20:20:05,590 - scraper_base - INFO - ✅ Cobasi: 4 produto(s) encontrado(s) para NexGard Combo
2026-02-19 20:20:08,504 - scraper_base - INFO - 📦 [6/20] Processando Bravecto
2026-02-19 20:20:08,504 - scraper_base - INFO - 🔍 Cobasi: Buscando Bravecto
2026-02-19 20:20:09,037 - scraper_cobasi - INFO - Cobasi: Dados extraídos via JSON para Bravecto
2026-02-19 20:20:09,037 - scraper_base - INFO - ✅ Cobasi: 16 produto(s) encontrado(s) para Bravecto
2026-02-19 20:20:10,747 - scraper_base - INFO - 📦 [7/20] Processando Frontline
2026-02-19 20:20:10,747 - scraper_base - INFO - 🔍 Cobasi: Buscando Frontline
2026-02-19 20:20:15,474 - scraper_cobasi - INFO - Cobasi: Dados extraídos via JSON para Frontline
2026-02-19 20:20:15,474 - scraper_base - INFO - ✅ Cobasi: 10 produto(s) encontrado(s) para Frontline
2026-02-19 20:20:18,291 - scraper_base - INFO - 📦 [8/20] Processando Advocate
2026-02-19 20:20:18,292 - scraper_base - INFO - 🔍 Cobasi: Buscando Advocate
2026-02-19 20:20:18,816 - scraper_cobasi - INFO - Cobasi: Dados extraídos via JSON para Advocate
2026-02-19 20:20:18,816 - scraper_base - INFO - ✅ Cobasi: 12 produto(s) encontrado(s) para Advocate
2026-02-19 20:20:19,867 - scraper_base - INFO - 📦 [9/20] Processando Drontal
2026-02-19 20:20:19,867 - scraper_base - INFO - 🔍 Cobasi: Buscando Drontal
2026-02-19 20:20:22,922 - scraper_cobasi - INFO - Cobasi: Dados extraídos via JSON para Drontal
2026-02-19 20:20:22,922 - scraper_base - INFO - ✅ Cobasi: 8 produto(s) encontrado(s) para Drontal
2026-02-19 20:20:25,561 - scraper_base - INFO - 📦 [10/20] Processando Milbemax
2026-02-19 20:20:25,561 - scraper_base - INFO - 🔍 Cobasi: Buscando Milbemax
2026-02-19 20:20:27,763 - scraper_cobasi - INFO - Cobasi: Dados extraídos via JSON para Milbemax
2026-02-19 20:20:27,763 - scraper_base - INFO - ✅ Cobasi: 4 produto(s) encontrado(s) para Milbemax
2026-02-19 20:20:30,072 - scraper_base - INFO - 📦 [11/20] Processando Vermivet
2026-02-19 20:20:30,073 - scraper_base - INFO - 🔍 Cobasi: Buscando Vermivet
2026-02-19 20:20:33,113 - scraper_cobasi - INFO - Cobasi: Dados extraídos via JSON para Vermivet
2026-02-19 20:20:33,113 - scraper_base - INFO - ✅ Cobasi: 5 produto(s) encontrado(s) para Vermivet
2026-02-19 20:20:34,513 - scraper_base - INFO - 📦 [12/20] Processando Rimadyl
2026-02-19 20:20:34,514 - scraper_base - INFO - 🔍 Cobasi: Buscando Rimadyl
2026-02-19 20:20:37,130 - scraper_cobasi - INFO - Cobasi: Dados extraídos via JSON para Rimadyl
2026-02-19 20:20:37,130 - scraper_base - INFO - ✅ Cobasi: 3 produto(s) encontrado(s) para Rimadyl
2026-02-19 20:20:40,022 - scraper_base - INFO - 📦 [13/20] Processando Onsior
2026-02-19 20:20:40,022 - scraper_base - INFO - 🔍 Cobasi: Buscando Onsior
2026-02-19 20:20:42,497 - scraper_cobasi - INFO - Cobasi: Dados extraídos via JSON para Onsior
2026-02-19 20:20:42,497 - scraper_base - INFO - ✅ Cobasi: 4 produto(s) encontrado(s) para Onsior
2026-02-19 20:20:44,923 - scraper_base - INFO - 📦 [14/20] Processando Maxicam
2026-02-19 20:20:44,924 - scraper_base - INFO - 🔍 Cobasi: Buscando Maxicam
2026-02-19 20:20:48,809 - scraper_cobasi - INFO - Cobasi: Dados extraídos via JSON para Maxicam
2026-02-19 20:20:48,809 - scraper_base - INFO - ✅ Cobasi: 21 produto(s) encontrado(s) para Maxicam
2026-02-19 20:20:51,679 - scraper_base - INFO - 📦 [15/20] Processando Carproflan
2026-02-19 20:20:51,679 - scraper_base - INFO - 🔍 Cobasi: Buscando Carproflan
2026-02-19 20:20:53,530 - scraper_cobasi - INFO - Cobasi: Dados extraídos via JSON para Carproflan
2026-02-19 20:20:53,530 - scraper_base - INFO - ✅ Cobasi: 3 produto(s) encontrado(s) para Carproflan
2026-02-19 20:20:54,636 - scraper_base - INFO - 📦 [16/20] Processando Previcox
2026-02-19 20:20:54,636 - scraper_base - INFO - 🔍 Cobasi: Buscando Previcox
2026-02-19 20:20:57,647 - scraper_cobasi - INFO - Cobasi: Dados extraídos via JSON para Previcox
2026-02-19 20:20:57,647 - scraper_base - INFO - ✅ Cobasi: 2 produto(s) encontrado(s) para Previcox
2026-02-19 20:21:00,054 - scraper_base - INFO - 📦 [17/20] Processando Apoquel
2026-02-19 20:21:00,054 - scraper_base - INFO - 🔍 Cobasi: Buscando Apoquel
2026-02-19 20:21:03,186 - scraper_cobasi - INFO - Cobasi: Dados extraídos via JSON para Apoquel
2026-02-19 20:21:03,186 - scraper_base - INFO - ✅ Cobasi: 3 produto(s) encontrado(s) para Apoquel
2026-02-19 20:21:05,086 - scraper_base - INFO - 📦 [18/20] Processando Zenrelia
2026-02-19 20:21:05,086 - scraper_base - INFO - 🔍 Cobasi: Buscando Zenrelia
2026-02-19 20:21:08,347 - scraper_cobasi - INFO - Cobasi: Dados extraídos via JSON para Zenrelia
2026-02-19 20:21:08,347 - scraper_base - INFO - ✅ Cobasi: 4 produto(s) encontrado(s) para Zenrelia
2026-02-19 20:21:10,157 - scraper_base - INFO - 📦 [19/20] Processando Synulox
2026-02-19 20:21:10,157 - scraper_base - INFO - 🔍 Cobasi: Buscando Synulox
2026-02-19 20:21:13,426 - scraper_cobasi - INFO - Cobasi: Dados extraídos via JSON para Synulox
2026-02-19 20:21:13,426 - scraper_base - INFO - ✅ Cobasi: 2 produto(s) encontrado(s) para Synulox
2026-02-19 20:21:16,132 - scraper_base - INFO - 📦 [20/20] Processando Baytril
2026-02-19 20:21:16,132 - scraper_base - INFO - 🔍 Cobasi: Buscando Baytril
2026-02-19 20:21:18,798 - scraper_cobasi - INFO - Cobasi: Dados extraídos via JSON para Baytril
2026-02-19 20:21:18,798 - scraper_base - INFO - ✅ Cobasi: 4 produto(s) encontrado(s) para Baytril
2026-02-19 20:21:21,402 - scraper_base - INFO - 📊 Cobasi - Estatísticas finais:
2026-02-19 20:21:21,402 - scraper_base - INFO -    • Medicamentos processados: 20
2026-02-19 20:21:21,402 - scraper_base - INFO -    • Produtos encontrados: 167
2026-02-19 20:21:21,402 - scraper_base - INFO -    • Medicamentos sem resultado: 0
2026-02-19 20:21:21,402 - scraper_base - INFO -    • Tempo total: 99.1s
2026-02-19 20:21:21,402 - scraper_base - INFO -    • Tempo médio por medicamento: 5.0s
2026-02-19 20:21:21,513 - gerenciador_arquivos - INFO - Excel salvo: dados_coletados/cobasi_20260219_202121.xlsx (167 produtos)
2026-02-19 20:21:21,513 - gerenciador_principal - INFO - Cobasi: Arquivo individual salvo com sucesso
2026-02-19 20:21:21,513 - gerenciador_principal - INFO - Pausando entre sites...
2026-02-19 20:21:23,514 - gerenciador_principal - INFO - [2/3] Processando Petlove
2026-02-19 20:21:23,514 - scraper_base - INFO - 🚀 Iniciando scraping completo - Petlove
2026-02-19 20:21:23,722 - scraper_base - INFO - 📋 20 medicamentos para processar
2026-02-19 20:21:23,722 - scraper_base - INFO - 📦 [1/20] Processando Simparic
2026-02-19 20:21:23,723 - scraper_base - INFO - 🔍 Petlove: Buscando Simparic
2026-02-19 20:21:42,165 - gerenciador_conexoes - INFO - Chrome inicializado com otimizacoes de velocidade
2026-02-19 20:21:47,579 - scraper_base - INFO - ✅ Petlove: 36 produto(s) encontrado(s) para Simparic
2026-02-19 20:21:49,387 - scraper_base - INFO - 📦 [2/20] Processando Revolution
2026-02-19 20:21:49,387 - scraper_base - INFO - 🔍 Petlove: Buscando Revolution
2026-02-19 20:21:51,090 - scraper_base - INFO - ✅ Petlove: 19 produto(s) encontrado(s) para Revolution
2026-02-19 20:21:52,103 - scraper_base - INFO - 📦 [3/20] Processando NexGard
2026-02-19 20:21:52,103 - scraper_base - INFO - 🔍 Petlove: Buscando NexGard
2026-02-19 20:21:53,587 - scraper_base - INFO - ✅ Petlove: 11 produto(s) encontrado(s) para NexGard
2026-02-19 20:21:56,258 - scraper_base - INFO - 📦 [4/20] Processando NexGard Spectra
2026-02-19 20:21:56,258 - scraper_base - INFO - 🔍 Petlove: Buscando NexGard Spectra
2026-02-19 20:21:57,632 - scraper_base - INFO - ✅ Petlove: 5 produto(s) encontrado(s) para NexGard Spectra
2026-02-19 20:22:00,022 - scraper_base - INFO - 📦 [5/20] Processando NexGard Combo
2026-02-19 20:22:00,022 - scraper_base - INFO - 🔍 Petlove: Buscando NexGard Combo
2026-02-19 20:22:01,221 - scraper_base - INFO - ✅ Petlove: 2 produto(s) encontrado(s) para NexGard Combo
2026-02-19 20:22:02,826 - scraper_base - INFO - 📦 [6/20] Processando Bravecto
2026-02-19 20:22:02,826 - scraper_base - INFO - 🔍 Petlove: Buscando Bravecto
2026-02-19 20:22:04,479 - scraper_base - INFO - ✅ Petlove: 23 produto(s) encontrado(s) para Bravecto
2026-02-19 20:22:05,923 - scraper_base - INFO - 📦 [7/20] Processando Frontline
2026-02-19 20:22:05,923 - scraper_base - INFO - 🔍 Petlove: Buscando Frontline
2026-02-19 20:22:07,533 - scraper_base - INFO - ✅ Petlove: 11 produto(s) encontrado(s) para Frontline
2026-02-19 20:22:10,444 - scraper_base - INFO - 📦 [8/20] Processando Advocate
2026-02-19 20:22:10,444 - scraper_base - INFO - 🔍 Petlove: Buscando Advocate
2026-02-19 20:22:12,490 - scraper_base - INFO - ✅ Petlove: 12 produto(s) encontrado(s) para Advocate
2026-02-19 20:22:13,534 - scraper_base - INFO - 📦 [9/20] Processando Drontal
2026-02-19 20:22:13,535 - scraper_base - INFO - 🔍 Petlove: Buscando Drontal
2026-02-19 20:22:15,505 - scraper_base - INFO - ✅ Petlove: 36 produto(s) encontrado(s) para Drontal
2026-02-19 20:22:17,395 - scraper_base - INFO - 📦 [10/20] Processando Milbemax
2026-02-19 20:22:17,395 - scraper_base - INFO - 🔍 Petlove: Buscando Milbemax
2026-02-19 20:22:18,859 - scraper_base - INFO - ✅ Petlove: 14 produto(s) encontrado(s) para Milbemax
2026-02-19 20:22:19,986 - scraper_base - INFO - 📦 [11/20] Processando Vermivet
2026-02-19 20:22:19,986 - scraper_base - INFO - 🔍 Petlove: Buscando Vermivet
2026-02-19 20:22:21,569 - scraper_base - INFO - ✅ Petlove: 36 produto(s) encontrado(s) para Vermivet
2026-02-19 20:22:23,191 - scraper_base - INFO - 📦 [12/20] Processando Rimadyl
2026-02-19 20:22:23,191 - scraper_base - INFO - 🔍 Petlove: Buscando Rimadyl
2026-02-19 20:22:24,845 - scraper_base - INFO - ✅ Petlove: 1 produto(s) encontrado(s) para Rimadyl
2026-02-19 20:22:27,384 - scraper_base - INFO - 📦 [13/20] Processando Onsior
2026-02-19 20:22:27,385 - scraper_base - INFO - 🔍 Petlove: Buscando Onsior
2026-02-19 20:22:29,754 - scraper_base - INFO - ✅ Petlove: 4 produto(s) encontrado(s) para Onsior
2026-02-19 20:22:32,532 - scraper_base - INFO - 📦 [14/20] Processando Maxicam
2026-02-19 20:22:32,532 - scraper_base - INFO - 🔍 Petlove: Buscando Maxicam
2026-02-19 20:22:33,888 - scraper_base - INFO - ✅ Petlove: 3 produto(s) encontrado(s) para Maxicam
2026-02-19 20:22:34,951 - scraper_base - INFO - 📦 [15/20] Processando Carproflan
2026-02-19 20:22:34,952 - scraper_base - INFO - 🔍 Petlove: Buscando Carproflan
2026-02-19 20:22:36,327 - scraper_base - INFO - ✅ Petlove: 7 produto(s) encontrado(s) para Carproflan
2026-02-19 20:22:38,187 - scraper_base - INFO - 📦 [16/20] Processando Previcox
2026-02-19 20:22:38,187 - scraper_base - INFO - 🔍 Petlove: Buscando Previcox
2026-02-19 20:22:39,526 - scraper_base - INFO - ✅ Petlove: 4 produto(s) encontrado(s) para Previcox
2026-02-19 20:22:41,819 - scraper_base - INFO - 📦 [17/20] Processando Apoquel
2026-02-19 20:22:41,819 - scraper_base - INFO - 🔍 Petlove: Buscando Apoquel
2026-02-19 20:22:43,745 - scraper_base - INFO - ✅ Petlove: 16 produto(s) encontrado(s) para Apoquel
2026-02-19 20:22:44,778 - scraper_base - INFO - 📦 [18/20] Processando Zenrelia
2026-02-19 20:22:44,778 - scraper_base - INFO - 🔍 Petlove: Buscando Zenrelia
2026-02-19 20:22:46,463 - scraper_base - INFO - ✅ Petlove: 4 produto(s) encontrado(s) para Zenrelia
2026-02-19 20:22:48,992 - scraper_base - INFO - 📦 [19/20] Processando Synulox
2026-02-19 20:22:48,992 - scraper_base - INFO - 🔍 Petlove: Buscando Synulox
2026-02-19 20:22:50,112 - scraper_base - INFO - ✅ Petlove: 1 produto(s) encontrado(s) para Synulox
2026-02-19 20:22:51,820 - scraper_base - INFO - 📦 [20/20] Processando Baytril
2026-02-19 20:22:51,820 - scraper_base - INFO - 🔍 Petlove: Buscando Baytril
2026-02-19 20:22:53,161 - scraper_base - INFO - ✅ Petlove: 4 produto(s) encontrado(s) para Baytril
2026-02-19 20:22:55,385 - scraper_base - INFO - 📊 Petlove - Estatísticas finais:
2026-02-19 20:22:55,385 - scraper_base - INFO -    • Medicamentos processados: 20
2026-02-19 20:22:55,385 - scraper_base - INFO -    • Produtos encontrados: 249
2026-02-19 20:22:55,385 - scraper_base - INFO -    • Medicamentos sem resultado: 0
2026-02-19 20:22:55,385 - scraper_base - INFO -    • Tempo total: 91.9s
2026-02-19 20:22:55,386 - scraper_base - INFO -    • Tempo médio por medicamento: 4.6s
2026-02-19 20:22:55,432 - gerenciador_arquivos - INFO - Excel salvo: dados_coletados/petlove_20260219_202255.xlsx (249 produtos)
2026-02-19 20:22:55,432 - gerenciador_principal - INFO - Petlove: Arquivo individual salvo com sucesso
2026-02-19 20:22:55,432 - gerenciador_principal - INFO - Pausando entre sites...
2026-02-19 20:22:57,432 - gerenciador_principal - INFO - [3/3] Processando Petz
2026-02-19 20:22:57,432 - scraper_base - INFO - 🚀 Iniciando scraping completo - Petz
2026-02-19 20:22:57,643 - scraper_base - INFO - 📋 20 medicamentos para processar
2026-02-19 20:22:57,643 - scraper_base - INFO - 📦 [1/20] Processando Simparic
2026-02-19 20:22:57,643 - scraper_base - INFO - 🔍 Petz: Buscando Simparic
2026-02-19 20:23:01,591 - scraper_base - INFO - ✅ Petz: 12 produto(s) encontrado(s) para Simparic
2026-02-19 20:23:04,242 - scraper_base - INFO - 📦 [2/20] Processando Revolution
2026-02-19 20:23:04,242 - scraper_base - INFO - 🔍 Petz: Buscando Revolution
2026-02-19 20:23:06,683 - scraper_base - INFO - ✅ Petz: 26 produto(s) encontrado(s) para Revolution
2026-02-19 20:23:08,747 - scraper_base - INFO - 📦 [3/20] Processando NexGard
2026-02-19 20:23:08,748 - scraper_base - INFO - 🔍 Petz: Buscando NexGard
2026-02-19 20:23:10,894 - scraper_base - INFO - ✅ Petz: 22 produto(s) encontrado(s) para NexGard
2026-02-19 20:23:13,641 - scraper_base - INFO - 📦 [4/20] Processando NexGard Spectra
2026-02-19 20:23:13,642 - scraper_base - INFO - 🔍 Petz: Buscando NexGard Spectra
2026-02-19 20:23:15,588 - scraper_base - INFO - ✅ Petz: 10 produto(s) encontrado(s) para NexGard Spectra
2026-02-19 20:23:17,004 - scraper_base - INFO - 📦 [5/20] Processando NexGard Combo
2026-02-19 20:23:17,004 - scraper_base - INFO - 🔍 Petz: Buscando NexGard Combo
2026-02-19 20:23:18,408 - scraper_base - INFO - ✅ Petz: 4 produto(s) encontrado(s) para NexGard Combo
2026-02-19 20:23:19,554 - scraper_base - INFO - 📦 [6/20] Processando Bravecto
2026-02-19 20:23:19,554 - scraper_base - INFO - 🔍 Petz: Buscando Bravecto
2026-02-19 20:23:21,516 - scraper_base - INFO - ✅ Petz: 16 produto(s) encontrado(s) para Bravecto
2026-02-19 20:23:23,044 - scraper_base - INFO - 📦 [7/20] Processando Frontline
2026-02-19 20:23:23,045 - scraper_base - INFO - 🔍 Petz: Buscando Frontline
2026-02-19 20:23:24,889 - scraper_base - INFO - ✅ Petz: 11 produto(s) encontrado(s) para Frontline
2026-02-19 20:23:27,420 - scraper_base - INFO - 📦 [8/20] Processando Advocate
2026-02-19 20:23:27,420 - scraper_base - INFO - 🔍 Petz: Buscando Advocate
2026-02-19 20:23:28,995 - scraper_base - INFO - ✅ Petz: 12 produto(s) encontrado(s) para Advocate
2026-02-19 20:23:30,186 - scraper_base - INFO - 📦 [9/20] Processando Drontal
2026-02-19 20:23:30,187 - scraper_base - INFO - 🔍 Petz: Buscando Drontal
2026-02-19 20:23:32,461 - scraper_base - INFO - ✅ Petz: 30 produto(s) encontrado(s) para Drontal
2026-02-19 20:23:34,656 - scraper_base - INFO - 📦 [10/20] Processando Milbemax
2026-02-19 20:23:34,656 - scraper_base - INFO - 🔍 Petz: Buscando Milbemax
2026-02-19 20:23:36,255 - scraper_base - INFO - ✅ Petz: 4 produto(s) encontrado(s) para Milbemax
2026-02-19 20:23:38,786 - scraper_base - INFO - 📦 [11/20] Processando Vermivet
2026-02-19 20:23:38,787 - scraper_base - INFO - 🔍 Petz: Buscando Vermivet
2026-02-19 20:23:40,534 - scraper_base - INFO - ✅ Petz: 5 produto(s) encontrado(s) para Vermivet
2026-02-19 20:23:42,890 - scraper_base - INFO - 📦 [12/20] Processando Rimadyl
2026-02-19 20:23:42,890 - scraper_base - INFO - 🔍 Petz: Buscando Rimadyl
2026-02-19 20:23:44,556 - scraper_base - INFO - ✅ Petz: 3 produto(s) encontrado(s) para Rimadyl
2026-02-19 20:23:46,545 - scraper_base - INFO - 📦 [13/20] Processando Onsior
2026-02-19 20:23:46,545 - scraper_base - INFO - 🔍 Petz: Buscando Onsior
2026-02-19 20:23:48,109 - scraper_base - INFO - ✅ Petz: 4 produto(s) encontrado(s) para Onsior
2026-02-19 20:23:49,875 - scraper_base - INFO - 📦 [14/20] Processando Maxicam
2026-02-19 20:23:49,876 - scraper_base - INFO - 🔍 Petz: Buscando Maxicam
2026-02-19 20:23:51,847 - scraper_base - INFO - ✅ Petz: 29 produto(s) encontrado(s) para Maxicam
2026-02-19 20:23:54,180 - scraper_base - INFO - 📦 [15/20] Processando Carproflan
2026-02-19 20:23:54,180 - scraper_base - INFO - 🔍 Petz: Buscando Carproflan
2026-02-19 20:23:55,997 - scraper_base - INFO - ✅ Petz: 3 produto(s) encontrado(s) para Carproflan
2026-02-19 20:23:58,655 - scraper_base - INFO - 📦 [16/20] Processando Previcox
2026-02-19 20:23:58,655 - scraper_base - INFO - 🔍 Petz: Buscando Previcox
2026-02-19 20:24:00,425 - scraper_base - INFO - ✅ Petz: 2 produto(s) encontrado(s) para Previcox
2026-02-19 20:24:03,260 - scraper_base - INFO - 📦 [17/20] Processando Apoquel
2026-02-19 20:24:03,260 - scraper_base - INFO - 🔍 Petz: Buscando Apoquel
2026-02-19 20:24:05,199 - scraper_base - INFO - ✅ Petz: 3 produto(s) encontrado(s) para Apoquel
2026-02-19 20:24:06,445 - scraper_base - INFO - 📦 [18/20] Processando Zenrelia
2026-02-19 20:24:06,445 - scraper_base - INFO - 🔍 Petz: Buscando Zenrelia
2026-02-19 20:24:08,128 - scraper_base - INFO - ✅ Petz: 4 produto(s) encontrado(s) para Zenrelia
2026-02-19 20:24:10,045 - scraper_base - INFO - 📦 [19/20] Processando Synulox
2026-02-19 20:24:10,045 - scraper_base - INFO - 🔍 Petz: Buscando Synulox
2026-02-19 20:24:11,549 - scraper_base - INFO - ✅ Petz: 2 produto(s) encontrado(s) para Synulox
2026-02-19 20:24:13,331 - scraper_base - INFO - 📦 [20/20] Processando Baytril
2026-02-19 20:24:13,331 - scraper_base - INFO - 🔍 Petz: Buscando Baytril
2026-02-19 20:24:15,022 - scraper_base - INFO - ✅ Petz: 9 produto(s) encontrado(s) para Baytril
2026-02-19 20:24:16,363 - scraper_base - INFO - 📊 Petz - Estatísticas finais:
2026-02-19 20:24:16,363 - scraper_base - INFO -    • Medicamentos processados: 20
2026-02-19 20:24:16,363 - scraper_base - INFO -    • Produtos encontrados: 211
2026-02-19 20:24:16,363 - scraper_base - INFO -    • Medicamentos sem resultado: 0
2026-02-19 20:24:16,363 - scraper_base - INFO -    • Tempo total: 78.9s
2026-02-19 20:24:16,363 - scraper_base - INFO -    • Tempo médio por medicamento: 3.9s
2026-02-19 20:24:16,460 - gerenciador_arquivos - INFO - Excel salvo: dados_coletados/petz_20260219_202416.xlsx (211 produtos)
2026-02-19 20:24:16,460 - gerenciador_principal - INFO - Petz: Arquivo individual salvo com sucesso
2026-02-19 20:24:16,460 - gerenciador_principal - INFO - Gerando relatório consolidado...
2026-02-19 20:24:16,679 - gerenciador_arquivos - INFO - Relatório consolidado salvo: dados_relatorios/relatorio_consolidado_20260219_202416.xlsx
2026-02-19 20:24:16,825 - gerenciador_conexoes - INFO - Chrome fechado
2026-02-19 20:24:16,825 - gerenciador_conexoes - INFO - Métodos utilizados - Requests: 33.3%, Selenium: 66.7%, Falhas: 0.0%
2026-02-19 20:24:16,826 - gerenciador_principal - INFO - ============================================================
2026-02-19 20:24:16,826 - gerenciador_principal - INFO - RELATORIO FINAL DE EXECUÇÃO
2026-02-19 20:24:16,826 - gerenciador_principal - INFO - ============================================================
2026-02-19 20:24:16,826 - gerenciador_principal - INFO - Sites processados: 3
2026-02-19 20:24:16,826 - gerenciador_principal - INFO - Sites com sucesso: 3
2026-02-19 20:24:16,826 - gerenciador_principal - INFO - Total de produtos coletados: 627
2026-02-19 20:24:16,826 - gerenciador_principal - INFO - Tempo total de execução: 274.2 segundos
2026-02-19 20:24:16,826 - gerenciador_principal - INFO - Estatísticas de conexão:
2026-02-19 20:24:16,826 - gerenciador_principal - INFO -   - Requests bem-sucedidos: 33.3%
2026-02-19 20:24:16,826 - gerenciador_principal - INFO -   - Selenium fallback: 66.7%
2026-02-19 20:24:16,826 - gerenciador_principal - INFO -   - Falhas totais: 0.0%
2026-02-19 20:24:16,828 - gerenciador_principal - INFO - Arquivos salvos na pasta: dados_coletados
2026-02-19 20:24:16,828 - gerenciador_principal - INFO - Total de arquivos: 409
2026-02-19 20:24:16,828 - gerenciador_principal - INFO - ============================================================
