2026-01-21 20:18:12,888 - configurador_logs - INFO - Sistema de logs configurado com sucesso
2026-01-21 20:18:12,888 - configurador_logs - INFO - 🚀 Logs configurados para MODO PRODUÇÃO
2026-01-21 20:18:12,888 - gerenciador_principal - INFO - Inicializando sistema - Modo: PRODUCAO
2026-01-21 20:18:12,888 - gerenciador_arquivos - INFO - Pasta dados_coletados preparada
2026-01-21 20:18:12,889 - gerenciador_principal - INFO - Sistema inicializado com 3 scrapers
2026-01-21 20:18:12,889 - gerenciador_principal - INFO - ============================================================
2026-01-21 20:18:12,889 - gerenciador_principal - INFO - INICIANDO SCRAPING COMPLETO - PRODUCAO
2026-01-21 20:18:12,889 - gerenciador_principal - INFO - ============================================================
2026-01-21 20:18:12,889 - gerenciador_principal - INFO - [1/3] Processando Cobasi
2026-01-21 20:18:12,889 - scraper_base - INFO - 🚀 Iniciando scraping completo - Cobasi
2026-01-21 20:18:13,261 - gerenciador_conexoes - INFO - Sessao estabelecida com cobasi.com.br
2026-01-21 20:18:13,261 - scraper_base - INFO - 📋 20 medicamentos para processar
2026-01-21 20:18:13,261 - scraper_base - INFO - 📦 [1/20] Processando Simparic
2026-01-21 20:18:13,261 - scraper_base - INFO - 🔍 Cobasi: Buscando Simparic
2026-01-21 20:18:14,225 - scraper_cobasi - INFO - Cobasi: Dados extraídos via JSON para Simparic
2026-01-21 20:18:14,225 - scraper_base - INFO - ✅ Cobasi: 12 produto(s) encontrado(s) para Simparic
2026-01-21 20:18:16,373 - scraper_base - INFO - 📦 [2/20] Processando Revolution
2026-01-21 20:18:16,373 - scraper_base - INFO - 🔍 Cobasi: Buscando Revolution
2026-01-21 20:18:19,054 - scraper_cobasi - INFO - Cobasi: Dados extraídos via JSON para Revolution
2026-01-21 20:18:19,054 - scraper_base - INFO - ✅ Cobasi: 18 produto(s) encontrado(s) para Revolution
2026-01-21 20:18:21,208 - scraper_base - INFO - 📦 [3/20] Processando NexGard
2026-01-21 20:18:21,208 - scraper_base - INFO - 🔍 Cobasi: Buscando NexGard
2026-01-21 20:18:24,027 - scraper_cobasi - INFO - Cobasi: Dados extraídos via JSON para NexGard
2026-01-21 20:18:24,027 - scraper_base - INFO - ✅ Cobasi: 22 produto(s) encontrado(s) para NexGard
2026-01-21 20:18:26,409 - scraper_base - INFO - 📦 [4/20] Processando NexGard Spectra
2026-01-21 20:18:26,409 - scraper_base - INFO - 🔍 Cobasi: Buscando NexGard Spectra
2026-01-21 20:18:28,587 - scraper_cobasi - INFO - Cobasi: Dados extraídos via JSON para NexGard Spectra
2026-01-21 20:18:28,587 - scraper_base - INFO - ✅ Cobasi: 10 produto(s) encontrado(s) para NexGard Spectra
2026-01-21 20:18:30,024 - scraper_base - INFO - 📦 [5/20] Processando NexGard Combo
2026-01-21 20:18:30,024 - scraper_base - INFO - 🔍 Cobasi: Buscando NexGard Combo
2026-01-21 20:18:32,435 - scraper_cobasi - INFO - Cobasi: Dados extraídos via JSON para NexGard Combo
2026-01-21 20:18:32,435 - scraper_base - INFO - ✅ Cobasi: 4 produto(s) encontrado(s) para NexGard Combo
2026-01-21 20:18:33,947 - scraper_base - INFO - 📦 [6/20] Processando Bravecto
2026-01-21 20:18:33,948 - scraper_base - INFO - 🔍 Cobasi: Buscando Bravecto
2026-01-21 20:18:37,075 - scraper_cobasi - INFO - Cobasi: Dados extraídos via JSON para Bravecto
2026-01-21 20:18:37,075 - scraper_base - INFO - ✅ Cobasi: 16 produto(s) encontrado(s) para Bravecto
2026-01-21 20:18:38,589 - scraper_base - INFO - 📦 [7/20] Processando Frontline
2026-01-21 20:18:38,590 - scraper_base - INFO - 🔍 Cobasi: Buscando Frontline
2026-01-21 20:18:41,384 - scraper_cobasi - INFO - Cobasi: Dados extraídos via JSON para Frontline
2026-01-21 20:18:41,384 - scraper_base - INFO - ✅ Cobasi: 10 produto(s) encontrado(s) para Frontline
2026-01-21 20:18:43,374 - scraper_base - INFO - 📦 [8/20] Processando Advocate
2026-01-21 20:18:43,374 - scraper_base - INFO - 🔍 Cobasi: Buscando Advocate
2026-01-21 20:18:45,976 - scraper_cobasi - INFO - Cobasi: Dados extraídos via JSON para Advocate
2026-01-21 20:18:45,976 - scraper_base - INFO - ✅ Cobasi: 12 produto(s) encontrado(s) para Advocate
2026-01-21 20:18:48,780 - scraper_base - INFO - 📦 [9/20] Processando Drontal
2026-01-21 20:18:48,780 - scraper_base - INFO - 🔍 Cobasi: Buscando Drontal
2026-01-21 20:18:51,609 - scraper_cobasi - INFO - Cobasi: Dados extraídos via JSON para Drontal
2026-01-21 20:18:51,610 - scraper_base - INFO - ✅ Cobasi: 8 produto(s) encontrado(s) para Drontal
2026-01-21 20:18:54,087 - scraper_base - INFO - 📦 [10/20] Processando Milbemax
2026-01-21 20:18:54,087 - scraper_base - INFO - 🔍 Cobasi: Buscando Milbemax
2026-01-21 20:18:55,432 - scraper_cobasi - INFO - Cobasi: Dados extraídos via JSON para Milbemax
2026-01-21 20:18:55,432 - scraper_base - INFO - ✅ Cobasi: 4 produto(s) encontrado(s) para Milbemax
2026-01-21 20:18:58,295 - scraper_base - INFO - 📦 [11/20] Processando Vermivet
2026-01-21 20:18:58,296 - scraper_base - INFO - 🔍 Cobasi: Buscando Vermivet
2026-01-21 20:19:00,359 - scraper_cobasi - INFO - Cobasi: Dados extraídos via JSON para Vermivet
2026-01-21 20:19:00,360 - scraper_base - INFO - ✅ Cobasi: 5 produto(s) encontrado(s) para Vermivet
2026-01-21 20:19:02,487 - scraper_base - INFO - 📦 [12/20] Processando Rimadyl
2026-01-21 20:19:02,488 - scraper_base - INFO - 🔍 Cobasi: Buscando Rimadyl
2026-01-21 20:19:03,911 - scraper_cobasi - INFO - Cobasi: Dados extraídos via JSON para Rimadyl
2026-01-21 20:19:03,912 - scraper_base - INFO - ✅ Cobasi: 3 produto(s) encontrado(s) para Rimadyl
2026-01-21 20:19:06,451 - scraper_base - INFO - 📦 [13/20] Processando Onsior
2026-01-21 20:19:06,452 - scraper_base - INFO - 🔍 Cobasi: Buscando Onsior
2026-01-21 20:19:08,517 - scraper_cobasi - INFO - Cobasi: Dados extraídos via JSON para Onsior
2026-01-21 20:19:08,517 - scraper_base - INFO - ✅ Cobasi: 4 produto(s) encontrado(s) para Onsior
2026-01-21 20:19:11,490 - scraper_base - INFO - 📦 [14/20] Processando Maxicam
2026-01-21 20:19:11,490 - scraper_base - INFO - 🔍 Cobasi: Buscando Maxicam
2026-01-21 20:19:14,169 - scraper_cobasi - INFO - Cobasi: Dados extraídos via JSON para Maxicam
2026-01-21 20:19:14,169 - scraper_base - INFO - ✅ Cobasi: 21 produto(s) encontrado(s) para Maxicam
2026-01-21 20:19:15,772 - scraper_base - INFO - 📦 [15/20] Processando Carproflan
2026-01-21 20:19:15,772 - scraper_base - INFO - 🔍 Cobasi: Buscando Carproflan
2026-01-21 20:19:17,708 - scraper_cobasi - INFO - Cobasi: Dados extraídos via JSON para Carproflan
2026-01-21 20:19:17,708 - scraper_base - INFO - ✅ Cobasi: 3 produto(s) encontrado(s) para Carproflan
2026-01-21 20:19:18,956 - scraper_base - INFO - 📦 [16/20] Processando Previcox
2026-01-21 20:19:18,956 - scraper_base - INFO - 🔍 Cobasi: Buscando Previcox
2026-01-21 20:19:21,501 - scraper_cobasi - INFO - Cobasi: Dados extraídos via JSON para Previcox
2026-01-21 20:19:21,501 - scraper_base - INFO - ✅ Cobasi: 2 produto(s) encontrado(s) para Previcox
2026-01-21 20:19:24,435 - scraper_base - INFO - 📦 [17/20] Processando Apoquel
2026-01-21 20:19:24,436 - scraper_base - INFO - 🔍 Cobasi: Buscando Apoquel
2026-01-21 20:19:26,496 - scraper_cobasi - INFO - Cobasi: Dados extraídos via JSON para Apoquel
2026-01-21 20:19:26,496 - scraper_base - INFO - ✅ Cobasi: 3 produto(s) encontrado(s) para Apoquel
2026-01-21 20:19:28,955 - scraper_base - INFO - 📦 [18/20] Processando Zenrelia
2026-01-21 20:19:28,955 - scraper_base - INFO - 🔍 Cobasi: Buscando Zenrelia
2026-01-21 20:19:33,495 - scraper_cobasi - INFO - Cobasi: Dados extraídos via JSON para Zenrelia
2026-01-21 20:19:33,495 - scraper_base - INFO - ✅ Cobasi: 4 produto(s) encontrado(s) para Zenrelia
2026-01-21 20:19:34,834 - scraper_base - INFO - 📦 [19/20] Processando Synulox
2026-01-21 20:19:34,834 - scraper_base - INFO - 🔍 Cobasi: Buscando Synulox
2026-01-21 20:19:36,442 - scraper_cobasi - INFO - Cobasi: Dados extraídos via JSON para Synulox
2026-01-21 20:19:36,442 - scraper_base - INFO - ✅ Cobasi: 2 produto(s) encontrado(s) para Synulox
2026-01-21 20:19:39,290 - scraper_base - INFO - 📦 [20/20] Processando Baytril
2026-01-21 20:19:39,290 - scraper_base - INFO - 🔍 Cobasi: Buscando Baytril
2026-01-21 20:19:41,556 - scraper_cobasi - INFO - Cobasi: Dados extraídos via JSON para Baytril
2026-01-21 20:19:41,556 - scraper_base - INFO - ✅ Cobasi: 4 produto(s) encontrado(s) para Baytril
2026-01-21 20:19:43,902 - scraper_base - INFO - 📊 Cobasi - Estatísticas finais:
2026-01-21 20:19:43,902 - scraper_base - INFO -    • Medicamentos processados: 20
2026-01-21 20:19:43,902 - scraper_base - INFO -    • Produtos encontrados: 167
2026-01-21 20:19:43,902 - scraper_base - INFO -    • Medicamentos sem resultado: 0
2026-01-21 20:19:43,902 - scraper_base - INFO -    • Tempo total: 91.0s
2026-01-21 20:19:43,902 - scraper_base - INFO -    • Tempo médio por medicamento: 4.6s
2026-01-21 20:19:44,002 - gerenciador_arquivos - INFO - Excel salvo: dados_coletados/cobasi_20260121_201943.xlsx (167 produtos)
2026-01-21 20:19:44,002 - gerenciador_principal - INFO - Cobasi: Arquivo individual salvo com sucesso
2026-01-21 20:19:44,002 - gerenciador_principal - INFO - Pausando entre sites...
2026-01-21 20:19:46,002 - gerenciador_principal - INFO - [2/3] Processando Petlove
2026-01-21 20:19:46,002 - scraper_base - INFO - 🚀 Iniciando scraping completo - Petlove
2026-01-21 20:19:46,258 - scraper_base - INFO - 📋 20 medicamentos para processar
2026-01-21 20:19:46,258 - scraper_base - INFO - 📦 [1/20] Processando Simparic
2026-01-21 20:19:46,258 - scraper_base - INFO - 🔍 Petlove: Buscando Simparic
2026-01-21 20:19:47,770 - gerenciador_conexoes - INFO - Chrome inicializado com otimizacoes de velocidade
2026-01-21 20:19:50,789 - scraper_base - INFO - ✅ Petlove: 34 produto(s) encontrado(s) para Simparic
2026-01-21 20:19:52,203 - scraper_base - INFO - 📦 [2/20] Processando Revolution
2026-01-21 20:19:52,203 - scraper_base - INFO - 🔍 Petlove: Buscando Revolution
2026-01-21 20:19:53,908 - scraper_base - INFO - ✅ Petlove: 17 produto(s) encontrado(s) para Revolution
2026-01-21 20:19:56,650 - scraper_base - INFO - 📦 [3/20] Processando NexGard
2026-01-21 20:19:56,650 - scraper_base - INFO - 🔍 Petlove: Buscando NexGard
2026-01-21 20:19:58,650 - scraper_base - INFO - ✅ Petlove: 11 produto(s) encontrado(s) para NexGard
2026-01-21 20:20:01,637 - scraper_base - INFO - 📦 [4/20] Processando NexGard Spectra
2026-01-21 20:20:01,637 - scraper_base - INFO - 🔍 Petlove: Buscando NexGard Spectra
2026-01-21 20:20:02,962 - scraper_base - INFO - ✅ Petlove: 5 produto(s) encontrado(s) para NexGard Spectra
2026-01-21 20:20:03,987 - scraper_base - INFO - 📦 [5/20] Processando NexGard Combo
2026-01-21 20:20:03,988 - scraper_base - INFO - 🔍 Petlove: Buscando NexGard Combo
2026-01-21 20:20:05,736 - scraper_base - INFO - ✅ Petlove: 2 produto(s) encontrado(s) para NexGard Combo
2026-01-21 20:20:06,831 - scraper_base - INFO - 📦 [6/20] Processando Bravecto
2026-01-21 20:20:06,831 - scraper_base - INFO - 🔍 Petlove: Buscando Bravecto
2026-01-21 20:20:08,558 - scraper_base - INFO - ✅ Petlove: 23 produto(s) encontrado(s) para Bravecto
2026-01-21 20:20:10,434 - scraper_base - INFO - 📦 [7/20] Processando Frontline
2026-01-21 20:20:10,434 - scraper_base - INFO - 🔍 Petlove: Buscando Frontline
2026-01-21 20:20:11,856 - scraper_base - INFO - ✅ Petlove: 11 produto(s) encontrado(s) para Frontline
2026-01-21 20:20:14,637 - scraper_base - INFO - 📦 [8/20] Processando Advocate
2026-01-21 20:20:14,637 - scraper_base - INFO - 🔍 Petlove: Buscando Advocate
2026-01-21 20:20:16,690 - scraper_base - INFO - ✅ Petlove: 10 produto(s) encontrado(s) para Advocate
2026-01-21 20:20:17,972 - scraper_base - INFO - 📦 [9/20] Processando Drontal
2026-01-21 20:20:17,973 - scraper_base - INFO - 🔍 Petlove: Buscando Drontal
2026-01-21 20:20:19,863 - scraper_base - INFO - ✅ Petlove: 36 produto(s) encontrado(s) para Drontal
2026-01-21 20:20:22,654 - scraper_base - INFO - 📦 [10/20] Processando Milbemax
2026-01-21 20:20:22,654 - scraper_base - INFO - 🔍 Petlove: Buscando Milbemax
2026-01-21 20:20:24,558 - scraper_base - INFO - ✅ Petlove: 14 produto(s) encontrado(s) para Milbemax
2026-01-21 20:20:26,918 - scraper_base - INFO - 📦 [11/20] Processando Vermivet
2026-01-21 20:20:26,918 - scraper_base - INFO - 🔍 Petlove: Buscando Vermivet
2026-01-21 20:20:29,006 - scraper_base - INFO - ✅ Petlove: 36 produto(s) encontrado(s) para Vermivet
2026-01-21 20:20:30,815 - scraper_base - INFO - 📦 [12/20] Processando Rimadyl
2026-01-21 20:20:30,816 - scraper_base - INFO - 🔍 Petlove: Buscando Rimadyl
2026-01-21 20:20:33,035 - scraper_base - INFO - ✅ Petlove: 1 produto(s) encontrado(s) para Rimadyl
2026-01-21 20:20:34,208 - scraper_base - INFO - 📦 [13/20] Processando Onsior
2026-01-21 20:20:34,208 - scraper_base - INFO - 🔍 Petlove: Buscando Onsior
2026-01-21 20:20:35,674 - scraper_base - INFO - ✅ Petlove: 4 produto(s) encontrado(s) para Onsior
2026-01-21 20:20:37,373 - scraper_base - INFO - 📦 [14/20] Processando Maxicam
2026-01-21 20:20:37,373 - scraper_base - INFO - 🔍 Petlove: Buscando Maxicam
2026-01-21 20:20:38,835 - scraper_base - INFO - ✅ Petlove: 3 produto(s) encontrado(s) para Maxicam
2026-01-21 20:20:41,379 - scraper_base - INFO - 📦 [15/20] Processando Carproflan
2026-01-21 20:20:41,379 - scraper_base - INFO - 🔍 Petlove: Buscando Carproflan
2026-01-21 20:20:42,901 - scraper_base - INFO - ✅ Petlove: 8 produto(s) encontrado(s) para Carproflan
2026-01-21 20:20:45,064 - scraper_base - INFO - 📦 [16/20] Processando Previcox
2026-01-21 20:20:45,064 - scraper_base - INFO - 🔍 Petlove: Buscando Previcox
2026-01-21 20:20:46,602 - scraper_base - INFO - ✅ Petlove: 4 produto(s) encontrado(s) para Previcox
2026-01-21 20:20:48,859 - scraper_base - INFO - 📦 [17/20] Processando Apoquel
2026-01-21 20:20:48,859 - scraper_base - INFO - 🔍 Petlove: Buscando Apoquel
2026-01-21 20:20:50,465 - scraper_base - INFO - ✅ Petlove: 16 produto(s) encontrado(s) para Apoquel
2026-01-21 20:20:52,773 - scraper_base - INFO - 📦 [18/20] Processando Zenrelia
2026-01-21 20:20:52,773 - scraper_base - INFO - 🔍 Petlove: Buscando Zenrelia
2026-01-21 20:20:54,254 - scraper_base - INFO - ✅ Petlove: 4 produto(s) encontrado(s) para Zenrelia
2026-01-21 20:20:57,044 - scraper_base - INFO - 📦 [19/20] Processando Synulox
2026-01-21 20:20:57,044 - scraper_base - INFO - 🔍 Petlove: Buscando Synulox
2026-01-21 20:20:58,384 - scraper_base - INFO - ✅ Petlove: 1 produto(s) encontrado(s) para Synulox
2026-01-21 20:21:01,190 - scraper_base - INFO - 📦 [20/20] Processando Baytril
2026-01-21 20:21:01,190 - scraper_base - INFO - 🔍 Petlove: Buscando Baytril
2026-01-21 20:21:02,620 - scraper_base - INFO - ✅ Petlove: 4 produto(s) encontrado(s) para Baytril
2026-01-21 20:21:05,063 - scraper_base - INFO - 📊 Petlove - Estatísticas finais:
2026-01-21 20:21:05,063 - scraper_base - INFO -    • Medicamentos processados: 20
2026-01-21 20:21:05,063 - scraper_base - INFO -    • Produtos encontrados: 244
2026-01-21 20:21:05,063 - scraper_base - INFO -    • Medicamentos sem resultado: 0
2026-01-21 20:21:05,063 - scraper_base - INFO -    • Tempo total: 79.1s
2026-01-21 20:21:05,063 - scraper_base - INFO -    • Tempo médio por medicamento: 4.0s
2026-01-21 20:21:05,105 - gerenciador_arquivos - INFO - Excel salvo: dados_coletados/petlove_20260121_202105.xlsx (244 produtos)
2026-01-21 20:21:05,105 - gerenciador_principal - INFO - Petlove: Arquivo individual salvo com sucesso
2026-01-21 20:21:05,105 - gerenciador_principal - INFO - Pausando entre sites...
2026-01-21 20:21:07,106 - gerenciador_principal - INFO - [3/3] Processando Petz
2026-01-21 20:21:07,106 - scraper_base - INFO - 🚀 Iniciando scraping completo - Petz
2026-01-21 20:21:07,408 - scraper_base - INFO - 📋 20 medicamentos para processar
2026-01-21 20:21:07,408 - scraper_base - INFO - 📦 [1/20] Processando Simparic
2026-01-21 20:21:07,409 - scraper_base - INFO - 🔍 Petz: Buscando Simparic
2026-01-21 20:21:07,565 - scraper_petz - INFO - Petz: Nenhum product-card encontrado para Simparic
2026-01-21 20:21:07,565 - scraper_base - INFO - ⚪ Petz: Nenhum produto encontrado para Simparic
2026-01-21 20:21:08,751 - scraper_base - INFO - 📦 [2/20] Processando Revolution
2026-01-21 20:21:08,751 - scraper_base - INFO - 🔍 Petz: Buscando Revolution
2026-01-21 20:21:08,861 - scraper_petz - INFO - Petz: Nenhum product-card encontrado para Revolution
2026-01-21 20:21:08,861 - scraper_base - INFO - ⚪ Petz: Nenhum produto encontrado para Revolution
2026-01-21 20:21:10,835 - scraper_base - INFO - 📦 [3/20] Processando NexGard
2026-01-21 20:21:10,835 - scraper_base - INFO - 🔍 Petz: Buscando NexGard
2026-01-21 20:21:10,929 - scraper_petz - INFO - Petz: Nenhum product-card encontrado para NexGard
2026-01-21 20:21:10,929 - scraper_base - INFO - ⚪ Petz: Nenhum produto encontrado para NexGard
2026-01-21 20:21:13,084 - scraper_base - INFO - 📦 [4/20] Processando NexGard Spectra
2026-01-21 20:21:13,084 - scraper_base - INFO - 🔍 Petz: Buscando NexGard Spectra
2026-01-21 20:21:13,197 - scraper_petz - INFO - Petz: Nenhum product-card encontrado para NexGard Spectra
2026-01-21 20:21:13,197 - scraper_base - INFO - ⚪ Petz: Nenhum produto encontrado para NexGard Spectra
2026-01-21 20:21:15,234 - scraper_base - INFO - 📦 [5/20] Processando NexGard Combo
2026-01-21 20:21:15,234 - scraper_base - INFO - 🔍 Petz: Buscando NexGard Combo
2026-01-21 20:21:15,339 - scraper_petz - INFO - Petz: Nenhum product-card encontrado para NexGard Combo
2026-01-21 20:21:15,339 - scraper_base - INFO - ⚪ Petz: Nenhum produto encontrado para NexGard Combo
2026-01-21 20:21:17,516 - scraper_base - INFO - 📦 [6/20] Processando Bravecto
2026-01-21 20:21:17,516 - scraper_base - INFO - 🔍 Petz: Buscando Bravecto
2026-01-21 20:21:17,621 - scraper_petz - INFO - Petz: Nenhum product-card encontrado para Bravecto
2026-01-21 20:21:17,621 - scraper_base - INFO - ⚪ Petz: Nenhum produto encontrado para Bravecto
2026-01-21 20:21:19,854 - scraper_base - INFO - 📦 [7/20] Processando Frontline
2026-01-21 20:21:19,855 - scraper_base - INFO - 🔍 Petz: Buscando Frontline
2026-01-21 20:21:19,960 - scraper_petz - INFO - Petz: Nenhum product-card encontrado para Frontline
2026-01-21 20:21:19,960 - scraper_base - INFO - ⚪ Petz: Nenhum produto encontrado para Frontline
2026-01-21 20:21:22,199 - scraper_base - INFO - 📦 [8/20] Processando Advocate
2026-01-21 20:21:22,199 - scraper_base - INFO - 🔍 Petz: Buscando Advocate
2026-01-21 20:21:22,295 - scraper_petz - INFO - Petz: Nenhum product-card encontrado para Advocate
2026-01-21 20:21:22,295 - scraper_base - INFO - ⚪ Petz: Nenhum produto encontrado para Advocate
2026-01-21 20:21:23,520 - scraper_base - INFO - 📦 [9/20] Processando Drontal
2026-01-21 20:21:23,520 - scraper_base - INFO - 🔍 Petz: Buscando Drontal
2026-01-21 20:21:23,617 - scraper_petz - INFO - Petz: Nenhum product-card encontrado para Drontal
2026-01-21 20:21:23,617 - scraper_base - INFO - ⚪ Petz: Nenhum produto encontrado para Drontal
2026-01-21 20:21:24,890 - scraper_base - INFO - 📦 [10/20] Processando Milbemax
2026-01-21 20:21:24,890 - scraper_base - INFO - 🔍 Petz: Buscando Milbemax
2026-01-21 20:21:24,998 - scraper_petz - INFO - Petz: Nenhum product-card encontrado para Milbemax
2026-01-21 20:21:24,998 - scraper_base - INFO - ⚪ Petz: Nenhum produto encontrado para Milbemax
2026-01-21 20:21:27,667 - scraper_base - INFO - 📦 [11/20] Processando Vermivet
2026-01-21 20:21:27,667 - scraper_base - INFO - 🔍 Petz: Buscando Vermivet
2026-01-21 20:21:27,970 - scraper_petz - INFO - Petz: Nenhum product-card encontrado para Vermivet
2026-01-21 20:21:27,970 - scraper_base - INFO - ⚪ Petz: Nenhum produto encontrado para Vermivet
2026-01-21 20:21:29,748 - scraper_base - INFO - 📦 [12/20] Processando Rimadyl
2026-01-21 20:21:29,748 - scraper_base - INFO - 🔍 Petz: Buscando Rimadyl
2026-01-21 20:21:29,852 - scraper_petz - INFO - Petz: Nenhum product-card encontrado para Rimadyl
2026-01-21 20:21:29,852 - scraper_base - INFO - ⚪ Petz: Nenhum produto encontrado para Rimadyl
2026-01-21 20:21:31,977 - scraper_base - INFO - 📦 [13/20] Processando Onsior
2026-01-21 20:21:31,977 - scraper_base - INFO - 🔍 Petz: Buscando Onsior
2026-01-21 20:21:32,084 - scraper_petz - INFO - Petz: Nenhum product-card encontrado para Onsior
2026-01-21 20:21:32,084 - scraper_base - INFO - ⚪ Petz: Nenhum produto encontrado para Onsior
2026-01-21 20:21:34,229 - scraper_base - INFO - 📦 [14/20] Processando Maxicam
2026-01-21 20:21:34,230 - scraper_base - INFO - 🔍 Petz: Buscando Maxicam
2026-01-21 20:21:34,333 - scraper_petz - INFO - Petz: Nenhum product-card encontrado para Maxicam
2026-01-21 20:21:34,333 - scraper_base - INFO - ⚪ Petz: Nenhum produto encontrado para Maxicam
2026-01-21 20:21:35,778 - scraper_base - INFO - 📦 [15/20] Processando Carproflan
2026-01-21 20:21:35,779 - scraper_base - INFO - 🔍 Petz: Buscando Carproflan
2026-01-21 20:21:35,884 - scraper_petz - INFO - Petz: Nenhum product-card encontrado para Carproflan
2026-01-21 20:21:35,884 - scraper_base - INFO - ⚪ Petz: Nenhum produto encontrado para Carproflan
2026-01-21 20:21:38,068 - scraper_base - INFO - 📦 [16/20] Processando Previcox
2026-01-21 20:21:38,068 - scraper_base - INFO - 🔍 Petz: Buscando Previcox
2026-01-21 20:21:38,171 - scraper_petz - INFO - Petz: Nenhum product-card encontrado para Previcox
2026-01-21 20:21:38,171 - scraper_base - INFO - ⚪ Petz: Nenhum produto encontrado para Previcox
2026-01-21 20:21:39,567 - scraper_base - INFO - 📦 [17/20] Processando Apoquel
2026-01-21 20:21:39,567 - scraper_base - INFO - 🔍 Petz: Buscando Apoquel
2026-01-21 20:21:39,671 - scraper_petz - INFO - Petz: Nenhum product-card encontrado para Apoquel
2026-01-21 20:21:39,671 - scraper_base - INFO - ⚪ Petz: Nenhum produto encontrado para Apoquel
2026-01-21 20:21:42,383 - scraper_base - INFO - 📦 [18/20] Processando Zenrelia
2026-01-21 20:21:42,383 - scraper_base - INFO - 🔍 Petz: Buscando Zenrelia
2026-01-21 20:21:42,487 - scraper_petz - INFO - Petz: Nenhum product-card encontrado para Zenrelia
2026-01-21 20:21:42,487 - scraper_base - INFO - ⚪ Petz: Nenhum produto encontrado para Zenrelia
2026-01-21 20:21:44,693 - scraper_base - INFO - 📦 [19/20] Processando Synulox
2026-01-21 20:21:44,693 - scraper_base - INFO - 🔍 Petz: Buscando Synulox
2026-01-21 20:21:44,799 - scraper_petz - INFO - Petz: Nenhum product-card encontrado para Synulox
2026-01-21 20:21:44,800 - scraper_base - INFO - ⚪ Petz: Nenhum produto encontrado para Synulox
2026-01-21 20:21:46,027 - scraper_base - INFO - 📦 [20/20] Processando Baytril
2026-01-21 20:21:46,027 - scraper_base - INFO - 🔍 Petz: Buscando Baytril
2026-01-21 20:21:46,137 - scraper_petz - INFO - Petz: Nenhum product-card encontrado para Baytril
2026-01-21 20:21:46,137 - scraper_base - INFO - ⚪ Petz: Nenhum produto encontrado para Baytril
2026-01-21 20:21:47,753 - scraper_base - INFO - 📊 Petz - Estatísticas finais:
2026-01-21 20:21:47,754 - scraper_base - INFO -    • Medicamentos processados: 20
2026-01-21 20:21:47,754 - scraper_base - INFO -    • Produtos encontrados: 0
2026-01-21 20:21:47,754 - scraper_base - INFO -    • Medicamentos sem resultado: 20
2026-01-21 20:21:47,754 - scraper_base - INFO -    • Tempo total: 40.6s
2026-01-21 20:21:47,754 - scraper_base - INFO -    • Tempo médio por medicamento: 2.0s
2026-01-21 20:21:47,754 - gerenciador_principal - WARNING - Petz: Nenhum produto coletado
2026-01-21 20:21:47,754 - gerenciador_principal - INFO - Gerando relatório consolidado...
2026-01-21 20:21:47,881 - gerenciador_arquivos - INFO - Relatório consolidado salvo: dados_relatorios/relatorio_consolidado_20260121_202147.xlsx
2026-01-21 20:21:47,949 - gerenciador_conexoes - INFO - Chrome fechado
2026-01-21 20:21:47,949 - gerenciador_conexoes - INFO - Métodos utilizados - Requests: 33.3%, Selenium: 66.7%, Falhas: 0.0%
2026-01-21 20:21:47,949 - gerenciador_principal - INFO - ============================================================
2026-01-21 20:21:47,949 - gerenciador_principal - INFO - RELATORIO FINAL DE EXECUÇÃO
2026-01-21 20:21:47,949 - gerenciador_principal - INFO - ============================================================
2026-01-21 20:21:47,949 - gerenciador_principal - INFO - Sites processados: 3
2026-01-21 20:21:47,949 - gerenciador_principal - INFO - Sites com sucesso: 2
2026-01-21 20:21:47,949 - gerenciador_principal - INFO - Total de produtos coletados: 411
2026-01-21 20:21:47,949 - gerenciador_principal - WARNING - Sites com falhas: Petz
2026-01-21 20:21:47,949 - gerenciador_principal - INFO - Tempo total de execução: 214.9 segundos
2026-01-21 20:21:47,949 - gerenciador_principal - INFO - Estatísticas de conexão:
2026-01-21 20:21:47,950 - gerenciador_principal - INFO -   - Requests bem-sucedidos: 33.3%
2026-01-21 20:21:47,950 - gerenciador_principal - INFO -   - Selenium fallback: 66.7%
2026-01-21 20:21:47,950 - gerenciador_principal - INFO -   - Falhas totais: 0.0%
2026-01-21 20:21:47,951 - gerenciador_principal - INFO - Arquivos salvos na pasta: dados_coletados
2026-01-21 20:21:47,951 - gerenciador_principal - INFO - Total de arquivos: 328
2026-01-21 20:21:47,951 - gerenciador_principal - INFO - ============================================================
