2026-01-13 20:12:31,464 - configurador_logs - INFO - Sistema de logs configurado com sucesso
2026-01-13 20:12:31,464 - configurador_logs - INFO - 🚀 Logs configurados para MODO PRODUÇÃO
2026-01-13 20:12:31,464 - gerenciador_principal - INFO - Inicializando sistema - Modo: PRODUCAO
2026-01-13 20:12:31,464 - gerenciador_arquivos - INFO - Pasta dados_coletados preparada
2026-01-13 20:12:31,464 - gerenciador_principal - INFO - Sistema inicializado com 3 scrapers
2026-01-13 20:12:31,464 - gerenciador_principal - INFO - ============================================================
2026-01-13 20:12:31,465 - gerenciador_principal - INFO - INICIANDO SCRAPING COMPLETO - PRODUCAO
2026-01-13 20:12:31,465 - gerenciador_principal - INFO - ============================================================
2026-01-13 20:12:31,465 - gerenciador_principal - INFO - [1/3] Processando Cobasi
2026-01-13 20:12:31,465 - scraper_base - INFO - 🚀 Iniciando scraping completo - Cobasi
2026-01-13 20:12:32,983 - gerenciador_conexoes - INFO - Sessao estabelecida com cobasi.com.br
2026-01-13 20:12:32,983 - scraper_base - INFO - 📋 20 medicamentos para processar
2026-01-13 20:12:32,983 - scraper_base - INFO - 📦 [1/20] Processando Simparic
2026-01-13 20:12:32,983 - scraper_base - INFO - 🔍 Cobasi: Buscando Simparic
2026-01-13 20:12:33,477 - scraper_cobasi - INFO - Cobasi: Dados extraídos via JSON para Simparic
2026-01-13 20:12:33,477 - scraper_base - INFO - ✅ Cobasi: 12 produto(s) encontrado(s) para Simparic
2026-01-13 20:12:34,872 - scraper_base - INFO - 📦 [2/20] Processando Revolution
2026-01-13 20:12:34,872 - scraper_base - INFO - 🔍 Cobasi: Buscando Revolution
2026-01-13 20:12:38,003 - scraper_cobasi - INFO - Cobasi: Dados extraídos via JSON para Revolution
2026-01-13 20:12:38,004 - scraper_base - INFO - ✅ Cobasi: 18 produto(s) encontrado(s) para Revolution
2026-01-13 20:12:39,262 - scraper_base - INFO - 📦 [3/20] Processando NexGard
2026-01-13 20:12:39,262 - scraper_base - INFO - 🔍 Cobasi: Buscando NexGard
2026-01-13 20:12:39,818 - scraper_cobasi - INFO - Cobasi: Dados extraídos via JSON para NexGard
2026-01-13 20:12:39,818 - scraper_base - INFO - ✅ Cobasi: 22 produto(s) encontrado(s) para NexGard
2026-01-13 20:12:41,493 - scraper_base - INFO - 📦 [4/20] Processando NexGard Spectra
2026-01-13 20:12:41,494 - scraper_base - INFO - 🔍 Cobasi: Buscando NexGard Spectra
2026-01-13 20:12:42,025 - scraper_cobasi - INFO - Cobasi: Dados extraídos via JSON para NexGard Spectra
2026-01-13 20:12:42,025 - scraper_base - INFO - ✅ Cobasi: 10 produto(s) encontrado(s) para NexGard Spectra
2026-01-13 20:12:44,150 - scraper_base - INFO - 📦 [5/20] Processando NexGard Combo
2026-01-13 20:12:44,150 - scraper_base - INFO - 🔍 Cobasi: Buscando NexGard Combo
2026-01-13 20:12:44,697 - scraper_cobasi - INFO - Cobasi: Dados extraídos via JSON para NexGard Combo
2026-01-13 20:12:44,697 - scraper_base - INFO - ✅ Cobasi: 4 produto(s) encontrado(s) para NexGard Combo
2026-01-13 20:12:47,150 - scraper_base - INFO - 📦 [6/20] Processando Bravecto
2026-01-13 20:12:47,150 - scraper_base - INFO - 🔍 Cobasi: Buscando Bravecto
2026-01-13 20:12:50,060 - scraper_cobasi - INFO - Cobasi: Dados extraídos via JSON para Bravecto
2026-01-13 20:12:50,060 - scraper_base - INFO - ✅ Cobasi: 16 produto(s) encontrado(s) para Bravecto
2026-01-13 20:12:51,066 - scraper_base - INFO - 📦 [7/20] Processando Frontline
2026-01-13 20:12:51,066 - scraper_base - INFO - 🔍 Cobasi: Buscando Frontline
2026-01-13 20:12:53,507 - scraper_cobasi - INFO - Cobasi: Dados extraídos via JSON para Frontline
2026-01-13 20:12:53,508 - scraper_base - INFO - ✅ Cobasi: 10 produto(s) encontrado(s) para Frontline
2026-01-13 20:12:56,114 - scraper_base - INFO - 📦 [8/20] Processando Advocate
2026-01-13 20:12:56,114 - scraper_base - INFO - 🔍 Cobasi: Buscando Advocate
2026-01-13 20:12:58,314 - scraper_cobasi - INFO - Cobasi: Dados extraídos via JSON para Advocate
2026-01-13 20:12:58,315 - scraper_base - INFO - ✅ Cobasi: 12 produto(s) encontrado(s) para Advocate
2026-01-13 20:13:00,390 - scraper_base - INFO - 📦 [9/20] Processando Drontal
2026-01-13 20:13:00,391 - scraper_base - INFO - 🔍 Cobasi: Buscando Drontal
2026-01-13 20:13:03,061 - scraper_cobasi - INFO - Cobasi: Dados extraídos via JSON para Drontal
2026-01-13 20:13:03,062 - scraper_base - INFO - ✅ Cobasi: 8 produto(s) encontrado(s) para Drontal
2026-01-13 20:13:04,676 - scraper_base - INFO - 📦 [10/20] Processando Milbemax
2026-01-13 20:13:04,676 - scraper_base - INFO - 🔍 Cobasi: Buscando Milbemax
2026-01-13 20:13:06,705 - scraper_cobasi - INFO - Cobasi: Dados extraídos via JSON para Milbemax
2026-01-13 20:13:06,705 - scraper_base - INFO - ✅ Cobasi: 4 produto(s) encontrado(s) para Milbemax
2026-01-13 20:13:09,376 - scraper_base - INFO - 📦 [11/20] Processando Vermivet
2026-01-13 20:13:09,376 - scraper_base - INFO - 🔍 Cobasi: Buscando Vermivet
2026-01-13 20:13:11,303 - scraper_cobasi - INFO - Cobasi: Dados extraídos via JSON para Vermivet
2026-01-13 20:13:11,303 - scraper_base - INFO - ✅ Cobasi: 5 produto(s) encontrado(s) para Vermivet
2026-01-13 20:13:13,841 - scraper_base - INFO - 📦 [12/20] Processando Rimadyl
2026-01-13 20:13:13,841 - scraper_base - INFO - 🔍 Cobasi: Buscando Rimadyl
2026-01-13 20:13:14,319 - scraper_cobasi - INFO - Cobasi: Dados extraídos via JSON para Rimadyl
2026-01-13 20:13:14,319 - scraper_base - INFO - ✅ Cobasi: 3 produto(s) encontrado(s) para Rimadyl
2026-01-13 20:13:17,219 - scraper_base - INFO - 📦 [13/20] Processando Onsior
2026-01-13 20:13:17,219 - scraper_base - INFO - 🔍 Cobasi: Buscando Onsior
2026-01-13 20:13:17,730 - scraper_cobasi - INFO - Cobasi: Dados extraídos via JSON para Onsior
2026-01-13 20:13:17,731 - scraper_base - INFO - ✅ Cobasi: 4 produto(s) encontrado(s) para Onsior
2026-01-13 20:13:20,515 - scraper_base - INFO - 📦 [14/20] Processando Maxicam
2026-01-13 20:13:20,515 - scraper_base - INFO - 🔍 Cobasi: Buscando Maxicam
2026-01-13 20:13:23,131 - scraper_cobasi - INFO - Cobasi: Dados extraídos via JSON para Maxicam
2026-01-13 20:13:23,131 - scraper_base - INFO - ✅ Cobasi: 21 produto(s) encontrado(s) para Maxicam
2026-01-13 20:13:25,529 - scraper_base - INFO - 📦 [15/20] Processando Carproflan
2026-01-13 20:13:25,529 - scraper_base - INFO - 🔍 Cobasi: Buscando Carproflan
2026-01-13 20:13:27,430 - scraper_cobasi - INFO - Cobasi: Dados extraídos via JSON para Carproflan
2026-01-13 20:13:27,430 - scraper_base - INFO - ✅ Cobasi: 3 produto(s) encontrado(s) para Carproflan
2026-01-13 20:13:29,376 - scraper_base - INFO - 📦 [16/20] Processando Previcox
2026-01-13 20:13:29,377 - scraper_base - INFO - 🔍 Cobasi: Buscando Previcox
2026-01-13 20:13:31,365 - scraper_cobasi - INFO - Cobasi: Dados extraídos via JSON para Previcox
2026-01-13 20:13:31,365 - scraper_base - INFO - ✅ Cobasi: 2 produto(s) encontrado(s) para Previcox
2026-01-13 20:13:33,866 - scraper_base - INFO - 📦 [17/20] Processando Apoquel
2026-01-13 20:13:33,866 - scraper_base - INFO - 🔍 Cobasi: Buscando Apoquel
2026-01-13 20:13:35,626 - scraper_cobasi - INFO - Cobasi: Dados extraídos via JSON para Apoquel
2026-01-13 20:13:35,626 - scraper_base - INFO - ✅ Cobasi: 3 produto(s) encontrado(s) para Apoquel
2026-01-13 20:13:38,498 - scraper_base - INFO - 📦 [18/20] Processando Zenrelia
2026-01-13 20:13:38,498 - scraper_base - INFO - 🔍 Cobasi: Buscando Zenrelia
2026-01-13 20:13:40,547 - scraper_cobasi - INFO - Cobasi: Dados extraídos via JSON para Zenrelia
2026-01-13 20:13:40,547 - scraper_base - INFO - ✅ Cobasi: 4 produto(s) encontrado(s) para Zenrelia
2026-01-13 20:13:41,719 - scraper_base - INFO - 📦 [19/20] Processando Synulox
2026-01-13 20:13:41,719 - scraper_base - INFO - 🔍 Cobasi: Buscando Synulox
2026-01-13 20:13:43,365 - scraper_cobasi - INFO - Cobasi: Dados extraídos via JSON para Synulox
2026-01-13 20:13:43,365 - scraper_base - INFO - ✅ Cobasi: 2 produto(s) encontrado(s) para Synulox
2026-01-13 20:13:44,688 - scraper_base - INFO - 📦 [20/20] Processando Baytril
2026-01-13 20:13:44,688 - scraper_base - INFO - 🔍 Cobasi: Buscando Baytril
2026-01-13 20:13:46,576 - scraper_cobasi - INFO - Cobasi: Dados extraídos via JSON para Baytril
2026-01-13 20:13:46,576 - scraper_base - INFO - ✅ Cobasi: 4 produto(s) encontrado(s) para Baytril
2026-01-13 20:13:47,675 - scraper_base - INFO - 📊 Cobasi - Estatísticas finais:
2026-01-13 20:13:47,675 - scraper_base - INFO -    • Medicamentos processados: 20
2026-01-13 20:13:47,675 - scraper_base - INFO -    • Produtos encontrados: 167
2026-01-13 20:13:47,675 - scraper_base - INFO -    • Medicamentos sem resultado: 0
2026-01-13 20:13:47,675 - scraper_base - INFO -    • Tempo total: 76.2s
2026-01-13 20:13:47,675 - scraper_base - INFO -    • Tempo médio por medicamento: 3.8s
2026-01-13 20:13:47,832 - gerenciador_arquivos - INFO - Excel salvo: dados_coletados/cobasi_20260113_201347.xlsx (167 produtos)
2026-01-13 20:13:47,832 - gerenciador_principal - INFO - Cobasi: Arquivo individual salvo com sucesso
2026-01-13 20:13:47,832 - gerenciador_principal - INFO - Pausando entre sites...
2026-01-13 20:13:49,833 - gerenciador_principal - INFO - [2/3] Processando Petlove
2026-01-13 20:13:49,833 - scraper_base - INFO - 🚀 Iniciando scraping completo - Petlove
2026-01-13 20:13:50,116 - scraper_base - INFO - 📋 20 medicamentos para processar
2026-01-13 20:13:50,116 - scraper_base - INFO - 📦 [1/20] Processando Simparic
2026-01-13 20:13:50,116 - scraper_base - INFO - 🔍 Petlove: Buscando Simparic
2026-01-13 20:13:58,530 - gerenciador_conexoes - INFO - Chrome inicializado com otimizacoes de velocidade
2026-01-13 20:14:02,175 - scraper_base - INFO - ✅ Petlove: 33 produto(s) encontrado(s) para Simparic
2026-01-13 20:14:04,127 - scraper_base - INFO - 📦 [2/20] Processando Revolution
2026-01-13 20:14:04,127 - scraper_base - INFO - 🔍 Petlove: Buscando Revolution
2026-01-13 20:14:05,893 - scraper_base - INFO - ✅ Petlove: 17 produto(s) encontrado(s) para Revolution
2026-01-13 20:14:08,390 - scraper_base - INFO - 📦 [3/20] Processando NexGard
2026-01-13 20:14:08,390 - scraper_base - INFO - 🔍 Petlove: Buscando NexGard
2026-01-13 20:14:09,850 - scraper_base - INFO - ✅ Petlove: 11 produto(s) encontrado(s) para NexGard
2026-01-13 20:14:11,469 - scraper_base - INFO - 📦 [4/20] Processando NexGard Spectra
2026-01-13 20:14:11,469 - scraper_base - INFO - 🔍 Petlove: Buscando NexGard Spectra
2026-01-13 20:14:12,906 - scraper_base - INFO - ✅ Petlove: 5 produto(s) encontrado(s) para NexGard Spectra
2026-01-13 20:14:14,222 - scraper_base - INFO - 📦 [5/20] Processando NexGard Combo
2026-01-13 20:14:14,223 - scraper_base - INFO - 🔍 Petlove: Buscando NexGard Combo
2026-01-13 20:14:15,654 - scraper_base - INFO - ✅ Petlove: 2 produto(s) encontrado(s) para NexGard Combo
2026-01-13 20:14:17,884 - scraper_base - INFO - 📦 [6/20] Processando Bravecto
2026-01-13 20:14:17,884 - scraper_base - INFO - 🔍 Petlove: Buscando Bravecto
2026-01-13 20:14:19,914 - scraper_base - INFO - ✅ Petlove: 23 produto(s) encontrado(s) para Bravecto
2026-01-13 20:14:21,963 - scraper_base - INFO - 📦 [7/20] Processando Frontline
2026-01-13 20:14:21,963 - scraper_base - INFO - 🔍 Petlove: Buscando Frontline
2026-01-13 20:14:24,123 - scraper_base - INFO - ✅ Petlove: 11 produto(s) encontrado(s) para Frontline
2026-01-13 20:14:25,145 - scraper_base - INFO - 📦 [8/20] Processando Advocate
2026-01-13 20:14:25,146 - scraper_base - INFO - 🔍 Petlove: Buscando Advocate
2026-01-13 20:14:27,174 - scraper_base - INFO - ✅ Petlove: 10 produto(s) encontrado(s) para Advocate
2026-01-13 20:14:29,626 - scraper_base - INFO - 📦 [9/20] Processando Drontal
2026-01-13 20:14:29,626 - scraper_base - INFO - 🔍 Petlove: Buscando Drontal
2026-01-13 20:14:31,287 - scraper_base - INFO - ✅ Petlove: 36 produto(s) encontrado(s) para Drontal
2026-01-13 20:14:33,133 - scraper_base - INFO - 📦 [10/20] Processando Milbemax
2026-01-13 20:14:33,133 - scraper_base - INFO - 🔍 Petlove: Buscando Milbemax
2026-01-13 20:14:34,818 - scraper_base - INFO - ✅ Petlove: 14 produto(s) encontrado(s) para Milbemax
2026-01-13 20:14:36,354 - scraper_base - INFO - 📦 [11/20] Processando Vermivet
2026-01-13 20:14:36,354 - scraper_base - INFO - 🔍 Petlove: Buscando Vermivet
2026-01-13 20:14:38,600 - scraper_base - INFO - ✅ Petlove: 36 produto(s) encontrado(s) para Vermivet
2026-01-13 20:14:39,992 - scraper_base - INFO - 📦 [12/20] Processando Rimadyl
2026-01-13 20:14:39,993 - scraper_base - INFO - 🔍 Petlove: Buscando Rimadyl
2026-01-13 20:14:41,745 - scraper_base - INFO - ✅ Petlove: 1 produto(s) encontrado(s) para Rimadyl
2026-01-13 20:14:44,185 - scraper_base - INFO - 📦 [13/20] Processando Onsior
2026-01-13 20:14:44,185 - scraper_base - INFO - 🔍 Petlove: Buscando Onsior
2026-01-13 20:14:45,584 - scraper_base - INFO - ✅ Petlove: 4 produto(s) encontrado(s) para Onsior
2026-01-13 20:14:47,859 - scraper_base - INFO - 📦 [14/20] Processando Maxicam
2026-01-13 20:14:47,859 - scraper_base - INFO - 🔍 Petlove: Buscando Maxicam
2026-01-13 20:14:49,323 - scraper_base - INFO - ✅ Petlove: 4 produto(s) encontrado(s) para Maxicam
2026-01-13 20:14:51,600 - scraper_base - INFO - 📦 [15/20] Processando Carproflan
2026-01-13 20:14:51,600 - scraper_base - INFO - 🔍 Petlove: Buscando Carproflan
2026-01-13 20:14:53,086 - scraper_base - INFO - ✅ Petlove: 8 produto(s) encontrado(s) para Carproflan
2026-01-13 20:14:55,299 - scraper_base - INFO - 📦 [16/20] Processando Previcox
2026-01-13 20:14:55,299 - scraper_base - INFO - 🔍 Petlove: Buscando Previcox
2026-01-13 20:14:56,673 - scraper_base - INFO - ✅ Petlove: 4 produto(s) encontrado(s) para Previcox
2026-01-13 20:14:58,866 - scraper_base - INFO - 📦 [17/20] Processando Apoquel
2026-01-13 20:14:58,866 - scraper_base - INFO - 🔍 Petlove: Buscando Apoquel
2026-01-13 20:15:00,771 - scraper_base - INFO - ✅ Petlove: 16 produto(s) encontrado(s) para Apoquel
2026-01-13 20:15:02,210 - scraper_base - INFO - 📦 [18/20] Processando Zenrelia
2026-01-13 20:15:02,210 - scraper_base - INFO - 🔍 Petlove: Buscando Zenrelia
2026-01-13 20:15:03,938 - scraper_base - INFO - ✅ Petlove: 4 produto(s) encontrado(s) para Zenrelia
2026-01-13 20:15:06,225 - scraper_base - INFO - 📦 [19/20] Processando Synulox
2026-01-13 20:15:06,225 - scraper_base - INFO - 🔍 Petlove: Buscando Synulox
2026-01-13 20:15:07,746 - scraper_base - INFO - ✅ Petlove: 1 produto(s) encontrado(s) para Synulox
2026-01-13 20:15:10,527 - scraper_base - INFO - 📦 [20/20] Processando Baytril
2026-01-13 20:15:10,527 - scraper_base - INFO - 🔍 Petlove: Buscando Baytril
2026-01-13 20:15:11,943 - scraper_base - INFO - ✅ Petlove: 4 produto(s) encontrado(s) para Baytril
2026-01-13 20:15:13,020 - scraper_base - INFO - 📊 Petlove - Estatísticas finais:
2026-01-13 20:15:13,020 - scraper_base - INFO -    • Medicamentos processados: 20
2026-01-13 20:15:13,020 - scraper_base - INFO -    • Produtos encontrados: 244
2026-01-13 20:15:13,020 - scraper_base - INFO -    • Medicamentos sem resultado: 0
2026-01-13 20:15:13,020 - scraper_base - INFO -    • Tempo total: 83.2s
2026-01-13 20:15:13,020 - scraper_base - INFO -    • Tempo médio por medicamento: 4.2s
2026-01-13 20:15:13,072 - gerenciador_arquivos - INFO - Excel salvo: dados_coletados/petlove_20260113_201513.xlsx (244 produtos)
2026-01-13 20:15:13,073 - gerenciador_principal - INFO - Petlove: Arquivo individual salvo com sucesso
2026-01-13 20:15:13,073 - gerenciador_principal - INFO - Pausando entre sites...
2026-01-13 20:15:15,073 - gerenciador_principal - INFO - [3/3] Processando Petz
2026-01-13 20:15:15,073 - scraper_base - INFO - 🚀 Iniciando scraping completo - Petz
2026-01-13 20:15:15,619 - scraper_base - INFO - 📋 20 medicamentos para processar
2026-01-13 20:15:15,620 - scraper_base - INFO - 📦 [1/20] Processando Simparic
2026-01-13 20:15:15,620 - scraper_base - INFO - 🔍 Petz: Buscando Simparic
2026-01-13 20:15:21,263 - scraper_base - INFO - ✅ Petz: 12 produto(s) encontrado(s) para Simparic
2026-01-13 20:15:22,412 - scraper_base - INFO - 📦 [2/20] Processando Revolution
2026-01-13 20:15:22,412 - scraper_base - INFO - 🔍 Petz: Buscando Revolution
2026-01-13 20:15:25,072 - scraper_base - INFO - ✅ Petz: 24 produto(s) encontrado(s) para Revolution
2026-01-13 20:15:26,560 - scraper_base - INFO - 📦 [3/20] Processando NexGard
2026-01-13 20:15:26,560 - scraper_base - INFO - 🔍 Petz: Buscando NexGard
2026-01-13 20:15:28,738 - scraper_base - INFO - ✅ Petz: 22 produto(s) encontrado(s) para NexGard
2026-01-13 20:15:30,935 - scraper_base - INFO - 📦 [4/20] Processando NexGard Spectra
2026-01-13 20:15:30,935 - scraper_base - INFO - 🔍 Petz: Buscando NexGard Spectra
2026-01-13 20:15:33,058 - scraper_base - INFO - ✅ Petz: 10 produto(s) encontrado(s) para NexGard Spectra
2026-01-13 20:15:34,211 - scraper_base - INFO - 📦 [5/20] Processando NexGard Combo
2026-01-13 20:15:34,211 - scraper_base - INFO - 🔍 Petz: Buscando NexGard Combo
2026-01-13 20:15:36,165 - scraper_base - INFO - ✅ Petz: 4 produto(s) encontrado(s) para NexGard Combo
2026-01-13 20:15:38,733 - scraper_base - INFO - 📦 [6/20] Processando Bravecto
2026-01-13 20:15:38,734 - scraper_base - INFO - 🔍 Petz: Buscando Bravecto
2026-01-13 20:15:41,040 - scraper_base - INFO - ✅ Petz: 16 produto(s) encontrado(s) para Bravecto
2026-01-13 20:15:42,809 - scraper_base - INFO - 📦 [7/20] Processando Frontline
2026-01-13 20:15:42,809 - scraper_base - INFO - 🔍 Petz: Buscando Frontline
2026-01-13 20:15:45,135 - scraper_base - INFO - ✅ Petz: 11 produto(s) encontrado(s) para Frontline
2026-01-13 20:15:47,068 - scraper_base - INFO - 📦 [8/20] Processando Advocate
2026-01-13 20:15:47,068 - scraper_base - INFO - 🔍 Petz: Buscando Advocate
2026-01-13 20:15:48,813 - scraper_base - INFO - ✅ Petz: 12 produto(s) encontrado(s) para Advocate
2026-01-13 20:15:50,169 - scraper_base - INFO - 📦 [9/20] Processando Drontal
2026-01-13 20:15:50,169 - scraper_base - INFO - 🔍 Petz: Buscando Drontal
2026-01-13 20:15:52,837 - scraper_base - INFO - ✅ Petz: 29 produto(s) encontrado(s) para Drontal
2026-01-13 20:15:54,079 - scraper_base - INFO - 📦 [10/20] Processando Milbemax
2026-01-13 20:15:54,079 - scraper_base - INFO - 🔍 Petz: Buscando Milbemax
2026-01-13 20:15:56,062 - scraper_base - INFO - ✅ Petz: 4 produto(s) encontrado(s) para Milbemax
2026-01-13 20:15:58,038 - scraper_base - INFO - 📦 [11/20] Processando Vermivet
2026-01-13 20:15:58,038 - scraper_base - INFO - 🔍 Petz: Buscando Vermivet
2026-01-13 20:15:59,762 - scraper_base - INFO - ✅ Petz: 5 produto(s) encontrado(s) para Vermivet
2026-01-13 20:16:01,469 - scraper_base - INFO - 📦 [12/20] Processando Rimadyl
2026-01-13 20:16:01,470 - scraper_base - INFO - 🔍 Petz: Buscando Rimadyl
2026-01-13 20:16:03,400 - scraper_base - INFO - ✅ Petz: 3 produto(s) encontrado(s) para Rimadyl
2026-01-13 20:16:05,282 - scraper_base - INFO - 📦 [13/20] Processando Onsior
2026-01-13 20:16:05,282 - scraper_base - INFO - 🔍 Petz: Buscando Onsior
2026-01-13 20:16:07,150 - scraper_base - INFO - ✅ Petz: 4 produto(s) encontrado(s) para Onsior
2026-01-13 20:16:09,321 - scraper_base - INFO - 📦 [14/20] Processando Maxicam
2026-01-13 20:16:09,321 - scraper_base - INFO - 🔍 Petz: Buscando Maxicam
2026-01-13 20:16:11,745 - scraper_base - INFO - ✅ Petz: 31 produto(s) encontrado(s) para Maxicam
2026-01-13 20:16:14,558 - scraper_base - INFO - 📦 [15/20] Processando Carproflan
2026-01-13 20:16:14,559 - scraper_base - INFO - 🔍 Petz: Buscando Carproflan
2026-01-13 20:16:16,390 - scraper_base - INFO - ✅ Petz: 3 produto(s) encontrado(s) para Carproflan
2026-01-13 20:16:17,733 - scraper_base - INFO - 📦 [16/20] Processando Previcox
2026-01-13 20:16:17,734 - scraper_base - INFO - 🔍 Petz: Buscando Previcox
2026-01-13 20:16:19,471 - scraper_base - INFO - ✅ Petz: 2 produto(s) encontrado(s) para Previcox
2026-01-13 20:16:20,915 - scraper_base - INFO - 📦 [17/20] Processando Apoquel
2026-01-13 20:16:20,915 - scraper_base - INFO - 🔍 Petz: Buscando Apoquel
2026-01-13 20:16:22,654 - scraper_base - INFO - ✅ Petz: 3 produto(s) encontrado(s) para Apoquel
2026-01-13 20:16:25,603 - scraper_base - INFO - 📦 [18/20] Processando Zenrelia
2026-01-13 20:16:25,603 - scraper_base - INFO - 🔍 Petz: Buscando Zenrelia
2026-01-13 20:16:27,587 - scraper_base - INFO - ✅ Petz: 4 produto(s) encontrado(s) para Zenrelia
2026-01-13 20:16:29,844 - scraper_base - INFO - 📦 [19/20] Processando Synulox
2026-01-13 20:16:29,845 - scraper_base - INFO - 🔍 Petz: Buscando Synulox
2026-01-13 20:16:31,525 - scraper_base - INFO - ✅ Petz: 2 produto(s) encontrado(s) para Synulox
2026-01-13 20:16:34,465 - scraper_base - INFO - 📦 [20/20] Processando Baytril
2026-01-13 20:16:34,465 - scraper_base - INFO - 🔍 Petz: Buscando Baytril
2026-01-13 20:16:36,393 - scraper_base - INFO - ✅ Petz: 9 produto(s) encontrado(s) para Baytril
2026-01-13 20:16:37,713 - scraper_base - INFO - 📊 Petz - Estatísticas finais:
2026-01-13 20:16:37,713 - scraper_base - INFO -    • Medicamentos processados: 20
2026-01-13 20:16:37,713 - scraper_base - INFO -    • Produtos encontrados: 210
2026-01-13 20:16:37,714 - scraper_base - INFO -    • Medicamentos sem resultado: 0
2026-01-13 20:16:37,714 - scraper_base - INFO -    • Tempo total: 82.6s
2026-01-13 20:16:37,714 - scraper_base - INFO -    • Tempo médio por medicamento: 4.1s
2026-01-13 20:16:37,758 - gerenciador_arquivos - INFO - Excel salvo: dados_coletados/petz_20260113_201637.xlsx (210 produtos)
2026-01-13 20:16:37,758 - gerenciador_principal - INFO - Petz: Arquivo individual salvo com sucesso
2026-01-13 20:16:37,758 - gerenciador_principal - INFO - Gerando relatório consolidado...
2026-01-13 20:16:37,972 - gerenciador_arquivos - INFO - Relatório consolidado salvo: dados_relatorios/relatorio_consolidado_20260113_201637.xlsx
2026-01-13 20:16:38,108 - gerenciador_conexoes - INFO - Chrome fechado
2026-01-13 20:16:38,108 - gerenciador_conexoes - INFO - Métodos utilizados - Requests: 33.3%, Selenium: 66.7%, Falhas: 0.0%
2026-01-13 20:16:38,108 - gerenciador_principal - INFO - ============================================================
2026-01-13 20:16:38,108 - gerenciador_principal - INFO - RELATORIO FINAL DE EXECUÇÃO
2026-01-13 20:16:38,108 - gerenciador_principal - INFO - ============================================================
2026-01-13 20:16:38,108 - gerenciador_principal - INFO - Sites processados: 3
2026-01-13 20:16:38,108 - gerenciador_principal - INFO - Sites com sucesso: 3
2026-01-13 20:16:38,108 - gerenciador_principal - INFO - Total de produtos coletados: 621
2026-01-13 20:16:38,109 - gerenciador_principal - INFO - Tempo total de execução: 246.3 segundos
2026-01-13 20:16:38,109 - gerenciador_principal - INFO - Estatísticas de conexão:
2026-01-13 20:16:38,109 - gerenciador_principal - INFO -   - Requests bem-sucedidos: 33.3%
2026-01-13 20:16:38,109 - gerenciador_principal - INFO -   - Selenium fallback: 66.7%
2026-01-13 20:16:38,109 - gerenciador_principal - INFO -   - Falhas totais: 0.0%
2026-01-13 20:16:38,110 - gerenciador_principal - INFO - Arquivos salvos na pasta: dados_coletados
2026-01-13 20:16:38,110 - gerenciador_principal - INFO - Total de arquivos: 305
2026-01-13 20:16:38,110 - gerenciador_principal - INFO - ============================================================
