2026-01-06 20:11:50,833 - configurador_logs - INFO - Sistema de logs configurado com sucesso
2026-01-06 20:11:50,833 - configurador_logs - INFO - 🚀 Logs configurados para MODO PRODUÇÃO
2026-01-06 20:11:50,833 - gerenciador_principal - INFO - Inicializando sistema - Modo: PRODUCAO
2026-01-06 20:11:50,833 - gerenciador_arquivos - INFO - Pasta dados_coletados preparada
2026-01-06 20:11:50,833 - gerenciador_principal - INFO - Sistema inicializado com 3 scrapers
2026-01-06 20:11:50,833 - gerenciador_principal - INFO - ============================================================
2026-01-06 20:11:50,833 - gerenciador_principal - INFO - INICIANDO SCRAPING COMPLETO - PRODUCAO
2026-01-06 20:11:50,833 - gerenciador_principal - INFO - ============================================================
2026-01-06 20:11:50,834 - gerenciador_principal - INFO - [1/3] Processando Cobasi
2026-01-06 20:11:50,834 - scraper_base - INFO - 🚀 Iniciando scraping completo - Cobasi
2026-01-06 20:11:51,232 - gerenciador_conexoes - INFO - Sessao estabelecida com cobasi.com.br
2026-01-06 20:11:51,233 - scraper_base - INFO - 📋 20 medicamentos para processar
2026-01-06 20:11:51,233 - scraper_base - INFO - 📦 [1/20] Processando Simparic
2026-01-06 20:11:51,233 - scraper_base - INFO - 🔍 Cobasi: Buscando Simparic
2026-01-06 20:11:51,323 - scraper_cobasi - INFO - Cobasi: Dados extraídos via JSON para Simparic
2026-01-06 20:11:51,323 - scraper_base - INFO - ✅ Cobasi: 12 produto(s) encontrado(s) para Simparic
2026-01-06 20:11:53,762 - scraper_base - INFO - 📦 [2/20] Processando Revolution
2026-01-06 20:11:53,762 - scraper_base - INFO - 🔍 Cobasi: Buscando Revolution
2026-01-06 20:11:53,870 - scraper_cobasi - INFO - Cobasi: Dados extraídos via JSON para Revolution
2026-01-06 20:11:53,870 - scraper_base - INFO - ✅ Cobasi: 18 produto(s) encontrado(s) para Revolution
2026-01-06 20:11:55,829 - scraper_base - INFO - 📦 [3/20] Processando NexGard
2026-01-06 20:11:55,829 - scraper_base - INFO - 🔍 Cobasi: Buscando NexGard
2026-01-06 20:11:55,932 - scraper_cobasi - INFO - Cobasi: Dados extraídos via JSON para NexGard
2026-01-06 20:11:55,933 - scraper_base - INFO - ✅ Cobasi: 22 produto(s) encontrado(s) para NexGard
2026-01-06 20:11:58,251 - scraper_base - INFO - 📦 [4/20] Processando NexGard Spectra
2026-01-06 20:11:58,251 - scraper_base - INFO - 🔍 Cobasi: Buscando NexGard Spectra
2026-01-06 20:11:58,413 - scraper_cobasi - INFO - Cobasi: Dados extraídos via JSON para NexGard Spectra
2026-01-06 20:11:58,413 - scraper_base - INFO - ✅ Cobasi: 10 produto(s) encontrado(s) para NexGard Spectra
2026-01-06 20:12:00,364 - scraper_base - INFO - 📦 [5/20] Processando NexGard Combo
2026-01-06 20:12:00,364 - scraper_base - INFO - 🔍 Cobasi: Buscando NexGard Combo
2026-01-06 20:12:00,445 - scraper_cobasi - INFO - Cobasi: Dados extraídos via JSON para NexGard Combo
2026-01-06 20:12:00,445 - scraper_base - INFO - ✅ Cobasi: 4 produto(s) encontrado(s) para NexGard Combo
2026-01-06 20:12:01,846 - scraper_base - INFO - 📦 [6/20] Processando Bravecto
2026-01-06 20:12:01,847 - scraper_base - INFO - 🔍 Cobasi: Buscando Bravecto
2026-01-06 20:12:01,989 - scraper_cobasi - INFO - Cobasi: Dados extraídos via JSON para Bravecto
2026-01-06 20:12:01,989 - scraper_base - INFO - ✅ Cobasi: 16 produto(s) encontrado(s) para Bravecto
2026-01-06 20:12:04,323 - scraper_base - INFO - 📦 [7/20] Processando Frontline
2026-01-06 20:12:04,323 - scraper_base - INFO - 🔍 Cobasi: Buscando Frontline
2026-01-06 20:12:04,659 - scraper_cobasi - INFO - Cobasi: Dados extraídos via JSON para Frontline
2026-01-06 20:12:04,659 - scraper_base - INFO - ✅ Cobasi: 10 produto(s) encontrado(s) para Frontline
2026-01-06 20:12:06,963 - scraper_base - INFO - 📦 [8/20] Processando Advocate
2026-01-06 20:12:06,963 - scraper_base - INFO - 🔍 Cobasi: Buscando Advocate
2026-01-06 20:12:07,056 - scraper_cobasi - INFO - Cobasi: Dados extraídos via JSON para Advocate
2026-01-06 20:12:07,056 - scraper_base - INFO - ✅ Cobasi: 12 produto(s) encontrado(s) para Advocate
2026-01-06 20:12:08,512 - scraper_base - INFO - 📦 [9/20] Processando Drontal
2026-01-06 20:12:08,512 - scraper_base - INFO - 🔍 Cobasi: Buscando Drontal
2026-01-06 20:12:08,597 - scraper_cobasi - INFO - Cobasi: Dados extraídos via JSON para Drontal
2026-01-06 20:12:08,597 - scraper_base - INFO - ✅ Cobasi: 8 produto(s) encontrado(s) para Drontal
2026-01-06 20:12:11,046 - scraper_base - INFO - 📦 [10/20] Processando Milbemax
2026-01-06 20:12:11,046 - scraper_base - INFO - 🔍 Cobasi: Buscando Milbemax
2026-01-06 20:12:11,130 - scraper_cobasi - INFO - Cobasi: Dados extraídos via JSON para Milbemax
2026-01-06 20:12:11,130 - scraper_base - INFO - ✅ Cobasi: 4 produto(s) encontrado(s) para Milbemax
2026-01-06 20:12:12,548 - scraper_base - INFO - 📦 [11/20] Processando Vermivet
2026-01-06 20:12:12,548 - scraper_base - INFO - 🔍 Cobasi: Buscando Vermivet
2026-01-06 20:12:12,631 - scraper_cobasi - INFO - Cobasi: Dados extraídos via JSON para Vermivet
2026-01-06 20:12:12,631 - scraper_base - INFO - ✅ Cobasi: 5 produto(s) encontrado(s) para Vermivet
2026-01-06 20:12:15,570 - scraper_base - INFO - 📦 [12/20] Processando Rimadyl
2026-01-06 20:12:15,570 - scraper_base - INFO - 🔍 Cobasi: Buscando Rimadyl
2026-01-06 20:12:15,648 - scraper_cobasi - INFO - Cobasi: Dados extraídos via JSON para Rimadyl
2026-01-06 20:12:15,648 - scraper_base - INFO - ✅ Cobasi: 3 produto(s) encontrado(s) para Rimadyl
2026-01-06 20:12:17,257 - scraper_base - INFO - 📦 [13/20] Processando Onsior
2026-01-06 20:12:17,257 - scraper_base - INFO - 🔍 Cobasi: Buscando Onsior
2026-01-06 20:12:18,943 - scraper_cobasi - INFO - Cobasi: Dados extraídos via JSON para Onsior
2026-01-06 20:12:18,943 - scraper_base - INFO - ✅ Cobasi: 4 produto(s) encontrado(s) para Onsior
2026-01-06 20:12:20,887 - scraper_base - INFO - 📦 [14/20] Processando Maxicam
2026-01-06 20:12:20,887 - scraper_base - INFO - 🔍 Cobasi: Buscando Maxicam
2026-01-06 20:12:23,568 - scraper_cobasi - INFO - Cobasi: Dados extraídos via JSON para Maxicam
2026-01-06 20:12:23,568 - scraper_base - INFO - ✅ Cobasi: 20 produto(s) encontrado(s) para Maxicam
2026-01-06 20:12:24,741 - scraper_base - INFO - 📦 [15/20] Processando Carproflan
2026-01-06 20:12:24,741 - scraper_base - INFO - 🔍 Cobasi: Buscando Carproflan
2026-01-06 20:12:27,362 - scraper_cobasi - INFO - Cobasi: Dados extraídos via JSON para Carproflan
2026-01-06 20:12:27,362 - scraper_base - INFO - ✅ Cobasi: 3 produto(s) encontrado(s) para Carproflan
2026-01-06 20:12:28,635 - scraper_base - INFO - 📦 [16/20] Processando Previcox
2026-01-06 20:12:28,635 - scraper_base - INFO - 🔍 Cobasi: Buscando Previcox
2026-01-06 20:12:30,775 - scraper_cobasi - INFO - Cobasi: Dados extraídos via JSON para Previcox
2026-01-06 20:12:30,775 - scraper_base - INFO - ✅ Cobasi: 2 produto(s) encontrado(s) para Previcox
2026-01-06 20:12:32,904 - scraper_base - INFO - 📦 [17/20] Processando Apoquel
2026-01-06 20:12:32,904 - scraper_base - INFO - 🔍 Cobasi: Buscando Apoquel
2026-01-06 20:12:34,841 - scraper_cobasi - INFO - Cobasi: Dados extraídos via JSON para Apoquel
2026-01-06 20:12:34,841 - scraper_base - INFO - ✅ Cobasi: 3 produto(s) encontrado(s) para Apoquel
2026-01-06 20:12:36,019 - scraper_base - INFO - 📦 [18/20] Processando Zenrelia
2026-01-06 20:12:36,019 - scraper_base - INFO - 🔍 Cobasi: Buscando Zenrelia
2026-01-06 20:12:38,253 - scraper_cobasi - INFO - Cobasi: Dados extraídos via JSON para Zenrelia
2026-01-06 20:12:38,253 - scraper_base - INFO - ✅ Cobasi: 4 produto(s) encontrado(s) para Zenrelia
2026-01-06 20:12:39,712 - scraper_base - INFO - 📦 [19/20] Processando Synulox
2026-01-06 20:12:39,712 - scraper_base - INFO - 🔍 Cobasi: Buscando Synulox
2026-01-06 20:12:41,516 - scraper_cobasi - INFO - Cobasi: Dados extraídos via JSON para Synulox
2026-01-06 20:12:41,516 - scraper_base - INFO - ✅ Cobasi: 2 produto(s) encontrado(s) para Synulox
2026-01-06 20:12:43,004 - scraper_base - INFO - 📦 [20/20] Processando Baytril
2026-01-06 20:12:43,004 - scraper_base - INFO - 🔍 Cobasi: Buscando Baytril
2026-01-06 20:12:45,485 - scraper_cobasi - INFO - Cobasi: Dados extraídos via JSON para Baytril
2026-01-06 20:12:45,485 - scraper_base - INFO - ✅ Cobasi: 4 produto(s) encontrado(s) para Baytril
2026-01-06 20:12:47,929 - scraper_base - INFO - 📊 Cobasi - Estatísticas finais:
2026-01-06 20:12:47,930 - scraper_base - INFO -    • Medicamentos processados: 20
2026-01-06 20:12:47,930 - scraper_base - INFO -    • Produtos encontrados: 166
2026-01-06 20:12:47,930 - scraper_base - INFO -    • Medicamentos sem resultado: 0
2026-01-06 20:12:47,930 - scraper_base - INFO -    • Tempo total: 57.1s
2026-01-06 20:12:47,930 - scraper_base - INFO -    • Tempo médio por medicamento: 2.9s
2026-01-06 20:12:48,044 - gerenciador_arquivos - INFO - Excel salvo: dados_coletados/cobasi_20260106_201247.xlsx (166 produtos)
2026-01-06 20:12:48,044 - gerenciador_principal - INFO - Cobasi: Arquivo individual salvo com sucesso
2026-01-06 20:12:48,044 - gerenciador_principal - INFO - Pausando entre sites...
2026-01-06 20:12:50,045 - gerenciador_principal - INFO - [2/3] Processando Petlove
2026-01-06 20:12:50,045 - scraper_base - INFO - 🚀 Iniciando scraping completo - Petlove
2026-01-06 20:12:50,370 - scraper_base - INFO - 📋 20 medicamentos para processar
2026-01-06 20:12:50,370 - scraper_base - INFO - 📦 [1/20] Processando Simparic
2026-01-06 20:12:50,370 - scraper_base - INFO - 🔍 Petlove: Buscando Simparic
2026-01-06 20:12:52,038 - gerenciador_conexoes - INFO - Chrome inicializado com otimizacoes de velocidade
2026-01-06 20:12:54,849 - scraper_base - INFO - ✅ Petlove: 33 produto(s) encontrado(s) para Simparic
2026-01-06 20:12:57,082 - scraper_base - INFO - 📦 [2/20] Processando Revolution
2026-01-06 20:12:57,082 - scraper_base - INFO - 🔍 Petlove: Buscando Revolution
2026-01-06 20:12:58,701 - scraper_base - INFO - ✅ Petlove: 17 produto(s) encontrado(s) para Revolution
2026-01-06 20:13:01,332 - scraper_base - INFO - 📦 [3/20] Processando NexGard
2026-01-06 20:13:01,332 - scraper_base - INFO - 🔍 Petlove: Buscando NexGard
2026-01-06 20:13:02,870 - scraper_base - INFO - ✅ Petlove: 11 produto(s) encontrado(s) para NexGard
2026-01-06 20:13:04,784 - scraper_base - INFO - 📦 [4/20] Processando NexGard Spectra
2026-01-06 20:13:04,784 - scraper_base - INFO - 🔍 Petlove: Buscando NexGard Spectra
2026-01-06 20:13:05,895 - scraper_base - INFO - ✅ Petlove: 5 produto(s) encontrado(s) para NexGard Spectra
2026-01-06 20:13:06,970 - scraper_base - INFO - 📦 [5/20] Processando NexGard Combo
2026-01-06 20:13:06,970 - scraper_base - INFO - 🔍 Petlove: Buscando NexGard Combo
2026-01-06 20:13:08,009 - scraper_base - INFO - ✅ Petlove: 2 produto(s) encontrado(s) para NexGard Combo
2026-01-06 20:13:09,370 - scraper_base - INFO - 📦 [6/20] Processando Bravecto
2026-01-06 20:13:09,370 - scraper_base - INFO - 🔍 Petlove: Buscando Bravecto
2026-01-06 20:13:12,096 - scraper_base - INFO - ✅ Petlove: 23 produto(s) encontrado(s) para Bravecto
2026-01-06 20:13:14,708 - scraper_base - INFO - 📦 [7/20] Processando Frontline
2026-01-06 20:13:14,708 - scraper_base - INFO - 🔍 Petlove: Buscando Frontline
2026-01-06 20:13:16,504 - scraper_base - INFO - ✅ Petlove: 11 produto(s) encontrado(s) para Frontline
2026-01-06 20:13:19,156 - scraper_base - INFO - 📦 [8/20] Processando Advocate
2026-01-06 20:13:19,156 - scraper_base - INFO - 🔍 Petlove: Buscando Advocate
2026-01-06 20:13:20,741 - scraper_base - INFO - ✅ Petlove: 10 produto(s) encontrado(s) para Advocate
2026-01-06 20:13:23,518 - scraper_base - INFO - 📦 [9/20] Processando Drontal
2026-01-06 20:13:23,519 - scraper_base - INFO - 🔍 Petlove: Buscando Drontal
2026-01-06 20:13:25,218 - scraper_base - INFO - ✅ Petlove: 36 produto(s) encontrado(s) para Drontal
2026-01-06 20:13:26,921 - scraper_base - INFO - 📦 [10/20] Processando Milbemax
2026-01-06 20:13:26,921 - scraper_base - INFO - 🔍 Petlove: Buscando Milbemax
2026-01-06 20:13:28,743 - scraper_base - INFO - ✅ Petlove: 14 produto(s) encontrado(s) para Milbemax
2026-01-06 20:13:30,384 - scraper_base - INFO - 📦 [11/20] Processando Vermivet
2026-01-06 20:13:30,384 - scraper_base - INFO - 🔍 Petlove: Buscando Vermivet
2026-01-06 20:13:32,424 - scraper_base - INFO - ✅ Petlove: 36 produto(s) encontrado(s) para Vermivet
2026-01-06 20:13:35,360 - scraper_base - INFO - 📦 [12/20] Processando Rimadyl
2026-01-06 20:13:35,360 - scraper_base - INFO - 🔍 Petlove: Buscando Rimadyl
2026-01-06 20:13:36,992 - scraper_base - INFO - ✅ Petlove: 1 produto(s) encontrado(s) para Rimadyl
2026-01-06 20:13:38,154 - scraper_base - INFO - 📦 [13/20] Processando Onsior
2026-01-06 20:13:38,154 - scraper_base - INFO - 🔍 Petlove: Buscando Onsior
2026-01-06 20:13:39,544 - scraper_base - INFO - ✅ Petlove: 4 produto(s) encontrado(s) para Onsior
2026-01-06 20:13:42,242 - scraper_base - INFO - 📦 [14/20] Processando Maxicam
2026-01-06 20:13:42,242 - scraper_base - INFO - 🔍 Petlove: Buscando Maxicam
2026-01-06 20:13:43,551 - scraper_base - INFO - ✅ Petlove: 4 produto(s) encontrado(s) para Maxicam
2026-01-06 20:13:46,090 - scraper_base - INFO - 📦 [15/20] Processando Carproflan
2026-01-06 20:13:46,090 - scraper_base - INFO - 🔍 Petlove: Buscando Carproflan
2026-01-06 20:13:47,416 - scraper_base - INFO - ✅ Petlove: 8 produto(s) encontrado(s) para Carproflan
2026-01-06 20:13:48,726 - scraper_base - INFO - 📦 [16/20] Processando Previcox
2026-01-06 20:13:48,726 - scraper_base - INFO - 🔍 Petlove: Buscando Previcox
2026-01-06 20:13:50,141 - scraper_base - INFO - ✅ Petlove: 4 produto(s) encontrado(s) para Previcox
2026-01-06 20:13:51,234 - scraper_base - INFO - 📦 [17/20] Processando Apoquel
2026-01-06 20:13:51,234 - scraper_base - INFO - 🔍 Petlove: Buscando Apoquel
2026-01-06 20:13:52,899 - scraper_base - INFO - ✅ Petlove: 16 produto(s) encontrado(s) para Apoquel
2026-01-06 20:13:54,529 - scraper_base - INFO - 📦 [18/20] Processando Zenrelia
2026-01-06 20:13:54,529 - scraper_base - INFO - 🔍 Petlove: Buscando Zenrelia
2026-01-06 20:13:55,858 - scraper_base - INFO - ✅ Petlove: 4 produto(s) encontrado(s) para Zenrelia
2026-01-06 20:13:58,482 - scraper_base - INFO - 📦 [19/20] Processando Synulox
2026-01-06 20:13:58,482 - scraper_base - INFO - 🔍 Petlove: Buscando Synulox
2026-01-06 20:13:59,835 - scraper_base - INFO - ✅ Petlove: 1 produto(s) encontrado(s) para Synulox
2026-01-06 20:14:01,724 - scraper_base - INFO - 📦 [20/20] Processando Baytril
2026-01-06 20:14:01,724 - scraper_base - INFO - 🔍 Petlove: Buscando Baytril
2026-01-06 20:14:03,265 - scraper_base - INFO - ✅ Petlove: 4 produto(s) encontrado(s) para Baytril
2026-01-06 20:14:05,409 - scraper_base - INFO - 📊 Petlove - Estatísticas finais:
2026-01-06 20:14:05,409 - scraper_base - INFO -    • Medicamentos processados: 20
2026-01-06 20:14:05,409 - scraper_base - INFO -    • Produtos encontrados: 244
2026-01-06 20:14:05,409 - scraper_base - INFO -    • Medicamentos sem resultado: 0
2026-01-06 20:14:05,410 - scraper_base - INFO -    • Tempo total: 75.4s
2026-01-06 20:14:05,410 - scraper_base - INFO -    • Tempo médio por medicamento: 3.8s
2026-01-06 20:14:05,455 - gerenciador_arquivos - INFO - Excel salvo: dados_coletados/petlove_20260106_201405.xlsx (244 produtos)
2026-01-06 20:14:05,455 - gerenciador_principal - INFO - Petlove: Arquivo individual salvo com sucesso
2026-01-06 20:14:05,455 - gerenciador_principal - INFO - Pausando entre sites...
2026-01-06 20:14:07,455 - gerenciador_principal - INFO - [3/3] Processando Petz
2026-01-06 20:14:07,455 - scraper_base - INFO - 🚀 Iniciando scraping completo - Petz
2026-01-06 20:14:07,944 - scraper_base - INFO - 📋 20 medicamentos para processar
2026-01-06 20:14:07,944 - scraper_base - INFO - 📦 [1/20] Processando Simparic
2026-01-06 20:14:07,944 - scraper_base - INFO - 🔍 Petz: Buscando Simparic
2026-01-06 20:14:12,160 - scraper_base - INFO - ✅ Petz: 12 produto(s) encontrado(s) para Simparic
2026-01-06 20:14:15,133 - scraper_base - INFO - 📦 [2/20] Processando Revolution
2026-01-06 20:14:15,133 - scraper_base - INFO - 🔍 Petz: Buscando Revolution
2026-01-06 20:14:17,363 - scraper_base - INFO - ✅ Petz: 26 produto(s) encontrado(s) para Revolution
2026-01-06 20:14:19,077 - scraper_base - INFO - 📦 [3/20] Processando NexGard
2026-01-06 20:14:19,077 - scraper_base - INFO - 🔍 Petz: Buscando NexGard
2026-01-06 20:14:21,326 - scraper_base - INFO - ✅ Petz: 22 produto(s) encontrado(s) para NexGard
2026-01-06 20:14:22,684 - scraper_base - INFO - 📦 [4/20] Processando NexGard Spectra
2026-01-06 20:14:22,684 - scraper_base - INFO - 🔍 Petz: Buscando NexGard Spectra
2026-01-06 20:14:24,589 - scraper_base - INFO - ✅ Petz: 10 produto(s) encontrado(s) para NexGard Spectra
2026-01-06 20:14:25,657 - scraper_base - INFO - 📦 [5/20] Processando NexGard Combo
2026-01-06 20:14:25,658 - scraper_base - INFO - 🔍 Petz: Buscando NexGard Combo
2026-01-06 20:14:27,264 - scraper_base - INFO - ✅ Petz: 4 produto(s) encontrado(s) para NexGard Combo
2026-01-06 20:14:28,685 - scraper_base - INFO - 📦 [6/20] Processando Bravecto
2026-01-06 20:14:28,686 - scraper_base - INFO - 🔍 Petz: Buscando Bravecto
2026-01-06 20:14:31,306 - scraper_base - INFO - ✅ Petz: 16 produto(s) encontrado(s) para Bravecto
2026-01-06 20:14:32,676 - scraper_base - INFO - 📦 [7/20] Processando Frontline
2026-01-06 20:14:32,676 - scraper_base - INFO - 🔍 Petz: Buscando Frontline
2026-01-06 20:14:34,789 - scraper_base - INFO - ✅ Petz: 11 produto(s) encontrado(s) para Frontline
2026-01-06 20:14:36,042 - scraper_base - INFO - 📦 [8/20] Processando Advocate
2026-01-06 20:14:36,043 - scraper_base - INFO - 🔍 Petz: Buscando Advocate
2026-01-06 20:14:37,647 - scraper_base - INFO - ✅ Petz: 12 produto(s) encontrado(s) para Advocate
2026-01-06 20:14:40,337 - scraper_base - INFO - 📦 [9/20] Processando Drontal
2026-01-06 20:14:40,338 - scraper_base - INFO - 🔍 Petz: Buscando Drontal
2026-01-06 20:14:43,775 - scraper_base - INFO - ✅ Petz: 30 produto(s) encontrado(s) para Drontal
2026-01-06 20:14:45,013 - scraper_base - INFO - 📦 [10/20] Processando Milbemax
2026-01-06 20:14:45,013 - scraper_base - INFO - 🔍 Petz: Buscando Milbemax
2026-01-06 20:14:46,559 - scraper_base - INFO - ✅ Petz: 4 produto(s) encontrado(s) para Milbemax
2026-01-06 20:14:47,871 - scraper_base - INFO - 📦 [11/20] Processando Vermivet
2026-01-06 20:14:47,871 - scraper_base - INFO - 🔍 Petz: Buscando Vermivet
2026-01-06 20:14:49,599 - scraper_base - INFO - ✅ Petz: 5 produto(s) encontrado(s) para Vermivet
2026-01-06 20:14:51,247 - scraper_base - INFO - 📦 [12/20] Processando Rimadyl
2026-01-06 20:14:51,247 - scraper_base - INFO - 🔍 Petz: Buscando Rimadyl
2026-01-06 20:14:53,163 - scraper_base - INFO - ✅ Petz: 3 produto(s) encontrado(s) para Rimadyl
2026-01-06 20:14:54,227 - scraper_base - INFO - 📦 [13/20] Processando Onsior
2026-01-06 20:14:54,227 - scraper_base - INFO - 🔍 Petz: Buscando Onsior
2026-01-06 20:14:55,740 - scraper_base - INFO - ✅ Petz: 4 produto(s) encontrado(s) para Onsior
2026-01-06 20:14:56,982 - scraper_base - INFO - 📦 [14/20] Processando Maxicam
2026-01-06 20:14:56,982 - scraper_base - INFO - 🔍 Petz: Buscando Maxicam
2026-01-06 20:14:59,107 - scraper_base - INFO - ✅ Petz: 30 produto(s) encontrado(s) para Maxicam
2026-01-06 20:15:00,732 - scraper_base - INFO - 📦 [15/20] Processando Carproflan
2026-01-06 20:15:00,732 - scraper_base - INFO - 🔍 Petz: Buscando Carproflan
2026-01-06 20:15:02,846 - scraper_base - INFO - ✅ Petz: 3 produto(s) encontrado(s) para Carproflan
2026-01-06 20:15:05,015 - scraper_base - INFO - 📦 [16/20] Processando Previcox
2026-01-06 20:15:05,015 - scraper_base - INFO - 🔍 Petz: Buscando Previcox
2026-01-06 20:15:06,740 - scraper_base - INFO - ✅ Petz: 2 produto(s) encontrado(s) para Previcox
2026-01-06 20:15:08,728 - scraper_base - INFO - 📦 [17/20] Processando Apoquel
2026-01-06 20:15:08,728 - scraper_base - INFO - 🔍 Petz: Buscando Apoquel
2026-01-06 20:15:10,462 - scraper_base - INFO - ✅ Petz: 3 produto(s) encontrado(s) para Apoquel
2026-01-06 20:15:13,177 - scraper_base - INFO - 📦 [18/20] Processando Zenrelia
2026-01-06 20:15:13,177 - scraper_base - INFO - 🔍 Petz: Buscando Zenrelia
2026-01-06 20:15:14,987 - scraper_base - INFO - ✅ Petz: 4 produto(s) encontrado(s) para Zenrelia
2026-01-06 20:15:17,397 - scraper_base - INFO - 📦 [19/20] Processando Synulox
2026-01-06 20:15:17,397 - scraper_base - INFO - 🔍 Petz: Buscando Synulox
2026-01-06 20:15:19,093 - scraper_base - INFO - ✅ Petz: 2 produto(s) encontrado(s) para Synulox
2026-01-06 20:15:20,295 - scraper_base - INFO - 📦 [20/20] Processando Baytril
2026-01-06 20:15:20,296 - scraper_base - INFO - 🔍 Petz: Buscando Baytril
2026-01-06 20:15:22,463 - scraper_base - INFO - ✅ Petz: 10 produto(s) encontrado(s) para Baytril
2026-01-06 20:15:23,638 - scraper_base - INFO - 📊 Petz - Estatísticas finais:
2026-01-06 20:15:23,638 - scraper_base - INFO -    • Medicamentos processados: 20
2026-01-06 20:15:23,638 - scraper_base - INFO -    • Produtos encontrados: 213
2026-01-06 20:15:23,638 - scraper_base - INFO -    • Medicamentos sem resultado: 0
2026-01-06 20:15:23,638 - scraper_base - INFO -    • Tempo total: 76.2s
2026-01-06 20:15:23,639 - scraper_base - INFO -    • Tempo médio por medicamento: 3.8s
2026-01-06 20:15:23,682 - gerenciador_arquivos - INFO - Excel salvo: dados_coletados/petz_20260106_201523.xlsx (213 produtos)
2026-01-06 20:15:23,682 - gerenciador_principal - INFO - Petz: Arquivo individual salvo com sucesso
2026-01-06 20:15:23,682 - gerenciador_principal - INFO - Gerando relatório consolidado...
2026-01-06 20:15:23,941 - gerenciador_arquivos - INFO - Relatório consolidado salvo: dados_relatorios/relatorio_consolidado_20260106_201523.xlsx
2026-01-06 20:15:24,065 - gerenciador_conexoes - INFO - Chrome fechado
2026-01-06 20:15:24,065 - gerenciador_conexoes - INFO - Métodos utilizados - Requests: 33.3%, Selenium: 66.7%, Falhas: 0.0%
2026-01-06 20:15:24,066 - gerenciador_principal - INFO - ============================================================
2026-01-06 20:15:24,066 - gerenciador_principal - INFO - RELATORIO FINAL DE EXECUÇÃO
2026-01-06 20:15:24,066 - gerenciador_principal - INFO - ============================================================
2026-01-06 20:15:24,066 - gerenciador_principal - INFO - Sites processados: 3
2026-01-06 20:15:24,066 - gerenciador_principal - INFO - Sites com sucesso: 3
2026-01-06 20:15:24,066 - gerenciador_principal - INFO - Total de produtos coletados: 623
2026-01-06 20:15:24,066 - gerenciador_principal - INFO - Tempo total de execução: 212.8 segundos
2026-01-06 20:15:24,066 - gerenciador_principal - INFO - Estatísticas de conexão:
2026-01-06 20:15:24,066 - gerenciador_principal - INFO -   - Requests bem-sucedidos: 33.3%
2026-01-06 20:15:24,066 - gerenciador_principal - INFO -   - Selenium fallback: 66.7%
2026-01-06 20:15:24,066 - gerenciador_principal - INFO -   - Falhas totais: 0.0%
2026-01-06 20:15:24,067 - gerenciador_principal - INFO - Arquivos salvos na pasta: dados_coletados
2026-01-06 20:15:24,067 - gerenciador_principal - INFO - Total de arquivos: 285
2026-01-06 20:15:24,067 - gerenciador_principal - INFO - ============================================================
