2025-12-21 20:10:29,045 - configurador_logs - INFO - Sistema de logs configurado com sucesso
2025-12-21 20:10:29,045 - configurador_logs - INFO - 🚀 Logs configurados para MODO PRODUÇÃO
2025-12-21 20:10:29,045 - gerenciador_principal - INFO - Inicializando sistema - Modo: PRODUCAO
2025-12-21 20:10:29,046 - gerenciador_arquivos - INFO - Pasta dados_coletados preparada
2025-12-21 20:10:29,046 - gerenciador_principal - INFO - Sistema inicializado com 3 scrapers
2025-12-21 20:10:29,046 - gerenciador_principal - INFO - ============================================================
2025-12-21 20:10:29,046 - gerenciador_principal - INFO - INICIANDO SCRAPING COMPLETO - PRODUCAO
2025-12-21 20:10:29,046 - gerenciador_principal - INFO - ============================================================
2025-12-21 20:10:29,046 - gerenciador_principal - INFO - [1/3] Processando Cobasi
2025-12-21 20:10:29,046 - scraper_base - INFO - 🚀 Iniciando scraping completo - Cobasi
2025-12-21 20:10:29,398 - gerenciador_conexoes - INFO - Sessao estabelecida com cobasi.com.br
2025-12-21 20:10:29,398 - scraper_base - INFO - 📋 20 medicamentos para processar
2025-12-21 20:10:29,399 - scraper_base - INFO - 📦 [1/20] Processando Simparic
2025-12-21 20:10:29,399 - scraper_base - INFO - 🔍 Cobasi: Buscando Simparic
2025-12-21 20:10:29,932 - scraper_cobasi - INFO - Cobasi: Dados extraídos via JSON para Simparic
2025-12-21 20:10:29,932 - scraper_base - INFO - ✅ Cobasi: 12 produto(s) encontrado(s) para Simparic
2025-12-21 20:10:32,928 - scraper_base - INFO - 📦 [2/20] Processando Revolution
2025-12-21 20:10:32,928 - scraper_base - INFO - 🔍 Cobasi: Buscando Revolution
2025-12-21 20:10:33,623 - scraper_cobasi - INFO - Cobasi: Dados extraídos via JSON para Revolution
2025-12-21 20:10:33,623 - scraper_base - INFO - ✅ Cobasi: 18 produto(s) encontrado(s) para Revolution
2025-12-21 20:10:35,572 - scraper_base - INFO - 📦 [3/20] Processando NexGard
2025-12-21 20:10:35,572 - scraper_base - INFO - 🔍 Cobasi: Buscando NexGard
2025-12-21 20:10:36,240 - scraper_cobasi - INFO - Cobasi: Dados extraídos via JSON para NexGard
2025-12-21 20:10:36,240 - scraper_base - INFO - ✅ Cobasi: 22 produto(s) encontrado(s) para NexGard
2025-12-21 20:10:37,564 - scraper_base - INFO - 📦 [4/20] Processando NexGard Spectra
2025-12-21 20:10:37,564 - scraper_base - INFO - 🔍 Cobasi: Buscando NexGard Spectra
2025-12-21 20:10:39,822 - scraper_cobasi - INFO - Cobasi: Dados extraídos via JSON para NexGard Spectra
2025-12-21 20:10:39,822 - scraper_base - INFO - ✅ Cobasi: 10 produto(s) encontrado(s) para NexGard Spectra
2025-12-21 20:10:41,662 - scraper_base - INFO - 📦 [5/20] Processando NexGard Combo
2025-12-21 20:10:41,662 - scraper_base - INFO - 🔍 Cobasi: Buscando NexGard Combo
2025-12-21 20:10:43,762 - scraper_cobasi - INFO - Cobasi: Dados extraídos via JSON para NexGard Combo
2025-12-21 20:10:43,762 - scraper_base - INFO - ✅ Cobasi: 4 produto(s) encontrado(s) para NexGard Combo
2025-12-21 20:10:46,742 - scraper_base - INFO - 📦 [6/20] Processando Bravecto
2025-12-21 20:10:46,742 - scraper_base - INFO - 🔍 Cobasi: Buscando Bravecto
2025-12-21 20:10:49,781 - scraper_cobasi - INFO - Cobasi: Dados extraídos via JSON para Bravecto
2025-12-21 20:10:49,781 - scraper_base - INFO - ✅ Cobasi: 16 produto(s) encontrado(s) para Bravecto
2025-12-21 20:10:51,967 - scraper_base - INFO - 📦 [7/20] Processando Frontline
2025-12-21 20:10:51,967 - scraper_base - INFO - 🔍 Cobasi: Buscando Frontline
2025-12-21 20:10:54,954 - scraper_cobasi - INFO - Cobasi: Dados extraídos via JSON para Frontline
2025-12-21 20:10:54,954 - scraper_base - INFO - ✅ Cobasi: 10 produto(s) encontrado(s) para Frontline
2025-12-21 20:10:56,137 - scraper_base - INFO - 📦 [8/20] Processando Advocate
2025-12-21 20:10:56,137 - scraper_base - INFO - 🔍 Cobasi: Buscando Advocate
2025-12-21 20:10:56,673 - scraper_cobasi - INFO - Cobasi: Dados extraídos via JSON para Advocate
2025-12-21 20:10:56,673 - scraper_base - INFO - ✅ Cobasi: 12 produto(s) encontrado(s) para Advocate
2025-12-21 20:10:57,981 - scraper_base - INFO - 📦 [9/20] Processando Drontal
2025-12-21 20:10:57,981 - scraper_base - INFO - 🔍 Cobasi: Buscando Drontal
2025-12-21 20:11:00,106 - scraper_cobasi - INFO - Cobasi: Dados extraídos via JSON para Drontal
2025-12-21 20:11:00,107 - scraper_base - INFO - ✅ Cobasi: 8 produto(s) encontrado(s) para Drontal
2025-12-21 20:11:01,142 - scraper_base - INFO - 📦 [10/20] Processando Milbemax
2025-12-21 20:11:01,142 - scraper_base - INFO - 🔍 Cobasi: Buscando Milbemax
2025-12-21 20:11:03,528 - scraper_cobasi - INFO - Cobasi: Dados extraídos via JSON para Milbemax
2025-12-21 20:11:03,528 - scraper_base - INFO - ✅ Cobasi: 4 produto(s) encontrado(s) para Milbemax
2025-12-21 20:11:04,564 - scraper_base - INFO - 📦 [11/20] Processando Vermivet
2025-12-21 20:11:04,564 - scraper_base - INFO - 🔍 Cobasi: Buscando Vermivet
2025-12-21 20:11:06,845 - scraper_cobasi - INFO - Cobasi: Dados extraídos via JSON para Vermivet
2025-12-21 20:11:06,845 - scraper_base - INFO - ✅ Cobasi: 5 produto(s) encontrado(s) para Vermivet
2025-12-21 20:11:09,225 - scraper_base - INFO - 📦 [12/20] Processando Rimadyl
2025-12-21 20:11:09,225 - scraper_base - INFO - 🔍 Cobasi: Buscando Rimadyl
2025-12-21 20:11:11,024 - scraper_cobasi - INFO - Cobasi: Dados extraídos via JSON para Rimadyl
2025-12-21 20:11:11,024 - scraper_base - INFO - ✅ Cobasi: 3 produto(s) encontrado(s) para Rimadyl
2025-12-21 20:11:12,319 - scraper_base - INFO - 📦 [13/20] Processando Onsior
2025-12-21 20:11:12,319 - scraper_base - INFO - 🔍 Cobasi: Buscando Onsior
2025-12-21 20:11:14,367 - scraper_cobasi - INFO - Cobasi: Dados extraídos via JSON para Onsior
2025-12-21 20:11:14,367 - scraper_base - INFO - ✅ Cobasi: 4 produto(s) encontrado(s) para Onsior
2025-12-21 20:11:16,202 - scraper_base - INFO - 📦 [14/20] Processando Maxicam
2025-12-21 20:11:16,202 - scraper_base - INFO - 🔍 Cobasi: Buscando Maxicam
2025-12-21 20:11:16,845 - scraper_cobasi - INFO - Cobasi: Dados extraídos via JSON para Maxicam
2025-12-21 20:11:16,845 - scraper_base - INFO - ✅ Cobasi: 21 produto(s) encontrado(s) para Maxicam
2025-12-21 20:11:19,607 - scraper_base - INFO - 📦 [15/20] Processando Carproflan
2025-12-21 20:11:19,607 - scraper_base - INFO - 🔍 Cobasi: Buscando Carproflan
2025-12-21 20:11:21,303 - scraper_cobasi - INFO - Cobasi: Dados extraídos via JSON para Carproflan
2025-12-21 20:11:21,303 - scraper_base - INFO - ✅ Cobasi: 3 produto(s) encontrado(s) para Carproflan
2025-12-21 20:11:22,641 - scraper_base - INFO - 📦 [16/20] Processando Previcox
2025-12-21 20:11:22,641 - scraper_base - INFO - 🔍 Cobasi: Buscando Previcox
2025-12-21 20:11:23,289 - scraper_cobasi - INFO - Cobasi: Dados extraídos via JSON para Previcox
2025-12-21 20:11:23,290 - scraper_base - INFO - ✅ Cobasi: 2 produto(s) encontrado(s) para Previcox
2025-12-21 20:11:24,391 - scraper_base - INFO - 📦 [17/20] Processando Apoquel
2025-12-21 20:11:24,391 - scraper_base - INFO - 🔍 Cobasi: Buscando Apoquel
2025-12-21 20:11:26,352 - scraper_cobasi - INFO - Cobasi: Dados extraídos via JSON para Apoquel
2025-12-21 20:11:26,352 - scraper_base - INFO - ✅ Cobasi: 3 produto(s) encontrado(s) para Apoquel
2025-12-21 20:11:27,631 - scraper_base - INFO - 📦 [18/20] Processando Zenrelia
2025-12-21 20:11:27,631 - scraper_base - INFO - 🔍 Cobasi: Buscando Zenrelia
2025-12-21 20:11:30,017 - scraper_cobasi - INFO - Cobasi: Dados extraídos via JSON para Zenrelia
2025-12-21 20:11:30,017 - scraper_base - INFO - ✅ Cobasi: 4 produto(s) encontrado(s) para Zenrelia
2025-12-21 20:11:31,657 - scraper_base - INFO - 📦 [19/20] Processando Synulox
2025-12-21 20:11:31,657 - scraper_base - INFO - 🔍 Cobasi: Buscando Synulox
2025-12-21 20:11:33,336 - scraper_cobasi - INFO - Cobasi: Dados extraídos via JSON para Synulox
2025-12-21 20:11:33,337 - scraper_base - INFO - ✅ Cobasi: 2 produto(s) encontrado(s) para Synulox
2025-12-21 20:11:35,385 - scraper_base - INFO - 📦 [20/20] Processando Baytril
2025-12-21 20:11:35,385 - scraper_base - INFO - 🔍 Cobasi: Buscando Baytril
2025-12-21 20:11:36,193 - scraper_cobasi - INFO - Cobasi: Dados extraídos via JSON para Baytril
2025-12-21 20:11:36,194 - scraper_base - INFO - ✅ Cobasi: 4 produto(s) encontrado(s) para Baytril
2025-12-21 20:11:37,869 - scraper_base - INFO - 📊 Cobasi - Estatísticas finais:
2025-12-21 20:11:37,869 - scraper_base - INFO -    • Medicamentos processados: 20
2025-12-21 20:11:37,869 - scraper_base - INFO -    • Produtos encontrados: 167
2025-12-21 20:11:37,869 - scraper_base - INFO -    • Medicamentos sem resultado: 0
2025-12-21 20:11:37,870 - scraper_base - INFO -    • Tempo total: 68.8s
2025-12-21 20:11:37,870 - scraper_base - INFO -    • Tempo médio por medicamento: 3.4s
2025-12-21 20:11:38,030 - gerenciador_arquivos - INFO - Excel salvo: dados_coletados/cobasi_20251221_201137.xlsx (167 produtos)
2025-12-21 20:11:38,030 - gerenciador_principal - INFO - Cobasi: Arquivo individual salvo com sucesso
2025-12-21 20:11:38,030 - gerenciador_principal - INFO - Pausando entre sites...
2025-12-21 20:11:40,030 - gerenciador_principal - INFO - [2/3] Processando Petlove
2025-12-21 20:11:40,030 - scraper_base - INFO - 🚀 Iniciando scraping completo - Petlove
2025-12-21 20:11:40,269 - scraper_base - INFO - 📋 20 medicamentos para processar
2025-12-21 20:11:40,269 - scraper_base - INFO - 📦 [1/20] Processando Simparic
2025-12-21 20:11:40,269 - scraper_base - INFO - 🔍 Petlove: Buscando Simparic
2025-12-21 20:11:47,166 - gerenciador_conexoes - INFO - Chrome inicializado com otimizacoes de velocidade
2025-12-21 20:11:49,820 - scraper_base - INFO - ✅ Petlove: 15 produto(s) encontrado(s) para Simparic
2025-12-21 20:11:52,110 - scraper_base - INFO - 📦 [2/20] Processando Revolution
2025-12-21 20:11:52,110 - scraper_base - INFO - 🔍 Petlove: Buscando Revolution
2025-12-21 20:11:53,686 - scraper_base - INFO - ✅ Petlove: 14 produto(s) encontrado(s) para Revolution
2025-12-21 20:11:56,427 - scraper_base - INFO - 📦 [3/20] Processando NexGard
2025-12-21 20:11:56,427 - scraper_base - INFO - 🔍 Petlove: Buscando NexGard
2025-12-21 20:11:57,938 - scraper_base - INFO - ✅ Petlove: 11 produto(s) encontrado(s) para NexGard
2025-12-21 20:12:00,394 - scraper_base - INFO - 📦 [4/20] Processando NexGard Spectra
2025-12-21 20:12:00,394 - scraper_base - INFO - 🔍 Petlove: Buscando NexGard Spectra
2025-12-21 20:12:01,541 - scraper_base - INFO - ✅ Petlove: 5 produto(s) encontrado(s) para NexGard Spectra
2025-12-21 20:12:04,022 - scraper_base - INFO - 📦 [5/20] Processando NexGard Combo
2025-12-21 20:12:04,022 - scraper_base - INFO - 🔍 Petlove: Buscando NexGard Combo
2025-12-21 20:12:05,297 - scraper_base - INFO - ✅ Petlove: 2 produto(s) encontrado(s) para NexGard Combo
2025-12-21 20:12:07,880 - scraper_base - INFO - 📦 [6/20] Processando Bravecto
2025-12-21 20:12:07,880 - scraper_base - INFO - 🔍 Petlove: Buscando Bravecto
2025-12-21 20:12:09,759 - scraper_base - INFO - ✅ Petlove: 23 produto(s) encontrado(s) para Bravecto
2025-12-21 20:12:12,473 - scraper_base - INFO - 📦 [7/20] Processando Frontline
2025-12-21 20:12:12,473 - scraper_base - INFO - 🔍 Petlove: Buscando Frontline
2025-12-21 20:12:14,037 - scraper_base - INFO - ✅ Petlove: 11 produto(s) encontrado(s) para Frontline
2025-12-21 20:12:15,488 - scraper_base - INFO - 📦 [8/20] Processando Advocate
2025-12-21 20:12:15,488 - scraper_base - INFO - 🔍 Petlove: Buscando Advocate
2025-12-21 20:12:19,619 - scraper_base - INFO - ✅ Petlove: 10 produto(s) encontrado(s) para Advocate
2025-12-21 20:12:21,467 - scraper_base - INFO - 📦 [9/20] Processando Drontal
2025-12-21 20:12:21,467 - scraper_base - INFO - 🔍 Petlove: Buscando Drontal
2025-12-21 20:12:22,847 - scraper_base - INFO - ✅ Petlove: 19 produto(s) encontrado(s) para Drontal
2025-12-21 20:12:24,330 - scraper_base - INFO - 📦 [10/20] Processando Milbemax
2025-12-21 20:12:24,330 - scraper_base - INFO - 🔍 Petlove: Buscando Milbemax
2025-12-21 20:12:25,862 - scraper_base - INFO - ✅ Petlove: 4 produto(s) encontrado(s) para Milbemax
2025-12-21 20:12:27,751 - scraper_base - INFO - 📦 [11/20] Processando Vermivet
2025-12-21 20:12:27,751 - scraper_base - INFO - 🔍 Petlove: Buscando Vermivet
2025-12-21 20:12:29,426 - scraper_base - INFO - ✅ Petlove: 36 produto(s) encontrado(s) para Vermivet
2025-12-21 20:12:31,194 - scraper_base - INFO - 📦 [12/20] Processando Rimadyl
2025-12-21 20:12:31,194 - scraper_base - INFO - 🔍 Petlove: Buscando Rimadyl
2025-12-21 20:12:32,411 - scraper_base - INFO - ✅ Petlove: 1 produto(s) encontrado(s) para Rimadyl
2025-12-21 20:12:33,698 - scraper_base - INFO - 📦 [13/20] Processando Onsior
2025-12-21 20:12:33,698 - scraper_base - INFO - 🔍 Petlove: Buscando Onsior
2025-12-21 20:12:35,783 - scraper_base - INFO - ✅ Petlove: 4 produto(s) encontrado(s) para Onsior
2025-12-21 20:12:36,931 - scraper_base - INFO - 📦 [14/20] Processando Maxicam
2025-12-21 20:12:36,931 - scraper_base - INFO - 🔍 Petlove: Buscando Maxicam
2025-12-21 20:12:38,335 - scraper_base - INFO - ✅ Petlove: 4 produto(s) encontrado(s) para Maxicam
2025-12-21 20:12:39,908 - scraper_base - INFO - 📦 [15/20] Processando Carproflan
2025-12-21 20:12:39,908 - scraper_base - INFO - 🔍 Petlove: Buscando Carproflan
2025-12-21 20:12:41,307 - scraper_base - INFO - ✅ Petlove: 4 produto(s) encontrado(s) para Carproflan
2025-12-21 20:12:42,660 - scraper_base - INFO - 📦 [16/20] Processando Previcox
2025-12-21 20:12:42,660 - scraper_base - INFO - 🔍 Petlove: Buscando Previcox
2025-12-21 20:12:44,007 - scraper_base - INFO - ✅ Petlove: 4 produto(s) encontrado(s) para Previcox
2025-12-21 20:12:46,931 - scraper_base - INFO - 📦 [17/20] Processando Apoquel
2025-12-21 20:12:46,932 - scraper_base - INFO - 🔍 Petlove: Buscando Apoquel
2025-12-21 20:12:48,120 - scraper_base - INFO - ✅ Petlove: 16 produto(s) encontrado(s) para Apoquel
2025-12-21 20:12:50,772 - scraper_base - INFO - 📦 [18/20] Processando Zenrelia
2025-12-21 20:12:50,772 - scraper_base - INFO - 🔍 Petlove: Buscando Zenrelia
2025-12-21 20:12:51,944 - scraper_base - INFO - ✅ Petlove: 4 produto(s) encontrado(s) para Zenrelia
2025-12-21 20:12:53,830 - scraper_base - INFO - 📦 [19/20] Processando Synulox
2025-12-21 20:12:53,830 - scraper_base - INFO - 🔍 Petlove: Buscando Synulox
2025-12-21 20:12:55,377 - scraper_base - INFO - ✅ Petlove: 1 produto(s) encontrado(s) para Synulox
2025-12-21 20:12:57,753 - scraper_base - INFO - 📦 [20/20] Processando Baytril
2025-12-21 20:12:57,753 - scraper_base - INFO - 🔍 Petlove: Buscando Baytril
2025-12-21 20:12:59,373 - scraper_base - INFO - ✅ Petlove: 4 produto(s) encontrado(s) para Baytril
2025-12-21 20:13:02,047 - scraper_base - INFO - 📊 Petlove - Estatísticas finais:
2025-12-21 20:13:02,048 - scraper_base - INFO -    • Medicamentos processados: 20
2025-12-21 20:13:02,048 - scraper_base - INFO -    • Produtos encontrados: 192
2025-12-21 20:13:02,048 - scraper_base - INFO -    • Medicamentos sem resultado: 0
2025-12-21 20:13:02,048 - scraper_base - INFO -    • Tempo total: 82.0s
2025-12-21 20:13:02,048 - scraper_base - INFO -    • Tempo médio por medicamento: 4.1s
2025-12-21 20:13:02,085 - gerenciador_arquivos - INFO - Excel salvo: dados_coletados/petlove_20251221_201302.xlsx (192 produtos)
2025-12-21 20:13:02,086 - gerenciador_principal - INFO - Petlove: Arquivo individual salvo com sucesso
2025-12-21 20:13:02,086 - gerenciador_principal - INFO - Pausando entre sites...
2025-12-21 20:13:04,086 - gerenciador_principal - INFO - [3/3] Processando Petz
2025-12-21 20:13:04,086 - scraper_base - INFO - 🚀 Iniciando scraping completo - Petz
2025-12-21 20:13:04,330 - scraper_base - INFO - 📋 20 medicamentos para processar
2025-12-21 20:13:04,330 - scraper_base - INFO - 📦 [1/20] Processando Simparic
2025-12-21 20:13:04,330 - scraper_base - INFO - 🔍 Petz: Buscando Simparic
2025-12-21 20:13:08,739 - scraper_base - INFO - ✅ Petz: 12 produto(s) encontrado(s) para Simparic
2025-12-21 20:13:11,284 - scraper_base - INFO - 📦 [2/20] Processando Revolution
2025-12-21 20:13:11,284 - scraper_base - INFO - 🔍 Petz: Buscando Revolution
2025-12-21 20:13:14,710 - scraper_base - INFO - ✅ Petz: 26 produto(s) encontrado(s) para Revolution
2025-12-21 20:13:17,061 - scraper_base - INFO - 📦 [3/20] Processando NexGard
2025-12-21 20:13:17,061 - scraper_base - INFO - 🔍 Petz: Buscando NexGard
2025-12-21 20:13:19,578 - scraper_base - INFO - ✅ Petz: 22 produto(s) encontrado(s) para NexGard
2025-12-21 20:13:22,289 - scraper_base - INFO - 📦 [4/20] Processando NexGard Spectra
2025-12-21 20:13:22,290 - scraper_base - INFO - 🔍 Petz: Buscando NexGard Spectra
2025-12-21 20:13:24,541 - scraper_base - INFO - ✅ Petz: 10 produto(s) encontrado(s) para NexGard Spectra
2025-12-21 20:13:26,721 - scraper_base - INFO - 📦 [5/20] Processando NexGard Combo
2025-12-21 20:13:26,722 - scraper_base - INFO - 🔍 Petz: Buscando NexGard Combo
2025-12-21 20:13:29,264 - scraper_base - INFO - ✅ Petz: 4 produto(s) encontrado(s) para NexGard Combo
2025-12-21 20:13:30,343 - scraper_base - INFO - 📦 [6/20] Processando Bravecto
2025-12-21 20:13:30,343 - scraper_base - INFO - 🔍 Petz: Buscando Bravecto
2025-12-21 20:13:32,513 - scraper_base - INFO - ✅ Petz: 16 produto(s) encontrado(s) para Bravecto
2025-12-21 20:13:34,723 - scraper_base - INFO - 📦 [7/20] Processando Frontline
2025-12-21 20:13:34,724 - scraper_base - INFO - 🔍 Petz: Buscando Frontline
2025-12-21 20:13:36,764 - scraper_base - INFO - ✅ Petz: 11 produto(s) encontrado(s) para Frontline
2025-12-21 20:13:38,312 - scraper_base - INFO - 📦 [8/20] Processando Advocate
2025-12-21 20:13:38,312 - scraper_base - INFO - 🔍 Petz: Buscando Advocate
2025-12-21 20:13:40,790 - scraper_base - INFO - ✅ Petz: 12 produto(s) encontrado(s) para Advocate
2025-12-21 20:13:42,374 - scraper_base - INFO - 📦 [9/20] Processando Drontal
2025-12-21 20:13:42,374 - scraper_base - INFO - 🔍 Petz: Buscando Drontal
2025-12-21 20:13:45,215 - scraper_base - INFO - ✅ Petz: 28 produto(s) encontrado(s) para Drontal
2025-12-21 20:13:48,108 - scraper_base - INFO - 📦 [10/20] Processando Milbemax
2025-12-21 20:13:48,108 - scraper_base - INFO - 🔍 Petz: Buscando Milbemax
2025-12-21 20:13:50,213 - scraper_base - INFO - ✅ Petz: 4 produto(s) encontrado(s) para Milbemax
2025-12-21 20:13:51,339 - scraper_base - INFO - 📦 [11/20] Processando Vermivet
2025-12-21 20:13:51,339 - scraper_base - INFO - 🔍 Petz: Buscando Vermivet
2025-12-21 20:13:53,156 - scraper_base - INFO - ✅ Petz: 5 produto(s) encontrado(s) para Vermivet
2025-12-21 20:13:54,240 - scraper_base - INFO - 📦 [12/20] Processando Rimadyl
2025-12-21 20:13:54,240 - scraper_base - INFO - 🔍 Petz: Buscando Rimadyl
2025-12-21 20:13:56,084 - scraper_base - INFO - ✅ Petz: 3 produto(s) encontrado(s) para Rimadyl
2025-12-21 20:13:58,168 - scraper_base - INFO - 📦 [13/20] Processando Onsior
2025-12-21 20:13:58,168 - scraper_base - INFO - 🔍 Petz: Buscando Onsior
2025-12-21 20:13:59,704 - scraper_base - INFO - ✅ Petz: 4 produto(s) encontrado(s) para Onsior
2025-12-21 20:14:02,647 - scraper_base - INFO - 📦 [14/20] Processando Maxicam
2025-12-21 20:14:02,647 - scraper_base - INFO - 🔍 Petz: Buscando Maxicam
2025-12-21 20:14:05,134 - scraper_base - INFO - ✅ Petz: 31 produto(s) encontrado(s) para Maxicam
2025-12-21 20:14:06,939 - scraper_base - INFO - 📦 [15/20] Processando Carproflan
2025-12-21 20:14:06,939 - scraper_base - INFO - 🔍 Petz: Buscando Carproflan
2025-12-21 20:14:08,967 - scraper_base - INFO - ✅ Petz: 3 produto(s) encontrado(s) para Carproflan
2025-12-21 20:14:11,921 - scraper_base - INFO - 📦 [16/20] Processando Previcox
2025-12-21 20:14:11,921 - scraper_base - INFO - 🔍 Petz: Buscando Previcox
2025-12-21 20:14:13,691 - scraper_base - INFO - ✅ Petz: 2 produto(s) encontrado(s) para Previcox
2025-12-21 20:14:15,454 - scraper_base - INFO - 📦 [17/20] Processando Apoquel
2025-12-21 20:14:15,454 - scraper_base - INFO - 🔍 Petz: Buscando Apoquel
2025-12-21 20:14:17,248 - scraper_base - INFO - ✅ Petz: 3 produto(s) encontrado(s) para Apoquel
2025-12-21 20:14:19,304 - scraper_base - INFO - 📦 [18/20] Processando Zenrelia
2025-12-21 20:14:19,304 - scraper_base - INFO - 🔍 Petz: Buscando Zenrelia
2025-12-21 20:14:21,232 - scraper_base - INFO - ✅ Petz: 4 produto(s) encontrado(s) para Zenrelia
2025-12-21 20:14:22,927 - scraper_base - INFO - 📦 [19/20] Processando Synulox
2025-12-21 20:14:22,928 - scraper_base - INFO - 🔍 Petz: Buscando Synulox
2025-12-21 20:14:24,675 - scraper_base - INFO - ✅ Petz: 2 produto(s) encontrado(s) para Synulox
2025-12-21 20:14:27,097 - scraper_base - INFO - 📦 [20/20] Processando Baytril
2025-12-21 20:14:27,098 - scraper_base - INFO - 🔍 Petz: Buscando Baytril
2025-12-21 20:14:29,137 - scraper_base - INFO - ✅ Petz: 10 produto(s) encontrado(s) para Baytril
2025-12-21 20:14:31,964 - scraper_base - INFO - 📊 Petz - Estatísticas finais:
2025-12-21 20:14:31,964 - scraper_base - INFO -    • Medicamentos processados: 20
2025-12-21 20:14:31,964 - scraper_base - INFO -    • Produtos encontrados: 212
2025-12-21 20:14:31,964 - scraper_base - INFO -    • Medicamentos sem resultado: 0
2025-12-21 20:14:31,964 - scraper_base - INFO -    • Tempo total: 87.9s
2025-12-21 20:14:31,964 - scraper_base - INFO -    • Tempo médio por medicamento: 4.4s
2025-12-21 20:14:32,008 - gerenciador_arquivos - INFO - Excel salvo: dados_coletados/petz_20251221_201431.xlsx (212 produtos)
2025-12-21 20:14:32,008 - gerenciador_principal - INFO - Petz: Arquivo individual salvo com sucesso
2025-12-21 20:14:32,008 - gerenciador_principal - INFO - Gerando relatório consolidado...
2025-12-21 20:14:32,273 - gerenciador_arquivos - INFO - Relatório consolidado salvo: dados_relatorios/relatorio_consolidado_20251221_201432.xlsx
2025-12-21 20:14:32,407 - gerenciador_conexoes - INFO - Chrome fechado
2025-12-21 20:14:32,407 - gerenciador_conexoes - INFO - Métodos utilizados - Requests: 33.3%, Selenium: 66.7%, Falhas: 0.0%
2025-12-21 20:14:32,407 - gerenciador_principal - INFO - ============================================================
2025-12-21 20:14:32,407 - gerenciador_principal - INFO - RELATORIO FINAL DE EXECUÇÃO
2025-12-21 20:14:32,407 - gerenciador_principal - INFO - ============================================================
2025-12-21 20:14:32,407 - gerenciador_principal - INFO - Sites processados: 3
2025-12-21 20:14:32,407 - gerenciador_principal - INFO - Sites com sucesso: 3
2025-12-21 20:14:32,407 - gerenciador_principal - INFO - Total de produtos coletados: 571
2025-12-21 20:14:32,407 - gerenciador_principal - INFO - Tempo total de execução: 243.0 segundos
2025-12-21 20:14:32,407 - gerenciador_principal - INFO - Estatísticas de conexão:
2025-12-21 20:14:32,407 - gerenciador_principal - INFO -   - Requests bem-sucedidos: 33.3%
2025-12-21 20:14:32,407 - gerenciador_principal - INFO -   - Selenium fallback: 66.7%
2025-12-21 20:14:32,408 - gerenciador_principal - INFO -   - Falhas totais: 0.0%
2025-12-21 20:14:32,409 - gerenciador_principal - INFO - Arquivos salvos na pasta: dados_coletados
2025-12-21 20:14:32,409 - gerenciador_principal - INFO - Total de arquivos: 239
2025-12-21 20:14:32,409 - gerenciador_principal - INFO - ============================================================
