2026-01-01 20:11:29,598 - configurador_logs - INFO - Sistema de logs configurado com sucesso
2026-01-01 20:11:29,598 - configurador_logs - INFO - 🚀 Logs configurados para MODO PRODUÇÃO
2026-01-01 20:11:29,598 - gerenciador_principal - INFO - Inicializando sistema - Modo: PRODUCAO
2026-01-01 20:11:29,599 - gerenciador_arquivos - INFO - Pasta dados_coletados preparada
2026-01-01 20:11:29,599 - gerenciador_principal - INFO - Sistema inicializado com 3 scrapers
2026-01-01 20:11:29,599 - gerenciador_principal - INFO - ============================================================
2026-01-01 20:11:29,599 - gerenciador_principal - INFO - INICIANDO SCRAPING COMPLETO - PRODUCAO
2026-01-01 20:11:29,599 - gerenciador_principal - INFO - ============================================================
2026-01-01 20:11:29,599 - gerenciador_principal - INFO - [1/3] Processando Cobasi
2026-01-01 20:11:29,599 - scraper_base - INFO - 🚀 Iniciando scraping completo - Cobasi
2026-01-01 20:11:29,903 - gerenciador_conexoes - INFO - Sessao estabelecida com cobasi.com.br
2026-01-01 20:11:29,903 - scraper_base - INFO - 📋 20 medicamentos para processar
2026-01-01 20:11:29,903 - scraper_base - INFO - 📦 [1/20] Processando Simparic
2026-01-01 20:11:29,903 - scraper_base - INFO - 🔍 Cobasi: Buscando Simparic
2026-01-01 20:11:32,361 - scraper_cobasi - INFO - Cobasi: Dados extraídos via JSON para Simparic
2026-01-01 20:11:32,361 - scraper_base - INFO - ✅ Cobasi: 12 produto(s) encontrado(s) para Simparic
2026-01-01 20:11:33,836 - scraper_base - INFO - 📦 [2/20] Processando Revolution
2026-01-01 20:11:33,836 - scraper_base - INFO - 🔍 Cobasi: Buscando Revolution
2026-01-01 20:11:36,255 - scraper_cobasi - INFO - Cobasi: Dados extraídos via JSON para Revolution
2026-01-01 20:11:36,255 - scraper_base - INFO - ✅ Cobasi: 18 produto(s) encontrado(s) para Revolution
2026-01-01 20:11:38,069 - scraper_base - INFO - 📦 [3/20] Processando NexGard
2026-01-01 20:11:38,069 - scraper_base - INFO - 🔍 Cobasi: Buscando NexGard
2026-01-01 20:11:38,556 - scraper_cobasi - INFO - Cobasi: Dados extraídos via JSON para NexGard
2026-01-01 20:11:38,556 - scraper_base - INFO - ✅ Cobasi: 22 produto(s) encontrado(s) para NexGard
2026-01-01 20:11:40,744 - scraper_base - INFO - 📦 [4/20] Processando NexGard Spectra
2026-01-01 20:11:40,744 - scraper_base - INFO - 🔍 Cobasi: Buscando NexGard Spectra
2026-01-01 20:11:43,470 - scraper_cobasi - INFO - Cobasi: Dados extraídos via JSON para NexGard Spectra
2026-01-01 20:11:43,470 - scraper_base - INFO - ✅ Cobasi: 10 produto(s) encontrado(s) para NexGard Spectra
2026-01-01 20:11:44,684 - scraper_base - INFO - 📦 [5/20] Processando NexGard Combo
2026-01-01 20:11:44,684 - scraper_base - INFO - 🔍 Cobasi: Buscando NexGard Combo
2026-01-01 20:11:46,341 - scraper_cobasi - INFO - Cobasi: Dados extraídos via JSON para NexGard Combo
2026-01-01 20:11:46,341 - scraper_base - INFO - ✅ Cobasi: 4 produto(s) encontrado(s) para NexGard Combo
2026-01-01 20:11:48,826 - scraper_base - INFO - 📦 [6/20] Processando Bravecto
2026-01-01 20:11:48,827 - scraper_base - INFO - 🔍 Cobasi: Buscando Bravecto
2026-01-01 20:11:51,543 - scraper_cobasi - INFO - Cobasi: Dados extraídos via JSON para Bravecto
2026-01-01 20:11:51,544 - scraper_base - INFO - ✅ Cobasi: 16 produto(s) encontrado(s) para Bravecto
2026-01-01 20:11:52,577 - scraper_base - INFO - 📦 [7/20] Processando Frontline
2026-01-01 20:11:52,577 - scraper_base - INFO - 🔍 Cobasi: Buscando Frontline
2026-01-01 20:11:55,304 - scraper_cobasi - INFO - Cobasi: Dados extraídos via JSON para Frontline
2026-01-01 20:11:55,304 - scraper_base - INFO - ✅ Cobasi: 10 produto(s) encontrado(s) para Frontline
2026-01-01 20:11:56,942 - scraper_base - INFO - 📦 [8/20] Processando Advocate
2026-01-01 20:11:56,942 - scraper_base - INFO - 🔍 Cobasi: Buscando Advocate
2026-01-01 20:11:59,429 - scraper_cobasi - INFO - Cobasi: Dados extraídos via JSON para Advocate
2026-01-01 20:11:59,429 - scraper_base - INFO - ✅ Cobasi: 12 produto(s) encontrado(s) para Advocate
2026-01-01 20:12:00,432 - scraper_base - INFO - 📦 [9/20] Processando Drontal
2026-01-01 20:12:00,432 - scraper_base - INFO - 🔍 Cobasi: Buscando Drontal
2026-01-01 20:12:02,454 - scraper_cobasi - INFO - Cobasi: Dados extraídos via JSON para Drontal
2026-01-01 20:12:02,454 - scraper_base - INFO - ✅ Cobasi: 8 produto(s) encontrado(s) para Drontal
2026-01-01 20:12:03,685 - scraper_base - INFO - 📦 [10/20] Processando Milbemax
2026-01-01 20:12:03,685 - scraper_base - INFO - 🔍 Cobasi: Buscando Milbemax
2026-01-01 20:12:05,438 - scraper_cobasi - INFO - Cobasi: Dados extraídos via JSON para Milbemax
2026-01-01 20:12:05,438 - scraper_base - INFO - ✅ Cobasi: 4 produto(s) encontrado(s) para Milbemax
2026-01-01 20:12:08,272 - scraper_base - INFO - 📦 [11/20] Processando Vermivet
2026-01-01 20:12:08,273 - scraper_base - INFO - 🔍 Cobasi: Buscando Vermivet
2026-01-01 20:12:10,472 - scraper_cobasi - INFO - Cobasi: Dados extraídos via JSON para Vermivet
2026-01-01 20:12:10,472 - scraper_base - INFO - ✅ Cobasi: 5 produto(s) encontrado(s) para Vermivet
2026-01-01 20:12:12,732 - scraper_base - INFO - 📦 [12/20] Processando Rimadyl
2026-01-01 20:12:12,732 - scraper_base - INFO - 🔍 Cobasi: Buscando Rimadyl
2026-01-01 20:12:14,393 - scraper_cobasi - INFO - Cobasi: Dados extraídos via JSON para Rimadyl
2026-01-01 20:12:14,393 - scraper_base - INFO - ✅ Cobasi: 3 produto(s) encontrado(s) para Rimadyl
2026-01-01 20:12:16,388 - scraper_base - INFO - 📦 [13/20] Processando Onsior
2026-01-01 20:12:16,388 - scraper_base - INFO - 🔍 Cobasi: Buscando Onsior
2026-01-01 20:12:18,510 - scraper_cobasi - INFO - Cobasi: Dados extraídos via JSON para Onsior
2026-01-01 20:12:18,510 - scraper_base - INFO - ✅ Cobasi: 4 produto(s) encontrado(s) para Onsior
2026-01-01 20:12:20,747 - scraper_base - INFO - 📦 [14/20] Processando Maxicam
2026-01-01 20:12:20,747 - scraper_base - INFO - 🔍 Cobasi: Buscando Maxicam
2026-01-01 20:12:23,131 - scraper_cobasi - INFO - Cobasi: Dados extraídos via JSON para Maxicam
2026-01-01 20:12:23,131 - scraper_base - INFO - ✅ Cobasi: 21 produto(s) encontrado(s) para Maxicam
2026-01-01 20:12:24,611 - scraper_base - INFO - 📦 [15/20] Processando Carproflan
2026-01-01 20:12:24,611 - scraper_base - INFO - 🔍 Cobasi: Buscando Carproflan
2026-01-01 20:12:25,040 - scraper_cobasi - INFO - Cobasi: Dados extraídos via JSON para Carproflan
2026-01-01 20:12:25,040 - scraper_base - INFO - ✅ Cobasi: 3 produto(s) encontrado(s) para Carproflan
2026-01-01 20:12:26,978 - scraper_base - INFO - 📦 [16/20] Processando Previcox
2026-01-01 20:12:26,978 - scraper_base - INFO - 🔍 Cobasi: Buscando Previcox
2026-01-01 20:12:28,683 - scraper_cobasi - INFO - Cobasi: Dados extraídos via JSON para Previcox
2026-01-01 20:12:28,683 - scraper_base - INFO - ✅ Cobasi: 2 produto(s) encontrado(s) para Previcox
2026-01-01 20:12:30,059 - scraper_base - INFO - 📦 [17/20] Processando Apoquel
2026-01-01 20:12:30,059 - scraper_base - INFO - 🔍 Cobasi: Buscando Apoquel
2026-01-01 20:12:32,045 - scraper_cobasi - INFO - Cobasi: Dados extraídos via JSON para Apoquel
2026-01-01 20:12:32,045 - scraper_base - INFO - ✅ Cobasi: 3 produto(s) encontrado(s) para Apoquel
2026-01-01 20:12:33,748 - scraper_base - INFO - 📦 [18/20] Processando Zenrelia
2026-01-01 20:12:33,748 - scraper_base - INFO - 🔍 Cobasi: Buscando Zenrelia
2026-01-01 20:12:36,093 - scraper_cobasi - INFO - Cobasi: Dados extraídos via JSON para Zenrelia
2026-01-01 20:12:36,094 - scraper_base - INFO - ✅ Cobasi: 4 produto(s) encontrado(s) para Zenrelia
2026-01-01 20:12:37,802 - scraper_base - INFO - 📦 [19/20] Processando Synulox
2026-01-01 20:12:37,802 - scraper_base - INFO - 🔍 Cobasi: Buscando Synulox
2026-01-01 20:12:40,257 - scraper_cobasi - INFO - Cobasi: Dados extraídos via JSON para Synulox
2026-01-01 20:12:40,258 - scraper_base - INFO - ✅ Cobasi: 2 produto(s) encontrado(s) para Synulox
2026-01-01 20:12:42,429 - scraper_base - INFO - 📦 [20/20] Processando Baytril
2026-01-01 20:12:42,429 - scraper_base - INFO - 🔍 Cobasi: Buscando Baytril
2026-01-01 20:12:44,486 - scraper_cobasi - INFO - Cobasi: Dados extraídos via JSON para Baytril
2026-01-01 20:12:44,486 - scraper_base - INFO - ✅ Cobasi: 4 produto(s) encontrado(s) para Baytril
2026-01-01 20:12:46,720 - scraper_base - INFO - 📊 Cobasi - Estatísticas finais:
2026-01-01 20:12:46,720 - scraper_base - INFO -    • Medicamentos processados: 20
2026-01-01 20:12:46,720 - scraper_base - INFO -    • Produtos encontrados: 167
2026-01-01 20:12:46,720 - scraper_base - INFO -    • Medicamentos sem resultado: 0
2026-01-01 20:12:46,720 - scraper_base - INFO -    • Tempo total: 77.1s
2026-01-01 20:12:46,720 - scraper_base - INFO -    • Tempo médio por medicamento: 3.9s
2026-01-01 20:12:46,869 - gerenciador_arquivos - INFO - Excel salvo: dados_coletados/cobasi_20260101_201246.xlsx (167 produtos)
2026-01-01 20:12:46,869 - gerenciador_principal - INFO - Cobasi: Arquivo individual salvo com sucesso
2026-01-01 20:12:46,869 - gerenciador_principal - INFO - Pausando entre sites...
2026-01-01 20:12:48,869 - gerenciador_principal - INFO - [2/3] Processando Petlove
2026-01-01 20:12:48,870 - scraper_base - INFO - 🚀 Iniciando scraping completo - Petlove
2026-01-01 20:12:49,141 - scraper_base - INFO - 📋 20 medicamentos para processar
2026-01-01 20:12:49,142 - scraper_base - INFO - 📦 [1/20] Processando Simparic
2026-01-01 20:12:49,142 - scraper_base - INFO - 🔍 Petlove: Buscando Simparic
2026-01-01 20:12:50,423 - gerenciador_conexoes - INFO - Chrome inicializado com otimizacoes de velocidade
2026-01-01 20:12:52,793 - scraper_base - INFO - ✅ Petlove: 15 produto(s) encontrado(s) para Simparic
2026-01-01 20:12:54,688 - scraper_base - INFO - 📦 [2/20] Processando Revolution
2026-01-01 20:12:54,688 - scraper_base - INFO - 🔍 Petlove: Buscando Revolution
2026-01-01 20:12:56,252 - scraper_base - INFO - ✅ Petlove: 14 produto(s) encontrado(s) para Revolution
2026-01-01 20:12:58,514 - scraper_base - INFO - 📦 [3/20] Processando NexGard
2026-01-01 20:12:58,514 - scraper_base - INFO - 🔍 Petlove: Buscando NexGard
2026-01-01 20:13:00,760 - scraper_base - INFO - ✅ Petlove: 11 produto(s) encontrado(s) para NexGard
2026-01-01 20:13:02,430 - scraper_base - INFO - 📦 [4/20] Processando NexGard Spectra
2026-01-01 20:13:02,430 - scraper_base - INFO - 🔍 Petlove: Buscando NexGard Spectra
2026-01-01 20:13:04,220 - scraper_base - INFO - ✅ Petlove: 5 produto(s) encontrado(s) para NexGard Spectra
2026-01-01 20:13:06,353 - scraper_base - INFO - 📦 [5/20] Processando NexGard Combo
2026-01-01 20:13:06,353 - scraper_base - INFO - 🔍 Petlove: Buscando NexGard Combo
2026-01-01 20:13:07,582 - scraper_base - INFO - ✅ Petlove: 2 produto(s) encontrado(s) para NexGard Combo
2026-01-01 20:13:09,777 - scraper_base - INFO - 📦 [6/20] Processando Bravecto
2026-01-01 20:13:09,777 - scraper_base - INFO - 🔍 Petlove: Buscando Bravecto
2026-01-01 20:13:11,470 - scraper_base - INFO - ✅ Petlove: 23 produto(s) encontrado(s) para Bravecto
2026-01-01 20:13:12,513 - scraper_base - INFO - 📦 [7/20] Processando Frontline
2026-01-01 20:13:12,513 - scraper_base - INFO - 🔍 Petlove: Buscando Frontline
2026-01-01 20:13:14,659 - scraper_base - INFO - ✅ Petlove: 11 produto(s) encontrado(s) para Frontline
2026-01-01 20:13:17,302 - scraper_base - INFO - 📦 [8/20] Processando Advocate
2026-01-01 20:13:17,302 - scraper_base - INFO - 🔍 Petlove: Buscando Advocate
2026-01-01 20:13:19,160 - scraper_base - INFO - ✅ Petlove: 9 produto(s) encontrado(s) para Advocate
2026-01-01 20:13:21,299 - scraper_base - INFO - 📦 [9/20] Processando Drontal
2026-01-01 20:13:21,300 - scraper_base - INFO - 🔍 Petlove: Buscando Drontal
2026-01-01 20:13:22,773 - scraper_base - INFO - ✅ Petlove: 18 produto(s) encontrado(s) para Drontal
2026-01-01 20:13:24,866 - scraper_base - INFO - 📦 [10/20] Processando Milbemax
2026-01-01 20:13:24,866 - scraper_base - INFO - 🔍 Petlove: Buscando Milbemax
2026-01-01 20:13:26,312 - scraper_base - INFO - ✅ Petlove: 4 produto(s) encontrado(s) para Milbemax
2026-01-01 20:13:28,301 - scraper_base - INFO - 📦 [11/20] Processando Vermivet
2026-01-01 20:13:28,302 - scraper_base - INFO - 🔍 Petlove: Buscando Vermivet
2026-01-01 20:13:30,112 - scraper_base - INFO - ✅ Petlove: 36 produto(s) encontrado(s) para Vermivet
2026-01-01 20:13:32,249 - scraper_base - INFO - 📦 [12/20] Processando Rimadyl
2026-01-01 20:13:32,249 - scraper_base - INFO - 🔍 Petlove: Buscando Rimadyl
2026-01-01 20:13:33,946 - scraper_base - INFO - ✅ Petlove: 1 produto(s) encontrado(s) para Rimadyl
2026-01-01 20:13:35,966 - scraper_base - INFO - 📦 [13/20] Processando Onsior
2026-01-01 20:13:35,966 - scraper_base - INFO - 🔍 Petlove: Buscando Onsior
2026-01-01 20:13:37,404 - scraper_base - INFO - ✅ Petlove: 4 produto(s) encontrado(s) para Onsior
2026-01-01 20:13:38,795 - scraper_base - INFO - 📦 [14/20] Processando Maxicam
2026-01-01 20:13:38,795 - scraper_base - INFO - 🔍 Petlove: Buscando Maxicam
2026-01-01 20:13:40,625 - scraper_base - INFO - ✅ Petlove: 4 produto(s) encontrado(s) para Maxicam
2026-01-01 20:13:43,044 - scraper_base - INFO - 📦 [15/20] Processando Carproflan
2026-01-01 20:13:43,044 - scraper_base - INFO - 🔍 Petlove: Buscando Carproflan
2026-01-01 20:13:44,453 - scraper_base - INFO - ✅ Petlove: 4 produto(s) encontrado(s) para Carproflan
2026-01-01 20:13:45,608 - scraper_base - INFO - 📦 [16/20] Processando Previcox
2026-01-01 20:13:45,608 - scraper_base - INFO - 🔍 Petlove: Buscando Previcox
2026-01-01 20:13:46,962 - scraper_base - INFO - ✅ Petlove: 4 produto(s) encontrado(s) para Previcox
2026-01-01 20:13:48,945 - scraper_base - INFO - 📦 [17/20] Processando Apoquel
2026-01-01 20:13:48,946 - scraper_base - INFO - 🔍 Petlove: Buscando Apoquel
2026-01-01 20:13:50,797 - scraper_base - INFO - ✅ Petlove: 16 produto(s) encontrado(s) para Apoquel
2026-01-01 20:13:53,187 - scraper_base - INFO - 📦 [18/20] Processando Zenrelia
2026-01-01 20:13:53,187 - scraper_base - INFO - 🔍 Petlove: Buscando Zenrelia
2026-01-01 20:13:54,589 - scraper_base - INFO - ✅ Petlove: 4 produto(s) encontrado(s) para Zenrelia
2026-01-01 20:13:56,789 - scraper_base - INFO - 📦 [19/20] Processando Synulox
2026-01-01 20:13:56,789 - scraper_base - INFO - 🔍 Petlove: Buscando Synulox
2026-01-01 20:13:58,548 - scraper_base - INFO - ✅ Petlove: 1 produto(s) encontrado(s) para Synulox
2026-01-01 20:14:00,754 - scraper_base - INFO - 📦 [20/20] Processando Baytril
2026-01-01 20:14:00,754 - scraper_base - INFO - 🔍 Petlove: Buscando Baytril
2026-01-01 20:14:02,361 - scraper_base - INFO - ✅ Petlove: 4 produto(s) encontrado(s) para Baytril
2026-01-01 20:14:04,584 - scraper_base - INFO - 📊 Petlove - Estatísticas finais:
2026-01-01 20:14:04,585 - scraper_base - INFO -    • Medicamentos processados: 20
2026-01-01 20:14:04,585 - scraper_base - INFO -    • Produtos encontrados: 190
2026-01-01 20:14:04,585 - scraper_base - INFO -    • Medicamentos sem resultado: 0
2026-01-01 20:14:04,585 - scraper_base - INFO -    • Tempo total: 75.7s
2026-01-01 20:14:04,585 - scraper_base - INFO -    • Tempo médio por medicamento: 3.8s
2026-01-01 20:14:04,622 - gerenciador_arquivos - INFO - Excel salvo: dados_coletados/petlove_20260101_201404.xlsx (190 produtos)
2026-01-01 20:14:04,622 - gerenciador_principal - INFO - Petlove: Arquivo individual salvo com sucesso
2026-01-01 20:14:04,622 - gerenciador_principal - INFO - Pausando entre sites...
2026-01-01 20:14:06,622 - gerenciador_principal - INFO - [3/3] Processando Petz
2026-01-01 20:14:06,622 - scraper_base - INFO - 🚀 Iniciando scraping completo - Petz
2026-01-01 20:14:07,293 - scraper_base - INFO - 📋 20 medicamentos para processar
2026-01-01 20:14:07,293 - scraper_base - INFO - 📦 [1/20] Processando Simparic
2026-01-01 20:14:07,293 - scraper_base - INFO - 🔍 Petz: Buscando Simparic
2026-01-01 20:14:11,917 - scraper_base - INFO - ✅ Petz: 12 produto(s) encontrado(s) para Simparic
2026-01-01 20:14:13,213 - scraper_base - INFO - 📦 [2/20] Processando Revolution
2026-01-01 20:14:13,213 - scraper_base - INFO - 🔍 Petz: Buscando Revolution
2026-01-01 20:14:15,700 - scraper_base - INFO - ✅ Petz: 26 produto(s) encontrado(s) para Revolution
2026-01-01 20:14:18,149 - scraper_base - INFO - 📦 [3/20] Processando NexGard
2026-01-01 20:14:18,149 - scraper_base - INFO - 🔍 Petz: Buscando NexGard
2026-01-01 20:14:20,154 - scraper_base - INFO - ✅ Petz: 22 produto(s) encontrado(s) para NexGard
2026-01-01 20:14:22,721 - scraper_base - INFO - 📦 [4/20] Processando NexGard Spectra
2026-01-01 20:14:22,722 - scraper_base - INFO - 🔍 Petz: Buscando NexGard Spectra
2026-01-01 20:14:25,493 - scraper_base - INFO - ✅ Petz: 10 produto(s) encontrado(s) para NexGard Spectra
2026-01-01 20:14:26,740 - scraper_base - INFO - 📦 [5/20] Processando NexGard Combo
2026-01-01 20:14:26,740 - scraper_base - INFO - 🔍 Petz: Buscando NexGard Combo
2026-01-01 20:14:28,925 - scraper_base - INFO - ✅ Petz: 4 produto(s) encontrado(s) para NexGard Combo
2026-01-01 20:14:31,532 - scraper_base - INFO - 📦 [6/20] Processando Bravecto
2026-01-01 20:14:31,532 - scraper_base - INFO - 🔍 Petz: Buscando Bravecto
2026-01-01 20:14:33,566 - scraper_base - INFO - ✅ Petz: 16 produto(s) encontrado(s) para Bravecto
2026-01-01 20:14:36,405 - scraper_base - INFO - 📦 [7/20] Processando Frontline
2026-01-01 20:14:36,405 - scraper_base - INFO - 🔍 Petz: Buscando Frontline
2026-01-01 20:14:38,143 - scraper_base - INFO - ✅ Petz: 11 produto(s) encontrado(s) para Frontline
2026-01-01 20:14:39,249 - scraper_base - INFO - 📦 [8/20] Processando Advocate
2026-01-01 20:14:39,249 - scraper_base - INFO - 🔍 Petz: Buscando Advocate
2026-01-01 20:14:41,088 - scraper_base - INFO - ✅ Petz: 12 produto(s) encontrado(s) para Advocate
2026-01-01 20:14:42,813 - scraper_base - INFO - 📦 [9/20] Processando Drontal
2026-01-01 20:14:42,813 - scraper_base - INFO - 🔍 Petz: Buscando Drontal
2026-01-01 20:14:45,665 - scraper_base - INFO - ✅ Petz: 30 produto(s) encontrado(s) para Drontal
2026-01-01 20:14:46,778 - scraper_base - INFO - 📦 [10/20] Processando Milbemax
2026-01-01 20:14:46,779 - scraper_base - INFO - 🔍 Petz: Buscando Milbemax
2026-01-01 20:14:48,662 - scraper_base - INFO - ✅ Petz: 4 produto(s) encontrado(s) para Milbemax
2026-01-01 20:14:51,495 - scraper_base - INFO - 📦 [11/20] Processando Vermivet
2026-01-01 20:14:51,496 - scraper_base - INFO - 🔍 Petz: Buscando Vermivet
2026-01-01 20:14:53,461 - scraper_base - INFO - ✅ Petz: 5 produto(s) encontrado(s) para Vermivet
2026-01-01 20:14:54,820 - scraper_base - INFO - 📦 [12/20] Processando Rimadyl
2026-01-01 20:14:54,820 - scraper_base - INFO - 🔍 Petz: Buscando Rimadyl
2026-01-01 20:14:56,870 - scraper_base - INFO - ✅ Petz: 3 produto(s) encontrado(s) para Rimadyl
2026-01-01 20:14:58,687 - scraper_base - INFO - 📦 [13/20] Processando Onsior
2026-01-01 20:14:58,687 - scraper_base - INFO - 🔍 Petz: Buscando Onsior
2026-01-01 20:15:00,627 - scraper_base - INFO - ✅ Petz: 4 produto(s) encontrado(s) para Onsior
2026-01-01 20:15:01,984 - scraper_base - INFO - 📦 [14/20] Processando Maxicam
2026-01-01 20:15:01,984 - scraper_base - INFO - 🔍 Petz: Buscando Maxicam
2026-01-01 20:15:04,659 - scraper_base - INFO - ✅ Petz: 31 produto(s) encontrado(s) para Maxicam
2026-01-01 20:15:06,675 - scraper_base - INFO - 📦 [15/20] Processando Carproflan
2026-01-01 20:15:06,675 - scraper_base - INFO - 🔍 Petz: Buscando Carproflan
2026-01-01 20:15:08,696 - scraper_base - INFO - ✅ Petz: 3 produto(s) encontrado(s) para Carproflan
2026-01-01 20:15:11,237 - scraper_base - INFO - 📦 [16/20] Processando Previcox
2026-01-01 20:15:11,237 - scraper_base - INFO - 🔍 Petz: Buscando Previcox
2026-01-01 20:15:12,885 - scraper_base - INFO - ✅ Petz: 2 produto(s) encontrado(s) para Previcox
2026-01-01 20:15:14,684 - scraper_base - INFO - 📦 [17/20] Processando Apoquel
2026-01-01 20:15:14,684 - scraper_base - INFO - 🔍 Petz: Buscando Apoquel
2026-01-01 20:15:16,206 - scraper_base - INFO - ✅ Petz: 3 produto(s) encontrado(s) para Apoquel
2026-01-01 20:15:18,172 - scraper_base - INFO - 📦 [18/20] Processando Zenrelia
2026-01-01 20:15:18,172 - scraper_base - INFO - 🔍 Petz: Buscando Zenrelia
2026-01-01 20:15:20,234 - scraper_base - INFO - ✅ Petz: 4 produto(s) encontrado(s) para Zenrelia
2026-01-01 20:15:22,806 - scraper_base - INFO - 📦 [19/20] Processando Synulox
2026-01-01 20:15:22,806 - scraper_base - INFO - 🔍 Petz: Buscando Synulox
2026-01-01 20:15:24,410 - scraper_base - INFO - ✅ Petz: 2 produto(s) encontrado(s) para Synulox
2026-01-01 20:15:25,748 - scraper_base - INFO - 📦 [20/20] Processando Baytril
2026-01-01 20:15:25,748 - scraper_base - INFO - 🔍 Petz: Buscando Baytril
2026-01-01 20:15:27,404 - scraper_base - INFO - ✅ Petz: 10 produto(s) encontrado(s) para Baytril
2026-01-01 20:15:29,910 - scraper_base - INFO - 📊 Petz - Estatísticas finais:
2026-01-01 20:15:29,910 - scraper_base - INFO -    • Medicamentos processados: 20
2026-01-01 20:15:29,910 - scraper_base - INFO -    • Produtos encontrados: 214
2026-01-01 20:15:29,910 - scraper_base - INFO -    • Medicamentos sem resultado: 0
2026-01-01 20:15:29,910 - scraper_base - INFO -    • Tempo total: 83.3s
2026-01-01 20:15:29,910 - scraper_base - INFO -    • Tempo médio por medicamento: 4.2s
2026-01-01 20:15:29,954 - gerenciador_arquivos - INFO - Excel salvo: dados_coletados/petz_20260101_201529.xlsx (214 produtos)
2026-01-01 20:15:29,955 - gerenciador_principal - INFO - Petz: Arquivo individual salvo com sucesso
2026-01-01 20:15:29,955 - gerenciador_principal - INFO - Gerando relatório consolidado...
2026-01-01 20:15:30,218 - gerenciador_arquivos - INFO - Relatório consolidado salvo: dados_relatorios/relatorio_consolidado_20260101_201529.xlsx
2026-01-01 20:15:30,341 - gerenciador_conexoes - INFO - Chrome fechado
2026-01-01 20:15:30,341 - gerenciador_conexoes - INFO - Métodos utilizados - Requests: 33.3%, Selenium: 66.7%, Falhas: 0.0%
2026-01-01 20:15:30,341 - gerenciador_principal - INFO - ============================================================
2026-01-01 20:15:30,341 - gerenciador_principal - INFO - RELATORIO FINAL DE EXECUÇÃO
2026-01-01 20:15:30,342 - gerenciador_principal - INFO - ============================================================
2026-01-01 20:15:30,342 - gerenciador_principal - INFO - Sites processados: 3
2026-01-01 20:15:30,342 - gerenciador_principal - INFO - Sites com sucesso: 3
2026-01-01 20:15:30,342 - gerenciador_principal - INFO - Total de produtos coletados: 571
2026-01-01 20:15:30,342 - gerenciador_principal - INFO - Tempo total de execução: 240.4 segundos
2026-01-01 20:15:30,342 - gerenciador_principal - INFO - Estatísticas de conexão:
2026-01-01 20:15:30,342 - gerenciador_principal - INFO -   - Requests bem-sucedidos: 33.3%
2026-01-01 20:15:30,342 - gerenciador_principal - INFO -   - Selenium fallback: 66.7%
2026-01-01 20:15:30,342 - gerenciador_principal - INFO -   - Falhas totais: 0.0%
2026-01-01 20:15:30,343 - gerenciador_principal - INFO - Arquivos salvos na pasta: dados_coletados
2026-01-01 20:15:30,343 - gerenciador_principal - INFO - Total de arquivos: 270
2026-01-01 20:15:30,343 - gerenciador_principal - INFO - ============================================================
