2026-01-25 20:11:34,254 - configurador_logs - INFO - Sistema de logs configurado com sucesso
2026-01-25 20:11:34,254 - configurador_logs - INFO - 🚀 Logs configurados para MODO PRODUÇÃO
2026-01-25 20:11:34,254 - gerenciador_principal - INFO - Inicializando sistema - Modo: PRODUCAO
2026-01-25 20:11:34,254 - gerenciador_arquivos - INFO - Pasta dados_coletados preparada
2026-01-25 20:11:34,254 - gerenciador_principal - INFO - Sistema inicializado com 3 scrapers
2026-01-25 20:11:34,254 - gerenciador_principal - INFO - ============================================================
2026-01-25 20:11:34,254 - gerenciador_principal - INFO - INICIANDO SCRAPING COMPLETO - PRODUCAO
2026-01-25 20:11:34,254 - gerenciador_principal - INFO - ============================================================
2026-01-25 20:11:34,254 - gerenciador_principal - INFO - [1/3] Processando Cobasi
2026-01-25 20:11:34,255 - scraper_base - INFO - 🚀 Iniciando scraping completo - Cobasi
2026-01-25 20:11:34,679 - gerenciador_conexoes - INFO - Sessao estabelecida com cobasi.com.br
2026-01-25 20:11:34,680 - scraper_base - INFO - 📋 20 medicamentos para processar
2026-01-25 20:11:34,680 - scraper_base - INFO - 📦 [1/20] Processando Simparic
2026-01-25 20:11:34,680 - scraper_base - INFO - 🔍 Cobasi: Buscando Simparic
2026-01-25 20:11:35,370 - scraper_cobasi - INFO - Cobasi: Dados extraídos via JSON para Simparic
2026-01-25 20:11:35,370 - scraper_base - INFO - ✅ Cobasi: 12 produto(s) encontrado(s) para Simparic
2026-01-25 20:11:37,664 - scraper_base - INFO - 📦 [2/20] Processando Revolution
2026-01-25 20:11:37,664 - scraper_base - INFO - 🔍 Cobasi: Buscando Revolution
2026-01-25 20:11:40,041 - scraper_cobasi - INFO - Cobasi: Dados extraídos via JSON para Revolution
2026-01-25 20:11:40,042 - scraper_base - INFO - ✅ Cobasi: 18 produto(s) encontrado(s) para Revolution
2026-01-25 20:11:41,567 - scraper_base - INFO - 📦 [3/20] Processando NexGard
2026-01-25 20:11:41,568 - scraper_base - INFO - 🔍 Cobasi: Buscando NexGard
2026-01-25 20:11:44,065 - scraper_cobasi - INFO - Cobasi: Dados extraídos via JSON para NexGard
2026-01-25 20:11:44,065 - scraper_base - INFO - ✅ Cobasi: 22 produto(s) encontrado(s) para NexGard
2026-01-25 20:11:45,085 - scraper_base - INFO - 📦 [4/20] Processando NexGard Spectra
2026-01-25 20:11:45,085 - scraper_base - INFO - 🔍 Cobasi: Buscando NexGard Spectra
2026-01-25 20:11:47,987 - scraper_cobasi - INFO - Cobasi: Dados extraídos via JSON para NexGard Spectra
2026-01-25 20:11:47,987 - scraper_base - INFO - ✅ Cobasi: 10 produto(s) encontrado(s) para NexGard Spectra
2026-01-25 20:11:49,901 - scraper_base - INFO - 📦 [5/20] Processando NexGard Combo
2026-01-25 20:11:49,901 - scraper_base - INFO - 🔍 Cobasi: Buscando NexGard Combo
2026-01-25 20:11:51,839 - scraper_cobasi - INFO - Cobasi: Dados extraídos via JSON para NexGard Combo
2026-01-25 20:11:51,839 - scraper_base - INFO - ✅ Cobasi: 4 produto(s) encontrado(s) para NexGard Combo
2026-01-25 20:11:53,654 - scraper_base - INFO - 📦 [6/20] Processando Bravecto
2026-01-25 20:11:53,654 - scraper_base - INFO - 🔍 Cobasi: Buscando Bravecto
2026-01-25 20:11:57,197 - scraper_cobasi - INFO - Cobasi: Dados extraídos via JSON para Bravecto
2026-01-25 20:11:57,198 - scraper_base - INFO - ✅ Cobasi: 16 produto(s) encontrado(s) para Bravecto
2026-01-25 20:11:59,463 - scraper_base - INFO - 📦 [7/20] Processando Frontline
2026-01-25 20:11:59,463 - scraper_base - INFO - 🔍 Cobasi: Buscando Frontline
2026-01-25 20:12:02,352 - scraper_cobasi - INFO - Cobasi: Dados extraídos via JSON para Frontline
2026-01-25 20:12:02,352 - scraper_base - INFO - ✅ Cobasi: 10 produto(s) encontrado(s) para Frontline
2026-01-25 20:12:03,839 - scraper_base - INFO - 📦 [8/20] Processando Advocate
2026-01-25 20:12:03,840 - scraper_base - INFO - 🔍 Cobasi: Buscando Advocate
2026-01-25 20:12:05,941 - scraper_cobasi - INFO - Cobasi: Dados extraídos via JSON para Advocate
2026-01-25 20:12:05,941 - scraper_base - INFO - ✅ Cobasi: 12 produto(s) encontrado(s) para Advocate
2026-01-25 20:12:07,619 - scraper_base - INFO - 📦 [9/20] Processando Drontal
2026-01-25 20:12:07,619 - scraper_base - INFO - 🔍 Cobasi: Buscando Drontal
2026-01-25 20:12:09,846 - scraper_cobasi - INFO - Cobasi: Dados extraídos via JSON para Drontal
2026-01-25 20:12:09,846 - scraper_base - INFO - ✅ Cobasi: 8 produto(s) encontrado(s) para Drontal
2026-01-25 20:12:12,536 - scraper_base - INFO - 📦 [10/20] Processando Milbemax
2026-01-25 20:12:12,536 - scraper_base - INFO - 🔍 Cobasi: Buscando Milbemax
2026-01-25 20:12:14,303 - scraper_cobasi - INFO - Cobasi: Dados extraídos via JSON para Milbemax
2026-01-25 20:12:14,303 - scraper_base - INFO - ✅ Cobasi: 4 produto(s) encontrado(s) para Milbemax
2026-01-25 20:12:16,472 - scraper_base - INFO - 📦 [11/20] Processando Vermivet
2026-01-25 20:12:16,472 - scraper_base - INFO - 🔍 Cobasi: Buscando Vermivet
2026-01-25 20:12:18,371 - scraper_cobasi - INFO - Cobasi: Dados extraídos via JSON para Vermivet
2026-01-25 20:12:18,371 - scraper_base - INFO - ✅ Cobasi: 5 produto(s) encontrado(s) para Vermivet
2026-01-25 20:12:19,670 - scraper_base - INFO - 📦 [12/20] Processando Rimadyl
2026-01-25 20:12:19,670 - scraper_base - INFO - 🔍 Cobasi: Buscando Rimadyl
2026-01-25 20:12:21,691 - scraper_cobasi - INFO - Cobasi: Dados extraídos via JSON para Rimadyl
2026-01-25 20:12:21,691 - scraper_base - INFO - ✅ Cobasi: 3 produto(s) encontrado(s) para Rimadyl
2026-01-25 20:12:24,279 - scraper_base - INFO - 📦 [13/20] Processando Onsior
2026-01-25 20:12:24,279 - scraper_base - INFO - 🔍 Cobasi: Buscando Onsior
2026-01-25 20:12:26,056 - scraper_cobasi - INFO - Cobasi: Dados extraídos via JSON para Onsior
2026-01-25 20:12:26,056 - scraper_base - INFO - ✅ Cobasi: 4 produto(s) encontrado(s) para Onsior
2026-01-25 20:12:27,642 - scraper_base - INFO - 📦 [14/20] Processando Maxicam
2026-01-25 20:12:27,642 - scraper_base - INFO - 🔍 Cobasi: Buscando Maxicam
2026-01-25 20:12:30,138 - scraper_cobasi - INFO - Cobasi: Dados extraídos via JSON para Maxicam
2026-01-25 20:12:30,138 - scraper_base - INFO - ✅ Cobasi: 20 produto(s) encontrado(s) para Maxicam
2026-01-25 20:12:31,926 - scraper_base - INFO - 📦 [15/20] Processando Carproflan
2026-01-25 20:12:31,926 - scraper_base - INFO - 🔍 Cobasi: Buscando Carproflan
2026-01-25 20:12:33,690 - scraper_cobasi - INFO - Cobasi: Dados extraídos via JSON para Carproflan
2026-01-25 20:12:33,690 - scraper_base - INFO - ✅ Cobasi: 3 produto(s) encontrado(s) para Carproflan
2026-01-25 20:12:35,037 - scraper_base - INFO - 📦 [16/20] Processando Previcox
2026-01-25 20:12:35,037 - scraper_base - INFO - 🔍 Cobasi: Buscando Previcox
2026-01-25 20:12:36,914 - scraper_cobasi - INFO - Cobasi: Dados extraídos via JSON para Previcox
2026-01-25 20:12:36,915 - scraper_base - INFO - ✅ Cobasi: 2 produto(s) encontrado(s) para Previcox
2026-01-25 20:12:39,044 - scraper_base - INFO - 📦 [17/20] Processando Apoquel
2026-01-25 20:12:39,044 - scraper_base - INFO - 🔍 Cobasi: Buscando Apoquel
2026-01-25 20:12:40,992 - scraper_cobasi - INFO - Cobasi: Dados extraídos via JSON para Apoquel
2026-01-25 20:12:40,992 - scraper_base - INFO - ✅ Cobasi: 3 produto(s) encontrado(s) para Apoquel
2026-01-25 20:12:42,070 - scraper_base - INFO - 📦 [18/20] Processando Zenrelia
2026-01-25 20:12:42,071 - scraper_base - INFO - 🔍 Cobasi: Buscando Zenrelia
2026-01-25 20:12:44,367 - scraper_cobasi - INFO - Cobasi: Dados extraídos via JSON para Zenrelia
2026-01-25 20:12:44,367 - scraper_base - INFO - ✅ Cobasi: 4 produto(s) encontrado(s) para Zenrelia
2026-01-25 20:12:46,117 - scraper_base - INFO - 📦 [19/20] Processando Synulox
2026-01-25 20:12:46,117 - scraper_base - INFO - 🔍 Cobasi: Buscando Synulox
2026-01-25 20:12:47,768 - scraper_cobasi - INFO - Cobasi: Dados extraídos via JSON para Synulox
2026-01-25 20:12:47,768 - scraper_base - INFO - ✅ Cobasi: 2 produto(s) encontrado(s) para Synulox
2026-01-25 20:12:49,445 - scraper_base - INFO - 📦 [20/20] Processando Baytril
2026-01-25 20:12:49,445 - scraper_base - INFO - 🔍 Cobasi: Buscando Baytril
2026-01-25 20:12:51,342 - scraper_cobasi - INFO - Cobasi: Dados extraídos via JSON para Baytril
2026-01-25 20:12:51,342 - scraper_base - INFO - ✅ Cobasi: 4 produto(s) encontrado(s) para Baytril
2026-01-25 20:12:54,215 - scraper_base - INFO - 📊 Cobasi - Estatísticas finais:
2026-01-25 20:12:54,216 - scraper_base - INFO -    • Medicamentos processados: 20
2026-01-25 20:12:54,216 - scraper_base - INFO -    • Produtos encontrados: 166
2026-01-25 20:12:54,216 - scraper_base - INFO -    • Medicamentos sem resultado: 0
2026-01-25 20:12:54,216 - scraper_base - INFO -    • Tempo total: 80.0s
2026-01-25 20:12:54,216 - scraper_base - INFO -    • Tempo médio por medicamento: 4.0s
2026-01-25 20:12:54,329 - gerenciador_arquivos - INFO - Excel salvo: dados_coletados/cobasi_20260125_201254.xlsx (166 produtos)
2026-01-25 20:12:54,329 - gerenciador_principal - INFO - Cobasi: Arquivo individual salvo com sucesso
2026-01-25 20:12:54,329 - gerenciador_principal - INFO - Pausando entre sites...
2026-01-25 20:12:56,329 - gerenciador_principal - INFO - [2/3] Processando Petlove
2026-01-25 20:12:56,330 - scraper_base - INFO - 🚀 Iniciando scraping completo - Petlove
2026-01-25 20:12:56,517 - scraper_base - INFO - 📋 20 medicamentos para processar
2026-01-25 20:12:56,517 - scraper_base - INFO - 📦 [1/20] Processando Simparic
2026-01-25 20:12:56,517 - scraper_base - INFO - 🔍 Petlove: Buscando Simparic
2026-01-25 20:13:02,544 - gerenciador_conexoes - INFO - Chrome inicializado com otimizacoes de velocidade
2026-01-25 20:13:05,720 - scraper_base - INFO - ✅ Petlove: 34 produto(s) encontrado(s) para Simparic
2026-01-25 20:13:08,055 - scraper_base - INFO - 📦 [2/20] Processando Revolution
2026-01-25 20:13:08,055 - scraper_base - INFO - 🔍 Petlove: Buscando Revolution
2026-01-25 20:13:09,746 - scraper_base - INFO - ✅ Petlove: 17 produto(s) encontrado(s) para Revolution
2026-01-25 20:13:11,082 - scraper_base - INFO - 📦 [3/20] Processando NexGard
2026-01-25 20:13:11,082 - scraper_base - INFO - 🔍 Petlove: Buscando NexGard
2026-01-25 20:13:12,464 - scraper_base - INFO - ✅ Petlove: 11 produto(s) encontrado(s) para NexGard
2026-01-25 20:13:13,639 - scraper_base - INFO - 📦 [4/20] Processando NexGard Spectra
2026-01-25 20:13:13,640 - scraper_base - INFO - 🔍 Petlove: Buscando NexGard Spectra
2026-01-25 20:13:14,969 - scraper_base - INFO - ✅ Petlove: 5 produto(s) encontrado(s) para NexGard Spectra
2026-01-25 20:13:17,440 - scraper_base - INFO - 📦 [5/20] Processando NexGard Combo
2026-01-25 20:13:17,441 - scraper_base - INFO - 🔍 Petlove: Buscando NexGard Combo
2026-01-25 20:13:18,603 - scraper_base - INFO - ✅ Petlove: 2 produto(s) encontrado(s) para NexGard Combo
2026-01-25 20:13:20,614 - scraper_base - INFO - 📦 [6/20] Processando Bravecto
2026-01-25 20:13:20,614 - scraper_base - INFO - 🔍 Petlove: Buscando Bravecto
2026-01-25 20:13:22,433 - scraper_base - INFO - ✅ Petlove: 23 produto(s) encontrado(s) para Bravecto
2026-01-25 20:13:24,519 - scraper_base - INFO - 📦 [7/20] Processando Frontline
2026-01-25 20:13:24,519 - scraper_base - INFO - 🔍 Petlove: Buscando Frontline
2026-01-25 20:13:27,213 - scraper_base - INFO - ✅ Petlove: 11 produto(s) encontrado(s) para Frontline
2026-01-25 20:13:28,721 - scraper_base - INFO - 📦 [8/20] Processando Advocate
2026-01-25 20:13:28,721 - scraper_base - INFO - 🔍 Petlove: Buscando Advocate
2026-01-25 20:13:30,366 - scraper_base - INFO - ✅ Petlove: 12 produto(s) encontrado(s) para Advocate
2026-01-25 20:13:32,938 - scraper_base - INFO - 📦 [9/20] Processando Drontal
2026-01-25 20:13:32,938 - scraper_base - INFO - 🔍 Petlove: Buscando Drontal
2026-01-25 20:13:34,673 - scraper_base - INFO - ✅ Petlove: 36 produto(s) encontrado(s) para Drontal
2026-01-25 20:13:36,843 - scraper_base - INFO - 📦 [10/20] Processando Milbemax
2026-01-25 20:13:36,843 - scraper_base - INFO - 🔍 Petlove: Buscando Milbemax
2026-01-25 20:13:38,209 - scraper_base - INFO - ✅ Petlove: 14 produto(s) encontrado(s) para Milbemax
2026-01-25 20:13:39,654 - scraper_base - INFO - 📦 [11/20] Processando Vermivet
2026-01-25 20:13:39,654 - scraper_base - INFO - 🔍 Petlove: Buscando Vermivet
2026-01-25 20:13:41,659 - scraper_base - INFO - ✅ Petlove: 36 produto(s) encontrado(s) para Vermivet
2026-01-25 20:13:42,905 - scraper_base - INFO - 📦 [12/20] Processando Rimadyl
2026-01-25 20:13:42,905 - scraper_base - INFO - 🔍 Petlove: Buscando Rimadyl
2026-01-25 20:13:44,867 - scraper_base - INFO - ✅ Petlove: 1 produto(s) encontrado(s) para Rimadyl
2026-01-25 20:13:47,373 - scraper_base - INFO - 📦 [13/20] Processando Onsior
2026-01-25 20:13:47,374 - scraper_base - INFO - 🔍 Petlove: Buscando Onsior
2026-01-25 20:13:48,605 - scraper_base - INFO - ✅ Petlove: 4 produto(s) encontrado(s) para Onsior
2026-01-25 20:13:51,575 - scraper_base - INFO - 📦 [14/20] Processando Maxicam
2026-01-25 20:13:51,575 - scraper_base - INFO - 🔍 Petlove: Buscando Maxicam
2026-01-25 20:13:53,107 - scraper_base - INFO - ✅ Petlove: 3 produto(s) encontrado(s) para Maxicam
2026-01-25 20:13:55,795 - scraper_base - INFO - 📦 [15/20] Processando Carproflan
2026-01-25 20:13:55,795 - scraper_base - INFO - 🔍 Petlove: Buscando Carproflan
2026-01-25 20:13:57,101 - scraper_base - INFO - ✅ Petlove: 8 produto(s) encontrado(s) para Carproflan
2026-01-25 20:13:59,482 - scraper_base - INFO - 📦 [16/20] Processando Previcox
2026-01-25 20:13:59,482 - scraper_base - INFO - 🔍 Petlove: Buscando Previcox
2026-01-25 20:14:00,656 - scraper_base - INFO - ✅ Petlove: 4 produto(s) encontrado(s) para Previcox
2026-01-25 20:14:02,072 - scraper_base - INFO - 📦 [17/20] Processando Apoquel
2026-01-25 20:14:02,072 - scraper_base - INFO - 🔍 Petlove: Buscando Apoquel
2026-01-25 20:14:03,470 - scraper_base - INFO - ✅ Petlove: 16 produto(s) encontrado(s) para Apoquel
2026-01-25 20:14:05,385 - scraper_base - INFO - 📦 [18/20] Processando Zenrelia
2026-01-25 20:14:05,385 - scraper_base - INFO - 🔍 Petlove: Buscando Zenrelia
2026-01-25 20:14:06,884 - scraper_base - INFO - ✅ Petlove: 4 produto(s) encontrado(s) para Zenrelia
2026-01-25 20:14:09,324 - scraper_base - INFO - 📦 [19/20] Processando Synulox
2026-01-25 20:14:09,325 - scraper_base - INFO - 🔍 Petlove: Buscando Synulox
2026-01-25 20:14:10,414 - scraper_base - INFO - ✅ Petlove: 1 produto(s) encontrado(s) para Synulox
2026-01-25 20:14:11,767 - scraper_base - INFO - 📦 [20/20] Processando Baytril
2026-01-25 20:14:11,767 - scraper_base - INFO - 🔍 Petlove: Buscando Baytril
2026-01-25 20:14:13,187 - scraper_base - INFO - ✅ Petlove: 4 produto(s) encontrado(s) para Baytril
2026-01-25 20:14:15,113 - scraper_base - INFO - 📊 Petlove - Estatísticas finais:
2026-01-25 20:14:15,113 - scraper_base - INFO -    • Medicamentos processados: 20
2026-01-25 20:14:15,113 - scraper_base - INFO -    • Produtos encontrados: 246
2026-01-25 20:14:15,113 - scraper_base - INFO -    • Medicamentos sem resultado: 0
2026-01-25 20:14:15,113 - scraper_base - INFO -    • Tempo total: 78.8s
2026-01-25 20:14:15,113 - scraper_base - INFO -    • Tempo médio por medicamento: 3.9s
2026-01-25 20:14:15,159 - gerenciador_arquivos - INFO - Excel salvo: dados_coletados/petlove_20260125_201415.xlsx (246 produtos)
2026-01-25 20:14:15,159 - gerenciador_principal - INFO - Petlove: Arquivo individual salvo com sucesso
2026-01-25 20:14:15,159 - gerenciador_principal - INFO - Pausando entre sites...
2026-01-25 20:14:17,159 - gerenciador_principal - INFO - [3/3] Processando Petz
2026-01-25 20:14:17,160 - scraper_base - INFO - 🚀 Iniciando scraping completo - Petz
2026-01-25 20:14:17,434 - scraper_base - INFO - 📋 20 medicamentos para processar
2026-01-25 20:14:17,435 - scraper_base - INFO - 📦 [1/20] Processando Simparic
2026-01-25 20:14:17,435 - scraper_base - INFO - 🔍 Petz: Buscando Simparic
2026-01-25 20:14:50,153 - scraper_base - INFO - ✅ Petz: 12 produto(s) encontrado(s) para Simparic
2026-01-25 20:14:51,482 - scraper_base - INFO - 📦 [2/20] Processando Revolution
2026-01-25 20:14:51,482 - scraper_base - INFO - 🔍 Petz: Buscando Revolution
2026-01-25 20:15:23,743 - scraper_base - INFO - ✅ Petz: 24 produto(s) encontrado(s) para Revolution
2026-01-25 20:15:26,355 - scraper_base - INFO - 📦 [3/20] Processando NexGard
2026-01-25 20:15:26,355 - scraper_base - INFO - 🔍 Petz: Buscando NexGard
2026-01-25 20:15:58,512 - scraper_base - INFO - ✅ Petz: 22 produto(s) encontrado(s) para NexGard
2026-01-25 20:16:01,361 - scraper_base - INFO - 📦 [4/20] Processando NexGard Spectra
2026-01-25 20:16:01,361 - scraper_base - INFO - 🔍 Petz: Buscando NexGard Spectra
2026-01-25 20:16:32,990 - scraper_base - INFO - ✅ Petz: 10 produto(s) encontrado(s) para NexGard Spectra
2026-01-25 20:16:35,203 - scraper_base - INFO - 📦 [5/20] Processando NexGard Combo
2026-01-25 20:16:35,203 - scraper_base - INFO - 🔍 Petz: Buscando NexGard Combo
2026-01-25 20:17:07,465 - scraper_base - INFO - ✅ Petz: 4 produto(s) encontrado(s) para NexGard Combo
2026-01-25 20:17:08,510 - scraper_base - INFO - 📦 [6/20] Processando Bravecto
2026-01-25 20:17:08,510 - scraper_base - INFO - 🔍 Petz: Buscando Bravecto
2026-01-25 20:17:40,620 - scraper_base - INFO - ✅ Petz: 16 produto(s) encontrado(s) para Bravecto
2026-01-25 20:17:43,166 - scraper_base - INFO - 📦 [7/20] Processando Frontline
2026-01-25 20:17:43,166 - scraper_base - INFO - 🔍 Petz: Buscando Frontline
2026-01-25 20:18:14,897 - scraper_base - INFO - ✅ Petz: 11 produto(s) encontrado(s) para Frontline
2026-01-25 20:18:17,629 - scraper_base - INFO - 📦 [8/20] Processando Advocate
2026-01-25 20:18:17,629 - scraper_base - INFO - 🔍 Petz: Buscando Advocate
2026-01-25 20:18:56,000 - scraper_base - INFO - ✅ Petz: 12 produto(s) encontrado(s) para Advocate
2026-01-25 20:18:57,713 - scraper_base - INFO - 📦 [9/20] Processando Drontal
2026-01-25 20:18:57,713 - scraper_base - INFO - 🔍 Petz: Buscando Drontal
2026-01-25 20:19:30,922 - scraper_base - INFO - ✅ Petz: 30 produto(s) encontrado(s) para Drontal
2026-01-25 20:19:33,011 - scraper_base - INFO - 📦 [10/20] Processando Milbemax
2026-01-25 20:19:33,012 - scraper_base - INFO - 🔍 Petz: Buscando Milbemax
2026-01-25 20:20:04,999 - scraper_base - INFO - ✅ Petz: 4 produto(s) encontrado(s) para Milbemax
2026-01-25 20:20:07,050 - scraper_base - INFO - 📦 [11/20] Processando Vermivet
2026-01-25 20:20:07,050 - scraper_base - INFO - 🔍 Petz: Buscando Vermivet
2026-01-25 20:20:38,618 - scraper_base - INFO - ✅ Petz: 5 produto(s) encontrado(s) para Vermivet
2026-01-25 20:20:41,365 - scraper_base - INFO - 📦 [12/20] Processando Rimadyl
2026-01-25 20:20:41,365 - scraper_base - INFO - 🔍 Petz: Buscando Rimadyl
2026-01-25 20:21:12,808 - scraper_base - INFO - ✅ Petz: 3 produto(s) encontrado(s) para Rimadyl
2026-01-25 20:21:14,804 - scraper_base - INFO - 📦 [13/20] Processando Onsior
2026-01-25 20:21:14,805 - scraper_base - INFO - 🔍 Petz: Buscando Onsior
2026-01-25 20:21:46,291 - scraper_base - INFO - ✅ Petz: 4 produto(s) encontrado(s) para Onsior
2026-01-25 20:21:47,989 - scraper_base - INFO - 📦 [14/20] Processando Maxicam
2026-01-25 20:21:47,989 - scraper_base - INFO - 🔍 Petz: Buscando Maxicam
2026-01-25 20:22:20,422 - scraper_base - INFO - ✅ Petz: 31 produto(s) encontrado(s) para Maxicam
2026-01-25 20:22:21,603 - scraper_base - INFO - 📦 [15/20] Processando Carproflan
2026-01-25 20:22:21,603 - scraper_base - INFO - 🔍 Petz: Buscando Carproflan
2026-01-25 20:22:52,962 - scraper_base - INFO - ✅ Petz: 3 produto(s) encontrado(s) para Carproflan
2026-01-25 20:22:55,133 - scraper_base - INFO - 📦 [16/20] Processando Previcox
2026-01-25 20:22:55,133 - scraper_base - INFO - 🔍 Petz: Buscando Previcox
2026-01-25 20:23:15,950 - scraper_base - INFO - ✅ Petz: 2 produto(s) encontrado(s) para Previcox
2026-01-25 20:23:17,619 - scraper_base - INFO - 📦 [17/20] Processando Apoquel
2026-01-25 20:23:17,619 - scraper_base - INFO - 🔍 Petz: Buscando Apoquel
2026-01-25 20:23:49,558 - scraper_base - INFO - ✅ Petz: 3 produto(s) encontrado(s) para Apoquel
2026-01-25 20:23:52,058 - scraper_base - INFO - 📦 [18/20] Processando Zenrelia
2026-01-25 20:23:52,058 - scraper_base - INFO - 🔍 Petz: Buscando Zenrelia
2026-01-25 20:23:55,978 - scraper_base - INFO - ✅ Petz: 4 produto(s) encontrado(s) para Zenrelia
2026-01-25 20:23:57,009 - scraper_base - INFO - 📦 [19/20] Processando Synulox
2026-01-25 20:23:57,010 - scraper_base - INFO - 🔍 Petz: Buscando Synulox
2026-01-25 20:24:24,308 - scraper_base - INFO - ✅ Petz: 2 produto(s) encontrado(s) para Synulox
2026-01-25 20:24:25,370 - scraper_base - INFO - 📦 [20/20] Processando Baytril
2026-01-25 20:24:25,370 - scraper_base - INFO - 🔍 Petz: Buscando Baytril
2026-01-25 20:24:44,302 - scraper_base - INFO - ✅ Petz: 9 produto(s) encontrado(s) para Baytril
2026-01-25 20:24:46,921 - scraper_base - INFO - 📊 Petz - Estatísticas finais:
2026-01-25 20:24:46,921 - scraper_base - INFO -    • Medicamentos processados: 20
2026-01-25 20:24:46,921 - scraper_base - INFO -    • Produtos encontrados: 211
2026-01-25 20:24:46,921 - scraper_base - INFO -    • Medicamentos sem resultado: 0
2026-01-25 20:24:46,922 - scraper_base - INFO -    • Tempo total: 629.8s
2026-01-25 20:24:46,922 - scraper_base - INFO -    • Tempo médio por medicamento: 31.5s
2026-01-25 20:24:46,965 - gerenciador_arquivos - INFO - Excel salvo: dados_coletados/petz_20260125_202446.xlsx (211 produtos)
2026-01-25 20:24:46,965 - gerenciador_principal - INFO - Petz: Arquivo individual salvo com sucesso
2026-01-25 20:24:46,965 - gerenciador_principal - INFO - Gerando relatório consolidado...
2026-01-25 20:24:47,179 - gerenciador_arquivos - INFO - Relatório consolidado salvo: dados_relatorios/relatorio_consolidado_20260125_202446.xlsx
2026-01-25 20:24:47,315 - gerenciador_conexoes - INFO - Chrome fechado
2026-01-25 20:24:47,315 - gerenciador_conexoes - INFO - Métodos utilizados - Requests: 33.3%, Selenium: 66.7%, Falhas: 0.0%
2026-01-25 20:24:47,315 - gerenciador_principal - INFO - ============================================================
2026-01-25 20:24:47,315 - gerenciador_principal - INFO - RELATORIO FINAL DE EXECUÇÃO
2026-01-25 20:24:47,315 - gerenciador_principal - INFO - ============================================================
2026-01-25 20:24:47,315 - gerenciador_principal - INFO - Sites processados: 3
2026-01-25 20:24:47,315 - gerenciador_principal - INFO - Sites com sucesso: 3
2026-01-25 20:24:47,315 - gerenciador_principal - INFO - Total de produtos coletados: 623
2026-01-25 20:24:47,315 - gerenciador_principal - INFO - Tempo total de execução: 792.7 segundos
2026-01-25 20:24:47,315 - gerenciador_principal - INFO - Estatísticas de conexão:
2026-01-25 20:24:47,315 - gerenciador_principal - INFO -   - Requests bem-sucedidos: 33.3%
2026-01-25 20:24:47,315 - gerenciador_principal - INFO -   - Selenium fallback: 66.7%
2026-01-25 20:24:47,316 - gerenciador_principal - INFO -   - Falhas totais: 0.0%
2026-01-25 20:24:47,318 - gerenciador_principal - INFO - Arquivos salvos na pasta: dados_coletados
2026-01-25 20:24:47,318 - gerenciador_principal - INFO - Total de arquivos: 340
2026-01-25 20:24:47,318 - gerenciador_principal - INFO - ============================================================
