2026-01-26 20:12:58,329 - configurador_logs - INFO - Sistema de logs configurado com sucesso
2026-01-26 20:12:58,329 - configurador_logs - INFO - 🚀 Logs configurados para MODO PRODUÇÃO
2026-01-26 20:12:58,329 - gerenciador_principal - INFO - Inicializando sistema - Modo: PRODUCAO
2026-01-26 20:12:58,329 - gerenciador_arquivos - INFO - Pasta dados_coletados preparada
2026-01-26 20:12:58,329 - gerenciador_principal - INFO - Sistema inicializado com 3 scrapers
2026-01-26 20:12:58,329 - gerenciador_principal - INFO - ============================================================
2026-01-26 20:12:58,329 - gerenciador_principal - INFO - INICIANDO SCRAPING COMPLETO - PRODUCAO
2026-01-26 20:12:58,329 - gerenciador_principal - INFO - ============================================================
2026-01-26 20:12:58,329 - gerenciador_principal - INFO - [1/3] Processando Cobasi
2026-01-26 20:12:58,329 - scraper_base - INFO - 🚀 Iniciando scraping completo - Cobasi
2026-01-26 20:12:59,077 - gerenciador_conexoes - INFO - Sessao estabelecida com cobasi.com.br
2026-01-26 20:12:59,077 - scraper_base - INFO - 📋 20 medicamentos para processar
2026-01-26 20:12:59,078 - scraper_base - INFO - 📦 [1/20] Processando Simparic
2026-01-26 20:12:59,078 - scraper_base - INFO - 🔍 Cobasi: Buscando Simparic
2026-01-26 20:13:01,962 - scraper_cobasi - INFO - Cobasi: Dados extraídos via JSON para Simparic
2026-01-26 20:13:01,963 - scraper_base - INFO - ✅ Cobasi: 12 produto(s) encontrado(s) para Simparic
2026-01-26 20:13:03,172 - scraper_base - INFO - 📦 [2/20] Processando Revolution
2026-01-26 20:13:03,172 - scraper_base - INFO - 🔍 Cobasi: Buscando Revolution
2026-01-26 20:13:05,762 - scraper_cobasi - INFO - Cobasi: Dados extraídos via JSON para Revolution
2026-01-26 20:13:05,762 - scraper_base - INFO - ✅ Cobasi: 18 produto(s) encontrado(s) para Revolution
2026-01-26 20:13:08,590 - scraper_base - INFO - 📦 [3/20] Processando NexGard
2026-01-26 20:13:08,590 - scraper_base - INFO - 🔍 Cobasi: Buscando NexGard
2026-01-26 20:13:11,364 - scraper_cobasi - INFO - Cobasi: Dados extraídos via JSON para NexGard
2026-01-26 20:13:11,364 - scraper_base - INFO - ✅ Cobasi: 22 produto(s) encontrado(s) para NexGard
2026-01-26 20:13:14,135 - scraper_base - INFO - 📦 [4/20] Processando NexGard Spectra
2026-01-26 20:13:14,135 - scraper_base - INFO - 🔍 Cobasi: Buscando NexGard Spectra
2026-01-26 20:13:15,975 - scraper_cobasi - INFO - Cobasi: Dados extraídos via JSON para NexGard Spectra
2026-01-26 20:13:15,975 - scraper_base - INFO - ✅ Cobasi: 10 produto(s) encontrado(s) para NexGard Spectra
2026-01-26 20:13:18,746 - scraper_base - INFO - 📦 [5/20] Processando NexGard Combo
2026-01-26 20:13:18,746 - scraper_base - INFO - 🔍 Cobasi: Buscando NexGard Combo
2026-01-26 20:13:20,282 - scraper_cobasi - INFO - Cobasi: Dados extraídos via JSON para NexGard Combo
2026-01-26 20:13:20,283 - scraper_base - INFO - ✅ Cobasi: 4 produto(s) encontrado(s) para NexGard Combo
2026-01-26 20:13:21,782 - scraper_base - INFO - 📦 [6/20] Processando Bravecto
2026-01-26 20:13:21,783 - scraper_base - INFO - 🔍 Cobasi: Buscando Bravecto
2026-01-26 20:13:22,179 - scraper_cobasi - INFO - Cobasi: Dados extraídos via JSON para Bravecto
2026-01-26 20:13:22,179 - scraper_base - INFO - ✅ Cobasi: 16 produto(s) encontrado(s) para Bravecto
2026-01-26 20:13:24,408 - scraper_base - INFO - 📦 [7/20] Processando Frontline
2026-01-26 20:13:24,408 - scraper_base - INFO - 🔍 Cobasi: Buscando Frontline
2026-01-26 20:13:27,046 - scraper_cobasi - INFO - Cobasi: Dados extraídos via JSON para Frontline
2026-01-26 20:13:27,046 - scraper_base - INFO - ✅ Cobasi: 10 produto(s) encontrado(s) para Frontline
2026-01-26 20:13:29,489 - scraper_base - INFO - 📦 [8/20] Processando Advocate
2026-01-26 20:13:29,489 - scraper_base - INFO - 🔍 Cobasi: Buscando Advocate
2026-01-26 20:13:31,655 - scraper_cobasi - INFO - Cobasi: Dados extraídos via JSON para Advocate
2026-01-26 20:13:31,655 - scraper_base - INFO - ✅ Cobasi: 12 produto(s) encontrado(s) para Advocate
2026-01-26 20:13:33,789 - scraper_base - INFO - 📦 [9/20] Processando Drontal
2026-01-26 20:13:33,790 - scraper_base - INFO - 🔍 Cobasi: Buscando Drontal
2026-01-26 20:13:34,189 - scraper_cobasi - INFO - Cobasi: Dados extraídos via JSON para Drontal
2026-01-26 20:13:34,189 - scraper_base - INFO - ✅ Cobasi: 8 produto(s) encontrado(s) para Drontal
2026-01-26 20:13:37,152 - scraper_base - INFO - 📦 [10/20] Processando Milbemax
2026-01-26 20:13:37,152 - scraper_base - INFO - 🔍 Cobasi: Buscando Milbemax
2026-01-26 20:13:39,356 - scraper_cobasi - INFO - Cobasi: Dados extraídos via JSON para Milbemax
2026-01-26 20:13:39,356 - scraper_base - INFO - ✅ Cobasi: 4 produto(s) encontrado(s) para Milbemax
2026-01-26 20:13:41,027 - scraper_base - INFO - 📦 [11/20] Processando Vermivet
2026-01-26 20:13:41,027 - scraper_base - INFO - 🔍 Cobasi: Buscando Vermivet
2026-01-26 20:13:43,940 - scraper_cobasi - INFO - Cobasi: Dados extraídos via JSON para Vermivet
2026-01-26 20:13:43,940 - scraper_base - INFO - ✅ Cobasi: 5 produto(s) encontrado(s) para Vermivet
2026-01-26 20:13:45,575 - scraper_base - INFO - 📦 [12/20] Processando Rimadyl
2026-01-26 20:13:45,576 - scraper_base - INFO - 🔍 Cobasi: Buscando Rimadyl
2026-01-26 20:13:47,203 - scraper_cobasi - INFO - Cobasi: Dados extraídos via JSON para Rimadyl
2026-01-26 20:13:47,203 - scraper_base - INFO - ✅ Cobasi: 3 produto(s) encontrado(s) para Rimadyl
2026-01-26 20:13:48,364 - scraper_base - INFO - 📦 [13/20] Processando Onsior
2026-01-26 20:13:48,364 - scraper_base - INFO - 🔍 Cobasi: Buscando Onsior
2026-01-26 20:13:50,509 - scraper_cobasi - INFO - Cobasi: Dados extraídos via JSON para Onsior
2026-01-26 20:13:50,509 - scraper_base - INFO - ✅ Cobasi: 4 produto(s) encontrado(s) para Onsior
2026-01-26 20:13:52,300 - scraper_base - INFO - 📦 [14/20] Processando Maxicam
2026-01-26 20:13:52,300 - scraper_base - INFO - 🔍 Cobasi: Buscando Maxicam
2026-01-26 20:13:55,792 - scraper_cobasi - INFO - Cobasi: Dados extraídos via JSON para Maxicam
2026-01-26 20:13:55,792 - scraper_base - INFO - ✅ Cobasi: 21 produto(s) encontrado(s) para Maxicam
2026-01-26 20:13:57,767 - scraper_base - INFO - 📦 [15/20] Processando Carproflan
2026-01-26 20:13:57,767 - scraper_base - INFO - 🔍 Cobasi: Buscando Carproflan
2026-01-26 20:13:59,715 - scraper_cobasi - INFO - Cobasi: Dados extraídos via JSON para Carproflan
2026-01-26 20:13:59,715 - scraper_base - INFO - ✅ Cobasi: 3 produto(s) encontrado(s) para Carproflan
2026-01-26 20:14:01,008 - scraper_base - INFO - 📦 [16/20] Processando Previcox
2026-01-26 20:14:01,008 - scraper_base - INFO - 🔍 Cobasi: Buscando Previcox
2026-01-26 20:14:03,048 - scraper_cobasi - INFO - Cobasi: Dados extraídos via JSON para Previcox
2026-01-26 20:14:03,048 - scraper_base - INFO - ✅ Cobasi: 2 produto(s) encontrado(s) para Previcox
2026-01-26 20:14:05,984 - scraper_base - INFO - 📦 [17/20] Processando Apoquel
2026-01-26 20:14:05,984 - scraper_base - INFO - 🔍 Cobasi: Buscando Apoquel
2026-01-26 20:14:07,595 - scraper_cobasi - INFO - Cobasi: Dados extraídos via JSON para Apoquel
2026-01-26 20:14:07,595 - scraper_base - INFO - ✅ Cobasi: 3 produto(s) encontrado(s) para Apoquel
2026-01-26 20:14:09,835 - scraper_base - INFO - 📦 [18/20] Processando Zenrelia
2026-01-26 20:14:09,836 - scraper_base - INFO - 🔍 Cobasi: Buscando Zenrelia
2026-01-26 20:14:11,869 - scraper_cobasi - INFO - Cobasi: Dados extraídos via JSON para Zenrelia
2026-01-26 20:14:11,869 - scraper_base - INFO - ✅ Cobasi: 4 produto(s) encontrado(s) para Zenrelia
2026-01-26 20:14:14,565 - scraper_base - INFO - 📦 [19/20] Processando Synulox
2026-01-26 20:14:14,565 - scraper_base - INFO - 🔍 Cobasi: Buscando Synulox
2026-01-26 20:14:16,043 - scraper_cobasi - INFO - Cobasi: Dados extraídos via JSON para Synulox
2026-01-26 20:14:16,043 - scraper_base - INFO - ✅ Cobasi: 2 produto(s) encontrado(s) para Synulox
2026-01-26 20:14:17,776 - scraper_base - INFO - 📦 [20/20] Processando Baytril
2026-01-26 20:14:17,777 - scraper_base - INFO - 🔍 Cobasi: Buscando Baytril
2026-01-26 20:14:20,133 - scraper_cobasi - INFO - Cobasi: Dados extraídos via JSON para Baytril
2026-01-26 20:14:20,133 - scraper_base - INFO - ✅ Cobasi: 4 produto(s) encontrado(s) para Baytril
2026-01-26 20:14:21,330 - scraper_base - INFO - 📊 Cobasi - Estatísticas finais:
2026-01-26 20:14:21,330 - scraper_base - INFO -    • Medicamentos processados: 20
2026-01-26 20:14:21,330 - scraper_base - INFO -    • Produtos encontrados: 167
2026-01-26 20:14:21,330 - scraper_base - INFO -    • Medicamentos sem resultado: 0
2026-01-26 20:14:21,330 - scraper_base - INFO -    • Tempo total: 83.0s
2026-01-26 20:14:21,331 - scraper_base - INFO -    • Tempo médio por medicamento: 4.2s
2026-01-26 20:14:21,510 - gerenciador_arquivos - INFO - Excel salvo: dados_coletados/cobasi_20260126_201421.xlsx (167 produtos)
2026-01-26 20:14:21,510 - gerenciador_principal - INFO - Cobasi: Arquivo individual salvo com sucesso
2026-01-26 20:14:21,510 - gerenciador_principal - INFO - Pausando entre sites...
2026-01-26 20:14:23,511 - gerenciador_principal - INFO - [2/3] Processando Petlove
2026-01-26 20:14:23,511 - scraper_base - INFO - 🚀 Iniciando scraping completo - Petlove
2026-01-26 20:14:23,694 - scraper_base - INFO - 📋 20 medicamentos para processar
2026-01-26 20:14:23,695 - scraper_base - INFO - 📦 [1/20] Processando Simparic
2026-01-26 20:14:23,695 - scraper_base - INFO - 🔍 Petlove: Buscando Simparic
2026-01-26 20:14:29,311 - gerenciador_conexoes - INFO - Chrome inicializado com otimizacoes de velocidade
2026-01-26 20:14:31,895 - scraper_base - INFO - ✅ Petlove: 34 produto(s) encontrado(s) para Simparic
2026-01-26 20:14:33,034 - scraper_base - INFO - 📦 [2/20] Processando Revolution
2026-01-26 20:14:33,035 - scraper_base - INFO - 🔍 Petlove: Buscando Revolution
2026-01-26 20:14:35,052 - scraper_base - INFO - ✅ Petlove: 17 produto(s) encontrado(s) para Revolution
2026-01-26 20:14:36,811 - scraper_base - INFO - 📦 [3/20] Processando NexGard
2026-01-26 20:14:36,811 - scraper_base - INFO - 🔍 Petlove: Buscando NexGard
2026-01-26 20:14:38,379 - scraper_base - INFO - ✅ Petlove: 11 produto(s) encontrado(s) para NexGard
2026-01-26 20:14:40,401 - scraper_base - INFO - 📦 [4/20] Processando NexGard Spectra
2026-01-26 20:14:40,402 - scraper_base - INFO - 🔍 Petlove: Buscando NexGard Spectra
2026-01-26 20:14:41,614 - scraper_base - INFO - ✅ Petlove: 5 produto(s) encontrado(s) para NexGard Spectra
2026-01-26 20:14:43,176 - scraper_base - INFO - 📦 [5/20] Processando NexGard Combo
2026-01-26 20:14:43,176 - scraper_base - INFO - 🔍 Petlove: Buscando NexGard Combo
2026-01-26 20:14:44,518 - scraper_base - INFO - ✅ Petlove: 2 produto(s) encontrado(s) para NexGard Combo
2026-01-26 20:14:46,942 - scraper_base - INFO - 📦 [6/20] Processando Bravecto
2026-01-26 20:14:46,942 - scraper_base - INFO - 🔍 Petlove: Buscando Bravecto
2026-01-26 20:14:48,726 - scraper_base - INFO - ✅ Petlove: 23 produto(s) encontrado(s) para Bravecto
2026-01-26 20:14:50,845 - scraper_base - INFO - 📦 [7/20] Processando Frontline
2026-01-26 20:14:50,846 - scraper_base - INFO - 🔍 Petlove: Buscando Frontline
2026-01-26 20:14:52,562 - scraper_base - INFO - ✅ Petlove: 11 produto(s) encontrado(s) para Frontline
2026-01-26 20:14:54,324 - scraper_base - INFO - 📦 [8/20] Processando Advocate
2026-01-26 20:14:54,325 - scraper_base - INFO - 🔍 Petlove: Buscando Advocate
2026-01-26 20:14:56,102 - scraper_base - INFO - ✅ Petlove: 12 produto(s) encontrado(s) para Advocate
2026-01-26 20:14:58,619 - scraper_base - INFO - 📦 [9/20] Processando Drontal
2026-01-26 20:14:58,619 - scraper_base - INFO - 🔍 Petlove: Buscando Drontal
2026-01-26 20:15:00,500 - scraper_base - INFO - ✅ Petlove: 36 produto(s) encontrado(s) para Drontal
2026-01-26 20:15:03,210 - scraper_base - INFO - 📦 [10/20] Processando Milbemax
2026-01-26 20:15:03,211 - scraper_base - INFO - 🔍 Petlove: Buscando Milbemax
2026-01-26 20:15:05,071 - scraper_base - INFO - ✅ Petlove: 14 produto(s) encontrado(s) para Milbemax
2026-01-26 20:15:06,985 - scraper_base - INFO - 📦 [11/20] Processando Vermivet
2026-01-26 20:15:06,986 - scraper_base - INFO - 🔍 Petlove: Buscando Vermivet
2026-01-26 20:15:09,128 - scraper_base - INFO - ✅ Petlove: 36 produto(s) encontrado(s) para Vermivet
2026-01-26 20:15:11,695 - scraper_base - INFO - 📦 [12/20] Processando Rimadyl
2026-01-26 20:15:11,696 - scraper_base - INFO - 🔍 Petlove: Buscando Rimadyl
2026-01-26 20:15:13,575 - scraper_base - INFO - ✅ Petlove: 1 produto(s) encontrado(s) para Rimadyl
2026-01-26 20:15:15,958 - scraper_base - INFO - 📦 [13/20] Processando Onsior
2026-01-26 20:15:15,958 - scraper_base - INFO - 🔍 Petlove: Buscando Onsior
2026-01-26 20:15:17,261 - scraper_base - INFO - ✅ Petlove: 4 produto(s) encontrado(s) para Onsior
2026-01-26 20:15:19,450 - scraper_base - INFO - 📦 [14/20] Processando Maxicam
2026-01-26 20:15:19,450 - scraper_base - INFO - 🔍 Petlove: Buscando Maxicam
2026-01-26 20:15:20,583 - scraper_base - INFO - ✅ Petlove: 3 produto(s) encontrado(s) para Maxicam
2026-01-26 20:15:22,330 - scraper_base - INFO - 📦 [15/20] Processando Carproflan
2026-01-26 20:15:22,330 - scraper_base - INFO - 🔍 Petlove: Buscando Carproflan
2026-01-26 20:15:23,848 - scraper_base - INFO - ✅ Petlove: 8 produto(s) encontrado(s) para Carproflan
2026-01-26 20:15:25,914 - scraper_base - INFO - 📦 [16/20] Processando Previcox
2026-01-26 20:15:25,914 - scraper_base - INFO - 🔍 Petlove: Buscando Previcox
2026-01-26 20:15:27,311 - scraper_base - INFO - ✅ Petlove: 4 produto(s) encontrado(s) para Previcox
2026-01-26 20:15:28,849 - scraper_base - INFO - 📦 [17/20] Processando Apoquel
2026-01-26 20:15:28,849 - scraper_base - INFO - 🔍 Petlove: Buscando Apoquel
2026-01-26 20:15:30,282 - scraper_base - INFO - ✅ Petlove: 16 produto(s) encontrado(s) para Apoquel
2026-01-26 20:15:32,327 - scraper_base - INFO - 📦 [18/20] Processando Zenrelia
2026-01-26 20:15:32,327 - scraper_base - INFO - 🔍 Petlove: Buscando Zenrelia
2026-01-26 20:15:34,167 - scraper_base - INFO - ✅ Petlove: 4 produto(s) encontrado(s) para Zenrelia
2026-01-26 20:15:36,134 - scraper_base - INFO - 📦 [19/20] Processando Synulox
2026-01-26 20:15:36,135 - scraper_base - INFO - 🔍 Petlove: Buscando Synulox
2026-01-26 20:15:37,243 - scraper_base - INFO - ✅ Petlove: 1 produto(s) encontrado(s) para Synulox
2026-01-26 20:15:38,528 - scraper_base - INFO - 📦 [20/20] Processando Baytril
2026-01-26 20:15:38,528 - scraper_base - INFO - 🔍 Petlove: Buscando Baytril
2026-01-26 20:15:39,749 - scraper_base - INFO - ✅ Petlove: 4 produto(s) encontrado(s) para Baytril
2026-01-26 20:15:42,558 - scraper_base - INFO - 📊 Petlove - Estatísticas finais:
2026-01-26 20:15:42,558 - scraper_base - INFO -    • Medicamentos processados: 20
2026-01-26 20:15:42,558 - scraper_base - INFO -    • Produtos encontrados: 246
2026-01-26 20:15:42,558 - scraper_base - INFO -    • Medicamentos sem resultado: 0
2026-01-26 20:15:42,558 - scraper_base - INFO -    • Tempo total: 79.0s
2026-01-26 20:15:42,558 - scraper_base - INFO -    • Tempo médio por medicamento: 4.0s
2026-01-26 20:15:42,604 - gerenciador_arquivos - INFO - Excel salvo: dados_coletados/petlove_20260126_201542.xlsx (246 produtos)
2026-01-26 20:15:42,604 - gerenciador_principal - INFO - Petlove: Arquivo individual salvo com sucesso
2026-01-26 20:15:42,604 - gerenciador_principal - INFO - Pausando entre sites...
2026-01-26 20:15:44,605 - gerenciador_principal - INFO - [3/3] Processando Petz
2026-01-26 20:15:44,605 - scraper_base - INFO - 🚀 Iniciando scraping completo - Petz
2026-01-26 20:15:44,906 - scraper_base - INFO - 📋 20 medicamentos para processar
2026-01-26 20:15:44,907 - scraper_base - INFO - 📦 [1/20] Processando Simparic
2026-01-26 20:15:44,907 - scraper_base - INFO - 🔍 Petz: Buscando Simparic
2026-01-26 20:15:48,978 - scraper_base - INFO - ✅ Petz: 12 produto(s) encontrado(s) para Simparic
2026-01-26 20:15:50,091 - scraper_base - INFO - 📦 [2/20] Processando Revolution
2026-01-26 20:15:50,091 - scraper_base - INFO - 🔍 Petz: Buscando Revolution
2026-01-26 20:15:52,514 - scraper_base - INFO - ✅ Petz: 24 produto(s) encontrado(s) para Revolution
2026-01-26 20:15:54,956 - scraper_base - INFO - 📦 [3/20] Processando NexGard
2026-01-26 20:15:54,957 - scraper_base - INFO - 🔍 Petz: Buscando NexGard
2026-01-26 20:15:57,239 - scraper_base - INFO - ✅ Petz: 22 produto(s) encontrado(s) para NexGard
2026-01-26 20:15:59,548 - scraper_base - INFO - 📦 [4/20] Processando NexGard Spectra
2026-01-26 20:15:59,548 - scraper_base - INFO - 🔍 Petz: Buscando NexGard Spectra
2026-01-26 20:16:01,033 - scraper_base - INFO - ✅ Petz: 10 produto(s) encontrado(s) para NexGard Spectra
2026-01-26 20:16:03,042 - scraper_base - INFO - 📦 [5/20] Processando NexGard Combo
2026-01-26 20:16:03,042 - scraper_base - INFO - 🔍 Petz: Buscando NexGard Combo
2026-01-26 20:16:04,502 - scraper_base - INFO - ✅ Petz: 4 produto(s) encontrado(s) para NexGard Combo
2026-01-26 20:16:06,830 - scraper_base - INFO - 📦 [6/20] Processando Bravecto
2026-01-26 20:16:06,830 - scraper_base - INFO - 🔍 Petz: Buscando Bravecto
2026-01-26 20:16:08,784 - scraper_base - INFO - ✅ Petz: 16 produto(s) encontrado(s) para Bravecto
2026-01-26 20:16:11,342 - scraper_base - INFO - 📦 [7/20] Processando Frontline
2026-01-26 20:16:11,343 - scraper_base - INFO - 🔍 Petz: Buscando Frontline
2026-01-26 20:16:13,064 - scraper_base - INFO - ✅ Petz: 11 produto(s) encontrado(s) para Frontline
2026-01-26 20:16:15,140 - scraper_base - INFO - 📦 [8/20] Processando Advocate
2026-01-26 20:16:15,140 - scraper_base - INFO - 🔍 Petz: Buscando Advocate
2026-01-26 20:16:16,879 - scraper_base - INFO - ✅ Petz: 12 produto(s) encontrado(s) para Advocate
2026-01-26 20:16:18,913 - scraper_base - INFO - 📦 [9/20] Processando Drontal
2026-01-26 20:16:18,914 - scraper_base - INFO - 🔍 Petz: Buscando Drontal
2026-01-26 20:16:21,456 - scraper_base - INFO - ✅ Petz: 30 produto(s) encontrado(s) para Drontal
2026-01-26 20:16:22,849 - scraper_base - INFO - 📦 [10/20] Processando Milbemax
2026-01-26 20:16:22,849 - scraper_base - INFO - 🔍 Petz: Buscando Milbemax
2026-01-26 20:16:24,243 - scraper_base - INFO - ✅ Petz: 4 produto(s) encontrado(s) para Milbemax
2026-01-26 20:16:25,587 - scraper_base - INFO - 📦 [11/20] Processando Vermivet
2026-01-26 20:16:25,587 - scraper_base - INFO - 🔍 Petz: Buscando Vermivet
2026-01-26 20:16:27,748 - scraper_base - INFO - ✅ Petz: 5 produto(s) encontrado(s) para Vermivet
2026-01-26 20:16:29,845 - scraper_base - INFO - 📦 [12/20] Processando Rimadyl
2026-01-26 20:16:29,845 - scraper_base - INFO - 🔍 Petz: Buscando Rimadyl
2026-01-26 20:16:31,528 - scraper_base - INFO - ✅ Petz: 3 produto(s) encontrado(s) para Rimadyl
2026-01-26 20:16:33,440 - scraper_base - INFO - 📦 [13/20] Processando Onsior
2026-01-26 20:16:33,440 - scraper_base - INFO - 🔍 Petz: Buscando Onsior
2026-01-26 20:16:34,977 - scraper_base - INFO - ✅ Petz: 4 produto(s) encontrado(s) para Onsior
2026-01-26 20:16:37,419 - scraper_base - INFO - 📦 [14/20] Processando Maxicam
2026-01-26 20:16:37,419 - scraper_base - INFO - 🔍 Petz: Buscando Maxicam
2026-01-26 20:16:39,617 - scraper_base - INFO - ✅ Petz: 30 produto(s) encontrado(s) para Maxicam
2026-01-26 20:16:40,803 - scraper_base - INFO - 📦 [15/20] Processando Carproflan
2026-01-26 20:16:40,803 - scraper_base - INFO - 🔍 Petz: Buscando Carproflan
2026-01-26 20:16:42,241 - scraper_base - INFO - ✅ Petz: 3 produto(s) encontrado(s) para Carproflan
2026-01-26 20:16:44,849 - scraper_base - INFO - 📦 [16/20] Processando Previcox
2026-01-26 20:16:44,849 - scraper_base - INFO - 🔍 Petz: Buscando Previcox
2026-01-26 20:16:46,495 - scraper_base - INFO - ✅ Petz: 2 produto(s) encontrado(s) para Previcox
2026-01-26 20:16:48,575 - scraper_base - INFO - 📦 [17/20] Processando Apoquel
2026-01-26 20:16:48,575 - scraper_base - INFO - 🔍 Petz: Buscando Apoquel
2026-01-26 20:16:50,086 - scraper_base - INFO - ✅ Petz: 3 produto(s) encontrado(s) para Apoquel
2026-01-26 20:16:51,701 - scraper_base - INFO - 📦 [18/20] Processando Zenrelia
2026-01-26 20:16:51,702 - scraper_base - INFO - 🔍 Petz: Buscando Zenrelia
2026-01-26 20:16:56,122 - scraper_base - INFO - ✅ Petz: 4 produto(s) encontrado(s) para Zenrelia
2026-01-26 20:16:57,897 - scraper_base - INFO - 📦 [19/20] Processando Synulox
2026-01-26 20:16:57,897 - scraper_base - INFO - 🔍 Petz: Buscando Synulox
2026-01-26 20:17:00,084 - scraper_base - INFO - ✅ Petz: 2 produto(s) encontrado(s) para Synulox
2026-01-26 20:17:01,241 - scraper_base - INFO - 📦 [20/20] Processando Baytril
2026-01-26 20:17:01,241 - scraper_base - INFO - 🔍 Petz: Buscando Baytril
2026-01-26 20:17:03,083 - scraper_base - INFO - ✅ Petz: 9 produto(s) encontrado(s) para Baytril
2026-01-26 20:17:05,044 - scraper_base - INFO - 📊 Petz - Estatísticas finais:
2026-01-26 20:17:05,044 - scraper_base - INFO -    • Medicamentos processados: 20
2026-01-26 20:17:05,044 - scraper_base - INFO -    • Produtos encontrados: 210
2026-01-26 20:17:05,044 - scraper_base - INFO -    • Medicamentos sem resultado: 0
2026-01-26 20:17:05,044 - scraper_base - INFO -    • Tempo total: 80.4s
2026-01-26 20:17:05,044 - scraper_base - INFO -    • Tempo médio por medicamento: 4.0s
2026-01-26 20:17:05,087 - gerenciador_arquivos - INFO - Excel salvo: dados_coletados/petz_20260126_201705.xlsx (210 produtos)
2026-01-26 20:17:05,088 - gerenciador_principal - INFO - Petz: Arquivo individual salvo com sucesso
2026-01-26 20:17:05,088 - gerenciador_principal - INFO - Gerando relatório consolidado...
2026-01-26 20:17:05,301 - gerenciador_arquivos - INFO - Relatório consolidado salvo: dados_relatorios/relatorio_consolidado_20260126_201705.xlsx
2026-01-26 20:17:05,426 - gerenciador_conexoes - INFO - Chrome fechado
2026-01-26 20:17:05,426 - gerenciador_conexoes - INFO - Métodos utilizados - Requests: 33.3%, Selenium: 66.7%, Falhas: 0.0%
2026-01-26 20:17:05,426 - gerenciador_principal - INFO - ============================================================
2026-01-26 20:17:05,426 - gerenciador_principal - INFO - RELATORIO FINAL DE EXECUÇÃO
2026-01-26 20:17:05,426 - gerenciador_principal - INFO - ============================================================
2026-01-26 20:17:05,426 - gerenciador_principal - INFO - Sites processados: 3
2026-01-26 20:17:05,426 - gerenciador_principal - INFO - Sites com sucesso: 3
2026-01-26 20:17:05,426 - gerenciador_principal - INFO - Total de produtos coletados: 623
2026-01-26 20:17:05,426 - gerenciador_principal - INFO - Tempo total de execução: 246.8 segundos
2026-01-26 20:17:05,426 - gerenciador_principal - INFO - Estatísticas de conexão:
2026-01-26 20:17:05,426 - gerenciador_principal - INFO -   - Requests bem-sucedidos: 33.3%
2026-01-26 20:17:05,426 - gerenciador_principal - INFO -   - Selenium fallback: 66.7%
2026-01-26 20:17:05,426 - gerenciador_principal - INFO -   - Falhas totais: 0.0%
2026-01-26 20:17:05,428 - gerenciador_principal - INFO - Arquivos salvos na pasta: dados_coletados
2026-01-26 20:17:05,428 - gerenciador_principal - INFO - Total de arquivos: 343
2026-01-26 20:17:05,428 - gerenciador_principal - INFO - ============================================================
