2026-02-14 20:12:41,668 - configurador_logs - INFO - Sistema de logs configurado com sucesso
2026-02-14 20:12:41,668 - configurador_logs - INFO - 🚀 Logs configurados para MODO PRODUÇÃO
2026-02-14 20:12:41,668 - gerenciador_principal - INFO - Inicializando sistema - Modo: PRODUCAO
2026-02-14 20:12:41,668 - gerenciador_arquivos - INFO - Pasta dados_coletados preparada
2026-02-14 20:12:41,668 - gerenciador_principal - INFO - Sistema inicializado com 3 scrapers
2026-02-14 20:12:41,668 - gerenciador_principal - INFO - ============================================================
2026-02-14 20:12:41,668 - gerenciador_principal - INFO - INICIANDO SCRAPING COMPLETO - PRODUCAO
2026-02-14 20:12:41,668 - gerenciador_principal - INFO - ============================================================
2026-02-14 20:12:41,668 - gerenciador_principal - INFO - [1/3] Processando Cobasi
2026-02-14 20:12:41,668 - scraper_base - INFO - 🚀 Iniciando scraping completo - Cobasi
2026-02-14 20:12:42,052 - gerenciador_conexoes - INFO - Sessao estabelecida com cobasi.com.br
2026-02-14 20:12:42,052 - scraper_base - INFO - 📋 20 medicamentos para processar
2026-02-14 20:12:42,052 - scraper_base - INFO - 📦 [1/20] Processando Simparic
2026-02-14 20:12:42,052 - scraper_base - INFO - 🔍 Cobasi: Buscando Simparic
2026-02-14 20:12:42,885 - scraper_cobasi - INFO - Cobasi: Dados extraídos via JSON para Simparic
2026-02-14 20:12:42,885 - scraper_base - INFO - ✅ Cobasi: 12 produto(s) encontrado(s) para Simparic
2026-02-14 20:12:44,733 - scraper_base - INFO - 📦 [2/20] Processando Revolution
2026-02-14 20:12:44,733 - scraper_base - INFO - 🔍 Cobasi: Buscando Revolution
2026-02-14 20:12:45,217 - scraper_cobasi - INFO - Cobasi: Dados extraídos via JSON para Revolution
2026-02-14 20:12:45,218 - scraper_base - INFO - ✅ Cobasi: 18 produto(s) encontrado(s) para Revolution
2026-02-14 20:12:47,174 - scraper_base - INFO - 📦 [3/20] Processando NexGard
2026-02-14 20:12:47,174 - scraper_base - INFO - 🔍 Cobasi: Buscando NexGard
2026-02-14 20:12:47,873 - scraper_cobasi - INFO - Cobasi: Dados extraídos via JSON para NexGard
2026-02-14 20:12:47,873 - scraper_base - INFO - ✅ Cobasi: 22 produto(s) encontrado(s) para NexGard
2026-02-14 20:12:50,698 - scraper_base - INFO - 📦 [4/20] Processando NexGard Spectra
2026-02-14 20:12:50,698 - scraper_base - INFO - 🔍 Cobasi: Buscando NexGard Spectra
2026-02-14 20:12:53,407 - scraper_cobasi - INFO - Cobasi: Dados extraídos via JSON para NexGard Spectra
2026-02-14 20:12:53,407 - scraper_base - INFO - ✅ Cobasi: 10 produto(s) encontrado(s) para NexGard Spectra
2026-02-14 20:12:55,498 - scraper_base - INFO - 📦 [5/20] Processando NexGard Combo
2026-02-14 20:12:55,498 - scraper_base - INFO - 🔍 Cobasi: Buscando NexGard Combo
2026-02-14 20:12:57,236 - scraper_cobasi - INFO - Cobasi: Dados extraídos via JSON para NexGard Combo
2026-02-14 20:12:57,236 - scraper_base - INFO - ✅ Cobasi: 4 produto(s) encontrado(s) para NexGard Combo
2026-02-14 20:12:58,981 - scraper_base - INFO - 📦 [6/20] Processando Bravecto
2026-02-14 20:12:58,982 - scraper_base - INFO - 🔍 Cobasi: Buscando Bravecto
2026-02-14 20:13:07,820 - scraper_cobasi - INFO - Cobasi: Dados extraídos via JSON para Bravecto
2026-02-14 20:13:07,820 - scraper_base - INFO - ✅ Cobasi: 16 produto(s) encontrado(s) para Bravecto
2026-02-14 20:13:10,418 - scraper_base - INFO - 📦 [7/20] Processando Frontline
2026-02-14 20:13:10,418 - scraper_base - INFO - 🔍 Cobasi: Buscando Frontline
2026-02-14 20:13:13,027 - scraper_cobasi - INFO - Cobasi: Dados extraídos via JSON para Frontline
2026-02-14 20:13:13,027 - scraper_base - INFO - ✅ Cobasi: 10 produto(s) encontrado(s) para Frontline
2026-02-14 20:13:14,392 - scraper_base - INFO - 📦 [8/20] Processando Advocate
2026-02-14 20:13:14,392 - scraper_base - INFO - 🔍 Cobasi: Buscando Advocate
2026-02-14 20:13:14,973 - scraper_cobasi - INFO - Cobasi: Dados extraídos via JSON para Advocate
2026-02-14 20:13:14,973 - scraper_base - INFO - ✅ Cobasi: 12 produto(s) encontrado(s) para Advocate
2026-02-14 20:13:16,195 - scraper_base - INFO - 📦 [9/20] Processando Drontal
2026-02-14 20:13:16,195 - scraper_base - INFO - 🔍 Cobasi: Buscando Drontal
2026-02-14 20:13:18,440 - scraper_cobasi - INFO - Cobasi: Dados extraídos via JSON para Drontal
2026-02-14 20:13:18,440 - scraper_base - INFO - ✅ Cobasi: 8 produto(s) encontrado(s) para Drontal
2026-02-14 20:13:20,843 - scraper_base - INFO - 📦 [10/20] Processando Milbemax
2026-02-14 20:13:20,843 - scraper_base - INFO - 🔍 Cobasi: Buscando Milbemax
2026-02-14 20:13:21,482 - scraper_cobasi - INFO - Cobasi: Dados extraídos via JSON para Milbemax
2026-02-14 20:13:21,482 - scraper_base - INFO - ✅ Cobasi: 4 produto(s) encontrado(s) para Milbemax
2026-02-14 20:13:24,017 - scraper_base - INFO - 📦 [11/20] Processando Vermivet
2026-02-14 20:13:24,017 - scraper_base - INFO - 🔍 Cobasi: Buscando Vermivet
2026-02-14 20:13:24,482 - scraper_cobasi - INFO - Cobasi: Dados extraídos via JSON para Vermivet
2026-02-14 20:13:24,482 - scraper_base - INFO - ✅ Cobasi: 5 produto(s) encontrado(s) para Vermivet
2026-02-14 20:13:25,571 - scraper_base - INFO - 📦 [12/20] Processando Rimadyl
2026-02-14 20:13:25,572 - scraper_base - INFO - 🔍 Cobasi: Buscando Rimadyl
2026-02-14 20:13:27,253 - scraper_cobasi - INFO - Cobasi: Dados extraídos via JSON para Rimadyl
2026-02-14 20:13:27,253 - scraper_base - INFO - ✅ Cobasi: 3 produto(s) encontrado(s) para Rimadyl
2026-02-14 20:13:30,125 - scraper_base - INFO - 📦 [13/20] Processando Onsior
2026-02-14 20:13:30,126 - scraper_base - INFO - 🔍 Cobasi: Buscando Onsior
2026-02-14 20:13:31,998 - scraper_cobasi - INFO - Cobasi: Dados extraídos via JSON para Onsior
2026-02-14 20:13:31,998 - scraper_base - INFO - ✅ Cobasi: 4 produto(s) encontrado(s) para Onsior
2026-02-14 20:13:34,289 - scraper_base - INFO - 📦 [14/20] Processando Maxicam
2026-02-14 20:13:34,289 - scraper_base - INFO - 🔍 Cobasi: Buscando Maxicam
2026-02-14 20:13:37,082 - scraper_cobasi - INFO - Cobasi: Dados extraídos via JSON para Maxicam
2026-02-14 20:13:37,082 - scraper_base - INFO - ✅ Cobasi: 21 produto(s) encontrado(s) para Maxicam
2026-02-14 20:13:38,765 - scraper_base - INFO - 📦 [15/20] Processando Carproflan
2026-02-14 20:13:38,765 - scraper_base - INFO - 🔍 Cobasi: Buscando Carproflan
2026-02-14 20:13:39,511 - scraper_cobasi - INFO - Cobasi: Dados extraídos via JSON para Carproflan
2026-02-14 20:13:39,512 - scraper_base - INFO - ✅ Cobasi: 3 produto(s) encontrado(s) para Carproflan
2026-02-14 20:13:42,169 - scraper_base - INFO - 📦 [16/20] Processando Previcox
2026-02-14 20:13:42,169 - scraper_base - INFO - 🔍 Cobasi: Buscando Previcox
2026-02-14 20:13:42,619 - scraper_cobasi - INFO - Cobasi: Dados extraídos via JSON para Previcox
2026-02-14 20:13:42,619 - scraper_base - INFO - ✅ Cobasi: 2 produto(s) encontrado(s) para Previcox
2026-02-14 20:13:44,028 - scraper_base - INFO - 📦 [17/20] Processando Apoquel
2026-02-14 20:13:44,028 - scraper_base - INFO - 🔍 Cobasi: Buscando Apoquel
2026-02-14 20:13:45,969 - scraper_cobasi - INFO - Cobasi: Dados extraídos via JSON para Apoquel
2026-02-14 20:13:45,969 - scraper_base - INFO - ✅ Cobasi: 3 produto(s) encontrado(s) para Apoquel
2026-02-14 20:13:48,741 - scraper_base - INFO - 📦 [18/20] Processando Zenrelia
2026-02-14 20:13:48,742 - scraper_base - INFO - 🔍 Cobasi: Buscando Zenrelia
2026-02-14 20:13:50,591 - scraper_cobasi - INFO - Cobasi: Dados extraídos via JSON para Zenrelia
2026-02-14 20:13:50,591 - scraper_base - INFO - ✅ Cobasi: 4 produto(s) encontrado(s) para Zenrelia
2026-02-14 20:13:52,711 - scraper_base - INFO - 📦 [19/20] Processando Synulox
2026-02-14 20:13:52,711 - scraper_base - INFO - 🔍 Cobasi: Buscando Synulox
2026-02-14 20:13:53,290 - scraper_cobasi - INFO - Cobasi: Dados extraídos via JSON para Synulox
2026-02-14 20:13:53,290 - scraper_base - INFO - ✅ Cobasi: 2 produto(s) encontrado(s) para Synulox
2026-02-14 20:13:55,254 - scraper_base - INFO - 📦 [20/20] Processando Baytril
2026-02-14 20:13:55,254 - scraper_base - INFO - 🔍 Cobasi: Buscando Baytril
2026-02-14 20:13:57,355 - scraper_cobasi - INFO - Cobasi: Dados extraídos via JSON para Baytril
2026-02-14 20:13:57,355 - scraper_base - INFO - ✅ Cobasi: 4 produto(s) encontrado(s) para Baytril
2026-02-14 20:13:58,813 - scraper_base - INFO - 📊 Cobasi - Estatísticas finais:
2026-02-14 20:13:58,813 - scraper_base - INFO -    • Medicamentos processados: 20
2026-02-14 20:13:58,813 - scraper_base - INFO -    • Produtos encontrados: 167
2026-02-14 20:13:58,813 - scraper_base - INFO -    • Medicamentos sem resultado: 0
2026-02-14 20:13:58,814 - scraper_base - INFO -    • Tempo total: 77.1s
2026-02-14 20:13:58,814 - scraper_base - INFO -    • Tempo médio por medicamento: 3.9s
2026-02-14 20:13:58,968 - gerenciador_arquivos - INFO - Excel salvo: dados_coletados/cobasi_20260214_201358.xlsx (167 produtos)
2026-02-14 20:13:58,968 - gerenciador_principal - INFO - Cobasi: Arquivo individual salvo com sucesso
2026-02-14 20:13:58,968 - gerenciador_principal - INFO - Pausando entre sites...
2026-02-14 20:14:00,969 - gerenciador_principal - INFO - [2/3] Processando Petlove
2026-02-14 20:14:00,969 - scraper_base - INFO - 🚀 Iniciando scraping completo - Petlove
2026-02-14 20:14:01,233 - scraper_base - INFO - 📋 20 medicamentos para processar
2026-02-14 20:14:01,233 - scraper_base - INFO - 📦 [1/20] Processando Simparic
2026-02-14 20:14:01,233 - scraper_base - INFO - 🔍 Petlove: Buscando Simparic
2026-02-14 20:14:07,716 - gerenciador_conexoes - INFO - Chrome inicializado com otimizacoes de velocidade
2026-02-14 20:14:08,506 - scraper_petlove - INFO - Petlove: Nenhum produto encontrado para Simparic
2026-02-14 20:14:08,506 - scraper_base - INFO - ⚪ Petlove: Nenhum produto encontrado para Simparic
2026-02-14 20:14:09,926 - scraper_base - INFO - 📦 [2/20] Processando Revolution
2026-02-14 20:14:09,926 - scraper_base - INFO - 🔍 Petlove: Buscando Revolution
2026-02-14 20:14:10,276 - scraper_petlove - INFO - Petlove: Nenhum produto encontrado para Revolution
2026-02-14 20:14:10,276 - scraper_base - INFO - ⚪ Petlove: Nenhum produto encontrado para Revolution
2026-02-14 20:14:11,782 - scraper_base - INFO - 📦 [3/20] Processando NexGard
2026-02-14 20:14:11,782 - scraper_base - INFO - 🔍 Petlove: Buscando NexGard
2026-02-14 20:14:14,594 - scraper_base - INFO - ✅ Petlove: 11 produto(s) encontrado(s) para NexGard
2026-02-14 20:14:16,726 - scraper_base - INFO - 📦 [4/20] Processando NexGard Spectra
2026-02-14 20:14:16,726 - scraper_base - INFO - 🔍 Petlove: Buscando NexGard Spectra
2026-02-14 20:14:19,037 - scraper_base - INFO - ✅ Petlove: 5 produto(s) encontrado(s) para NexGard Spectra
2026-02-14 20:14:20,297 - scraper_base - INFO - 📦 [5/20] Processando NexGard Combo
2026-02-14 20:14:20,297 - scraper_base - INFO - 🔍 Petlove: Buscando NexGard Combo
2026-02-14 20:14:21,684 - scraper_base - INFO - ✅ Petlove: 2 produto(s) encontrado(s) para NexGard Combo
2026-02-14 20:14:23,641 - scraper_base - INFO - 📦 [6/20] Processando Bravecto
2026-02-14 20:14:23,641 - scraper_base - INFO - 🔍 Petlove: Buscando Bravecto
2026-02-14 20:14:25,609 - scraper_base - INFO - ✅ Petlove: 23 produto(s) encontrado(s) para Bravecto
2026-02-14 20:14:27,280 - scraper_base - INFO - 📦 [7/20] Processando Frontline
2026-02-14 20:14:27,281 - scraper_base - INFO - 🔍 Petlove: Buscando Frontline
2026-02-14 20:14:29,315 - scraper_base - INFO - ✅ Petlove: 11 produto(s) encontrado(s) para Frontline
2026-02-14 20:14:30,965 - scraper_base - INFO - 📦 [8/20] Processando Advocate
2026-02-14 20:14:30,965 - scraper_base - INFO - 🔍 Petlove: Buscando Advocate
2026-02-14 20:14:33,442 - scraper_base - INFO - ✅ Petlove: 12 produto(s) encontrado(s) para Advocate
2026-02-14 20:14:34,651 - scraper_base - INFO - 📦 [9/20] Processando Drontal
2026-02-14 20:14:34,651 - scraper_base - INFO - 🔍 Petlove: Buscando Drontal
2026-02-14 20:14:36,610 - scraper_base - INFO - ✅ Petlove: 36 produto(s) encontrado(s) para Drontal
2026-02-14 20:14:37,899 - scraper_base - INFO - 📦 [10/20] Processando Milbemax
2026-02-14 20:14:37,899 - scraper_base - INFO - 🔍 Petlove: Buscando Milbemax
2026-02-14 20:14:39,784 - scraper_base - INFO - ✅ Petlove: 14 produto(s) encontrado(s) para Milbemax
2026-02-14 20:14:41,668 - scraper_base - INFO - 📦 [11/20] Processando Vermivet
2026-02-14 20:14:41,668 - scraper_base - INFO - 🔍 Petlove: Buscando Vermivet
2026-02-14 20:14:43,561 - scraper_base - INFO - ✅ Petlove: 36 produto(s) encontrado(s) para Vermivet
2026-02-14 20:14:45,615 - scraper_base - INFO - 📦 [12/20] Processando Rimadyl
2026-02-14 20:14:45,615 - scraper_base - INFO - 🔍 Petlove: Buscando Rimadyl
2026-02-14 20:14:47,082 - scraper_base - INFO - ✅ Petlove: 1 produto(s) encontrado(s) para Rimadyl
2026-02-14 20:14:49,839 - scraper_base - INFO - 📦 [13/20] Processando Onsior
2026-02-14 20:14:49,840 - scraper_base - INFO - 🔍 Petlove: Buscando Onsior
2026-02-14 20:14:51,433 - scraper_base - INFO - ✅ Petlove: 4 produto(s) encontrado(s) para Onsior
2026-02-14 20:14:54,180 - scraper_base - INFO - 📦 [14/20] Processando Maxicam
2026-02-14 20:14:54,180 - scraper_base - INFO - 🔍 Petlove: Buscando Maxicam
2026-02-14 20:14:55,713 - scraper_base - INFO - ✅ Petlove: 3 produto(s) encontrado(s) para Maxicam
2026-02-14 20:14:58,706 - scraper_base - INFO - 📦 [15/20] Processando Carproflan
2026-02-14 20:14:58,706 - scraper_base - INFO - 🔍 Petlove: Buscando Carproflan
2026-02-14 20:15:00,207 - scraper_base - INFO - ✅ Petlove: 8 produto(s) encontrado(s) para Carproflan
2026-02-14 20:15:01,513 - scraper_base - INFO - 📦 [16/20] Processando Previcox
2026-02-14 20:15:01,514 - scraper_base - INFO - 🔍 Petlove: Buscando Previcox
2026-02-14 20:15:03,373 - scraper_base - INFO - ✅ Petlove: 4 produto(s) encontrado(s) para Previcox
2026-02-14 20:15:06,068 - scraper_base - INFO - 📦 [17/20] Processando Apoquel
2026-02-14 20:15:06,068 - scraper_base - INFO - 🔍 Petlove: Buscando Apoquel
2026-02-14 20:15:07,924 - scraper_base - INFO - ✅ Petlove: 16 produto(s) encontrado(s) para Apoquel
2026-02-14 20:15:10,766 - scraper_base - INFO - 📦 [18/20] Processando Zenrelia
2026-02-14 20:15:10,767 - scraper_base - INFO - 🔍 Petlove: Buscando Zenrelia
2026-02-14 20:15:12,257 - scraper_base - INFO - ✅ Petlove: 4 produto(s) encontrado(s) para Zenrelia
2026-02-14 20:15:14,295 - scraper_base - INFO - 📦 [19/20] Processando Synulox
2026-02-14 20:15:14,295 - scraper_base - INFO - 🔍 Petlove: Buscando Synulox
2026-02-14 20:15:15,755 - scraper_base - INFO - ✅ Petlove: 1 produto(s) encontrado(s) para Synulox
2026-02-14 20:15:18,481 - scraper_base - INFO - 📦 [20/20] Processando Baytril
2026-02-14 20:15:18,482 - scraper_base - INFO - 🔍 Petlove: Buscando Baytril
2026-02-14 20:15:20,401 - scraper_base - INFO - ✅ Petlove: 4 produto(s) encontrado(s) para Baytril
2026-02-14 20:15:21,632 - scraper_base - INFO - 📊 Petlove - Estatísticas finais:
2026-02-14 20:15:21,632 - scraper_base - INFO -    • Medicamentos processados: 20
2026-02-14 20:15:21,632 - scraper_base - INFO -    • Produtos encontrados: 195
2026-02-14 20:15:21,632 - scraper_base - INFO -    • Medicamentos sem resultado: 2
2026-02-14 20:15:21,632 - scraper_base - INFO -    • Tempo total: 80.7s
2026-02-14 20:15:21,632 - scraper_base - INFO -    • Tempo médio por medicamento: 4.0s
2026-02-14 20:15:21,670 - gerenciador_arquivos - INFO - Excel salvo: dados_coletados/petlove_20260214_201521.xlsx (195 produtos)
2026-02-14 20:15:21,670 - gerenciador_principal - INFO - Petlove: Arquivo individual salvo com sucesso
2026-02-14 20:15:21,670 - gerenciador_principal - INFO - Pausando entre sites...
2026-02-14 20:15:23,671 - gerenciador_principal - INFO - [3/3] Processando Petz
2026-02-14 20:15:23,671 - scraper_base - INFO - 🚀 Iniciando scraping completo - Petz
2026-02-14 20:15:23,952 - scraper_base - INFO - 📋 20 medicamentos para processar
2026-02-14 20:15:23,953 - scraper_base - INFO - 📦 [1/20] Processando Simparic
2026-02-14 20:15:23,953 - scraper_base - INFO - 🔍 Petz: Buscando Simparic
2026-02-14 20:15:24,107 - scraper_petz - INFO - Petz: Nenhum product-card encontrado para Simparic
2026-02-14 20:15:24,108 - scraper_base - INFO - ⚪ Petz: Nenhum produto encontrado para Simparic
2026-02-14 20:15:27,072 - scraper_base - INFO - 📦 [2/20] Processando Revolution
2026-02-14 20:15:27,072 - scraper_base - INFO - 🔍 Petz: Buscando Revolution
2026-02-14 20:15:27,182 - scraper_petz - INFO - Petz: Nenhum product-card encontrado para Revolution
2026-02-14 20:15:27,182 - scraper_base - INFO - ⚪ Petz: Nenhum produto encontrado para Revolution
2026-02-14 20:15:29,194 - scraper_base - INFO - 📦 [3/20] Processando NexGard
2026-02-14 20:15:29,194 - scraper_base - INFO - 🔍 Petz: Buscando NexGard
2026-02-14 20:15:29,303 - scraper_petz - INFO - Petz: Nenhum product-card encontrado para NexGard
2026-02-14 20:15:29,304 - scraper_base - INFO - ⚪ Petz: Nenhum produto encontrado para NexGard
2026-02-14 20:15:31,158 - scraper_base - INFO - 📦 [4/20] Processando NexGard Spectra
2026-02-14 20:15:31,158 - scraper_base - INFO - 🔍 Petz: Buscando NexGard Spectra
2026-02-14 20:15:31,263 - scraper_petz - INFO - Petz: Nenhum product-card encontrado para NexGard Spectra
2026-02-14 20:15:31,263 - scraper_base - INFO - ⚪ Petz: Nenhum produto encontrado para NexGard Spectra
2026-02-14 20:15:32,892 - scraper_base - INFO - 📦 [5/20] Processando NexGard Combo
2026-02-14 20:15:32,892 - scraper_base - INFO - 🔍 Petz: Buscando NexGard Combo
2026-02-14 20:15:33,002 - scraper_petz - INFO - Petz: Nenhum product-card encontrado para NexGard Combo
2026-02-14 20:15:33,002 - scraper_base - INFO - ⚪ Petz: Nenhum produto encontrado para NexGard Combo
2026-02-14 20:15:35,975 - scraper_base - INFO - 📦 [6/20] Processando Bravecto
2026-02-14 20:15:35,975 - scraper_base - INFO - 🔍 Petz: Buscando Bravecto
2026-02-14 20:15:36,085 - scraper_petz - INFO - Petz: Nenhum product-card encontrado para Bravecto
2026-02-14 20:15:36,085 - scraper_base - INFO - ⚪ Petz: Nenhum produto encontrado para Bravecto
2026-02-14 20:15:38,990 - scraper_base - INFO - 📦 [7/20] Processando Frontline
2026-02-14 20:15:38,990 - scraper_base - INFO - 🔍 Petz: Buscando Frontline
2026-02-14 20:15:39,101 - scraper_petz - INFO - Petz: Nenhum product-card encontrado para Frontline
2026-02-14 20:15:39,101 - scraper_base - INFO - ⚪ Petz: Nenhum produto encontrado para Frontline
2026-02-14 20:15:41,862 - scraper_base - INFO - 📦 [8/20] Processando Advocate
2026-02-14 20:15:41,862 - scraper_base - INFO - 🔍 Petz: Buscando Advocate
2026-02-14 20:15:41,975 - scraper_petz - INFO - Petz: Nenhum product-card encontrado para Advocate
2026-02-14 20:15:41,975 - scraper_base - INFO - ⚪ Petz: Nenhum produto encontrado para Advocate
2026-02-14 20:15:43,610 - scraper_base - INFO - 📦 [9/20] Processando Drontal
2026-02-14 20:15:43,610 - scraper_base - INFO - 🔍 Petz: Buscando Drontal
2026-02-14 20:15:43,718 - scraper_petz - INFO - Petz: Nenhum product-card encontrado para Drontal
2026-02-14 20:15:43,718 - scraper_base - INFO - ⚪ Petz: Nenhum produto encontrado para Drontal
2026-02-14 20:15:46,637 - scraper_base - INFO - 📦 [10/20] Processando Milbemax
2026-02-14 20:15:46,637 - scraper_base - INFO - 🔍 Petz: Buscando Milbemax
2026-02-14 20:15:47,031 - scraper_petz - INFO - Petz: Nenhum product-card encontrado para Milbemax
2026-02-14 20:15:47,031 - scraper_base - INFO - ⚪ Petz: Nenhum produto encontrado para Milbemax
2026-02-14 20:15:48,766 - scraper_base - INFO - 📦 [11/20] Processando Vermivet
2026-02-14 20:15:48,767 - scraper_base - INFO - 🔍 Petz: Buscando Vermivet
2026-02-14 20:15:48,870 - scraper_petz - INFO - Petz: Nenhum product-card encontrado para Vermivet
2026-02-14 20:15:48,870 - scraper_base - INFO - ⚪ Petz: Nenhum produto encontrado para Vermivet
2026-02-14 20:15:51,361 - scraper_base - INFO - 📦 [12/20] Processando Rimadyl
2026-02-14 20:15:51,361 - scraper_base - INFO - 🔍 Petz: Buscando Rimadyl
2026-02-14 20:15:51,465 - scraper_petz - INFO - Petz: Nenhum product-card encontrado para Rimadyl
2026-02-14 20:15:51,465 - scraper_base - INFO - ⚪ Petz: Nenhum produto encontrado para Rimadyl
2026-02-14 20:15:52,531 - scraper_base - INFO - 📦 [13/20] Processando Onsior
2026-02-14 20:15:52,531 - scraper_base - INFO - 🔍 Petz: Buscando Onsior
2026-02-14 20:15:52,643 - scraper_petz - INFO - Petz: Nenhum product-card encontrado para Onsior
2026-02-14 20:15:52,643 - scraper_base - INFO - ⚪ Petz: Nenhum produto encontrado para Onsior
2026-02-14 20:15:54,447 - scraper_base - INFO - 📦 [14/20] Processando Maxicam
2026-02-14 20:15:54,447 - scraper_base - INFO - 🔍 Petz: Buscando Maxicam
2026-02-14 20:15:54,559 - scraper_petz - INFO - Petz: Nenhum product-card encontrado para Maxicam
2026-02-14 20:15:54,559 - scraper_base - INFO - ⚪ Petz: Nenhum produto encontrado para Maxicam
2026-02-14 20:15:56,336 - scraper_base - INFO - 📦 [15/20] Processando Carproflan
2026-02-14 20:15:56,336 - scraper_base - INFO - 🔍 Petz: Buscando Carproflan
2026-02-14 20:15:56,440 - scraper_petz - INFO - Petz: Nenhum product-card encontrado para Carproflan
2026-02-14 20:15:56,440 - scraper_base - INFO - ⚪ Petz: Nenhum produto encontrado para Carproflan
2026-02-14 20:15:58,944 - scraper_base - INFO - 📦 [16/20] Processando Previcox
2026-02-14 20:15:58,944 - scraper_base - INFO - 🔍 Petz: Buscando Previcox
2026-02-14 20:15:59,050 - scraper_petz - INFO - Petz: Nenhum product-card encontrado para Previcox
2026-02-14 20:15:59,050 - scraper_base - INFO - ⚪ Petz: Nenhum produto encontrado para Previcox
2026-02-14 20:16:01,971 - scraper_base - INFO - 📦 [17/20] Processando Apoquel
2026-02-14 20:16:01,971 - scraper_base - INFO - 🔍 Petz: Buscando Apoquel
2026-02-14 20:16:02,082 - scraper_petz - INFO - Petz: Nenhum product-card encontrado para Apoquel
2026-02-14 20:16:02,083 - scraper_base - INFO - ⚪ Petz: Nenhum produto encontrado para Apoquel
2026-02-14 20:16:04,545 - scraper_base - INFO - 📦 [18/20] Processando Zenrelia
2026-02-14 20:16:04,545 - scraper_base - INFO - 🔍 Petz: Buscando Zenrelia
2026-02-14 20:16:04,650 - scraper_petz - INFO - Petz: Nenhum product-card encontrado para Zenrelia
2026-02-14 20:16:04,651 - scraper_base - INFO - ⚪ Petz: Nenhum produto encontrado para Zenrelia
2026-02-14 20:16:06,807 - scraper_base - INFO - 📦 [19/20] Processando Synulox
2026-02-14 20:16:06,807 - scraper_base - INFO - 🔍 Petz: Buscando Synulox
2026-02-14 20:16:07,217 - scraper_petz - INFO - Petz: Nenhum product-card encontrado para Synulox
2026-02-14 20:16:07,217 - scraper_base - INFO - ⚪ Petz: Nenhum produto encontrado para Synulox
2026-02-14 20:16:09,804 - scraper_base - INFO - 📦 [20/20] Processando Baytril
2026-02-14 20:16:09,805 - scraper_base - INFO - 🔍 Petz: Buscando Baytril
2026-02-14 20:16:09,910 - scraper_petz - INFO - Petz: Nenhum product-card encontrado para Baytril
2026-02-14 20:16:09,910 - scraper_base - INFO - ⚪ Petz: Nenhum produto encontrado para Baytril
2026-02-14 20:16:11,211 - scraper_base - INFO - 📊 Petz - Estatísticas finais:
2026-02-14 20:16:11,211 - scraper_base - INFO -    • Medicamentos processados: 20
2026-02-14 20:16:11,212 - scraper_base - INFO -    • Produtos encontrados: 0
2026-02-14 20:16:11,212 - scraper_base - INFO -    • Medicamentos sem resultado: 20
2026-02-14 20:16:11,212 - scraper_base - INFO -    • Tempo total: 47.5s
2026-02-14 20:16:11,212 - scraper_base - INFO -    • Tempo médio por medicamento: 2.4s
2026-02-14 20:16:11,212 - gerenciador_principal - WARNING - Petz: Nenhum produto coletado
2026-02-14 20:16:11,212 - gerenciador_principal - INFO - Gerando relatório consolidado...
2026-02-14 20:16:11,391 - gerenciador_arquivos - INFO - Relatório consolidado salvo: dados_relatorios/relatorio_consolidado_20260214_201611.xlsx
2026-02-14 20:16:11,503 - gerenciador_conexoes - INFO - Chrome fechado
2026-02-14 20:16:11,503 - gerenciador_conexoes - INFO - Métodos utilizados - Requests: 33.3%, Selenium: 66.7%, Falhas: 0.0%
2026-02-14 20:16:11,503 - gerenciador_principal - INFO - ============================================================
2026-02-14 20:16:11,503 - gerenciador_principal - INFO - RELATORIO FINAL DE EXECUÇÃO
2026-02-14 20:16:11,503 - gerenciador_principal - INFO - ============================================================
2026-02-14 20:16:11,504 - gerenciador_principal - INFO - Sites processados: 3
2026-02-14 20:16:11,504 - gerenciador_principal - INFO - Sites com sucesso: 2
2026-02-14 20:16:11,504 - gerenciador_principal - INFO - Total de produtos coletados: 362
2026-02-14 20:16:11,504 - gerenciador_principal - WARNING - Sites com falhas: Petz
2026-02-14 20:16:11,504 - gerenciador_principal - INFO - Tempo total de execução: 209.5 segundos
2026-02-14 20:16:11,504 - gerenciador_principal - INFO - Estatísticas de conexão:
2026-02-14 20:16:11,504 - gerenciador_principal - INFO -   - Requests bem-sucedidos: 33.3%
2026-02-14 20:16:11,504 - gerenciador_principal - INFO -   - Selenium fallback: 66.7%
2026-02-14 20:16:11,504 - gerenciador_principal - INFO -   - Falhas totais: 0.0%
2026-02-14 20:16:11,506 - gerenciador_principal - INFO - Arquivos salvos na pasta: dados_coletados
2026-02-14 20:16:11,506 - gerenciador_principal - INFO - Total de arquivos: 394
2026-02-14 20:16:11,506 - gerenciador_principal - INFO - ============================================================
