2026-01-17 20:10:24,532 - configurador_logs - INFO - Sistema de logs configurado com sucesso
2026-01-17 20:10:24,532 - configurador_logs - INFO - 🚀 Logs configurados para MODO PRODUÇÃO
2026-01-17 20:10:24,532 - gerenciador_principal - INFO - Inicializando sistema - Modo: PRODUCAO
2026-01-17 20:10:24,532 - gerenciador_arquivos - INFO - Pasta dados_coletados preparada
2026-01-17 20:10:24,532 - gerenciador_principal - INFO - Sistema inicializado com 3 scrapers
2026-01-17 20:10:24,532 - gerenciador_principal - INFO - ============================================================
2026-01-17 20:10:24,532 - gerenciador_principal - INFO - INICIANDO SCRAPING COMPLETO - PRODUCAO
2026-01-17 20:10:24,532 - gerenciador_principal - INFO - ============================================================
2026-01-17 20:10:24,533 - gerenciador_principal - INFO - [1/3] Processando Cobasi
2026-01-17 20:10:24,533 - scraper_base - INFO - 🚀 Iniciando scraping completo - Cobasi
2026-01-17 20:10:25,173 - gerenciador_conexoes - INFO - Sessao estabelecida com cobasi.com.br
2026-01-17 20:10:25,173 - scraper_base - INFO - 📋 20 medicamentos para processar
2026-01-17 20:10:25,173 - scraper_base - INFO - 📦 [1/20] Processando Simparic
2026-01-17 20:10:25,173 - scraper_base - INFO - 🔍 Cobasi: Buscando Simparic
2026-01-17 20:10:27,464 - scraper_cobasi - INFO - Cobasi: Dados extraídos via JSON para Simparic
2026-01-17 20:10:27,464 - scraper_base - INFO - ✅ Cobasi: 12 produto(s) encontrado(s) para Simparic
2026-01-17 20:10:29,486 - scraper_base - INFO - 📦 [2/20] Processando Revolution
2026-01-17 20:10:29,487 - scraper_base - INFO - 🔍 Cobasi: Buscando Revolution
2026-01-17 20:10:31,664 - scraper_cobasi - INFO - Cobasi: Dados extraídos via JSON para Revolution
2026-01-17 20:10:31,664 - scraper_base - INFO - ✅ Cobasi: 18 produto(s) encontrado(s) para Revolution
2026-01-17 20:10:34,613 - scraper_base - INFO - 📦 [3/20] Processando NexGard
2026-01-17 20:10:34,613 - scraper_base - INFO - 🔍 Cobasi: Buscando NexGard
2026-01-17 20:10:37,634 - scraper_cobasi - INFO - Cobasi: Dados extraídos via JSON para NexGard
2026-01-17 20:10:37,634 - scraper_base - INFO - ✅ Cobasi: 22 produto(s) encontrado(s) para NexGard
2026-01-17 20:10:39,600 - scraper_base - INFO - 📦 [4/20] Processando NexGard Spectra
2026-01-17 20:10:39,600 - scraper_base - INFO - 🔍 Cobasi: Buscando NexGard Spectra
2026-01-17 20:10:41,753 - scraper_cobasi - INFO - Cobasi: Dados extraídos via JSON para NexGard Spectra
2026-01-17 20:10:41,753 - scraper_base - INFO - ✅ Cobasi: 10 produto(s) encontrado(s) para NexGard Spectra
2026-01-17 20:10:44,145 - scraper_base - INFO - 📦 [5/20] Processando NexGard Combo
2026-01-17 20:10:44,145 - scraper_base - INFO - 🔍 Cobasi: Buscando NexGard Combo
2026-01-17 20:10:45,717 - scraper_cobasi - INFO - Cobasi: Dados extraídos via JSON para NexGard Combo
2026-01-17 20:10:45,717 - scraper_base - INFO - ✅ Cobasi: 4 produto(s) encontrado(s) para NexGard Combo
2026-01-17 20:10:47,294 - scraper_base - INFO - 📦 [6/20] Processando Bravecto
2026-01-17 20:10:47,294 - scraper_base - INFO - 🔍 Cobasi: Buscando Bravecto
2026-01-17 20:10:50,326 - scraper_cobasi - INFO - Cobasi: Dados extraídos via JSON para Bravecto
2026-01-17 20:10:50,326 - scraper_base - INFO - ✅ Cobasi: 16 produto(s) encontrado(s) para Bravecto
2026-01-17 20:10:53,143 - scraper_base - INFO - 📦 [7/20] Processando Frontline
2026-01-17 20:10:53,143 - scraper_base - INFO - 🔍 Cobasi: Buscando Frontline
2026-01-17 20:10:55,740 - scraper_cobasi - INFO - Cobasi: Dados extraídos via JSON para Frontline
2026-01-17 20:10:55,740 - scraper_base - INFO - ✅ Cobasi: 10 produto(s) encontrado(s) para Frontline
2026-01-17 20:10:58,653 - scraper_base - INFO - 📦 [8/20] Processando Advocate
2026-01-17 20:10:58,654 - scraper_base - INFO - 🔍 Cobasi: Buscando Advocate
2026-01-17 20:11:01,028 - scraper_cobasi - INFO - Cobasi: Dados extraídos via JSON para Advocate
2026-01-17 20:11:01,028 - scraper_base - INFO - ✅ Cobasi: 12 produto(s) encontrado(s) para Advocate
2026-01-17 20:11:03,078 - scraper_base - INFO - 📦 [9/20] Processando Drontal
2026-01-17 20:11:03,078 - scraper_base - INFO - 🔍 Cobasi: Buscando Drontal
2026-01-17 20:11:05,368 - scraper_cobasi - INFO - Cobasi: Dados extraídos via JSON para Drontal
2026-01-17 20:11:05,368 - scraper_base - INFO - ✅ Cobasi: 8 produto(s) encontrado(s) para Drontal
2026-01-17 20:11:06,942 - scraper_base - INFO - 📦 [10/20] Processando Milbemax
2026-01-17 20:11:06,942 - scraper_base - INFO - 🔍 Cobasi: Buscando Milbemax
2026-01-17 20:11:08,821 - scraper_cobasi - INFO - Cobasi: Dados extraídos via JSON para Milbemax
2026-01-17 20:11:08,821 - scraper_base - INFO - ✅ Cobasi: 4 produto(s) encontrado(s) para Milbemax
2026-01-17 20:11:10,653 - scraper_base - INFO - 📦 [11/20] Processando Vermivet
2026-01-17 20:11:10,653 - scraper_base - INFO - 🔍 Cobasi: Buscando Vermivet
2026-01-17 20:11:12,702 - scraper_cobasi - INFO - Cobasi: Dados extraídos via JSON para Vermivet
2026-01-17 20:11:12,702 - scraper_base - INFO - ✅ Cobasi: 5 produto(s) encontrado(s) para Vermivet
2026-01-17 20:11:14,515 - scraper_base - INFO - 📦 [12/20] Processando Rimadyl
2026-01-17 20:11:14,515 - scraper_base - INFO - 🔍 Cobasi: Buscando Rimadyl
2026-01-17 20:11:16,172 - scraper_cobasi - INFO - Cobasi: Dados extraídos via JSON para Rimadyl
2026-01-17 20:11:16,172 - scraper_base - INFO - ✅ Cobasi: 3 produto(s) encontrado(s) para Rimadyl
2026-01-17 20:11:18,554 - scraper_base - INFO - 📦 [13/20] Processando Onsior
2026-01-17 20:11:18,554 - scraper_base - INFO - 🔍 Cobasi: Buscando Onsior
2026-01-17 20:11:21,113 - scraper_cobasi - INFO - Cobasi: Dados extraídos via JSON para Onsior
2026-01-17 20:11:21,113 - scraper_base - INFO - ✅ Cobasi: 4 produto(s) encontrado(s) para Onsior
2026-01-17 20:11:23,004 - scraper_base - INFO - 📦 [14/20] Processando Maxicam
2026-01-17 20:11:23,004 - scraper_base - INFO - 🔍 Cobasi: Buscando Maxicam
2026-01-17 20:11:25,829 - scraper_cobasi - INFO - Cobasi: Dados extraídos via JSON para Maxicam
2026-01-17 20:11:25,829 - scraper_base - INFO - ✅ Cobasi: 21 produto(s) encontrado(s) para Maxicam
2026-01-17 20:11:28,073 - scraper_base - INFO - 📦 [15/20] Processando Carproflan
2026-01-17 20:11:28,073 - scraper_base - INFO - 🔍 Cobasi: Buscando Carproflan
2026-01-17 20:11:29,769 - scraper_cobasi - INFO - Cobasi: Dados extraídos via JSON para Carproflan
2026-01-17 20:11:29,769 - scraper_base - INFO - ✅ Cobasi: 3 produto(s) encontrado(s) para Carproflan
2026-01-17 20:11:32,458 - scraper_base - INFO - 📦 [16/20] Processando Previcox
2026-01-17 20:11:32,458 - scraper_base - INFO - 🔍 Cobasi: Buscando Previcox
2026-01-17 20:11:34,173 - scraper_cobasi - INFO - Cobasi: Dados extraídos via JSON para Previcox
2026-01-17 20:11:34,174 - scraper_base - INFO - ✅ Cobasi: 2 produto(s) encontrado(s) para Previcox
2026-01-17 20:11:36,251 - scraper_base - INFO - 📦 [17/20] Processando Apoquel
2026-01-17 20:11:36,251 - scraper_base - INFO - 🔍 Cobasi: Buscando Apoquel
2026-01-17 20:11:38,036 - scraper_cobasi - INFO - Cobasi: Dados extraídos via JSON para Apoquel
2026-01-17 20:11:38,036 - scraper_base - INFO - ✅ Cobasi: 3 produto(s) encontrado(s) para Apoquel
2026-01-17 20:11:40,238 - scraper_base - INFO - 📦 [18/20] Processando Zenrelia
2026-01-17 20:11:40,238 - scraper_base - INFO - 🔍 Cobasi: Buscando Zenrelia
2026-01-17 20:11:41,964 - scraper_cobasi - INFO - Cobasi: Dados extraídos via JSON para Zenrelia
2026-01-17 20:11:41,964 - scraper_base - INFO - ✅ Cobasi: 4 produto(s) encontrado(s) para Zenrelia
2026-01-17 20:11:44,732 - scraper_base - INFO - 📦 [19/20] Processando Synulox
2026-01-17 20:11:44,732 - scraper_base - INFO - 🔍 Cobasi: Buscando Synulox
2026-01-17 20:11:45,276 - scraper_cobasi - INFO - Cobasi: Dados extraídos via JSON para Synulox
2026-01-17 20:11:45,276 - scraper_base - INFO - ✅ Cobasi: 2 produto(s) encontrado(s) para Synulox
2026-01-17 20:11:47,471 - scraper_base - INFO - 📦 [20/20] Processando Baytril
2026-01-17 20:11:47,471 - scraper_base - INFO - 🔍 Cobasi: Buscando Baytril
2026-01-17 20:11:49,330 - scraper_cobasi - INFO - Cobasi: Dados extraídos via JSON para Baytril
2026-01-17 20:11:49,330 - scraper_base - INFO - ✅ Cobasi: 4 produto(s) encontrado(s) para Baytril
2026-01-17 20:11:50,731 - scraper_base - INFO - 📊 Cobasi - Estatísticas finais:
2026-01-17 20:11:50,731 - scraper_base - INFO -    • Medicamentos processados: 20
2026-01-17 20:11:50,731 - scraper_base - INFO -    • Produtos encontrados: 167
2026-01-17 20:11:50,731 - scraper_base - INFO -    • Medicamentos sem resultado: 0
2026-01-17 20:11:50,731 - scraper_base - INFO -    • Tempo total: 86.2s
2026-01-17 20:11:50,731 - scraper_base - INFO -    • Tempo médio por medicamento: 4.3s
2026-01-17 20:11:50,874 - gerenciador_arquivos - INFO - Excel salvo: dados_coletados/cobasi_20260117_201150.xlsx (167 produtos)
2026-01-17 20:11:50,874 - gerenciador_principal - INFO - Cobasi: Arquivo individual salvo com sucesso
2026-01-17 20:11:50,874 - gerenciador_principal - INFO - Pausando entre sites...
2026-01-17 20:11:52,875 - gerenciador_principal - INFO - [2/3] Processando Petlove
2026-01-17 20:11:52,875 - scraper_base - INFO - 🚀 Iniciando scraping completo - Petlove
2026-01-17 20:11:53,142 - scraper_base - INFO - 📋 20 medicamentos para processar
2026-01-17 20:11:53,142 - scraper_base - INFO - 📦 [1/20] Processando Simparic
2026-01-17 20:11:53,142 - scraper_base - INFO - 🔍 Petlove: Buscando Simparic
2026-01-17 20:11:58,667 - gerenciador_conexoes - INFO - Chrome inicializado com otimizacoes de velocidade
2026-01-17 20:12:02,245 - scraper_base - INFO - ✅ Petlove: 34 produto(s) encontrado(s) para Simparic
2026-01-17 20:12:04,251 - scraper_base - INFO - 📦 [2/20] Processando Revolution
2026-01-17 20:12:04,251 - scraper_base - INFO - 🔍 Petlove: Buscando Revolution
2026-01-17 20:12:05,946 - scraper_base - INFO - ✅ Petlove: 17 produto(s) encontrado(s) para Revolution
2026-01-17 20:12:08,645 - scraper_base - INFO - 📦 [3/20] Processando NexGard
2026-01-17 20:12:08,645 - scraper_base - INFO - 🔍 Petlove: Buscando NexGard
2026-01-17 20:12:10,079 - scraper_base - INFO - ✅ Petlove: 11 produto(s) encontrado(s) para NexGard
2026-01-17 20:12:11,624 - scraper_base - INFO - 📦 [4/20] Processando NexGard Spectra
2026-01-17 20:12:11,624 - scraper_base - INFO - 🔍 Petlove: Buscando NexGard Spectra
2026-01-17 20:12:12,889 - scraper_base - INFO - ✅ Petlove: 5 produto(s) encontrado(s) para NexGard Spectra
2026-01-17 20:12:15,363 - scraper_base - INFO - 📦 [5/20] Processando NexGard Combo
2026-01-17 20:12:15,363 - scraper_base - INFO - 🔍 Petlove: Buscando NexGard Combo
2026-01-17 20:12:16,505 - scraper_base - INFO - ✅ Petlove: 2 produto(s) encontrado(s) para NexGard Combo
2026-01-17 20:12:19,010 - scraper_base - INFO - 📦 [6/20] Processando Bravecto
2026-01-17 20:12:19,010 - scraper_base - INFO - 🔍 Petlove: Buscando Bravecto
2026-01-17 20:12:21,845 - scraper_base - INFO - ✅ Petlove: 23 produto(s) encontrado(s) para Bravecto
2026-01-17 20:12:23,655 - scraper_base - INFO - 📦 [7/20] Processando Frontline
2026-01-17 20:12:23,655 - scraper_base - INFO - 🔍 Petlove: Buscando Frontline
2026-01-17 20:12:25,562 - scraper_base - INFO - ✅ Petlove: 11 produto(s) encontrado(s) para Frontline
2026-01-17 20:12:27,644 - scraper_base - INFO - 📦 [8/20] Processando Advocate
2026-01-17 20:12:27,645 - scraper_base - INFO - 🔍 Petlove: Buscando Advocate
2026-01-17 20:12:29,287 - scraper_base - INFO - ✅ Petlove: 10 produto(s) encontrado(s) para Advocate
2026-01-17 20:12:30,318 - scraper_base - INFO - 📦 [9/20] Processando Drontal
2026-01-17 20:12:30,318 - scraper_base - INFO - 🔍 Petlove: Buscando Drontal
2026-01-17 20:12:32,079 - scraper_base - INFO - ✅ Petlove: 36 produto(s) encontrado(s) para Drontal
2026-01-17 20:12:33,092 - scraper_base - INFO - 📦 [10/20] Processando Milbemax
2026-01-17 20:12:33,092 - scraper_base - INFO - 🔍 Petlove: Buscando Milbemax
2026-01-17 20:12:34,473 - scraper_base - INFO - ✅ Petlove: 14 produto(s) encontrado(s) para Milbemax
2026-01-17 20:12:37,154 - scraper_base - INFO - 📦 [11/20] Processando Vermivet
2026-01-17 20:12:37,154 - scraper_base - INFO - 🔍 Petlove: Buscando Vermivet
2026-01-17 20:12:39,345 - scraper_base - INFO - ✅ Petlove: 36 produto(s) encontrado(s) para Vermivet
2026-01-17 20:12:40,789 - scraper_base - INFO - 📦 [12/20] Processando Rimadyl
2026-01-17 20:12:40,789 - scraper_base - INFO - 🔍 Petlove: Buscando Rimadyl
2026-01-17 20:12:42,393 - scraper_base - INFO - ✅ Petlove: 1 produto(s) encontrado(s) para Rimadyl
2026-01-17 20:12:43,479 - scraper_base - INFO - 📦 [13/20] Processando Onsior
2026-01-17 20:12:43,479 - scraper_base - INFO - 🔍 Petlove: Buscando Onsior
2026-01-17 20:12:44,706 - scraper_base - INFO - ✅ Petlove: 4 produto(s) encontrado(s) para Onsior
2026-01-17 20:12:46,097 - scraper_base - INFO - 📦 [14/20] Processando Maxicam
2026-01-17 20:12:46,097 - scraper_base - INFO - 🔍 Petlove: Buscando Maxicam
2026-01-17 20:12:47,758 - scraper_base - INFO - ✅ Petlove: 3 produto(s) encontrado(s) para Maxicam
2026-01-17 20:12:50,529 - scraper_base - INFO - 📦 [15/20] Processando Carproflan
2026-01-17 20:12:50,529 - scraper_base - INFO - 🔍 Petlove: Buscando Carproflan
2026-01-17 20:12:51,810 - scraper_base - INFO - ✅ Petlove: 8 produto(s) encontrado(s) para Carproflan
2026-01-17 20:12:54,771 - scraper_base - INFO - 📦 [16/20] Processando Previcox
2026-01-17 20:12:54,772 - scraper_base - INFO - 🔍 Petlove: Buscando Previcox
2026-01-17 20:12:56,089 - scraper_base - INFO - ✅ Petlove: 4 produto(s) encontrado(s) para Previcox
2026-01-17 20:12:57,299 - scraper_base - INFO - 📦 [17/20] Processando Apoquel
2026-01-17 20:12:57,299 - scraper_base - INFO - 🔍 Petlove: Buscando Apoquel
2026-01-17 20:12:58,822 - scraper_base - INFO - ✅ Petlove: 16 produto(s) encontrado(s) para Apoquel
2026-01-17 20:13:01,171 - scraper_base - INFO - 📦 [18/20] Processando Zenrelia
2026-01-17 20:13:01,171 - scraper_base - INFO - 🔍 Petlove: Buscando Zenrelia
2026-01-17 20:13:02,737 - scraper_base - INFO - ✅ Petlove: 4 produto(s) encontrado(s) para Zenrelia
2026-01-17 20:13:03,858 - scraper_base - INFO - 📦 [19/20] Processando Synulox
2026-01-17 20:13:03,858 - scraper_base - INFO - 🔍 Petlove: Buscando Synulox
2026-01-17 20:13:04,879 - scraper_base - INFO - ✅ Petlove: 1 produto(s) encontrado(s) para Synulox
2026-01-17 20:13:06,818 - scraper_base - INFO - 📦 [20/20] Processando Baytril
2026-01-17 20:13:06,818 - scraper_base - INFO - 🔍 Petlove: Buscando Baytril
2026-01-17 20:13:08,374 - scraper_base - INFO - ✅ Petlove: 4 produto(s) encontrado(s) para Baytril
2026-01-17 20:13:10,784 - scraper_base - INFO - 📊 Petlove - Estatísticas finais:
2026-01-17 20:13:10,784 - scraper_base - INFO -    • Medicamentos processados: 20
2026-01-17 20:13:10,785 - scraper_base - INFO -    • Produtos encontrados: 244
2026-01-17 20:13:10,785 - scraper_base - INFO -    • Medicamentos sem resultado: 0
2026-01-17 20:13:10,785 - scraper_base - INFO -    • Tempo total: 77.9s
2026-01-17 20:13:10,785 - scraper_base - INFO -    • Tempo médio por medicamento: 3.9s
2026-01-17 20:13:10,829 - gerenciador_arquivos - INFO - Excel salvo: dados_coletados/petlove_20260117_201310.xlsx (244 produtos)
2026-01-17 20:13:10,830 - gerenciador_principal - INFO - Petlove: Arquivo individual salvo com sucesso
2026-01-17 20:13:10,830 - gerenciador_principal - INFO - Pausando entre sites...
2026-01-17 20:13:12,830 - gerenciador_principal - INFO - [3/3] Processando Petz
2026-01-17 20:13:12,830 - scraper_base - INFO - 🚀 Iniciando scraping completo - Petz
2026-01-17 20:13:13,095 - scraper_base - INFO - 📋 20 medicamentos para processar
2026-01-17 20:13:13,096 - scraper_base - INFO - 📦 [1/20] Processando Simparic
2026-01-17 20:13:13,096 - scraper_base - INFO - 🔍 Petz: Buscando Simparic
2026-01-17 20:13:16,131 - scraper_base - INFO - ✅ Petz: 12 produto(s) encontrado(s) para Simparic
2026-01-17 20:13:19,017 - scraper_base - INFO - 📦 [2/20] Processando Revolution
2026-01-17 20:13:19,017 - scraper_base - INFO - 🔍 Petz: Buscando Revolution
2026-01-17 20:13:21,202 - scraper_base - INFO - ✅ Petz: 24 produto(s) encontrado(s) para Revolution
2026-01-17 20:13:23,738 - scraper_base - INFO - 📦 [3/20] Processando NexGard
2026-01-17 20:13:23,738 - scraper_base - INFO - 🔍 Petz: Buscando NexGard
2026-01-17 20:13:25,835 - scraper_base - INFO - ✅ Petz: 22 produto(s) encontrado(s) para NexGard
2026-01-17 20:13:28,132 - scraper_base - INFO - 📦 [4/20] Processando NexGard Spectra
2026-01-17 20:13:28,132 - scraper_base - INFO - 🔍 Petz: Buscando NexGard Spectra
2026-01-17 20:13:30,048 - scraper_base - INFO - ✅ Petz: 10 produto(s) encontrado(s) para NexGard Spectra
2026-01-17 20:13:31,732 - scraper_base - INFO - 📦 [5/20] Processando NexGard Combo
2026-01-17 20:13:31,732 - scraper_base - INFO - 🔍 Petz: Buscando NexGard Combo
2026-01-17 20:13:33,168 - scraper_base - INFO - ✅ Petz: 4 produto(s) encontrado(s) para NexGard Combo
2026-01-17 20:13:35,065 - scraper_base - INFO - 📦 [6/20] Processando Bravecto
2026-01-17 20:13:35,065 - scraper_base - INFO - 🔍 Petz: Buscando Bravecto
2026-01-17 20:13:37,214 - scraper_base - INFO - ✅ Petz: 16 produto(s) encontrado(s) para Bravecto
2026-01-17 20:13:38,705 - scraper_base - INFO - 📦 [7/20] Processando Frontline
2026-01-17 20:13:38,705 - scraper_base - INFO - 🔍 Petz: Buscando Frontline
2026-01-17 20:13:40,723 - scraper_base - INFO - ✅ Petz: 11 produto(s) encontrado(s) para Frontline
2026-01-17 20:13:43,416 - scraper_base - INFO - 📦 [8/20] Processando Advocate
2026-01-17 20:13:43,416 - scraper_base - INFO - 🔍 Petz: Buscando Advocate
2026-01-17 20:13:45,199 - scraper_base - INFO - ✅ Petz: 12 produto(s) encontrado(s) para Advocate
2026-01-17 20:13:47,994 - scraper_base - INFO - 📦 [9/20] Processando Drontal
2026-01-17 20:13:47,994 - scraper_base - INFO - 🔍 Petz: Buscando Drontal
2026-01-17 20:13:50,906 - scraper_base - INFO - ✅ Petz: 29 produto(s) encontrado(s) para Drontal
2026-01-17 20:13:53,411 - scraper_base - INFO - 📦 [10/20] Processando Milbemax
2026-01-17 20:13:53,411 - scraper_base - INFO - 🔍 Petz: Buscando Milbemax
2026-01-17 20:13:55,100 - scraper_base - INFO - ✅ Petz: 4 produto(s) encontrado(s) para Milbemax
2026-01-17 20:13:57,669 - scraper_base - INFO - 📦 [11/20] Processando Vermivet
2026-01-17 20:13:57,669 - scraper_base - INFO - 🔍 Petz: Buscando Vermivet
2026-01-17 20:13:59,574 - scraper_base - INFO - ✅ Petz: 5 produto(s) encontrado(s) para Vermivet
2026-01-17 20:14:01,949 - scraper_base - INFO - 📦 [12/20] Processando Rimadyl
2026-01-17 20:14:01,949 - scraper_base - INFO - 🔍 Petz: Buscando Rimadyl
2026-01-17 20:14:03,619 - scraper_base - INFO - ✅ Petz: 3 produto(s) encontrado(s) para Rimadyl
2026-01-17 20:14:06,058 - scraper_base - INFO - 📦 [13/20] Processando Onsior
2026-01-17 20:14:06,059 - scraper_base - INFO - 🔍 Petz: Buscando Onsior
2026-01-17 20:14:07,804 - scraper_base - INFO - ✅ Petz: 4 produto(s) encontrado(s) para Onsior
2026-01-17 20:14:10,044 - scraper_base - INFO - 📦 [14/20] Processando Maxicam
2026-01-17 20:14:10,044 - scraper_base - INFO - 🔍 Petz: Buscando Maxicam
2026-01-17 20:14:12,342 - scraper_base - INFO - ✅ Petz: 30 produto(s) encontrado(s) para Maxicam
2026-01-17 20:14:14,369 - scraper_base - INFO - 📦 [15/20] Processando Carproflan
2026-01-17 20:14:14,369 - scraper_base - INFO - 🔍 Petz: Buscando Carproflan
2026-01-17 20:14:15,808 - scraper_base - INFO - ✅ Petz: 3 produto(s) encontrado(s) para Carproflan
2026-01-17 20:14:17,685 - scraper_base - INFO - 📦 [16/20] Processando Previcox
2026-01-17 20:14:17,685 - scraper_base - INFO - 🔍 Petz: Buscando Previcox
2026-01-17 20:14:19,945 - scraper_base - INFO - ✅ Petz: 2 produto(s) encontrado(s) para Previcox
2026-01-17 20:14:22,601 - scraper_base - INFO - 📦 [17/20] Processando Apoquel
2026-01-17 20:14:22,601 - scraper_base - INFO - 🔍 Petz: Buscando Apoquel
2026-01-17 20:14:24,482 - scraper_base - INFO - ✅ Petz: 3 produto(s) encontrado(s) para Apoquel
2026-01-17 20:14:26,659 - scraper_base - INFO - 📦 [18/20] Processando Zenrelia
2026-01-17 20:14:26,659 - scraper_base - INFO - 🔍 Petz: Buscando Zenrelia
2026-01-17 20:14:28,232 - scraper_base - INFO - ✅ Petz: 4 produto(s) encontrado(s) para Zenrelia
2026-01-17 20:14:30,217 - scraper_base - INFO - 📦 [19/20] Processando Synulox
2026-01-17 20:14:30,217 - scraper_base - INFO - 🔍 Petz: Buscando Synulox
2026-01-17 20:14:31,807 - scraper_base - INFO - ✅ Petz: 2 produto(s) encontrado(s) para Synulox
2026-01-17 20:14:33,826 - scraper_base - INFO - 📦 [20/20] Processando Baytril
2026-01-17 20:14:33,826 - scraper_base - INFO - 🔍 Petz: Buscando Baytril
2026-01-17 20:14:35,793 - scraper_base - INFO - ✅ Petz: 9 produto(s) encontrado(s) para Baytril
2026-01-17 20:14:38,578 - scraper_base - INFO - 📊 Petz - Estatísticas finais:
2026-01-17 20:14:38,578 - scraper_base - INFO -    • Medicamentos processados: 20
2026-01-17 20:14:38,578 - scraper_base - INFO -    • Produtos encontrados: 209
2026-01-17 20:14:38,578 - scraper_base - INFO -    • Medicamentos sem resultado: 0
2026-01-17 20:14:38,578 - scraper_base - INFO -    • Tempo total: 85.7s
2026-01-17 20:14:38,578 - scraper_base - INFO -    • Tempo médio por medicamento: 4.3s
2026-01-17 20:14:38,621 - gerenciador_arquivos - INFO - Excel salvo: dados_coletados/petz_20260117_201438.xlsx (209 produtos)
2026-01-17 20:14:38,622 - gerenciador_principal - INFO - Petz: Arquivo individual salvo com sucesso
2026-01-17 20:14:38,622 - gerenciador_principal - INFO - Gerando relatório consolidado...
2026-01-17 20:14:38,838 - gerenciador_arquivos - INFO - Relatório consolidado salvo: dados_relatorios/relatorio_consolidado_20260117_201438.xlsx
2026-01-17 20:14:38,974 - gerenciador_conexoes - INFO - Chrome fechado
2026-01-17 20:14:38,975 - gerenciador_conexoes - INFO - Métodos utilizados - Requests: 33.3%, Selenium: 66.7%, Falhas: 0.0%
2026-01-17 20:14:38,975 - gerenciador_principal - INFO - ============================================================
2026-01-17 20:14:38,975 - gerenciador_principal - INFO - RELATORIO FINAL DE EXECUÇÃO
2026-01-17 20:14:38,975 - gerenciador_principal - INFO - ============================================================
2026-01-17 20:14:38,975 - gerenciador_principal - INFO - Sites processados: 3
2026-01-17 20:14:38,975 - gerenciador_principal - INFO - Sites com sucesso: 3
2026-01-17 20:14:38,975 - gerenciador_principal - INFO - Total de produtos coletados: 620
2026-01-17 20:14:38,975 - gerenciador_principal - INFO - Tempo total de execução: 254.1 segundos
2026-01-17 20:14:38,975 - gerenciador_principal - INFO - Estatísticas de conexão:
2026-01-17 20:14:38,975 - gerenciador_principal - INFO -   - Requests bem-sucedidos: 33.3%
2026-01-17 20:14:38,975 - gerenciador_principal - INFO -   - Selenium fallback: 66.7%
2026-01-17 20:14:38,975 - gerenciador_principal - INFO -   - Falhas totais: 0.0%
2026-01-17 20:14:38,977 - gerenciador_principal - INFO - Arquivos salvos na pasta: dados_coletados
2026-01-17 20:14:38,977 - gerenciador_principal - INFO - Total de arquivos: 317
2026-01-17 20:14:38,977 - gerenciador_principal - INFO - ============================================================
