2026-02-03 20:22:46,190 - configurador_logs - INFO - Sistema de logs configurado com sucesso
2026-02-03 20:22:46,190 - configurador_logs - INFO - 🚀 Logs configurados para MODO PRODUÇÃO
2026-02-03 20:22:46,190 - gerenciador_principal - INFO - Inicializando sistema - Modo: PRODUCAO
2026-02-03 20:22:46,191 - gerenciador_arquivos - INFO - Pasta dados_coletados preparada
2026-02-03 20:22:46,191 - gerenciador_principal - INFO - Sistema inicializado com 3 scrapers
2026-02-03 20:22:46,191 - gerenciador_principal - INFO - ============================================================
2026-02-03 20:22:46,191 - gerenciador_principal - INFO - INICIANDO SCRAPING COMPLETO - PRODUCAO
2026-02-03 20:22:46,191 - gerenciador_principal - INFO - ============================================================
2026-02-03 20:22:46,191 - gerenciador_principal - INFO - [1/3] Processando Cobasi
2026-02-03 20:22:46,191 - scraper_base - INFO - 🚀 Iniciando scraping completo - Cobasi
2026-02-03 20:22:47,009 - gerenciador_conexoes - INFO - Sessao estabelecida com cobasi.com.br
2026-02-03 20:22:47,010 - scraper_base - INFO - 📋 20 medicamentos para processar
2026-02-03 20:22:47,010 - scraper_base - INFO - 📦 [1/20] Processando Simparic
2026-02-03 20:22:47,010 - scraper_base - INFO - 🔍 Cobasi: Buscando Simparic
2026-02-03 20:22:49,332 - scraper_cobasi - INFO - Cobasi: Dados extraídos via JSON para Simparic
2026-02-03 20:22:49,332 - scraper_base - INFO - ✅ Cobasi: 12 produto(s) encontrado(s) para Simparic
2026-02-03 20:22:50,445 - scraper_base - INFO - 📦 [2/20] Processando Revolution
2026-02-03 20:22:50,446 - scraper_base - INFO - 🔍 Cobasi: Buscando Revolution
2026-02-03 20:22:50,795 - scraper_cobasi - INFO - Cobasi: Dados extraídos via JSON para Revolution
2026-02-03 20:22:50,796 - scraper_base - INFO - ✅ Cobasi: 18 produto(s) encontrado(s) para Revolution
2026-02-03 20:22:53,757 - scraper_base - INFO - 📦 [3/20] Processando NexGard
2026-02-03 20:22:53,757 - scraper_base - INFO - 🔍 Cobasi: Buscando NexGard
2026-02-03 20:22:54,538 - scraper_cobasi - INFO - Cobasi: Dados extraídos via JSON para NexGard
2026-02-03 20:22:54,539 - scraper_base - INFO - ✅ Cobasi: 22 produto(s) encontrado(s) para NexGard
2026-02-03 20:22:56,509 - scraper_base - INFO - 📦 [4/20] Processando NexGard Spectra
2026-02-03 20:22:56,509 - scraper_base - INFO - 🔍 Cobasi: Buscando NexGard Spectra
2026-02-03 20:22:56,925 - scraper_cobasi - INFO - Cobasi: Dados extraídos via JSON para NexGard Spectra
2026-02-03 20:22:56,925 - scraper_base - INFO - ✅ Cobasi: 10 produto(s) encontrado(s) para NexGard Spectra
2026-02-03 20:22:59,529 - scraper_base - INFO - 📦 [5/20] Processando NexGard Combo
2026-02-03 20:22:59,529 - scraper_base - INFO - 🔍 Cobasi: Buscando NexGard Combo
2026-02-03 20:22:59,913 - scraper_cobasi - INFO - Cobasi: Dados extraídos via JSON para NexGard Combo
2026-02-03 20:22:59,913 - scraper_base - INFO - ✅ Cobasi: 4 produto(s) encontrado(s) para NexGard Combo
2026-02-03 20:23:00,976 - scraper_base - INFO - 📦 [6/20] Processando Bravecto
2026-02-03 20:23:00,976 - scraper_base - INFO - 🔍 Cobasi: Buscando Bravecto
2026-02-03 20:23:01,783 - scraper_cobasi - INFO - Cobasi: Dados extraídos via JSON para Bravecto
2026-02-03 20:23:01,783 - scraper_base - INFO - ✅ Cobasi: 16 produto(s) encontrado(s) para Bravecto
2026-02-03 20:23:04,231 - scraper_base - INFO - 📦 [7/20] Processando Frontline
2026-02-03 20:23:04,231 - scraper_base - INFO - 🔍 Cobasi: Buscando Frontline
2026-02-03 20:23:06,865 - scraper_cobasi - INFO - Cobasi: Dados extraídos via JSON para Frontline
2026-02-03 20:23:06,865 - scraper_base - INFO - ✅ Cobasi: 10 produto(s) encontrado(s) para Frontline
2026-02-03 20:23:09,427 - scraper_base - INFO - 📦 [8/20] Processando Advocate
2026-02-03 20:23:09,427 - scraper_base - INFO - 🔍 Cobasi: Buscando Advocate
2026-02-03 20:23:09,800 - scraper_cobasi - INFO - Cobasi: Dados extraídos via JSON para Advocate
2026-02-03 20:23:09,800 - scraper_base - INFO - ✅ Cobasi: 12 produto(s) encontrado(s) para Advocate
2026-02-03 20:23:11,956 - scraper_base - INFO - 📦 [9/20] Processando Drontal
2026-02-03 20:23:11,956 - scraper_base - INFO - 🔍 Cobasi: Buscando Drontal
2026-02-03 20:23:12,353 - scraper_cobasi - INFO - Cobasi: Dados extraídos via JSON para Drontal
2026-02-03 20:23:12,353 - scraper_base - INFO - ✅ Cobasi: 8 produto(s) encontrado(s) para Drontal
2026-02-03 20:23:15,016 - scraper_base - INFO - 📦 [10/20] Processando Milbemax
2026-02-03 20:23:15,016 - scraper_base - INFO - 🔍 Cobasi: Buscando Milbemax
2026-02-03 20:23:16,061 - scraper_cobasi - INFO - Cobasi: Dados extraídos via JSON para Milbemax
2026-02-03 20:23:16,061 - scraper_base - INFO - ✅ Cobasi: 4 produto(s) encontrado(s) para Milbemax
2026-02-03 20:23:17,383 - scraper_base - INFO - 📦 [11/20] Processando Vermivet
2026-02-03 20:23:17,383 - scraper_base - INFO - 🔍 Cobasi: Buscando Vermivet
2026-02-03 20:23:20,164 - scraper_cobasi - INFO - Cobasi: Dados extraídos via JSON para Vermivet
2026-02-03 20:23:20,164 - scraper_base - INFO - ✅ Cobasi: 5 produto(s) encontrado(s) para Vermivet
2026-02-03 20:23:21,360 - scraper_base - INFO - 📦 [12/20] Processando Rimadyl
2026-02-03 20:23:21,360 - scraper_base - INFO - 🔍 Cobasi: Buscando Rimadyl
2026-02-03 20:23:23,181 - scraper_cobasi - INFO - Cobasi: Dados extraídos via JSON para Rimadyl
2026-02-03 20:23:23,181 - scraper_base - INFO - ✅ Cobasi: 3 produto(s) encontrado(s) para Rimadyl
2026-02-03 20:23:26,035 - scraper_base - INFO - 📦 [13/20] Processando Onsior
2026-02-03 20:23:26,035 - scraper_base - INFO - 🔍 Cobasi: Buscando Onsior
2026-02-03 20:23:28,239 - scraper_cobasi - INFO - Cobasi: Dados extraídos via JSON para Onsior
2026-02-03 20:23:28,239 - scraper_base - INFO - ✅ Cobasi: 4 produto(s) encontrado(s) para Onsior
2026-02-03 20:23:31,074 - scraper_base - INFO - 📦 [14/20] Processando Maxicam
2026-02-03 20:23:31,074 - scraper_base - INFO - 🔍 Cobasi: Buscando Maxicam
2026-02-03 20:23:32,671 - scraper_cobasi - INFO - Cobasi: Dados extraídos via JSON para Maxicam
2026-02-03 20:23:32,671 - scraper_base - INFO - ✅ Cobasi: 21 produto(s) encontrado(s) para Maxicam
2026-02-03 20:23:33,972 - scraper_base - INFO - 📦 [15/20] Processando Carproflan
2026-02-03 20:23:33,972 - scraper_base - INFO - 🔍 Cobasi: Buscando Carproflan
2026-02-03 20:23:35,817 - scraper_cobasi - INFO - Cobasi: Dados extraídos via JSON para Carproflan
2026-02-03 20:23:35,817 - scraper_base - INFO - ✅ Cobasi: 3 produto(s) encontrado(s) para Carproflan
2026-02-03 20:23:36,972 - scraper_base - INFO - 📦 [16/20] Processando Previcox
2026-02-03 20:23:36,972 - scraper_base - INFO - 🔍 Cobasi: Buscando Previcox
2026-02-03 20:23:39,329 - scraper_cobasi - INFO - Cobasi: Dados extraídos via JSON para Previcox
2026-02-03 20:23:39,329 - scraper_base - INFO - ✅ Cobasi: 2 produto(s) encontrado(s) para Previcox
2026-02-03 20:23:41,800 - scraper_base - INFO - 📦 [17/20] Processando Apoquel
2026-02-03 20:23:41,800 - scraper_base - INFO - 🔍 Cobasi: Buscando Apoquel
2026-02-03 20:23:43,807 - scraper_cobasi - INFO - Cobasi: Dados extraídos via JSON para Apoquel
2026-02-03 20:23:43,807 - scraper_base - INFO - ✅ Cobasi: 3 produto(s) encontrado(s) para Apoquel
2026-02-03 20:23:46,593 - scraper_base - INFO - 📦 [18/20] Processando Zenrelia
2026-02-03 20:23:46,593 - scraper_base - INFO - 🔍 Cobasi: Buscando Zenrelia
2026-02-03 20:23:46,970 - scraper_cobasi - INFO - Cobasi: Dados extraídos via JSON para Zenrelia
2026-02-03 20:23:46,970 - scraper_base - INFO - ✅ Cobasi: 4 produto(s) encontrado(s) para Zenrelia
2026-02-03 20:23:49,846 - scraper_base - INFO - 📦 [19/20] Processando Synulox
2026-02-03 20:23:49,846 - scraper_base - INFO - 🔍 Cobasi: Buscando Synulox
2026-02-03 20:23:51,177 - scraper_cobasi - INFO - Cobasi: Dados extraídos via JSON para Synulox
2026-02-03 20:23:51,177 - scraper_base - INFO - ✅ Cobasi: 2 produto(s) encontrado(s) para Synulox
2026-02-03 20:23:53,741 - scraper_base - INFO - 📦 [20/20] Processando Baytril
2026-02-03 20:23:53,742 - scraper_base - INFO - 🔍 Cobasi: Buscando Baytril
2026-02-03 20:23:54,189 - scraper_cobasi - INFO - Cobasi: Dados extraídos via JSON para Baytril
2026-02-03 20:23:54,189 - scraper_base - INFO - ✅ Cobasi: 4 produto(s) encontrado(s) para Baytril
2026-02-03 20:23:56,475 - scraper_base - INFO - 📊 Cobasi - Estatísticas finais:
2026-02-03 20:23:56,475 - scraper_base - INFO -    • Medicamentos processados: 20
2026-02-03 20:23:56,475 - scraper_base - INFO -    • Produtos encontrados: 167
2026-02-03 20:23:56,475 - scraper_base - INFO -    • Medicamentos sem resultado: 0
2026-02-03 20:23:56,476 - scraper_base - INFO -    • Tempo total: 70.3s
2026-02-03 20:23:56,476 - scraper_base - INFO -    • Tempo médio por medicamento: 3.5s
2026-02-03 20:23:56,701 - gerenciador_arquivos - INFO - Excel salvo: dados_coletados/cobasi_20260203_202356.xlsx (167 produtos)
2026-02-03 20:23:56,701 - gerenciador_principal - INFO - Cobasi: Arquivo individual salvo com sucesso
2026-02-03 20:23:56,701 - gerenciador_principal - INFO - Pausando entre sites...
2026-02-03 20:23:58,701 - gerenciador_principal - INFO - [2/3] Processando Petlove
2026-02-03 20:23:58,701 - scraper_base - INFO - 🚀 Iniciando scraping completo - Petlove
2026-02-03 20:23:58,952 - scraper_base - INFO - 📋 20 medicamentos para processar
2026-02-03 20:23:58,952 - scraper_base - INFO - 📦 [1/20] Processando Simparic
2026-02-03 20:23:58,952 - scraper_base - INFO - 🔍 Petlove: Buscando Simparic
2026-02-03 20:24:16,065 - gerenciador_conexoes - INFO - Chrome inicializado com otimizacoes de velocidade
2026-02-03 20:24:20,168 - scraper_base - INFO - ✅ Petlove: 34 produto(s) encontrado(s) para Simparic
2026-02-03 20:24:22,830 - scraper_base - INFO - 📦 [2/20] Processando Revolution
2026-02-03 20:24:22,830 - scraper_base - INFO - 🔍 Petlove: Buscando Revolution
2026-02-03 20:24:24,897 - scraper_base - INFO - ✅ Petlove: 15 produto(s) encontrado(s) para Revolution
2026-02-03 20:24:27,451 - scraper_base - INFO - 📦 [3/20] Processando NexGard
2026-02-03 20:24:27,451 - scraper_base - INFO - 🔍 Petlove: Buscando NexGard
2026-02-03 20:24:29,094 - scraper_base - INFO - ✅ Petlove: 11 produto(s) encontrado(s) para NexGard
2026-02-03 20:24:31,903 - scraper_base - INFO - 📦 [4/20] Processando NexGard Spectra
2026-02-03 20:24:31,904 - scraper_base - INFO - 🔍 Petlove: Buscando NexGard Spectra
2026-02-03 20:24:33,147 - scraper_base - INFO - ✅ Petlove: 5 produto(s) encontrado(s) para NexGard Spectra
2026-02-03 20:24:35,793 - scraper_base - INFO - 📦 [5/20] Processando NexGard Combo
2026-02-03 20:24:35,793 - scraper_base - INFO - 🔍 Petlove: Buscando NexGard Combo
2026-02-03 20:24:36,986 - scraper_base - INFO - ✅ Petlove: 2 produto(s) encontrado(s) para NexGard Combo
2026-02-03 20:24:39,463 - scraper_base - INFO - 📦 [6/20] Processando Bravecto
2026-02-03 20:24:39,463 - scraper_base - INFO - 🔍 Petlove: Buscando Bravecto
2026-02-03 20:24:41,281 - scraper_base - INFO - ✅ Petlove: 23 produto(s) encontrado(s) para Bravecto
2026-02-03 20:24:43,264 - scraper_base - INFO - 📦 [7/20] Processando Frontline
2026-02-03 20:24:43,264 - scraper_base - INFO - 🔍 Petlove: Buscando Frontline
2026-02-03 20:24:44,997 - scraper_base - INFO - ✅ Petlove: 11 produto(s) encontrado(s) para Frontline
2026-02-03 20:24:46,547 - scraper_base - INFO - 📦 [8/20] Processando Advocate
2026-02-03 20:24:46,547 - scraper_base - INFO - 🔍 Petlove: Buscando Advocate
2026-02-03 20:24:48,227 - scraper_base - INFO - ✅ Petlove: 11 produto(s) encontrado(s) para Advocate
2026-02-03 20:24:50,479 - scraper_base - INFO - 📦 [9/20] Processando Drontal
2026-02-03 20:24:50,480 - scraper_base - INFO - 🔍 Petlove: Buscando Drontal
2026-02-03 20:24:52,188 - scraper_base - INFO - ✅ Petlove: 36 produto(s) encontrado(s) para Drontal
2026-02-03 20:24:53,655 - scraper_base - INFO - 📦 [10/20] Processando Milbemax
2026-02-03 20:24:53,656 - scraper_base - INFO - 🔍 Petlove: Buscando Milbemax
2026-02-03 20:24:54,903 - scraper_base - INFO - ✅ Petlove: 15 produto(s) encontrado(s) para Milbemax
2026-02-03 20:24:56,559 - scraper_base - INFO - 📦 [11/20] Processando Vermivet
2026-02-03 20:24:56,559 - scraper_base - INFO - 🔍 Petlove: Buscando Vermivet
2026-02-03 20:24:58,583 - scraper_base - INFO - ✅ Petlove: 36 produto(s) encontrado(s) para Vermivet
2026-02-03 20:25:00,907 - scraper_base - INFO - 📦 [12/20] Processando Rimadyl
2026-02-03 20:25:00,907 - scraper_base - INFO - 🔍 Petlove: Buscando Rimadyl
2026-02-03 20:25:03,139 - scraper_base - INFO - ✅ Petlove: 1 produto(s) encontrado(s) para Rimadyl
2026-02-03 20:25:05,513 - scraper_base - INFO - 📦 [13/20] Processando Onsior
2026-02-03 20:25:05,513 - scraper_base - INFO - 🔍 Petlove: Buscando Onsior
2026-02-03 20:25:06,956 - scraper_base - INFO - ✅ Petlove: 4 produto(s) encontrado(s) para Onsior
2026-02-03 20:25:08,335 - scraper_base - INFO - 📦 [14/20] Processando Maxicam
2026-02-03 20:25:08,335 - scraper_base - INFO - 🔍 Petlove: Buscando Maxicam
2026-02-03 20:25:09,549 - scraper_base - INFO - ✅ Petlove: 3 produto(s) encontrado(s) para Maxicam
2026-02-03 20:25:12,195 - scraper_base - INFO - 📦 [15/20] Processando Carproflan
2026-02-03 20:25:12,195 - scraper_base - INFO - 🔍 Petlove: Buscando Carproflan
2026-02-03 20:25:13,514 - scraper_base - INFO - ✅ Petlove: 7 produto(s) encontrado(s) para Carproflan
2026-02-03 20:25:14,725 - scraper_base - INFO - 📦 [16/20] Processando Previcox
2026-02-03 20:25:14,725 - scraper_base - INFO - 🔍 Petlove: Buscando Previcox
2026-02-03 20:25:15,900 - scraper_base - INFO - ✅ Petlove: 4 produto(s) encontrado(s) para Previcox
2026-02-03 20:25:17,910 - scraper_base - INFO - 📦 [17/20] Processando Apoquel
2026-02-03 20:25:17,910 - scraper_base - INFO - 🔍 Petlove: Buscando Apoquel
2026-02-03 20:25:19,525 - scraper_base - INFO - ✅ Petlove: 16 produto(s) encontrado(s) para Apoquel
2026-02-03 20:25:22,438 - scraper_base - INFO - 📦 [18/20] Processando Zenrelia
2026-02-03 20:25:22,438 - scraper_base - INFO - 🔍 Petlove: Buscando Zenrelia
2026-02-03 20:25:23,585 - scraper_base - INFO - ✅ Petlove: 4 produto(s) encontrado(s) para Zenrelia
2026-02-03 20:25:25,515 - scraper_base - INFO - 📦 [19/20] Processando Synulox
2026-02-03 20:25:25,516 - scraper_base - INFO - 🔍 Petlove: Buscando Synulox
2026-02-03 20:25:26,891 - scraper_base - INFO - ✅ Petlove: 1 produto(s) encontrado(s) para Synulox
2026-02-03 20:25:28,424 - scraper_base - INFO - 📦 [20/20] Processando Baytril
2026-02-03 20:25:28,424 - scraper_base - INFO - 🔍 Petlove: Buscando Baytril
2026-02-03 20:25:29,847 - scraper_base - INFO - ✅ Petlove: 4 produto(s) encontrado(s) para Baytril
2026-02-03 20:25:31,613 - scraper_base - INFO - 📊 Petlove - Estatísticas finais:
2026-02-03 20:25:31,613 - scraper_base - INFO -    • Medicamentos processados: 20
2026-02-03 20:25:31,613 - scraper_base - INFO -    • Produtos encontrados: 243
2026-02-03 20:25:31,614 - scraper_base - INFO -    • Medicamentos sem resultado: 0
2026-02-03 20:25:31,614 - scraper_base - INFO -    • Tempo total: 92.9s
2026-02-03 20:25:31,614 - scraper_base - INFO -    • Tempo médio por medicamento: 4.6s
2026-02-03 20:25:31,659 - gerenciador_arquivos - INFO - Excel salvo: dados_coletados/petlove_20260203_202531.xlsx (243 produtos)
2026-02-03 20:25:31,659 - gerenciador_principal - INFO - Petlove: Arquivo individual salvo com sucesso
2026-02-03 20:25:31,659 - gerenciador_principal - INFO - Pausando entre sites...
2026-02-03 20:25:33,659 - gerenciador_principal - INFO - [3/3] Processando Petz
2026-02-03 20:25:33,659 - scraper_base - INFO - 🚀 Iniciando scraping completo - Petz
2026-02-03 20:25:34,028 - scraper_base - INFO - 📋 20 medicamentos para processar
2026-02-03 20:25:34,028 - scraper_base - INFO - 📦 [1/20] Processando Simparic
2026-02-03 20:25:34,028 - scraper_base - INFO - 🔍 Petz: Buscando Simparic
2026-02-03 20:25:38,250 - scraper_base - INFO - ✅ Petz: 12 produto(s) encontrado(s) para Simparic
2026-02-03 20:25:40,371 - scraper_base - INFO - 📦 [2/20] Processando Revolution
2026-02-03 20:25:40,371 - scraper_base - INFO - 🔍 Petz: Buscando Revolution
2026-02-03 20:25:43,051 - scraper_base - INFO - ✅ Petz: 26 produto(s) encontrado(s) para Revolution
2026-02-03 20:25:44,249 - scraper_base - INFO - 📦 [3/20] Processando NexGard
2026-02-03 20:25:44,249 - scraper_base - INFO - 🔍 Petz: Buscando NexGard
2026-02-03 20:25:46,316 - scraper_base - INFO - ✅ Petz: 22 produto(s) encontrado(s) para NexGard
2026-02-03 20:25:49,016 - scraper_base - INFO - 📦 [4/20] Processando NexGard Spectra
2026-02-03 20:25:49,016 - scraper_base - INFO - 🔍 Petz: Buscando NexGard Spectra
2026-02-03 20:25:50,932 - scraper_base - INFO - ✅ Petz: 10 produto(s) encontrado(s) para NexGard Spectra
2026-02-03 20:25:53,086 - scraper_base - INFO - 📦 [5/20] Processando NexGard Combo
2026-02-03 20:25:53,086 - scraper_base - INFO - 🔍 Petz: Buscando NexGard Combo
2026-02-03 20:25:55,025 - scraper_base - INFO - ✅ Petz: 4 produto(s) encontrado(s) para NexGard Combo
2026-02-03 20:25:57,040 - scraper_base - INFO - 📦 [6/20] Processando Bravecto
2026-02-03 20:25:57,040 - scraper_base - INFO - 🔍 Petz: Buscando Bravecto
2026-02-03 20:25:59,158 - scraper_base - INFO - ✅ Petz: 16 produto(s) encontrado(s) para Bravecto
2026-02-03 20:26:01,580 - scraper_base - INFO - 📦 [7/20] Processando Frontline
2026-02-03 20:26:01,580 - scraper_base - INFO - 🔍 Petz: Buscando Frontline
2026-02-03 20:26:03,698 - scraper_base - INFO - ✅ Petz: 11 produto(s) encontrado(s) para Frontline
2026-02-03 20:26:05,961 - scraper_base - INFO - 📦 [8/20] Processando Advocate
2026-02-03 20:26:05,961 - scraper_base - INFO - 🔍 Petz: Buscando Advocate
2026-02-03 20:26:07,728 - scraper_base - INFO - ✅ Petz: 12 produto(s) encontrado(s) para Advocate
2026-02-03 20:26:10,160 - scraper_base - INFO - 📦 [9/20] Processando Drontal
2026-02-03 20:26:10,160 - scraper_base - INFO - 🔍 Petz: Buscando Drontal
2026-02-03 20:26:12,893 - scraper_base - INFO - ✅ Petz: 28 produto(s) encontrado(s) para Drontal
2026-02-03 20:26:14,357 - scraper_base - INFO - 📦 [10/20] Processando Milbemax
2026-02-03 20:26:14,357 - scraper_base - INFO - 🔍 Petz: Buscando Milbemax
2026-02-03 20:26:16,251 - scraper_base - INFO - ✅ Petz: 4 produto(s) encontrado(s) para Milbemax
2026-02-03 20:26:18,866 - scraper_base - INFO - 📦 [11/20] Processando Vermivet
2026-02-03 20:26:18,866 - scraper_base - INFO - 🔍 Petz: Buscando Vermivet
2026-02-03 20:26:20,656 - scraper_base - INFO - ✅ Petz: 5 produto(s) encontrado(s) para Vermivet
2026-02-03 20:26:22,239 - scraper_base - INFO - 📦 [12/20] Processando Rimadyl
2026-02-03 20:26:22,240 - scraper_base - INFO - 🔍 Petz: Buscando Rimadyl
2026-02-03 20:26:23,737 - scraper_base - INFO - ✅ Petz: 3 produto(s) encontrado(s) para Rimadyl
2026-02-03 20:26:24,897 - scraper_base - INFO - 📦 [13/20] Processando Onsior
2026-02-03 20:26:24,897 - scraper_base - INFO - 🔍 Petz: Buscando Onsior
2026-02-03 20:26:26,402 - scraper_base - INFO - ✅ Petz: 4 produto(s) encontrado(s) para Onsior
2026-02-03 20:26:28,729 - scraper_base - INFO - 📦 [14/20] Processando Maxicam
2026-02-03 20:26:28,729 - scraper_base - INFO - 🔍 Petz: Buscando Maxicam
2026-02-03 20:26:30,816 - scraper_base - INFO - ✅ Petz: 29 produto(s) encontrado(s) para Maxicam
2026-02-03 20:26:32,785 - scraper_base - INFO - 📦 [15/20] Processando Carproflan
2026-02-03 20:26:32,785 - scraper_base - INFO - 🔍 Petz: Buscando Carproflan
2026-02-03 20:26:34,507 - scraper_base - INFO - ✅ Petz: 3 produto(s) encontrado(s) para Carproflan
2026-02-03 20:26:37,494 - scraper_base - INFO - 📦 [16/20] Processando Previcox
2026-02-03 20:26:37,494 - scraper_base - INFO - 🔍 Petz: Buscando Previcox
2026-02-03 20:26:39,163 - scraper_base - INFO - ✅ Petz: 2 produto(s) encontrado(s) para Previcox
2026-02-03 20:26:41,705 - scraper_base - INFO - 📦 [17/20] Processando Apoquel
2026-02-03 20:26:41,705 - scraper_base - INFO - 🔍 Petz: Buscando Apoquel
2026-02-03 20:26:43,225 - scraper_base - INFO - ✅ Petz: 3 produto(s) encontrado(s) para Apoquel
2026-02-03 20:26:45,478 - scraper_base - INFO - 📦 [18/20] Processando Zenrelia
2026-02-03 20:26:45,478 - scraper_base - INFO - 🔍 Petz: Buscando Zenrelia
2026-02-03 20:26:46,985 - scraper_base - INFO - ✅ Petz: 4 produto(s) encontrado(s) para Zenrelia
2026-02-03 20:26:49,979 - scraper_base - INFO - 📦 [19/20] Processando Synulox
2026-02-03 20:26:49,979 - scraper_base - INFO - 🔍 Petz: Buscando Synulox
2026-02-03 20:26:51,451 - scraper_base - INFO - ✅ Petz: 2 produto(s) encontrado(s) para Synulox
2026-02-03 20:26:54,029 - scraper_base - INFO - 📦 [20/20] Processando Baytril
2026-02-03 20:26:54,029 - scraper_base - INFO - 🔍 Petz: Buscando Baytril
2026-02-03 20:26:55,908 - scraper_base - INFO - ✅ Petz: 9 produto(s) encontrado(s) para Baytril
2026-02-03 20:26:57,707 - scraper_base - INFO - 📊 Petz - Estatísticas finais:
2026-02-03 20:26:57,707 - scraper_base - INFO -    • Medicamentos processados: 20
2026-02-03 20:26:57,707 - scraper_base - INFO -    • Produtos encontrados: 209
2026-02-03 20:26:57,707 - scraper_base - INFO -    • Medicamentos sem resultado: 0
2026-02-03 20:26:57,707 - scraper_base - INFO -    • Tempo total: 84.0s
2026-02-03 20:26:57,707 - scraper_base - INFO -    • Tempo médio por medicamento: 4.2s
2026-02-03 20:26:57,798 - gerenciador_arquivos - INFO - Excel salvo: dados_coletados/petz_20260203_202657.xlsx (209 produtos)
2026-02-03 20:26:57,798 - gerenciador_principal - INFO - Petz: Arquivo individual salvo com sucesso
2026-02-03 20:26:57,799 - gerenciador_principal - INFO - Gerando relatório consolidado...
2026-02-03 20:26:58,007 - gerenciador_arquivos - INFO - Relatório consolidado salvo: dados_relatorios/relatorio_consolidado_20260203_202657.xlsx
2026-02-03 20:26:58,155 - gerenciador_conexoes - INFO - Chrome fechado
2026-02-03 20:26:58,156 - gerenciador_conexoes - INFO - Métodos utilizados - Requests: 33.3%, Selenium: 66.7%, Falhas: 0.0%
2026-02-03 20:26:58,156 - gerenciador_principal - INFO - ============================================================
2026-02-03 20:26:58,156 - gerenciador_principal - INFO - RELATORIO FINAL DE EXECUÇÃO
2026-02-03 20:26:58,156 - gerenciador_principal - INFO - ============================================================
2026-02-03 20:26:58,156 - gerenciador_principal - INFO - Sites processados: 3
2026-02-03 20:26:58,156 - gerenciador_principal - INFO - Sites com sucesso: 3
2026-02-03 20:26:58,156 - gerenciador_principal - INFO - Total de produtos coletados: 619
2026-02-03 20:26:58,156 - gerenciador_principal - INFO - Tempo total de execução: 251.6 segundos
2026-02-03 20:26:58,156 - gerenciador_principal - INFO - Estatísticas de conexão:
2026-02-03 20:26:58,156 - gerenciador_principal - INFO -   - Requests bem-sucedidos: 33.3%
2026-02-03 20:26:58,156 - gerenciador_principal - INFO -   - Selenium fallback: 66.7%
2026-02-03 20:26:58,156 - gerenciador_principal - INFO -   - Falhas totais: 0.0%
2026-02-03 20:26:58,158 - gerenciador_principal - INFO - Arquivos salvos na pasta: dados_coletados
2026-02-03 20:26:58,158 - gerenciador_principal - INFO - Total de arquivos: 364
2026-02-03 20:26:58,158 - gerenciador_principal - INFO - ============================================================
