2026-01-09 20:12:33,137 - configurador_logs - INFO - Sistema de logs configurado com sucesso
2026-01-09 20:12:33,137 - configurador_logs - INFO - 🚀 Logs configurados para MODO PRODUÇÃO
2026-01-09 20:12:33,137 - gerenciador_principal - INFO - Inicializando sistema - Modo: PRODUCAO
2026-01-09 20:12:33,138 - gerenciador_arquivos - INFO - Pasta dados_coletados preparada
2026-01-09 20:12:33,138 - gerenciador_principal - INFO - Sistema inicializado com 3 scrapers
2026-01-09 20:12:33,138 - gerenciador_principal - INFO - ============================================================
2026-01-09 20:12:33,138 - gerenciador_principal - INFO - INICIANDO SCRAPING COMPLETO - PRODUCAO
2026-01-09 20:12:33,138 - gerenciador_principal - INFO - ============================================================
2026-01-09 20:12:33,138 - gerenciador_principal - INFO - [1/3] Processando Cobasi
2026-01-09 20:12:33,139 - scraper_base - INFO - 🚀 Iniciando scraping completo - Cobasi
2026-01-09 20:12:33,884 - gerenciador_conexoes - INFO - Sessao estabelecida com cobasi.com.br
2026-01-09 20:12:33,884 - scraper_base - INFO - 📋 20 medicamentos para processar
2026-01-09 20:12:33,884 - scraper_base - INFO - 📦 [1/20] Processando Simparic
2026-01-09 20:12:33,884 - scraper_base - INFO - 🔍 Cobasi: Buscando Simparic
2026-01-09 20:12:33,959 - scraper_cobasi - INFO - Cobasi: Dados extraídos via JSON para Simparic
2026-01-09 20:12:33,959 - scraper_base - INFO - ✅ Cobasi: 12 produto(s) encontrado(s) para Simparic
2026-01-09 20:12:35,096 - scraper_base - INFO - 📦 [2/20] Processando Revolution
2026-01-09 20:12:35,096 - scraper_base - INFO - 🔍 Cobasi: Buscando Revolution
2026-01-09 20:12:39,290 - scraper_cobasi - INFO - Cobasi: Dados extraídos via JSON para Revolution
2026-01-09 20:12:39,291 - scraper_base - INFO - ✅ Cobasi: 18 produto(s) encontrado(s) para Revolution
2026-01-09 20:12:42,271 - scraper_base - INFO - 📦 [3/20] Processando NexGard
2026-01-09 20:12:42,272 - scraper_base - INFO - 🔍 Cobasi: Buscando NexGard
2026-01-09 20:12:42,352 - scraper_cobasi - INFO - Cobasi: Dados extraídos via JSON para NexGard
2026-01-09 20:12:42,353 - scraper_base - INFO - ✅ Cobasi: 22 produto(s) encontrado(s) para NexGard
2026-01-09 20:12:45,106 - scraper_base - INFO - 📦 [4/20] Processando NexGard Spectra
2026-01-09 20:12:45,106 - scraper_base - INFO - 🔍 Cobasi: Buscando NexGard Spectra
2026-01-09 20:12:45,212 - scraper_cobasi - INFO - Cobasi: Dados extraídos via JSON para NexGard Spectra
2026-01-09 20:12:45,214 - scraper_base - INFO - ✅ Cobasi: 10 produto(s) encontrado(s) para NexGard Spectra
2026-01-09 20:12:47,816 - scraper_base - INFO - 📦 [5/20] Processando NexGard Combo
2026-01-09 20:12:47,816 - scraper_base - INFO - 🔍 Cobasi: Buscando NexGard Combo
2026-01-09 20:12:49,631 - scraper_cobasi - INFO - Cobasi: Dados extraídos via JSON para NexGard Combo
2026-01-09 20:12:49,631 - scraper_base - INFO - ✅ Cobasi: 4 produto(s) encontrado(s) para NexGard Combo
2026-01-09 20:12:50,783 - scraper_base - INFO - 📦 [6/20] Processando Bravecto
2026-01-09 20:12:50,784 - scraper_base - INFO - 🔍 Cobasi: Buscando Bravecto
2026-01-09 20:12:51,671 - scraper_cobasi - INFO - Cobasi: Dados extraídos via JSON para Bravecto
2026-01-09 20:12:51,671 - scraper_base - INFO - ✅ Cobasi: 16 produto(s) encontrado(s) para Bravecto
2026-01-09 20:12:53,102 - scraper_base - INFO - 📦 [7/20] Processando Frontline
2026-01-09 20:12:53,102 - scraper_base - INFO - 🔍 Cobasi: Buscando Frontline
2026-01-09 20:12:56,823 - scraper_cobasi - INFO - Cobasi: Dados extraídos via JSON para Frontline
2026-01-09 20:12:56,823 - scraper_base - INFO - ✅ Cobasi: 10 produto(s) encontrado(s) para Frontline
2026-01-09 20:12:59,525 - scraper_base - INFO - 📦 [8/20] Processando Advocate
2026-01-09 20:12:59,525 - scraper_base - INFO - 🔍 Cobasi: Buscando Advocate
2026-01-09 20:13:00,074 - scraper_cobasi - INFO - Cobasi: Dados extraídos via JSON para Advocate
2026-01-09 20:13:00,075 - scraper_base - INFO - ✅ Cobasi: 12 produto(s) encontrado(s) para Advocate
2026-01-09 20:13:02,230 - scraper_base - INFO - 📦 [9/20] Processando Drontal
2026-01-09 20:13:02,231 - scraper_base - INFO - 🔍 Cobasi: Buscando Drontal
2026-01-09 20:13:05,010 - scraper_cobasi - INFO - Cobasi: Dados extraídos via JSON para Drontal
2026-01-09 20:13:05,011 - scraper_base - INFO - ✅ Cobasi: 8 produto(s) encontrado(s) para Drontal
2026-01-09 20:13:06,710 - scraper_base - INFO - 📦 [10/20] Processando Milbemax
2026-01-09 20:13:06,710 - scraper_base - INFO - 🔍 Cobasi: Buscando Milbemax
2026-01-09 20:13:08,921 - scraper_cobasi - INFO - Cobasi: Dados extraídos via JSON para Milbemax
2026-01-09 20:13:08,921 - scraper_base - INFO - ✅ Cobasi: 4 produto(s) encontrado(s) para Milbemax
2026-01-09 20:13:11,436 - scraper_base - INFO - 📦 [11/20] Processando Vermivet
2026-01-09 20:13:11,436 - scraper_base - INFO - 🔍 Cobasi: Buscando Vermivet
2026-01-09 20:13:14,210 - scraper_cobasi - INFO - Cobasi: Dados extraídos via JSON para Vermivet
2026-01-09 20:13:14,210 - scraper_base - INFO - ✅ Cobasi: 5 produto(s) encontrado(s) para Vermivet
2026-01-09 20:13:15,730 - scraper_base - INFO - 📦 [12/20] Processando Rimadyl
2026-01-09 20:13:15,730 - scraper_base - INFO - 🔍 Cobasi: Buscando Rimadyl
2026-01-09 20:13:18,648 - scraper_cobasi - INFO - Cobasi: Dados extraídos via JSON para Rimadyl
2026-01-09 20:13:18,648 - scraper_base - INFO - ✅ Cobasi: 3 produto(s) encontrado(s) para Rimadyl
2026-01-09 20:13:20,444 - scraper_base - INFO - 📦 [13/20] Processando Onsior
2026-01-09 20:13:20,444 - scraper_base - INFO - 🔍 Cobasi: Buscando Onsior
2026-01-09 20:13:22,575 - scraper_cobasi - INFO - Cobasi: Dados extraídos via JSON para Onsior
2026-01-09 20:13:22,575 - scraper_base - INFO - ✅ Cobasi: 4 produto(s) encontrado(s) para Onsior
2026-01-09 20:13:24,502 - scraper_base - INFO - 📦 [14/20] Processando Maxicam
2026-01-09 20:13:24,502 - scraper_base - INFO - 🔍 Cobasi: Buscando Maxicam
2026-01-09 20:13:27,372 - scraper_cobasi - INFO - Cobasi: Dados extraídos via JSON para Maxicam
2026-01-09 20:13:27,372 - scraper_base - INFO - ✅ Cobasi: 21 produto(s) encontrado(s) para Maxicam
2026-01-09 20:13:28,873 - scraper_base - INFO - 📦 [15/20] Processando Carproflan
2026-01-09 20:13:28,873 - scraper_base - INFO - 🔍 Cobasi: Buscando Carproflan
2026-01-09 20:13:30,806 - scraper_cobasi - INFO - Cobasi: Dados extraídos via JSON para Carproflan
2026-01-09 20:13:30,806 - scraper_base - INFO - ✅ Cobasi: 3 produto(s) encontrado(s) para Carproflan
2026-01-09 20:13:32,661 - scraper_base - INFO - 📦 [16/20] Processando Previcox
2026-01-09 20:13:32,661 - scraper_base - INFO - 🔍 Cobasi: Buscando Previcox
2026-01-09 20:13:35,148 - scraper_cobasi - INFO - Cobasi: Dados extraídos via JSON para Previcox
2026-01-09 20:13:35,148 - scraper_base - INFO - ✅ Cobasi: 2 produto(s) encontrado(s) para Previcox
2026-01-09 20:13:37,326 - scraper_base - INFO - 📦 [17/20] Processando Apoquel
2026-01-09 20:13:37,327 - scraper_base - INFO - 🔍 Cobasi: Buscando Apoquel
2026-01-09 20:13:39,097 - scraper_cobasi - INFO - Cobasi: Dados extraídos via JSON para Apoquel
2026-01-09 20:13:39,097 - scraper_base - INFO - ✅ Cobasi: 3 produto(s) encontrado(s) para Apoquel
2026-01-09 20:13:40,453 - scraper_base - INFO - 📦 [18/20] Processando Zenrelia
2026-01-09 20:13:40,453 - scraper_base - INFO - 🔍 Cobasi: Buscando Zenrelia
2026-01-09 20:13:42,464 - scraper_cobasi - INFO - Cobasi: Dados extraídos via JSON para Zenrelia
2026-01-09 20:13:42,464 - scraper_base - INFO - ✅ Cobasi: 4 produto(s) encontrado(s) para Zenrelia
2026-01-09 20:13:45,277 - scraper_base - INFO - 📦 [19/20] Processando Synulox
2026-01-09 20:13:45,277 - scraper_base - INFO - 🔍 Cobasi: Buscando Synulox
2026-01-09 20:13:46,913 - scraper_cobasi - INFO - Cobasi: Dados extraídos via JSON para Synulox
2026-01-09 20:13:46,913 - scraper_base - INFO - ✅ Cobasi: 2 produto(s) encontrado(s) para Synulox
2026-01-09 20:13:49,825 - scraper_base - INFO - 📦 [20/20] Processando Baytril
2026-01-09 20:13:49,827 - scraper_base - INFO - 🔍 Cobasi: Buscando Baytril
2026-01-09 20:13:54,038 - scraper_cobasi - INFO - Cobasi: Dados extraídos via JSON para Baytril
2026-01-09 20:13:54,038 - scraper_base - INFO - ✅ Cobasi: 4 produto(s) encontrado(s) para Baytril
2026-01-09 20:13:56,011 - scraper_base - INFO - 📊 Cobasi - Estatísticas finais:
2026-01-09 20:13:56,011 - scraper_base - INFO -    • Medicamentos processados: 20
2026-01-09 20:13:56,011 - scraper_base - INFO -    • Produtos encontrados: 167
2026-01-09 20:13:56,012 - scraper_base - INFO -    • Medicamentos sem resultado: 0
2026-01-09 20:13:56,012 - scraper_base - INFO -    • Tempo total: 82.9s
2026-01-09 20:13:56,012 - scraper_base - INFO -    • Tempo médio por medicamento: 4.1s
2026-01-09 20:13:56,160 - gerenciador_arquivos - INFO - Excel salvo: dados_coletados/cobasi_20260109_201356.xlsx (167 produtos)
2026-01-09 20:13:56,160 - gerenciador_principal - INFO - Cobasi: Arquivo individual salvo com sucesso
2026-01-09 20:13:56,160 - gerenciador_principal - INFO - Pausando entre sites...
2026-01-09 20:13:58,161 - gerenciador_principal - INFO - [2/3] Processando Petlove
2026-01-09 20:13:58,161 - scraper_base - INFO - 🚀 Iniciando scraping completo - Petlove
2026-01-09 20:13:58,497 - scraper_base - INFO - 📋 20 medicamentos para processar
2026-01-09 20:13:58,497 - scraper_base - INFO - 📦 [1/20] Processando Simparic
2026-01-09 20:13:58,498 - scraper_base - INFO - 🔍 Petlove: Buscando Simparic
2026-01-09 20:14:05,614 - gerenciador_conexoes - INFO - Chrome inicializado com otimizacoes de velocidade
2026-01-09 20:14:09,727 - scraper_base - INFO - ✅ Petlove: 33 produto(s) encontrado(s) para Simparic
2026-01-09 20:14:11,509 - scraper_base - INFO - 📦 [2/20] Processando Revolution
2026-01-09 20:14:11,509 - scraper_base - INFO - 🔍 Petlove: Buscando Revolution
2026-01-09 20:14:13,469 - scraper_base - INFO - ✅ Petlove: 17 produto(s) encontrado(s) para Revolution
2026-01-09 20:14:14,552 - scraper_base - INFO - 📦 [3/20] Processando NexGard
2026-01-09 20:14:14,552 - scraper_base - INFO - 🔍 Petlove: Buscando NexGard
2026-01-09 20:14:16,164 - scraper_base - INFO - ✅ Petlove: 11 produto(s) encontrado(s) para NexGard
2026-01-09 20:14:18,784 - scraper_base - INFO - 📦 [4/20] Processando NexGard Spectra
2026-01-09 20:14:18,784 - scraper_base - INFO - 🔍 Petlove: Buscando NexGard Spectra
2026-01-09 20:14:20,440 - scraper_base - INFO - ✅ Petlove: 5 produto(s) encontrado(s) para NexGard Spectra
2026-01-09 20:14:23,113 - scraper_base - INFO - 📦 [5/20] Processando NexGard Combo
2026-01-09 20:14:23,113 - scraper_base - INFO - 🔍 Petlove: Buscando NexGard Combo
2026-01-09 20:14:24,532 - scraper_base - INFO - ✅ Petlove: 2 produto(s) encontrado(s) para NexGard Combo
2026-01-09 20:14:26,341 - scraper_base - INFO - 📦 [6/20] Processando Bravecto
2026-01-09 20:14:26,341 - scraper_base - INFO - 🔍 Petlove: Buscando Bravecto
2026-01-09 20:14:29,318 - scraper_base - INFO - ✅ Petlove: 23 produto(s) encontrado(s) para Bravecto
2026-01-09 20:14:30,402 - scraper_base - INFO - 📦 [7/20] Processando Frontline
2026-01-09 20:14:30,402 - scraper_base - INFO - 🔍 Petlove: Buscando Frontline
2026-01-09 20:14:32,502 - scraper_base - INFO - ✅ Petlove: 11 produto(s) encontrado(s) para Frontline
2026-01-09 20:14:34,516 - scraper_base - INFO - 📦 [8/20] Processando Advocate
2026-01-09 20:14:34,516 - scraper_base - INFO - 🔍 Petlove: Buscando Advocate
2026-01-09 20:14:36,213 - scraper_base - INFO - ✅ Petlove: 10 produto(s) encontrado(s) para Advocate
2026-01-09 20:14:37,474 - scraper_base - INFO - 📦 [9/20] Processando Drontal
2026-01-09 20:14:37,474 - scraper_base - INFO - 🔍 Petlove: Buscando Drontal
2026-01-09 20:14:39,426 - scraper_base - INFO - ✅ Petlove: 36 produto(s) encontrado(s) para Drontal
2026-01-09 20:14:42,112 - scraper_base - INFO - 📦 [10/20] Processando Milbemax
2026-01-09 20:14:42,112 - scraper_base - INFO - 🔍 Petlove: Buscando Milbemax
2026-01-09 20:14:43,798 - scraper_base - INFO - ✅ Petlove: 14 produto(s) encontrado(s) para Milbemax
2026-01-09 20:14:45,408 - scraper_base - INFO - 📦 [11/20] Processando Vermivet
2026-01-09 20:14:45,408 - scraper_base - INFO - 🔍 Petlove: Buscando Vermivet
2026-01-09 20:14:47,625 - scraper_base - INFO - ✅ Petlove: 36 produto(s) encontrado(s) para Vermivet
2026-01-09 20:14:49,843 - scraper_base - INFO - 📦 [12/20] Processando Rimadyl
2026-01-09 20:14:49,843 - scraper_base - INFO - 🔍 Petlove: Buscando Rimadyl
2026-01-09 20:14:51,839 - scraper_base - INFO - ✅ Petlove: 1 produto(s) encontrado(s) para Rimadyl
2026-01-09 20:14:52,857 - scraper_base - INFO - 📦 [13/20] Processando Onsior
2026-01-09 20:14:52,857 - scraper_base - INFO - 🔍 Petlove: Buscando Onsior
2026-01-09 20:14:54,505 - scraper_base - INFO - ✅ Petlove: 4 produto(s) encontrado(s) para Onsior
2026-01-09 20:14:55,527 - scraper_base - INFO - 📦 [14/20] Processando Maxicam
2026-01-09 20:14:55,527 - scraper_base - INFO - 🔍 Petlove: Buscando Maxicam
2026-01-09 20:14:56,996 - scraper_base - INFO - ✅ Petlove: 4 produto(s) encontrado(s) para Maxicam
2026-01-09 20:14:58,299 - scraper_base - INFO - 📦 [15/20] Processando Carproflan
2026-01-09 20:14:58,299 - scraper_base - INFO - 🔍 Petlove: Buscando Carproflan
2026-01-09 20:14:59,874 - scraper_base - INFO - ✅ Petlove: 8 produto(s) encontrado(s) para Carproflan
2026-01-09 20:15:02,185 - scraper_base - INFO - 📦 [16/20] Processando Previcox
2026-01-09 20:15:02,185 - scraper_base - INFO - 🔍 Petlove: Buscando Previcox
2026-01-09 20:15:04,191 - scraper_base - INFO - ✅ Petlove: 4 produto(s) encontrado(s) para Previcox
2026-01-09 20:15:06,269 - scraper_base - INFO - 📦 [17/20] Processando Apoquel
2026-01-09 20:15:06,270 - scraper_base - INFO - 🔍 Petlove: Buscando Apoquel
2026-01-09 20:15:07,962 - scraper_base - INFO - ✅ Petlove: 16 produto(s) encontrado(s) para Apoquel
2026-01-09 20:15:10,577 - scraper_base - INFO - 📦 [18/20] Processando Zenrelia
2026-01-09 20:15:10,577 - scraper_base - INFO - 🔍 Petlove: Buscando Zenrelia
2026-01-09 20:15:12,478 - scraper_base - INFO - ✅ Petlove: 4 produto(s) encontrado(s) para Zenrelia
2026-01-09 20:15:14,370 - scraper_base - INFO - 📦 [19/20] Processando Synulox
2026-01-09 20:15:14,370 - scraper_base - INFO - 🔍 Petlove: Buscando Synulox
2026-01-09 20:15:16,060 - scraper_base - INFO - ✅ Petlove: 1 produto(s) encontrado(s) para Synulox
2026-01-09 20:15:18,694 - scraper_base - INFO - 📦 [20/20] Processando Baytril
2026-01-09 20:15:18,694 - scraper_base - INFO - 🔍 Petlove: Buscando Baytril
2026-01-09 20:15:20,694 - scraper_base - INFO - ✅ Petlove: 4 produto(s) encontrado(s) para Baytril
2026-01-09 20:15:23,128 - scraper_base - INFO - 📊 Petlove - Estatísticas finais:
2026-01-09 20:15:23,128 - scraper_base - INFO -    • Medicamentos processados: 20
2026-01-09 20:15:23,128 - scraper_base - INFO -    • Produtos encontrados: 244
2026-01-09 20:15:23,129 - scraper_base - INFO -    • Medicamentos sem resultado: 0
2026-01-09 20:15:23,129 - scraper_base - INFO -    • Tempo total: 85.0s
2026-01-09 20:15:23,129 - scraper_base - INFO -    • Tempo médio por medicamento: 4.2s
2026-01-09 20:15:23,169 - gerenciador_arquivos - INFO - Excel salvo: dados_coletados/petlove_20260109_201523.xlsx (244 produtos)
2026-01-09 20:15:23,169 - gerenciador_principal - INFO - Petlove: Arquivo individual salvo com sucesso
2026-01-09 20:15:23,169 - gerenciador_principal - INFO - Pausando entre sites...
2026-01-09 20:15:25,170 - gerenciador_principal - INFO - [3/3] Processando Petz
2026-01-09 20:15:25,170 - scraper_base - INFO - 🚀 Iniciando scraping completo - Petz
2026-01-09 20:15:25,639 - scraper_base - INFO - 📋 20 medicamentos para processar
2026-01-09 20:15:25,640 - scraper_base - INFO - 📦 [1/20] Processando Simparic
2026-01-09 20:15:25,640 - scraper_base - INFO - 🔍 Petz: Buscando Simparic
2026-01-09 20:15:31,960 - scraper_base - INFO - ✅ Petz: 12 produto(s) encontrado(s) para Simparic
2026-01-09 20:15:33,559 - scraper_base - INFO - 📦 [2/20] Processando Revolution
2026-01-09 20:15:33,559 - scraper_base - INFO - 🔍 Petz: Buscando Revolution
2026-01-09 20:15:36,558 - scraper_base - INFO - ✅ Petz: 26 produto(s) encontrado(s) para Revolution
2026-01-09 20:15:38,829 - scraper_base - INFO - 📦 [3/20] Processando NexGard
2026-01-09 20:15:38,829 - scraper_base - INFO - 🔍 Petz: Buscando NexGard
2026-01-09 20:15:41,465 - scraper_base - INFO - ✅ Petz: 22 produto(s) encontrado(s) para NexGard
2026-01-09 20:15:44,239 - scraper_base - INFO - 📦 [4/20] Processando NexGard Spectra
2026-01-09 20:15:44,240 - scraper_base - INFO - 🔍 Petz: Buscando NexGard Spectra
2026-01-09 20:15:46,558 - scraper_base - INFO - ✅ Petz: 10 produto(s) encontrado(s) para NexGard Spectra
2026-01-09 20:15:49,037 - scraper_base - INFO - 📦 [5/20] Processando NexGard Combo
2026-01-09 20:15:49,037 - scraper_base - INFO - 🔍 Petz: Buscando NexGard Combo
2026-01-09 20:15:51,379 - scraper_base - INFO - ✅ Petz: 4 produto(s) encontrado(s) para NexGard Combo
2026-01-09 20:15:54,068 - scraper_base - INFO - 📦 [6/20] Processando Bravecto
2026-01-09 20:15:54,068 - scraper_base - INFO - 🔍 Petz: Buscando Bravecto
2026-01-09 20:15:56,581 - scraper_base - INFO - ✅ Petz: 16 produto(s) encontrado(s) para Bravecto
2026-01-09 20:15:57,853 - scraper_base - INFO - 📦 [7/20] Processando Frontline
2026-01-09 20:15:57,853 - scraper_base - INFO - 🔍 Petz: Buscando Frontline
2026-01-09 20:16:00,037 - scraper_base - INFO - ✅ Petz: 11 produto(s) encontrado(s) para Frontline
2026-01-09 20:16:02,017 - scraper_base - INFO - 📦 [8/20] Processando Advocate
2026-01-09 20:16:02,017 - scraper_base - INFO - 🔍 Petz: Buscando Advocate
2026-01-09 20:16:03,946 - scraper_base - INFO - ✅ Petz: 12 produto(s) encontrado(s) para Advocate
2026-01-09 20:16:05,634 - scraper_base - INFO - 📦 [9/20] Processando Drontal
2026-01-09 20:16:05,634 - scraper_base - INFO - 🔍 Petz: Buscando Drontal
2026-01-09 20:16:09,131 - scraper_base - INFO - ✅ Petz: 32 produto(s) encontrado(s) para Drontal
2026-01-09 20:16:10,960 - scraper_base - INFO - 📦 [10/20] Processando Milbemax
2026-01-09 20:16:10,960 - scraper_base - INFO - 🔍 Petz: Buscando Milbemax
2026-01-09 20:16:12,857 - scraper_base - INFO - ✅ Petz: 4 produto(s) encontrado(s) para Milbemax
2026-01-09 20:16:15,761 - scraper_base - INFO - 📦 [11/20] Processando Vermivet
2026-01-09 20:16:15,761 - scraper_base - INFO - 🔍 Petz: Buscando Vermivet
2026-01-09 20:16:17,702 - scraper_base - INFO - ✅ Petz: 5 produto(s) encontrado(s) para Vermivet
2026-01-09 20:16:19,363 - scraper_base - INFO - 📦 [12/20] Processando Rimadyl
2026-01-09 20:16:19,363 - scraper_base - INFO - 🔍 Petz: Buscando Rimadyl
2026-01-09 20:16:21,212 - scraper_base - INFO - ✅ Petz: 3 produto(s) encontrado(s) para Rimadyl
2026-01-09 20:16:23,835 - scraper_base - INFO - 📦 [13/20] Processando Onsior
2026-01-09 20:16:23,835 - scraper_base - INFO - 🔍 Petz: Buscando Onsior
2026-01-09 20:16:25,692 - scraper_base - INFO - ✅ Petz: 4 produto(s) encontrado(s) para Onsior
2026-01-09 20:16:28,008 - scraper_base - INFO - 📦 [14/20] Processando Maxicam
2026-01-09 20:16:28,008 - scraper_base - INFO - 🔍 Petz: Buscando Maxicam
2026-01-09 20:16:30,938 - scraper_base - INFO - ✅ Petz: 30 produto(s) encontrado(s) para Maxicam
2026-01-09 20:16:33,758 - scraper_base - INFO - 📦 [15/20] Processando Carproflan
2026-01-09 20:16:33,758 - scraper_base - INFO - 🔍 Petz: Buscando Carproflan
2026-01-09 20:16:36,032 - scraper_base - INFO - ✅ Petz: 3 produto(s) encontrado(s) para Carproflan
2026-01-09 20:16:38,510 - scraper_base - INFO - 📦 [16/20] Processando Previcox
2026-01-09 20:16:38,510 - scraper_base - INFO - 🔍 Petz: Buscando Previcox
2026-01-09 20:16:45,829 - scraper_base - INFO - ✅ Petz: 2 produto(s) encontrado(s) para Previcox
2026-01-09 20:16:46,935 - scraper_base - INFO - 📦 [17/20] Processando Apoquel
2026-01-09 20:16:46,935 - scraper_base - INFO - 🔍 Petz: Buscando Apoquel
2026-01-09 20:16:48,665 - scraper_base - INFO - ✅ Petz: 3 produto(s) encontrado(s) para Apoquel
2026-01-09 20:16:51,149 - scraper_base - INFO - 📦 [18/20] Processando Zenrelia
2026-01-09 20:16:51,149 - scraper_base - INFO - 🔍 Petz: Buscando Zenrelia
2026-01-09 20:16:52,918 - scraper_base - INFO - ✅ Petz: 4 produto(s) encontrado(s) para Zenrelia
2026-01-09 20:16:54,732 - scraper_base - INFO - 📦 [19/20] Processando Synulox
2026-01-09 20:16:54,732 - scraper_base - INFO - 🔍 Petz: Buscando Synulox
2026-01-09 20:16:56,473 - scraper_base - INFO - ✅ Petz: 2 produto(s) encontrado(s) para Synulox
2026-01-09 20:16:59,101 - scraper_base - INFO - 📦 [20/20] Processando Baytril
2026-01-09 20:16:59,101 - scraper_base - INFO - 🔍 Petz: Buscando Baytril
2026-01-09 20:17:01,139 - scraper_base - INFO - ✅ Petz: 10 produto(s) encontrado(s) para Baytril
2026-01-09 20:17:02,565 - scraper_base - INFO - 📊 Petz - Estatísticas finais:
2026-01-09 20:17:02,565 - scraper_base - INFO -    • Medicamentos processados: 20
2026-01-09 20:17:02,565 - scraper_base - INFO -    • Produtos encontrados: 215
2026-01-09 20:17:02,565 - scraper_base - INFO -    • Medicamentos sem resultado: 0
2026-01-09 20:17:02,565 - scraper_base - INFO -    • Tempo total: 97.4s
2026-01-09 20:17:02,565 - scraper_base - INFO -    • Tempo médio por medicamento: 4.9s
2026-01-09 20:17:02,607 - gerenciador_arquivos - INFO - Excel salvo: dados_coletados/petz_20260109_201702.xlsx (215 produtos)
2026-01-09 20:17:02,607 - gerenciador_principal - INFO - Petz: Arquivo individual salvo com sucesso
2026-01-09 20:17:02,607 - gerenciador_principal - INFO - Gerando relatório consolidado...
2026-01-09 20:17:02,807 - gerenciador_arquivos - INFO - Relatório consolidado salvo: dados_relatorios/relatorio_consolidado_20260109_201702.xlsx
2026-01-09 20:17:02,905 - gerenciador_conexoes - INFO - Chrome fechado
2026-01-09 20:17:02,905 - gerenciador_conexoes - INFO - Métodos utilizados - Requests: 33.3%, Selenium: 66.7%, Falhas: 0.0%
2026-01-09 20:17:02,905 - gerenciador_principal - INFO - ============================================================
2026-01-09 20:17:02,905 - gerenciador_principal - INFO - RELATORIO FINAL DE EXECUÇÃO
2026-01-09 20:17:02,905 - gerenciador_principal - INFO - ============================================================
2026-01-09 20:17:02,905 - gerenciador_principal - INFO - Sites processados: 3
2026-01-09 20:17:02,905 - gerenciador_principal - INFO - Sites com sucesso: 3
2026-01-09 20:17:02,905 - gerenciador_principal - INFO - Total de produtos coletados: 626
2026-01-09 20:17:02,905 - gerenciador_principal - INFO - Tempo total de execução: 269.5 segundos
2026-01-09 20:17:02,905 - gerenciador_principal - INFO - Estatísticas de conexão:
2026-01-09 20:17:02,905 - gerenciador_principal - INFO -   - Requests bem-sucedidos: 33.3%
2026-01-09 20:17:02,905 - gerenciador_principal - INFO -   - Selenium fallback: 66.7%
2026-01-09 20:17:02,905 - gerenciador_principal - INFO -   - Falhas totais: 0.0%
2026-01-09 20:17:02,906 - gerenciador_principal - INFO - Arquivos salvos na pasta: dados_coletados
2026-01-09 20:17:02,907 - gerenciador_principal - INFO - Total de arquivos: 293
2026-01-09 20:17:02,907 - gerenciador_principal - INFO - ============================================================
