2026-01-18 20:11:11,267 - configurador_logs - INFO - Sistema de logs configurado com sucesso
2026-01-18 20:11:11,267 - configurador_logs - INFO - 🚀 Logs configurados para MODO PRODUÇÃO
2026-01-18 20:11:11,267 - gerenciador_principal - INFO - Inicializando sistema - Modo: PRODUCAO
2026-01-18 20:11:11,267 - gerenciador_arquivos - INFO - Pasta dados_coletados preparada
2026-01-18 20:11:11,267 - gerenciador_principal - INFO - Sistema inicializado com 3 scrapers
2026-01-18 20:11:11,267 - gerenciador_principal - INFO - ============================================================
2026-01-18 20:11:11,267 - gerenciador_principal - INFO - INICIANDO SCRAPING COMPLETO - PRODUCAO
2026-01-18 20:11:11,268 - gerenciador_principal - INFO - ============================================================
2026-01-18 20:11:11,268 - gerenciador_principal - INFO - [1/3] Processando Cobasi
2026-01-18 20:11:11,268 - scraper_base - INFO - 🚀 Iniciando scraping completo - Cobasi
2026-01-18 20:11:11,664 - gerenciador_conexoes - INFO - Sessao estabelecida com cobasi.com.br
2026-01-18 20:11:11,664 - scraper_base - INFO - 📋 20 medicamentos para processar
2026-01-18 20:11:11,664 - scraper_base - INFO - 📦 [1/20] Processando Simparic
2026-01-18 20:11:11,664 - scraper_base - INFO - 🔍 Cobasi: Buscando Simparic
2026-01-18 20:11:12,106 - scraper_cobasi - INFO - Cobasi: Dados extraídos via JSON para Simparic
2026-01-18 20:11:12,106 - scraper_base - INFO - ✅ Cobasi: 12 produto(s) encontrado(s) para Simparic
2026-01-18 20:11:13,736 - scraper_base - INFO - 📦 [2/20] Processando Revolution
2026-01-18 20:11:13,736 - scraper_base - INFO - 🔍 Cobasi: Buscando Revolution
2026-01-18 20:11:16,158 - scraper_cobasi - INFO - Cobasi: Dados extraídos via JSON para Revolution
2026-01-18 20:11:16,158 - scraper_base - INFO - ✅ Cobasi: 18 produto(s) encontrado(s) para Revolution
2026-01-18 20:11:18,353 - scraper_base - INFO - 📦 [3/20] Processando NexGard
2026-01-18 20:11:18,354 - scraper_base - INFO - 🔍 Cobasi: Buscando NexGard
2026-01-18 20:11:18,768 - scraper_cobasi - INFO - Cobasi: Dados extraídos via JSON para NexGard
2026-01-18 20:11:18,768 - scraper_base - INFO - ✅ Cobasi: 22 produto(s) encontrado(s) para NexGard
2026-01-18 20:11:20,184 - scraper_base - INFO - 📦 [4/20] Processando NexGard Spectra
2026-01-18 20:11:20,184 - scraper_base - INFO - 🔍 Cobasi: Buscando NexGard Spectra
2026-01-18 20:11:22,447 - scraper_cobasi - INFO - Cobasi: Dados extraídos via JSON para NexGard Spectra
2026-01-18 20:11:22,447 - scraper_base - INFO - ✅ Cobasi: 10 produto(s) encontrado(s) para NexGard Spectra
2026-01-18 20:11:24,683 - scraper_base - INFO - 📦 [5/20] Processando NexGard Combo
2026-01-18 20:11:24,683 - scraper_base - INFO - 🔍 Cobasi: Buscando NexGard Combo
2026-01-18 20:11:27,367 - scraper_cobasi - INFO - Cobasi: Dados extraídos via JSON para NexGard Combo
2026-01-18 20:11:27,367 - scraper_base - INFO - ✅ Cobasi: 4 produto(s) encontrado(s) para NexGard Combo
2026-01-18 20:11:29,583 - scraper_base - INFO - 📦 [6/20] Processando Bravecto
2026-01-18 20:11:29,583 - scraper_base - INFO - 🔍 Cobasi: Buscando Bravecto
2026-01-18 20:11:32,615 - scraper_cobasi - INFO - Cobasi: Dados extraídos via JSON para Bravecto
2026-01-18 20:11:32,615 - scraper_base - INFO - ✅ Cobasi: 16 produto(s) encontrado(s) para Bravecto
2026-01-18 20:11:35,071 - scraper_base - INFO - 📦 [7/20] Processando Frontline
2026-01-18 20:11:35,071 - scraper_base - INFO - 🔍 Cobasi: Buscando Frontline
2026-01-18 20:11:37,555 - scraper_cobasi - INFO - Cobasi: Dados extraídos via JSON para Frontline
2026-01-18 20:11:37,555 - scraper_base - INFO - ✅ Cobasi: 10 produto(s) encontrado(s) para Frontline
2026-01-18 20:11:39,268 - scraper_base - INFO - 📦 [8/20] Processando Advocate
2026-01-18 20:11:39,268 - scraper_base - INFO - 🔍 Cobasi: Buscando Advocate
2026-01-18 20:11:39,739 - scraper_cobasi - INFO - Cobasi: Dados extraídos via JSON para Advocate
2026-01-18 20:11:39,739 - scraper_base - INFO - ✅ Cobasi: 12 produto(s) encontrado(s) para Advocate
2026-01-18 20:11:40,835 - scraper_base - INFO - 📦 [9/20] Processando Drontal
2026-01-18 20:11:40,836 - scraper_base - INFO - 🔍 Cobasi: Buscando Drontal
2026-01-18 20:11:43,129 - scraper_cobasi - INFO - Cobasi: Dados extraídos via JSON para Drontal
2026-01-18 20:11:43,129 - scraper_base - INFO - ✅ Cobasi: 8 produto(s) encontrado(s) para Drontal
2026-01-18 20:11:44,192 - scraper_base - INFO - 📦 [10/20] Processando Milbemax
2026-01-18 20:11:44,193 - scraper_base - INFO - 🔍 Cobasi: Buscando Milbemax
2026-01-18 20:11:46,123 - scraper_cobasi - INFO - Cobasi: Dados extraídos via JSON para Milbemax
2026-01-18 20:11:46,123 - scraper_base - INFO - ✅ Cobasi: 4 produto(s) encontrado(s) para Milbemax
2026-01-18 20:11:49,087 - scraper_base - INFO - 📦 [11/20] Processando Vermivet
2026-01-18 20:11:49,087 - scraper_base - INFO - 🔍 Cobasi: Buscando Vermivet
2026-01-18 20:11:51,049 - scraper_cobasi - INFO - Cobasi: Dados extraídos via JSON para Vermivet
2026-01-18 20:11:51,050 - scraper_base - INFO - ✅ Cobasi: 5 produto(s) encontrado(s) para Vermivet
2026-01-18 20:11:53,626 - scraper_base - INFO - 📦 [12/20] Processando Rimadyl
2026-01-18 20:11:53,627 - scraper_base - INFO - 🔍 Cobasi: Buscando Rimadyl
2026-01-18 20:11:55,274 - scraper_cobasi - INFO - Cobasi: Dados extraídos via JSON para Rimadyl
2026-01-18 20:11:55,274 - scraper_base - INFO - ✅ Cobasi: 3 produto(s) encontrado(s) para Rimadyl
2026-01-18 20:11:56,980 - scraper_base - INFO - 📦 [13/20] Processando Onsior
2026-01-18 20:11:56,980 - scraper_base - INFO - 🔍 Cobasi: Buscando Onsior
2026-01-18 20:11:59,077 - scraper_cobasi - INFO - Cobasi: Dados extraídos via JSON para Onsior
2026-01-18 20:11:59,078 - scraper_base - INFO - ✅ Cobasi: 4 produto(s) encontrado(s) para Onsior
2026-01-18 20:12:00,962 - scraper_base - INFO - 📦 [14/20] Processando Maxicam
2026-01-18 20:12:00,963 - scraper_base - INFO - 🔍 Cobasi: Buscando Maxicam
2026-01-18 20:12:01,493 - scraper_cobasi - INFO - Cobasi: Dados extraídos via JSON para Maxicam
2026-01-18 20:12:01,493 - scraper_base - INFO - ✅ Cobasi: 21 produto(s) encontrado(s) para Maxicam
2026-01-18 20:12:03,209 - scraper_base - INFO - 📦 [15/20] Processando Carproflan
2026-01-18 20:12:03,209 - scraper_base - INFO - 🔍 Cobasi: Buscando Carproflan
2026-01-18 20:12:04,080 - scraper_cobasi - INFO - Cobasi: Dados extraídos via JSON para Carproflan
2026-01-18 20:12:04,080 - scraper_base - INFO - ✅ Cobasi: 3 produto(s) encontrado(s) para Carproflan
2026-01-18 20:12:05,560 - scraper_base - INFO - 📦 [16/20] Processando Previcox
2026-01-18 20:12:05,561 - scraper_base - INFO - 🔍 Cobasi: Buscando Previcox
2026-01-18 20:12:06,096 - scraper_cobasi - INFO - Cobasi: Dados extraídos via JSON para Previcox
2026-01-18 20:12:06,096 - scraper_base - INFO - ✅ Cobasi: 2 produto(s) encontrado(s) para Previcox
2026-01-18 20:12:07,115 - scraper_base - INFO - 📦 [17/20] Processando Apoquel
2026-01-18 20:12:07,115 - scraper_base - INFO - 🔍 Cobasi: Buscando Apoquel
2026-01-18 20:12:07,535 - scraper_cobasi - INFO - Cobasi: Dados extraídos via JSON para Apoquel
2026-01-18 20:12:07,535 - scraper_base - INFO - ✅ Cobasi: 3 produto(s) encontrado(s) para Apoquel
2026-01-18 20:12:08,972 - scraper_base - INFO - 📦 [18/20] Processando Zenrelia
2026-01-18 20:12:08,972 - scraper_base - INFO - 🔍 Cobasi: Buscando Zenrelia
2026-01-18 20:12:11,223 - scraper_cobasi - INFO - Cobasi: Dados extraídos via JSON para Zenrelia
2026-01-18 20:12:11,223 - scraper_base - INFO - ✅ Cobasi: 4 produto(s) encontrado(s) para Zenrelia
2026-01-18 20:12:13,832 - scraper_base - INFO - 📦 [19/20] Processando Synulox
2026-01-18 20:12:13,832 - scraper_base - INFO - 🔍 Cobasi: Buscando Synulox
2026-01-18 20:12:15,695 - scraper_cobasi - INFO - Cobasi: Dados extraídos via JSON para Synulox
2026-01-18 20:12:15,695 - scraper_base - INFO - ✅ Cobasi: 2 produto(s) encontrado(s) para Synulox
2026-01-18 20:12:17,459 - scraper_base - INFO - 📦 [20/20] Processando Baytril
2026-01-18 20:12:17,459 - scraper_base - INFO - 🔍 Cobasi: Buscando Baytril
2026-01-18 20:12:19,463 - scraper_cobasi - INFO - Cobasi: Dados extraídos via JSON para Baytril
2026-01-18 20:12:19,463 - scraper_base - INFO - ✅ Cobasi: 4 produto(s) encontrado(s) para Baytril
2026-01-18 20:12:20,872 - scraper_base - INFO - 📊 Cobasi - Estatísticas finais:
2026-01-18 20:12:20,872 - scraper_base - INFO -    • Medicamentos processados: 20
2026-01-18 20:12:20,872 - scraper_base - INFO -    • Produtos encontrados: 167
2026-01-18 20:12:20,872 - scraper_base - INFO -    • Medicamentos sem resultado: 0
2026-01-18 20:12:20,872 - scraper_base - INFO -    • Tempo total: 69.6s
2026-01-18 20:12:20,872 - scraper_base - INFO -    • Tempo médio por medicamento: 3.5s
2026-01-18 20:12:20,988 - gerenciador_arquivos - INFO - Excel salvo: dados_coletados/cobasi_20260118_201220.xlsx (167 produtos)
2026-01-18 20:12:20,988 - gerenciador_principal - INFO - Cobasi: Arquivo individual salvo com sucesso
2026-01-18 20:12:20,988 - gerenciador_principal - INFO - Pausando entre sites...
2026-01-18 20:12:22,989 - gerenciador_principal - INFO - [2/3] Processando Petlove
2026-01-18 20:12:22,989 - scraper_base - INFO - 🚀 Iniciando scraping completo - Petlove
2026-01-18 20:12:23,235 - scraper_base - INFO - 📋 20 medicamentos para processar
2026-01-18 20:12:23,235 - scraper_base - INFO - 📦 [1/20] Processando Simparic
2026-01-18 20:12:23,235 - scraper_base - INFO - 🔍 Petlove: Buscando Simparic
2026-01-18 20:12:30,337 - gerenciador_conexoes - INFO - Chrome inicializado com otimizacoes de velocidade
2026-01-18 20:12:33,714 - scraper_base - INFO - ✅ Petlove: 34 produto(s) encontrado(s) para Simparic
2026-01-18 20:12:36,279 - scraper_base - INFO - 📦 [2/20] Processando Revolution
2026-01-18 20:12:36,279 - scraper_base - INFO - 🔍 Petlove: Buscando Revolution
2026-01-18 20:12:38,021 - scraper_base - INFO - ✅ Petlove: 17 produto(s) encontrado(s) para Revolution
2026-01-18 20:12:40,452 - scraper_base - INFO - 📦 [3/20] Processando NexGard
2026-01-18 20:12:40,452 - scraper_base - INFO - 🔍 Petlove: Buscando NexGard
2026-01-18 20:12:42,019 - scraper_base - INFO - ✅ Petlove: 11 produto(s) encontrado(s) para NexGard
2026-01-18 20:12:44,757 - scraper_base - INFO - 📦 [4/20] Processando NexGard Spectra
2026-01-18 20:12:44,757 - scraper_base - INFO - 🔍 Petlove: Buscando NexGard Spectra
2026-01-18 20:12:46,100 - scraper_base - INFO - ✅ Petlove: 5 produto(s) encontrado(s) para NexGard Spectra
2026-01-18 20:12:48,407 - scraper_base - INFO - 📦 [5/20] Processando NexGard Combo
2026-01-18 20:12:48,407 - scraper_base - INFO - 🔍 Petlove: Buscando NexGard Combo
2026-01-18 20:12:49,688 - scraper_base - INFO - ✅ Petlove: 2 produto(s) encontrado(s) para NexGard Combo
2026-01-18 20:12:52,464 - scraper_base - INFO - 📦 [6/20] Processando Bravecto
2026-01-18 20:12:52,464 - scraper_base - INFO - 🔍 Petlove: Buscando Bravecto
2026-01-18 20:12:54,617 - scraper_base - INFO - ✅ Petlove: 23 produto(s) encontrado(s) para Bravecto
2026-01-18 20:12:56,857 - scraper_base - INFO - 📦 [7/20] Processando Frontline
2026-01-18 20:12:56,857 - scraper_base - INFO - 🔍 Petlove: Buscando Frontline
2026-01-18 20:12:58,464 - scraper_base - INFO - ✅ Petlove: 11 produto(s) encontrado(s) para Frontline
2026-01-18 20:13:01,183 - scraper_base - INFO - 📦 [8/20] Processando Advocate
2026-01-18 20:13:01,183 - scraper_base - INFO - 🔍 Petlove: Buscando Advocate
2026-01-18 20:13:02,975 - scraper_base - INFO - ✅ Petlove: 10 produto(s) encontrado(s) para Advocate
2026-01-18 20:13:05,845 - scraper_base - INFO - 📦 [9/20] Processando Drontal
2026-01-18 20:13:05,846 - scraper_base - INFO - 🔍 Petlove: Buscando Drontal
2026-01-18 20:13:07,632 - scraper_base - INFO - ✅ Petlove: 36 produto(s) encontrado(s) para Drontal
2026-01-18 20:13:10,176 - scraper_base - INFO - 📦 [10/20] Processando Milbemax
2026-01-18 20:13:10,176 - scraper_base - INFO - 🔍 Petlove: Buscando Milbemax
2026-01-18 20:13:11,843 - scraper_base - INFO - ✅ Petlove: 14 produto(s) encontrado(s) para Milbemax
2026-01-18 20:13:14,670 - scraper_base - INFO - 📦 [11/20] Processando Vermivet
2026-01-18 20:13:14,670 - scraper_base - INFO - 🔍 Petlove: Buscando Vermivet
2026-01-18 20:13:16,424 - scraper_base - INFO - ✅ Petlove: 36 produto(s) encontrado(s) para Vermivet
2026-01-18 20:13:18,943 - scraper_base - INFO - 📦 [12/20] Processando Rimadyl
2026-01-18 20:13:18,943 - scraper_base - INFO - 🔍 Petlove: Buscando Rimadyl
2026-01-18 20:13:20,392 - scraper_base - INFO - ✅ Petlove: 1 produto(s) encontrado(s) para Rimadyl
2026-01-18 20:13:23,286 - scraper_base - INFO - 📦 [13/20] Processando Onsior
2026-01-18 20:13:23,287 - scraper_base - INFO - 🔍 Petlove: Buscando Onsior
2026-01-18 20:13:24,656 - scraper_base - INFO - ✅ Petlove: 4 produto(s) encontrado(s) para Onsior
2026-01-18 20:13:25,817 - scraper_base - INFO - 📦 [14/20] Processando Maxicam
2026-01-18 20:13:25,817 - scraper_base - INFO - 🔍 Petlove: Buscando Maxicam
2026-01-18 20:13:27,121 - scraper_base - INFO - ✅ Petlove: 3 produto(s) encontrado(s) para Maxicam
2026-01-18 20:13:29,105 - scraper_base - INFO - 📦 [15/20] Processando Carproflan
2026-01-18 20:13:29,105 - scraper_base - INFO - 🔍 Petlove: Buscando Carproflan
2026-01-18 20:13:30,504 - scraper_base - INFO - ✅ Petlove: 8 produto(s) encontrado(s) para Carproflan
2026-01-18 20:13:32,388 - scraper_base - INFO - 📦 [16/20] Processando Previcox
2026-01-18 20:13:32,388 - scraper_base - INFO - 🔍 Petlove: Buscando Previcox
2026-01-18 20:13:33,619 - scraper_base - INFO - ✅ Petlove: 4 produto(s) encontrado(s) para Previcox
2026-01-18 20:13:36,062 - scraper_base - INFO - 📦 [17/20] Processando Apoquel
2026-01-18 20:13:36,062 - scraper_base - INFO - 🔍 Petlove: Buscando Apoquel
2026-01-18 20:13:38,247 - scraper_base - INFO - ✅ Petlove: 16 produto(s) encontrado(s) para Apoquel
2026-01-18 20:13:40,042 - scraper_base - INFO - 📦 [18/20] Processando Zenrelia
2026-01-18 20:13:40,042 - scraper_base - INFO - 🔍 Petlove: Buscando Zenrelia
2026-01-18 20:13:41,491 - scraper_base - INFO - ✅ Petlove: 4 produto(s) encontrado(s) para Zenrelia
2026-01-18 20:13:42,567 - scraper_base - INFO - 📦 [19/20] Processando Synulox
2026-01-18 20:13:42,567 - scraper_base - INFO - 🔍 Petlove: Buscando Synulox
2026-01-18 20:13:43,968 - scraper_base - INFO - ✅ Petlove: 1 produto(s) encontrado(s) para Synulox
2026-01-18 20:13:45,845 - scraper_base - INFO - 📦 [20/20] Processando Baytril
2026-01-18 20:13:45,845 - scraper_base - INFO - 🔍 Petlove: Buscando Baytril
2026-01-18 20:13:47,378 - scraper_base - INFO - ✅ Petlove: 4 produto(s) encontrado(s) para Baytril
2026-01-18 20:13:48,894 - scraper_base - INFO - 📊 Petlove - Estatísticas finais:
2026-01-18 20:13:48,894 - scraper_base - INFO -    • Medicamentos processados: 20
2026-01-18 20:13:48,894 - scraper_base - INFO -    • Produtos encontrados: 244
2026-01-18 20:13:48,894 - scraper_base - INFO -    • Medicamentos sem resultado: 0
2026-01-18 20:13:48,894 - scraper_base - INFO -    • Tempo total: 85.9s
2026-01-18 20:13:48,894 - scraper_base - INFO -    • Tempo médio por medicamento: 4.3s
2026-01-18 20:13:48,939 - gerenciador_arquivos - INFO - Excel salvo: dados_coletados/petlove_20260118_201348.xlsx (244 produtos)
2026-01-18 20:13:48,939 - gerenciador_principal - INFO - Petlove: Arquivo individual salvo com sucesso
2026-01-18 20:13:48,939 - gerenciador_principal - INFO - Pausando entre sites...
2026-01-18 20:13:50,939 - gerenciador_principal - INFO - [3/3] Processando Petz
2026-01-18 20:13:50,940 - scraper_base - INFO - 🚀 Iniciando scraping completo - Petz
2026-01-18 20:13:51,283 - scraper_base - INFO - 📋 20 medicamentos para processar
2026-01-18 20:13:51,283 - scraper_base - INFO - 📦 [1/20] Processando Simparic
2026-01-18 20:13:51,283 - scraper_base - INFO - 🔍 Petz: Buscando Simparic
2026-01-18 20:13:55,139 - scraper_base - INFO - ✅ Petz: 12 produto(s) encontrado(s) para Simparic
2026-01-18 20:13:56,298 - scraper_base - INFO - 📦 [2/20] Processando Revolution
2026-01-18 20:13:56,298 - scraper_base - INFO - 🔍 Petz: Buscando Revolution
2026-01-18 20:13:59,197 - scraper_base - INFO - ✅ Petz: 24 produto(s) encontrado(s) para Revolution
2026-01-18 20:14:02,190 - scraper_base - INFO - 📦 [3/20] Processando NexGard
2026-01-18 20:14:02,190 - scraper_base - INFO - 🔍 Petz: Buscando NexGard
2026-01-18 20:14:04,387 - scraper_base - INFO - ✅ Petz: 22 produto(s) encontrado(s) para NexGard
2026-01-18 20:14:05,492 - scraper_base - INFO - 📦 [4/20] Processando NexGard Spectra
2026-01-18 20:14:05,492 - scraper_base - INFO - 🔍 Petz: Buscando NexGard Spectra
2026-01-18 20:14:07,328 - scraper_base - INFO - ✅ Petz: 10 produto(s) encontrado(s) para NexGard Spectra
2026-01-18 20:14:09,690 - scraper_base - INFO - 📦 [5/20] Processando NexGard Combo
2026-01-18 20:14:09,690 - scraper_base - INFO - 🔍 Petz: Buscando NexGard Combo
2026-01-18 20:14:11,454 - scraper_base - INFO - ✅ Petz: 4 produto(s) encontrado(s) para NexGard Combo
2026-01-18 20:14:14,204 - scraper_base - INFO - 📦 [6/20] Processando Bravecto
2026-01-18 20:14:14,204 - scraper_base - INFO - 🔍 Petz: Buscando Bravecto
2026-01-18 20:14:16,364 - scraper_base - INFO - ✅ Petz: 16 produto(s) encontrado(s) para Bravecto
2026-01-18 20:14:19,215 - scraper_base - INFO - 📦 [7/20] Processando Frontline
2026-01-18 20:14:19,215 - scraper_base - INFO - 🔍 Petz: Buscando Frontline
2026-01-18 20:14:21,264 - scraper_base - INFO - ✅ Petz: 11 produto(s) encontrado(s) para Frontline
2026-01-18 20:14:24,133 - scraper_base - INFO - 📦 [8/20] Processando Advocate
2026-01-18 20:14:24,134 - scraper_base - INFO - 🔍 Petz: Buscando Advocate
2026-01-18 20:14:26,123 - scraper_base - INFO - ✅ Petz: 12 produto(s) encontrado(s) para Advocate
2026-01-18 20:14:28,654 - scraper_base - INFO - 📦 [9/20] Processando Drontal
2026-01-18 20:14:28,654 - scraper_base - INFO - 🔍 Petz: Buscando Drontal
2026-01-18 20:14:31,503 - scraper_base - INFO - ✅ Petz: 29 produto(s) encontrado(s) para Drontal
2026-01-18 20:14:34,242 - scraper_base - INFO - 📦 [10/20] Processando Milbemax
2026-01-18 20:14:34,242 - scraper_base - INFO - 🔍 Petz: Buscando Milbemax
2026-01-18 20:14:36,193 - scraper_base - INFO - ✅ Petz: 4 produto(s) encontrado(s) para Milbemax
2026-01-18 20:14:38,376 - scraper_base - INFO - 📦 [11/20] Processando Vermivet
2026-01-18 20:14:38,377 - scraper_base - INFO - 🔍 Petz: Buscando Vermivet
2026-01-18 20:14:40,193 - scraper_base - INFO - ✅ Petz: 5 produto(s) encontrado(s) para Vermivet
2026-01-18 20:14:41,215 - scraper_base - INFO - 📦 [12/20] Processando Rimadyl
2026-01-18 20:14:41,215 - scraper_base - INFO - 🔍 Petz: Buscando Rimadyl
2026-01-18 20:14:42,926 - scraper_base - INFO - ✅ Petz: 3 produto(s) encontrado(s) para Rimadyl
2026-01-18 20:14:45,399 - scraper_base - INFO - 📦 [13/20] Processando Onsior
2026-01-18 20:14:45,399 - scraper_base - INFO - 🔍 Petz: Buscando Onsior
2026-01-18 20:14:47,089 - scraper_base - INFO - ✅ Petz: 4 produto(s) encontrado(s) para Onsior
2026-01-18 20:14:49,731 - scraper_base - INFO - 📦 [14/20] Processando Maxicam
2026-01-18 20:14:49,731 - scraper_base - INFO - 🔍 Petz: Buscando Maxicam
2026-01-18 20:14:52,188 - scraper_base - INFO - ✅ Petz: 30 produto(s) encontrado(s) para Maxicam
2026-01-18 20:14:53,883 - scraper_base - INFO - 📦 [15/20] Processando Carproflan
2026-01-18 20:14:53,883 - scraper_base - INFO - 🔍 Petz: Buscando Carproflan
2026-01-18 20:14:55,803 - scraper_base - INFO - ✅ Petz: 3 produto(s) encontrado(s) para Carproflan
2026-01-18 20:14:57,632 - scraper_base - INFO - 📦 [16/20] Processando Previcox
2026-01-18 20:14:57,632 - scraper_base - INFO - 🔍 Petz: Buscando Previcox
2026-01-18 20:14:59,858 - scraper_base - INFO - ✅ Petz: 2 produto(s) encontrado(s) para Previcox
2026-01-18 20:15:01,714 - scraper_base - INFO - 📦 [17/20] Processando Apoquel
2026-01-18 20:15:01,714 - scraper_base - INFO - 🔍 Petz: Buscando Apoquel
2026-01-18 20:15:03,419 - scraper_base - INFO - ✅ Petz: 3 produto(s) encontrado(s) para Apoquel
2026-01-18 20:15:05,603 - scraper_base - INFO - 📦 [18/20] Processando Zenrelia
2026-01-18 20:15:05,603 - scraper_base - INFO - 🔍 Petz: Buscando Zenrelia
2026-01-18 20:15:07,376 - scraper_base - INFO - ✅ Petz: 4 produto(s) encontrado(s) para Zenrelia
2026-01-18 20:15:09,002 - scraper_base - INFO - 📦 [19/20] Processando Synulox
2026-01-18 20:15:09,002 - scraper_base - INFO - 🔍 Petz: Buscando Synulox
2026-01-18 20:15:10,685 - scraper_base - INFO - ✅ Petz: 2 produto(s) encontrado(s) para Synulox
2026-01-18 20:15:11,695 - scraper_base - INFO - 📦 [20/20] Processando Baytril
2026-01-18 20:15:11,695 - scraper_base - INFO - 🔍 Petz: Buscando Baytril
2026-01-18 20:15:13,686 - scraper_base - INFO - ✅ Petz: 9 produto(s) encontrado(s) para Baytril
2026-01-18 20:15:16,306 - scraper_base - INFO - 📊 Petz - Estatísticas finais:
2026-01-18 20:15:16,306 - scraper_base - INFO -    • Medicamentos processados: 20
2026-01-18 20:15:16,306 - scraper_base - INFO -    • Produtos encontrados: 209
2026-01-18 20:15:16,306 - scraper_base - INFO -    • Medicamentos sem resultado: 0
2026-01-18 20:15:16,306 - scraper_base - INFO -    • Tempo total: 85.4s
2026-01-18 20:15:16,306 - scraper_base - INFO -    • Tempo médio por medicamento: 4.3s
2026-01-18 20:15:16,351 - gerenciador_arquivos - INFO - Excel salvo: dados_coletados/petz_20260118_201516.xlsx (209 produtos)
2026-01-18 20:15:16,351 - gerenciador_principal - INFO - Petz: Arquivo individual salvo com sucesso
2026-01-18 20:15:16,351 - gerenciador_principal - INFO - Gerando relatório consolidado...
2026-01-18 20:15:16,569 - gerenciador_arquivos - INFO - Relatório consolidado salvo: dados_relatorios/relatorio_consolidado_20260118_201516.xlsx
2026-01-18 20:15:16,709 - gerenciador_conexoes - INFO - Chrome fechado
2026-01-18 20:15:16,709 - gerenciador_conexoes - INFO - Métodos utilizados - Requests: 33.3%, Selenium: 66.7%, Falhas: 0.0%
2026-01-18 20:15:16,709 - gerenciador_principal - INFO - ============================================================
2026-01-18 20:15:16,709 - gerenciador_principal - INFO - RELATORIO FINAL DE EXECUÇÃO
2026-01-18 20:15:16,709 - gerenciador_principal - INFO - ============================================================
2026-01-18 20:15:16,709 - gerenciador_principal - INFO - Sites processados: 3
2026-01-18 20:15:16,709 - gerenciador_principal - INFO - Sites com sucesso: 3
2026-01-18 20:15:16,709 - gerenciador_principal - INFO - Total de produtos coletados: 620
2026-01-18 20:15:16,709 - gerenciador_principal - INFO - Tempo total de execução: 245.1 segundos
2026-01-18 20:15:16,710 - gerenciador_principal - INFO - Estatísticas de conexão:
2026-01-18 20:15:16,710 - gerenciador_principal - INFO -   - Requests bem-sucedidos: 33.3%
2026-01-18 20:15:16,710 - gerenciador_principal - INFO -   - Selenium fallback: 66.7%
2026-01-18 20:15:16,710 - gerenciador_principal - INFO -   - Falhas totais: 0.0%
2026-01-18 20:15:16,712 - gerenciador_principal - INFO - Arquivos salvos na pasta: dados_coletados
2026-01-18 20:15:16,712 - gerenciador_principal - INFO - Total de arquivos: 320
2026-01-18 20:15:16,712 - gerenciador_principal - INFO - ============================================================
