2025-12-14 20:10:29,213 - configurador_logs - INFO - Sistema de logs configurado com sucesso
2025-12-14 20:10:29,213 - configurador_logs - INFO - 🚀 Logs configurados para MODO PRODUÇÃO
2025-12-14 20:10:29,213 - gerenciador_principal - INFO - Inicializando sistema - Modo: PRODUCAO
2025-12-14 20:10:29,213 - gerenciador_arquivos - INFO - Pasta dados_coletados preparada
2025-12-14 20:10:29,213 - gerenciador_principal - INFO - Sistema inicializado com 3 scrapers
2025-12-14 20:10:29,214 - gerenciador_principal - INFO - ============================================================
2025-12-14 20:10:29,214 - gerenciador_principal - INFO - INICIANDO SCRAPING COMPLETO - PRODUCAO
2025-12-14 20:10:29,214 - gerenciador_principal - INFO - ============================================================
2025-12-14 20:10:29,214 - gerenciador_principal - INFO - [1/3] Processando Cobasi
2025-12-14 20:10:29,214 - scraper_base - INFO - 🚀 Iniciando scraping completo - Cobasi
2025-12-14 20:10:29,526 - gerenciador_conexoes - INFO - Sessao estabelecida com cobasi.com.br
2025-12-14 20:10:29,526 - scraper_base - INFO - 📋 20 medicamentos para processar
2025-12-14 20:10:29,526 - scraper_base - INFO - 📦 [1/20] Processando Simparic
2025-12-14 20:10:29,526 - scraper_base - INFO - 🔍 Cobasi: Buscando Simparic
2025-12-14 20:10:29,577 - scraper_cobasi - INFO - Cobasi: Dados extraídos via JSON para Simparic
2025-12-14 20:10:29,577 - scraper_base - INFO - ✅ Cobasi: 12 produto(s) encontrado(s) para Simparic
2025-12-14 20:10:30,833 - scraper_base - INFO - 📦 [2/20] Processando Revolution
2025-12-14 20:10:30,833 - scraper_base - INFO - 🔍 Cobasi: Buscando Revolution
2025-12-14 20:10:30,893 - scraper_cobasi - INFO - Cobasi: Dados extraídos via JSON para Revolution
2025-12-14 20:10:30,893 - scraper_base - INFO - ✅ Cobasi: 18 produto(s) encontrado(s) para Revolution
2025-12-14 20:10:32,787 - scraper_base - INFO - 📦 [3/20] Processando NexGard
2025-12-14 20:10:32,787 - scraper_base - INFO - 🔍 Cobasi: Buscando NexGard
2025-12-14 20:10:32,844 - scraper_cobasi - INFO - Cobasi: Dados extraídos via JSON para NexGard
2025-12-14 20:10:32,845 - scraper_base - INFO - ✅ Cobasi: 22 produto(s) encontrado(s) para NexGard
2025-12-14 20:10:34,687 - scraper_base - INFO - 📦 [4/20] Processando NexGard Spectra
2025-12-14 20:10:34,687 - scraper_base - INFO - 🔍 Cobasi: Buscando NexGard Spectra
2025-12-14 20:10:34,769 - scraper_cobasi - INFO - Cobasi: Dados extraídos via JSON para NexGard Spectra
2025-12-14 20:10:34,769 - scraper_base - INFO - ✅ Cobasi: 10 produto(s) encontrado(s) para NexGard Spectra
2025-12-14 20:10:37,011 - scraper_base - INFO - 📦 [5/20] Processando NexGard Combo
2025-12-14 20:10:37,011 - scraper_base - INFO - 🔍 Cobasi: Buscando NexGard Combo
2025-12-14 20:10:37,047 - scraper_cobasi - INFO - Cobasi: Dados extraídos via JSON para NexGard Combo
2025-12-14 20:10:37,047 - scraper_base - INFO - ✅ Cobasi: 4 produto(s) encontrado(s) para NexGard Combo
2025-12-14 20:10:39,335 - scraper_base - INFO - 📦 [6/20] Processando Bravecto
2025-12-14 20:10:39,335 - scraper_base - INFO - 🔍 Cobasi: Buscando Bravecto
2025-12-14 20:10:39,406 - scraper_cobasi - INFO - Cobasi: Dados extraídos via JSON para Bravecto
2025-12-14 20:10:39,407 - scraper_base - INFO - ✅ Cobasi: 16 produto(s) encontrado(s) para Bravecto
2025-12-14 20:10:41,057 - scraper_base - INFO - 📦 [7/20] Processando Frontline
2025-12-14 20:10:41,057 - scraper_base - INFO - 🔍 Cobasi: Buscando Frontline
2025-12-14 20:10:41,111 - scraper_cobasi - INFO - Cobasi: Dados extraídos via JSON para Frontline
2025-12-14 20:10:41,111 - scraper_base - INFO - ✅ Cobasi: 10 produto(s) encontrado(s) para Frontline
2025-12-14 20:10:42,211 - scraper_base - INFO - 📦 [8/20] Processando Advocate
2025-12-14 20:10:42,212 - scraper_base - INFO - 🔍 Cobasi: Buscando Advocate
2025-12-14 20:10:42,260 - scraper_cobasi - INFO - Cobasi: Dados extraídos via JSON para Advocate
2025-12-14 20:10:42,260 - scraper_base - INFO - ✅ Cobasi: 12 produto(s) encontrado(s) para Advocate
2025-12-14 20:10:44,638 - scraper_base - INFO - 📦 [9/20] Processando Drontal
2025-12-14 20:10:44,638 - scraper_base - INFO - 🔍 Cobasi: Buscando Drontal
2025-12-14 20:10:46,975 - scraper_cobasi - INFO - Cobasi: Dados extraídos via JSON para Drontal
2025-12-14 20:10:46,975 - scraper_base - INFO - ✅ Cobasi: 8 produto(s) encontrado(s) para Drontal
2025-12-14 20:10:48,183 - scraper_base - INFO - 📦 [10/20] Processando Milbemax
2025-12-14 20:10:48,183 - scraper_base - INFO - 🔍 Cobasi: Buscando Milbemax
2025-12-14 20:10:48,990 - scraper_cobasi - INFO - Cobasi: Dados extraídos via JSON para Milbemax
2025-12-14 20:10:48,991 - scraper_base - INFO - ✅ Cobasi: 4 produto(s) encontrado(s) para Milbemax
2025-12-14 20:10:51,905 - scraper_base - INFO - 📦 [11/20] Processando Vermivet
2025-12-14 20:10:51,905 - scraper_base - INFO - 🔍 Cobasi: Buscando Vermivet
2025-12-14 20:10:55,042 - scraper_cobasi - INFO - Cobasi: Dados extraídos via JSON para Vermivet
2025-12-14 20:10:55,042 - scraper_base - INFO - ✅ Cobasi: 5 produto(s) encontrado(s) para Vermivet
2025-12-14 20:10:56,621 - scraper_base - INFO - 📦 [12/20] Processando Rimadyl
2025-12-14 20:10:56,621 - scraper_base - INFO - 🔍 Cobasi: Buscando Rimadyl
2025-12-14 20:10:58,629 - scraper_cobasi - INFO - Cobasi: Dados extraídos via JSON para Rimadyl
2025-12-14 20:10:58,629 - scraper_base - INFO - ✅ Cobasi: 3 produto(s) encontrado(s) para Rimadyl
2025-12-14 20:11:01,134 - scraper_base - INFO - 📦 [13/20] Processando Onsior
2025-12-14 20:11:01,134 - scraper_base - INFO - 🔍 Cobasi: Buscando Onsior
2025-12-14 20:11:03,679 - scraper_cobasi - INFO - Cobasi: Dados extraídos via JSON para Onsior
2025-12-14 20:11:03,679 - scraper_base - INFO - ✅ Cobasi: 4 produto(s) encontrado(s) para Onsior
2025-12-14 20:11:06,508 - scraper_base - INFO - 📦 [14/20] Processando Maxicam
2025-12-14 20:11:06,508 - scraper_base - INFO - 🔍 Cobasi: Buscando Maxicam
2025-12-14 20:11:09,117 - scraper_cobasi - INFO - Cobasi: Dados extraídos via JSON para Maxicam
2025-12-14 20:11:09,118 - scraper_base - INFO - ✅ Cobasi: 20 produto(s) encontrado(s) para Maxicam
2025-12-14 20:11:10,368 - scraper_base - INFO - 📦 [15/20] Processando Carproflan
2025-12-14 20:11:10,368 - scraper_base - INFO - 🔍 Cobasi: Buscando Carproflan
2025-12-14 20:11:13,584 - scraper_cobasi - INFO - Cobasi: Dados extraídos via JSON para Carproflan
2025-12-14 20:11:13,584 - scraper_base - INFO - ✅ Cobasi: 3 produto(s) encontrado(s) para Carproflan
2025-12-14 20:11:15,584 - scraper_base - INFO - 📦 [16/20] Processando Previcox
2025-12-14 20:11:15,585 - scraper_base - INFO - 🔍 Cobasi: Buscando Previcox
2025-12-14 20:11:17,608 - scraper_cobasi - INFO - Cobasi: Dados extraídos via JSON para Previcox
2025-12-14 20:11:17,608 - scraper_base - INFO - ✅ Cobasi: 2 produto(s) encontrado(s) para Previcox
2025-12-14 20:11:20,170 - scraper_base - INFO - 📦 [17/20] Processando Apoquel
2025-12-14 20:11:20,170 - scraper_base - INFO - 🔍 Cobasi: Buscando Apoquel
2025-12-14 20:11:20,211 - scraper_cobasi - INFO - Cobasi: Dados extraídos via JSON para Apoquel
2025-12-14 20:11:20,211 - scraper_base - INFO - ✅ Cobasi: 3 produto(s) encontrado(s) para Apoquel
2025-12-14 20:11:22,141 - scraper_base - INFO - 📦 [18/20] Processando Zenrelia
2025-12-14 20:11:22,142 - scraper_base - INFO - 🔍 Cobasi: Buscando Zenrelia
2025-12-14 20:11:24,140 - scraper_cobasi - INFO - Cobasi: Dados extraídos via JSON para Zenrelia
2025-12-14 20:11:24,141 - scraper_base - INFO - ✅ Cobasi: 4 produto(s) encontrado(s) para Zenrelia
2025-12-14 20:11:26,133 - scraper_base - INFO - 📦 [19/20] Processando Synulox
2025-12-14 20:11:26,133 - scraper_base - INFO - 🔍 Cobasi: Buscando Synulox
2025-12-14 20:11:28,124 - scraper_cobasi - INFO - Cobasi: Dados extraídos via JSON para Synulox
2025-12-14 20:11:28,124 - scraper_base - INFO - ✅ Cobasi: 2 produto(s) encontrado(s) para Synulox
2025-12-14 20:11:30,730 - scraper_base - INFO - 📦 [20/20] Processando Baytril
2025-12-14 20:11:30,730 - scraper_base - INFO - 🔍 Cobasi: Buscando Baytril
2025-12-14 20:11:30,773 - scraper_cobasi - INFO - Cobasi: Dados extraídos via JSON para Baytril
2025-12-14 20:11:30,773 - scraper_base - INFO - ✅ Cobasi: 4 produto(s) encontrado(s) para Baytril
2025-12-14 20:11:32,092 - scraper_base - INFO - 📊 Cobasi - Estatísticas finais:
2025-12-14 20:11:32,092 - scraper_base - INFO -    • Medicamentos processados: 20
2025-12-14 20:11:32,092 - scraper_base - INFO -    • Produtos encontrados: 166
2025-12-14 20:11:32,092 - scraper_base - INFO -    • Medicamentos sem resultado: 0
2025-12-14 20:11:32,092 - scraper_base - INFO -    • Tempo total: 62.9s
2025-12-14 20:11:32,092 - scraper_base - INFO -    • Tempo médio por medicamento: 3.1s
2025-12-14 20:11:32,253 - gerenciador_arquivos - INFO - Excel salvo: dados_coletados/cobasi_20251214_201132.xlsx (166 produtos)
2025-12-14 20:11:32,253 - gerenciador_principal - INFO - Cobasi: Arquivo individual salvo com sucesso
2025-12-14 20:11:32,253 - gerenciador_principal - INFO - Pausando entre sites...
2025-12-14 20:11:34,254 - gerenciador_principal - INFO - [2/3] Processando Petlove
2025-12-14 20:11:34,254 - scraper_base - INFO - 🚀 Iniciando scraping completo - Petlove
2025-12-14 20:11:34,464 - scraper_base - INFO - 📋 20 medicamentos para processar
2025-12-14 20:11:34,464 - scraper_base - INFO - 📦 [1/20] Processando Simparic
2025-12-14 20:11:34,464 - scraper_base - INFO - 🔍 Petlove: Buscando Simparic
2025-12-14 20:11:35,787 - gerenciador_conexoes - INFO - Chrome inicializado com otimizacoes de velocidade
2025-12-14 20:11:38,050 - scraper_base - INFO - ✅ Petlove: 15 produto(s) encontrado(s) para Simparic
2025-12-14 20:11:40,924 - scraper_base - INFO - 📦 [2/20] Processando Revolution
2025-12-14 20:11:40,924 - scraper_base - INFO - 🔍 Petlove: Buscando Revolution
2025-12-14 20:11:42,584 - scraper_base - INFO - ✅ Petlove: 14 produto(s) encontrado(s) para Revolution
2025-12-14 20:11:44,231 - scraper_base - INFO - 📦 [3/20] Processando NexGard
2025-12-14 20:11:44,232 - scraper_base - INFO - 🔍 Petlove: Buscando NexGard
2025-12-14 20:11:46,497 - scraper_base - INFO - ✅ Petlove: 11 produto(s) encontrado(s) para NexGard
2025-12-14 20:11:48,267 - scraper_base - INFO - 📦 [4/20] Processando NexGard Spectra
2025-12-14 20:11:48,267 - scraper_base - INFO - 🔍 Petlove: Buscando NexGard Spectra
2025-12-14 20:11:49,485 - scraper_base - INFO - ✅ Petlove: 5 produto(s) encontrado(s) para NexGard Spectra
2025-12-14 20:11:51,694 - scraper_base - INFO - 📦 [5/20] Processando NexGard Combo
2025-12-14 20:11:51,695 - scraper_base - INFO - 🔍 Petlove: Buscando NexGard Combo
2025-12-14 20:11:52,879 - scraper_base - INFO - ✅ Petlove: 2 produto(s) encontrado(s) para NexGard Combo
2025-12-14 20:11:55,240 - scraper_base - INFO - 📦 [6/20] Processando Bravecto
2025-12-14 20:11:55,240 - scraper_base - INFO - 🔍 Petlove: Buscando Bravecto
2025-12-14 20:11:58,051 - scraper_base - INFO - ✅ Petlove: 23 produto(s) encontrado(s) para Bravecto
2025-12-14 20:12:00,514 - scraper_base - INFO - 📦 [7/20] Processando Frontline
2025-12-14 20:12:00,514 - scraper_base - INFO - 🔍 Petlove: Buscando Frontline
2025-12-14 20:12:02,305 - scraper_base - INFO - ✅ Petlove: 11 produto(s) encontrado(s) para Frontline
2025-12-14 20:12:05,249 - scraper_base - INFO - 📦 [8/20] Processando Advocate
2025-12-14 20:12:05,249 - scraper_base - INFO - 🔍 Petlove: Buscando Advocate
2025-12-14 20:12:07,121 - scraper_base - INFO - ✅ Petlove: 10 produto(s) encontrado(s) para Advocate
2025-12-14 20:12:08,334 - scraper_base - INFO - 📦 [9/20] Processando Drontal
2025-12-14 20:12:08,334 - scraper_base - INFO - 🔍 Petlove: Buscando Drontal
2025-12-14 20:12:09,876 - scraper_base - INFO - ✅ Petlove: 18 produto(s) encontrado(s) para Drontal
2025-12-14 20:12:11,900 - scraper_base - INFO - 📦 [10/20] Processando Milbemax
2025-12-14 20:12:11,900 - scraper_base - INFO - 🔍 Petlove: Buscando Milbemax
2025-12-14 20:12:13,050 - scraper_base - INFO - ✅ Petlove: 4 produto(s) encontrado(s) para Milbemax
2025-12-14 20:12:14,288 - scraper_base - INFO - 📦 [11/20] Processando Vermivet
2025-12-14 20:12:14,288 - scraper_base - INFO - 🔍 Petlove: Buscando Vermivet
2025-12-14 20:12:16,904 - scraper_base - INFO - ✅ Petlove: 36 produto(s) encontrado(s) para Vermivet
2025-12-14 20:12:19,412 - scraper_base - INFO - 📦 [12/20] Processando Rimadyl
2025-12-14 20:12:19,413 - scraper_base - INFO - 🔍 Petlove: Buscando Rimadyl
2025-12-14 20:12:21,045 - scraper_base - INFO - ✅ Petlove: 1 produto(s) encontrado(s) para Rimadyl
2025-12-14 20:12:22,107 - scraper_base - INFO - 📦 [13/20] Processando Onsior
2025-12-14 20:12:22,107 - scraper_base - INFO - 🔍 Petlove: Buscando Onsior
2025-12-14 20:12:23,321 - scraper_base - INFO - ✅ Petlove: 4 produto(s) encontrado(s) para Onsior
2025-12-14 20:12:26,316 - scraper_base - INFO - 📦 [14/20] Processando Maxicam
2025-12-14 20:12:26,317 - scraper_base - INFO - 🔍 Petlove: Buscando Maxicam
2025-12-14 20:12:27,693 - scraper_base - INFO - ✅ Petlove: 4 produto(s) encontrado(s) para Maxicam
2025-12-14 20:12:30,066 - scraper_base - INFO - 📦 [15/20] Processando Carproflan
2025-12-14 20:12:30,067 - scraper_base - INFO - 🔍 Petlove: Buscando Carproflan
2025-12-14 20:12:31,431 - scraper_base - INFO - ✅ Petlove: 4 produto(s) encontrado(s) para Carproflan
2025-12-14 20:12:32,811 - scraper_base - INFO - 📦 [16/20] Processando Previcox
2025-12-14 20:12:32,811 - scraper_base - INFO - 🔍 Petlove: Buscando Previcox
2025-12-14 20:12:34,043 - scraper_base - INFO - ✅ Petlove: 4 produto(s) encontrado(s) para Previcox
2025-12-14 20:12:36,569 - scraper_base - INFO - 📦 [17/20] Processando Apoquel
2025-12-14 20:12:36,569 - scraper_base - INFO - 🔍 Petlove: Buscando Apoquel
2025-12-14 20:12:38,220 - scraper_base - INFO - ✅ Petlove: 16 produto(s) encontrado(s) para Apoquel
2025-12-14 20:12:39,599 - scraper_base - INFO - 📦 [18/20] Processando Zenrelia
2025-12-14 20:12:39,599 - scraper_base - INFO - 🔍 Petlove: Buscando Zenrelia
2025-12-14 20:12:41,034 - scraper_base - INFO - ✅ Petlove: 4 produto(s) encontrado(s) para Zenrelia
2025-12-14 20:12:42,946 - scraper_base - INFO - 📦 [19/20] Processando Synulox
2025-12-14 20:12:42,946 - scraper_base - INFO - 🔍 Petlove: Buscando Synulox
2025-12-14 20:12:44,215 - scraper_base - INFO - ✅ Petlove: 1 produto(s) encontrado(s) para Synulox
2025-12-14 20:12:46,549 - scraper_base - INFO - 📦 [20/20] Processando Baytril
2025-12-14 20:12:46,550 - scraper_base - INFO - 🔍 Petlove: Buscando Baytril
2025-12-14 20:12:47,786 - scraper_base - INFO - ✅ Petlove: 5 produto(s) encontrado(s) para Baytril
2025-12-14 20:12:50,641 - scraper_base - INFO - 📊 Petlove - Estatísticas finais:
2025-12-14 20:12:50,642 - scraper_base - INFO -    • Medicamentos processados: 20
2025-12-14 20:12:50,642 - scraper_base - INFO -    • Produtos encontrados: 192
2025-12-14 20:12:50,642 - scraper_base - INFO -    • Medicamentos sem resultado: 0
2025-12-14 20:12:50,642 - scraper_base - INFO -    • Tempo total: 76.4s
2025-12-14 20:12:50,642 - scraper_base - INFO -    • Tempo médio por medicamento: 3.8s
2025-12-14 20:12:50,679 - gerenciador_arquivos - INFO - Excel salvo: dados_coletados/petlove_20251214_201250.xlsx (192 produtos)
2025-12-14 20:12:50,679 - gerenciador_principal - INFO - Petlove: Arquivo individual salvo com sucesso
2025-12-14 20:12:50,679 - gerenciador_principal - INFO - Pausando entre sites...
2025-12-14 20:12:52,679 - gerenciador_principal - INFO - [3/3] Processando Petz
2025-12-14 20:12:52,680 - scraper_base - INFO - 🚀 Iniciando scraping completo - Petz
2025-12-14 20:12:52,955 - scraper_base - INFO - 📋 20 medicamentos para processar
2025-12-14 20:12:52,955 - scraper_base - INFO - 📦 [1/20] Processando Simparic
2025-12-14 20:12:52,955 - scraper_base - INFO - 🔍 Petz: Buscando Simparic
2025-12-14 20:12:56,537 - scraper_base - INFO - ✅ Petz: 12 produto(s) encontrado(s) para Simparic
2025-12-14 20:12:58,286 - scraper_base - INFO - 📦 [2/20] Processando Revolution
2025-12-14 20:12:58,286 - scraper_base - INFO - 🔍 Petz: Buscando Revolution
2025-12-14 20:13:00,516 - scraper_base - INFO - ✅ Petz: 28 produto(s) encontrado(s) para Revolution
2025-12-14 20:13:01,920 - scraper_base - INFO - 📦 [3/20] Processando NexGard
2025-12-14 20:13:01,920 - scraper_base - INFO - 🔍 Petz: Buscando NexGard
2025-12-14 20:13:03,614 - scraper_base - INFO - ✅ Petz: 22 produto(s) encontrado(s) para NexGard
2025-12-14 20:13:04,881 - scraper_base - INFO - 📦 [4/20] Processando NexGard Spectra
2025-12-14 20:13:04,881 - scraper_base - INFO - 🔍 Petz: Buscando NexGard Spectra
2025-12-14 20:13:06,835 - scraper_base - INFO - ✅ Petz: 10 produto(s) encontrado(s) para NexGard Spectra
2025-12-14 20:13:08,267 - scraper_base - INFO - 📦 [5/20] Processando NexGard Combo
2025-12-14 20:13:08,267 - scraper_base - INFO - 🔍 Petz: Buscando NexGard Combo
2025-12-14 20:13:09,857 - scraper_base - INFO - ✅ Petz: 4 produto(s) encontrado(s) para NexGard Combo
2025-12-14 20:13:12,415 - scraper_base - INFO - 📦 [6/20] Processando Bravecto
2025-12-14 20:13:12,416 - scraper_base - INFO - 🔍 Petz: Buscando Bravecto
2025-12-14 20:13:14,042 - scraper_base - INFO - ✅ Petz: 16 produto(s) encontrado(s) para Bravecto
2025-12-14 20:13:16,996 - scraper_base - INFO - 📦 [7/20] Processando Frontline
2025-12-14 20:13:16,996 - scraper_base - INFO - 🔍 Petz: Buscando Frontline
2025-12-14 20:13:18,716 - scraper_base - INFO - ✅ Petz: 11 produto(s) encontrado(s) para Frontline
2025-12-14 20:13:21,333 - scraper_base - INFO - 📦 [8/20] Processando Advocate
2025-12-14 20:13:21,333 - scraper_base - INFO - 🔍 Petz: Buscando Advocate
2025-12-14 20:13:22,801 - scraper_base - INFO - ✅ Petz: 12 produto(s) encontrado(s) para Advocate
2025-12-14 20:13:24,902 - scraper_base - INFO - 📦 [9/20] Processando Drontal
2025-12-14 20:13:24,902 - scraper_base - INFO - 🔍 Petz: Buscando Drontal
2025-12-14 20:13:27,188 - scraper_base - INFO - ✅ Petz: 29 produto(s) encontrado(s) para Drontal
2025-12-14 20:13:28,690 - scraper_base - INFO - 📦 [10/20] Processando Milbemax
2025-12-14 20:13:28,690 - scraper_base - INFO - 🔍 Petz: Buscando Milbemax
2025-12-14 20:13:30,123 - scraper_base - INFO - ✅ Petz: 4 produto(s) encontrado(s) para Milbemax
2025-12-14 20:13:32,217 - scraper_base - INFO - 📦 [11/20] Processando Vermivet
2025-12-14 20:13:32,217 - scraper_base - INFO - 🔍 Petz: Buscando Vermivet
2025-12-14 20:13:33,589 - scraper_base - INFO - ✅ Petz: 5 produto(s) encontrado(s) para Vermivet
2025-12-14 20:13:35,477 - scraper_base - INFO - 📦 [12/20] Processando Rimadyl
2025-12-14 20:13:35,477 - scraper_base - INFO - 🔍 Petz: Buscando Rimadyl
2025-12-14 20:13:36,903 - scraper_base - INFO - ✅ Petz: 3 produto(s) encontrado(s) para Rimadyl
2025-12-14 20:13:39,107 - scraper_base - INFO - 📦 [13/20] Processando Onsior
2025-12-14 20:13:39,108 - scraper_base - INFO - 🔍 Petz: Buscando Onsior
2025-12-14 20:13:40,855 - scraper_base - INFO - ✅ Petz: 4 produto(s) encontrado(s) para Onsior
2025-12-14 20:13:42,269 - scraper_base - INFO - 📦 [14/20] Processando Maxicam
2025-12-14 20:13:42,269 - scraper_base - INFO - 🔍 Petz: Buscando Maxicam
2025-12-14 20:13:44,439 - scraper_base - INFO - ✅ Petz: 29 produto(s) encontrado(s) para Maxicam
2025-12-14 20:13:46,217 - scraper_base - INFO - 📦 [15/20] Processando Carproflan
2025-12-14 20:13:46,217 - scraper_base - INFO - 🔍 Petz: Buscando Carproflan
2025-12-14 20:13:47,796 - scraper_base - INFO - ✅ Petz: 3 produto(s) encontrado(s) para Carproflan
2025-12-14 20:13:50,353 - scraper_base - INFO - 📦 [16/20] Processando Previcox
2025-12-14 20:13:50,353 - scraper_base - INFO - 🔍 Petz: Buscando Previcox
2025-12-14 20:13:51,770 - scraper_base - INFO - ✅ Petz: 2 produto(s) encontrado(s) para Previcox
2025-12-14 20:13:54,610 - scraper_base - INFO - 📦 [17/20] Processando Apoquel
2025-12-14 20:13:54,610 - scraper_base - INFO - 🔍 Petz: Buscando Apoquel
2025-12-14 20:13:55,983 - scraper_base - INFO - ✅ Petz: 3 produto(s) encontrado(s) para Apoquel
2025-12-14 20:13:58,154 - scraper_base - INFO - 📦 [18/20] Processando Zenrelia
2025-12-14 20:13:58,154 - scraper_base - INFO - 🔍 Petz: Buscando Zenrelia
2025-12-14 20:13:59,775 - scraper_base - INFO - ✅ Petz: 4 produto(s) encontrado(s) para Zenrelia
2025-12-14 20:14:01,654 - scraper_base - INFO - 📦 [19/20] Processando Synulox
2025-12-14 20:14:01,655 - scraper_base - INFO - 🔍 Petz: Buscando Synulox
2025-12-14 20:14:03,038 - scraper_base - INFO - ✅ Petz: 2 produto(s) encontrado(s) para Synulox
2025-12-14 20:14:04,345 - scraper_base - INFO - 📦 [20/20] Processando Baytril
2025-12-14 20:14:04,345 - scraper_base - INFO - 🔍 Petz: Buscando Baytril
2025-12-14 20:14:06,021 - scraper_base - INFO - ✅ Petz: 10 produto(s) encontrado(s) para Baytril
2025-12-14 20:14:07,479 - scraper_base - INFO - 📊 Petz - Estatísticas finais:
2025-12-14 20:14:07,480 - scraper_base - INFO -    • Medicamentos processados: 20
2025-12-14 20:14:07,480 - scraper_base - INFO -    • Produtos encontrados: 213
2025-12-14 20:14:07,480 - scraper_base - INFO -    • Medicamentos sem resultado: 0
2025-12-14 20:14:07,480 - scraper_base - INFO -    • Tempo total: 74.8s
2025-12-14 20:14:07,480 - scraper_base - INFO -    • Tempo médio por medicamento: 3.7s
2025-12-14 20:14:07,524 - gerenciador_arquivos - INFO - Excel salvo: dados_coletados/petz_20251214_201407.xlsx (213 produtos)
2025-12-14 20:14:07,524 - gerenciador_principal - INFO - Petz: Arquivo individual salvo com sucesso
2025-12-14 20:14:07,524 - gerenciador_principal - INFO - Gerando relatório consolidado...
2025-12-14 20:14:07,769 - gerenciador_arquivos - INFO - Relatório consolidado salvo: dados_relatorios/relatorio_consolidado_20251214_201407.xlsx
2025-12-14 20:14:07,867 - gerenciador_conexoes - INFO - Chrome fechado
2025-12-14 20:14:07,867 - gerenciador_conexoes - INFO - Métodos utilizados - Requests: 33.3%, Selenium: 66.7%, Falhas: 0.0%
2025-12-14 20:14:07,867 - gerenciador_principal - INFO - ============================================================
2025-12-14 20:14:07,867 - gerenciador_principal - INFO - RELATORIO FINAL DE EXECUÇÃO
2025-12-14 20:14:07,867 - gerenciador_principal - INFO - ============================================================
2025-12-14 20:14:07,867 - gerenciador_principal - INFO - Sites processados: 3
2025-12-14 20:14:07,867 - gerenciador_principal - INFO - Sites com sucesso: 3
2025-12-14 20:14:07,868 - gerenciador_principal - INFO - Total de produtos coletados: 571
2025-12-14 20:14:07,868 - gerenciador_principal - INFO - Tempo total de execução: 218.3 segundos
2025-12-14 20:14:07,868 - gerenciador_principal - INFO - Estatísticas de conexão:
2025-12-14 20:14:07,868 - gerenciador_principal - INFO -   - Requests bem-sucedidos: 33.3%
2025-12-14 20:14:07,868 - gerenciador_principal - INFO -   - Selenium fallback: 66.7%
2025-12-14 20:14:07,868 - gerenciador_principal - INFO -   - Falhas totais: 0.0%
2025-12-14 20:14:07,869 - gerenciador_principal - INFO - Arquivos salvos na pasta: dados_coletados
2025-12-14 20:14:07,869 - gerenciador_principal - INFO - Total de arquivos: 219
2025-12-14 20:14:07,869 - gerenciador_principal - INFO - ============================================================
