2026-02-01 20:13:08,547 - configurador_logs - INFO - Sistema de logs configurado com sucesso
2026-02-01 20:13:08,548 - configurador_logs - INFO - 🚀 Logs configurados para MODO PRODUÇÃO
2026-02-01 20:13:08,548 - gerenciador_principal - INFO - Inicializando sistema - Modo: PRODUCAO
2026-02-01 20:13:08,548 - gerenciador_arquivos - INFO - Pasta dados_coletados preparada
2026-02-01 20:13:08,548 - gerenciador_principal - INFO - Sistema inicializado com 3 scrapers
2026-02-01 20:13:08,548 - gerenciador_principal - INFO - ============================================================
2026-02-01 20:13:08,548 - gerenciador_principal - INFO - INICIANDO SCRAPING COMPLETO - PRODUCAO
2026-02-01 20:13:08,548 - gerenciador_principal - INFO - ============================================================
2026-02-01 20:13:08,548 - gerenciador_principal - INFO - [1/3] Processando Cobasi
2026-02-01 20:13:08,548 - scraper_base - INFO - 🚀 Iniciando scraping completo - Cobasi
2026-02-01 20:13:08,970 - gerenciador_conexoes - INFO - Sessao estabelecida com cobasi.com.br
2026-02-01 20:13:08,970 - scraper_base - INFO - 📋 20 medicamentos para processar
2026-02-01 20:13:08,970 - scraper_base - INFO - 📦 [1/20] Processando Simparic
2026-02-01 20:13:08,970 - scraper_base - INFO - 🔍 Cobasi: Buscando Simparic
2026-02-01 20:13:12,369 - scraper_cobasi - INFO - Cobasi: Dados extraídos via JSON para Simparic
2026-02-01 20:13:12,369 - scraper_base - INFO - ✅ Cobasi: 12 produto(s) encontrado(s) para Simparic
2026-02-01 20:13:14,050 - scraper_base - INFO - 📦 [2/20] Processando Revolution
2026-02-01 20:13:14,050 - scraper_base - INFO - 🔍 Cobasi: Buscando Revolution
2026-02-01 20:13:14,805 - scraper_cobasi - INFO - Cobasi: Dados extraídos via JSON para Revolution
2026-02-01 20:13:14,805 - scraper_base - INFO - ✅ Cobasi: 18 produto(s) encontrado(s) para Revolution
2026-02-01 20:13:17,673 - scraper_base - INFO - 📦 [3/20] Processando NexGard
2026-02-01 20:13:17,674 - scraper_base - INFO - 🔍 Cobasi: Buscando NexGard
2026-02-01 20:13:18,049 - scraper_cobasi - INFO - Cobasi: Dados extraídos via JSON para NexGard
2026-02-01 20:13:18,049 - scraper_base - INFO - ✅ Cobasi: 22 produto(s) encontrado(s) para NexGard
2026-02-01 20:13:19,113 - scraper_base - INFO - 📦 [4/20] Processando NexGard Spectra
2026-02-01 20:13:19,113 - scraper_base - INFO - 🔍 Cobasi: Buscando NexGard Spectra
2026-02-01 20:13:21,364 - scraper_cobasi - INFO - Cobasi: Dados extraídos via JSON para NexGard Spectra
2026-02-01 20:13:21,364 - scraper_base - INFO - ✅ Cobasi: 10 produto(s) encontrado(s) para NexGard Spectra
2026-02-01 20:13:23,381 - scraper_base - INFO - 📦 [5/20] Processando NexGard Combo
2026-02-01 20:13:23,382 - scraper_base - INFO - 🔍 Cobasi: Buscando NexGard Combo
2026-02-01 20:13:25,201 - scraper_cobasi - INFO - Cobasi: Dados extraídos via JSON para NexGard Combo
2026-02-01 20:13:25,201 - scraper_base - INFO - ✅ Cobasi: 4 produto(s) encontrado(s) para NexGard Combo
2026-02-01 20:13:28,119 - scraper_base - INFO - 📦 [6/20] Processando Bravecto
2026-02-01 20:13:28,119 - scraper_base - INFO - 🔍 Cobasi: Buscando Bravecto
2026-02-01 20:13:30,958 - scraper_cobasi - INFO - Cobasi: Dados extraídos via JSON para Bravecto
2026-02-01 20:13:30,958 - scraper_base - INFO - ✅ Cobasi: 16 produto(s) encontrado(s) para Bravecto
2026-02-01 20:13:33,324 - scraper_base - INFO - 📦 [7/20] Processando Frontline
2026-02-01 20:13:33,324 - scraper_base - INFO - 🔍 Cobasi: Buscando Frontline
2026-02-01 20:13:35,758 - scraper_cobasi - INFO - Cobasi: Dados extraídos via JSON para Frontline
2026-02-01 20:13:35,758 - scraper_base - INFO - ✅ Cobasi: 10 produto(s) encontrado(s) para Frontline
2026-02-01 20:13:36,869 - scraper_base - INFO - 📦 [8/20] Processando Advocate
2026-02-01 20:13:36,869 - scraper_base - INFO - 🔍 Cobasi: Buscando Advocate
2026-02-01 20:13:38,874 - scraper_cobasi - INFO - Cobasi: Dados extraídos via JSON para Advocate
2026-02-01 20:13:38,875 - scraper_base - INFO - ✅ Cobasi: 12 produto(s) encontrado(s) para Advocate
2026-02-01 20:13:40,093 - scraper_base - INFO - 📦 [9/20] Processando Drontal
2026-02-01 20:13:40,093 - scraper_base - INFO - 🔍 Cobasi: Buscando Drontal
2026-02-01 20:13:40,440 - scraper_cobasi - INFO - Cobasi: Dados extraídos via JSON para Drontal
2026-02-01 20:13:40,440 - scraper_base - INFO - ✅ Cobasi: 8 produto(s) encontrado(s) para Drontal
2026-02-01 20:13:42,998 - scraper_base - INFO - 📦 [10/20] Processando Milbemax
2026-02-01 20:13:42,998 - scraper_base - INFO - 🔍 Cobasi: Buscando Milbemax
2026-02-01 20:13:43,354 - scraper_cobasi - INFO - Cobasi: Dados extraídos via JSON para Milbemax
2026-02-01 20:13:43,354 - scraper_base - INFO - ✅ Cobasi: 4 produto(s) encontrado(s) para Milbemax
2026-02-01 20:13:45,506 - scraper_base - INFO - 📦 [11/20] Processando Vermivet
2026-02-01 20:13:45,506 - scraper_base - INFO - 🔍 Cobasi: Buscando Vermivet
2026-02-01 20:13:47,487 - scraper_cobasi - INFO - Cobasi: Dados extraídos via JSON para Vermivet
2026-02-01 20:13:47,487 - scraper_base - INFO - ✅ Cobasi: 5 produto(s) encontrado(s) para Vermivet
2026-02-01 20:13:49,545 - scraper_base - INFO - 📦 [12/20] Processando Rimadyl
2026-02-01 20:13:49,545 - scraper_base - INFO - 🔍 Cobasi: Buscando Rimadyl
2026-02-01 20:13:49,964 - scraper_cobasi - INFO - Cobasi: Dados extraídos via JSON para Rimadyl
2026-02-01 20:13:49,964 - scraper_base - INFO - ✅ Cobasi: 3 produto(s) encontrado(s) para Rimadyl
2026-02-01 20:13:52,273 - scraper_base - INFO - 📦 [13/20] Processando Onsior
2026-02-01 20:13:52,273 - scraper_base - INFO - 🔍 Cobasi: Buscando Onsior
2026-02-01 20:13:54,591 - scraper_cobasi - INFO - Cobasi: Dados extraídos via JSON para Onsior
2026-02-01 20:13:54,591 - scraper_base - INFO - ✅ Cobasi: 4 produto(s) encontrado(s) para Onsior
2026-02-01 20:13:56,404 - scraper_base - INFO - 📦 [14/20] Processando Maxicam
2026-02-01 20:13:56,405 - scraper_base - INFO - 🔍 Cobasi: Buscando Maxicam
2026-02-01 20:13:56,962 - scraper_cobasi - INFO - Cobasi: Dados extraídos via JSON para Maxicam
2026-02-01 20:13:56,962 - scraper_base - INFO - ✅ Cobasi: 21 produto(s) encontrado(s) para Maxicam
2026-02-01 20:13:59,772 - scraper_base - INFO - 📦 [15/20] Processando Carproflan
2026-02-01 20:13:59,772 - scraper_base - INFO - 🔍 Cobasi: Buscando Carproflan
2026-02-01 20:14:00,239 - scraper_cobasi - INFO - Cobasi: Dados extraídos via JSON para Carproflan
2026-02-01 20:14:00,239 - scraper_base - INFO - ✅ Cobasi: 3 produto(s) encontrado(s) para Carproflan
2026-02-01 20:14:03,099 - scraper_base - INFO - 📦 [16/20] Processando Previcox
2026-02-01 20:14:03,099 - scraper_base - INFO - 🔍 Cobasi: Buscando Previcox
2026-02-01 20:14:04,635 - scraper_cobasi - INFO - Cobasi: Dados extraídos via JSON para Previcox
2026-02-01 20:14:04,636 - scraper_base - INFO - ✅ Cobasi: 2 produto(s) encontrado(s) para Previcox
2026-02-01 20:14:05,816 - scraper_base - INFO - 📦 [17/20] Processando Apoquel
2026-02-01 20:14:05,816 - scraper_base - INFO - 🔍 Cobasi: Buscando Apoquel
2026-02-01 20:14:08,311 - scraper_cobasi - INFO - Cobasi: Dados extraídos via JSON para Apoquel
2026-02-01 20:14:08,311 - scraper_base - INFO - ✅ Cobasi: 3 produto(s) encontrado(s) para Apoquel
2026-02-01 20:14:09,326 - scraper_base - INFO - 📦 [18/20] Processando Zenrelia
2026-02-01 20:14:09,326 - scraper_base - INFO - 🔍 Cobasi: Buscando Zenrelia
2026-02-01 20:14:11,066 - scraper_cobasi - INFO - Cobasi: Dados extraídos via JSON para Zenrelia
2026-02-01 20:14:11,066 - scraper_base - INFO - ✅ Cobasi: 4 produto(s) encontrado(s) para Zenrelia
2026-02-01 20:14:12,977 - scraper_base - INFO - 📦 [19/20] Processando Synulox
2026-02-01 20:14:12,978 - scraper_base - INFO - 🔍 Cobasi: Buscando Synulox
2026-02-01 20:14:13,334 - scraper_cobasi - INFO - Cobasi: Dados extraídos via JSON para Synulox
2026-02-01 20:14:13,334 - scraper_base - INFO - ✅ Cobasi: 2 produto(s) encontrado(s) para Synulox
2026-02-01 20:14:16,006 - scraper_base - INFO - 📦 [20/20] Processando Baytril
2026-02-01 20:14:16,006 - scraper_base - INFO - 🔍 Cobasi: Buscando Baytril
2026-02-01 20:14:18,295 - scraper_cobasi - INFO - Cobasi: Dados extraídos via JSON para Baytril
2026-02-01 20:14:18,296 - scraper_base - INFO - ✅ Cobasi: 4 produto(s) encontrado(s) para Baytril
2026-02-01 20:14:20,524 - scraper_base - INFO - 📊 Cobasi - Estatísticas finais:
2026-02-01 20:14:20,524 - scraper_base - INFO -    • Medicamentos processados: 20
2026-02-01 20:14:20,524 - scraper_base - INFO -    • Produtos encontrados: 167
2026-02-01 20:14:20,524 - scraper_base - INFO -    • Medicamentos sem resultado: 0
2026-02-01 20:14:20,524 - scraper_base - INFO -    • Tempo total: 72.0s
2026-02-01 20:14:20,524 - scraper_base - INFO -    • Tempo médio por medicamento: 3.6s
2026-02-01 20:14:20,642 - gerenciador_arquivos - INFO - Excel salvo: dados_coletados/cobasi_20260201_201420.xlsx (167 produtos)
2026-02-01 20:14:20,642 - gerenciador_principal - INFO - Cobasi: Arquivo individual salvo com sucesso
2026-02-01 20:14:20,642 - gerenciador_principal - INFO - Pausando entre sites...
2026-02-01 20:14:22,642 - gerenciador_principal - INFO - [2/3] Processando Petlove
2026-02-01 20:14:22,642 - scraper_base - INFO - 🚀 Iniciando scraping completo - Petlove
2026-02-01 20:14:22,856 - scraper_base - INFO - 📋 20 medicamentos para processar
2026-02-01 20:14:22,856 - scraper_base - INFO - 📦 [1/20] Processando Simparic
2026-02-01 20:14:22,856 - scraper_base - INFO - 🔍 Petlove: Buscando Simparic
2026-02-01 20:14:31,104 - gerenciador_conexoes - INFO - Chrome inicializado com otimizacoes de velocidade
2026-02-01 20:14:34,509 - scraper_base - INFO - ✅ Petlove: 34 produto(s) encontrado(s) para Simparic
2026-02-01 20:14:35,991 - scraper_base - INFO - 📦 [2/20] Processando Revolution
2026-02-01 20:14:35,991 - scraper_base - INFO - 🔍 Petlove: Buscando Revolution
2026-02-01 20:14:37,716 - scraper_base - INFO - ✅ Petlove: 17 produto(s) encontrado(s) para Revolution
2026-02-01 20:14:40,605 - scraper_base - INFO - 📦 [3/20] Processando NexGard
2026-02-01 20:14:40,605 - scraper_base - INFO - 🔍 Petlove: Buscando NexGard
2026-02-01 20:14:41,961 - scraper_base - INFO - ✅ Petlove: 11 produto(s) encontrado(s) para NexGard
2026-02-01 20:14:44,155 - scraper_base - INFO - 📦 [4/20] Processando NexGard Spectra
2026-02-01 20:14:44,155 - scraper_base - INFO - 🔍 Petlove: Buscando NexGard Spectra
2026-02-01 20:14:45,566 - scraper_base - INFO - ✅ Petlove: 5 produto(s) encontrado(s) para NexGard Spectra
2026-02-01 20:14:46,630 - scraper_base - INFO - 📦 [5/20] Processando NexGard Combo
2026-02-01 20:14:46,631 - scraper_base - INFO - 🔍 Petlove: Buscando NexGard Combo
2026-02-01 20:14:47,911 - scraper_base - INFO - ✅ Petlove: 2 produto(s) encontrado(s) para NexGard Combo
2026-02-01 20:14:50,166 - scraper_base - INFO - 📦 [6/20] Processando Bravecto
2026-02-01 20:14:50,166 - scraper_base - INFO - 🔍 Petlove: Buscando Bravecto
2026-02-01 20:14:51,871 - scraper_base - INFO - ✅ Petlove: 23 produto(s) encontrado(s) para Bravecto
2026-02-01 20:14:52,992 - scraper_base - INFO - 📦 [7/20] Processando Frontline
2026-02-01 20:14:52,993 - scraper_base - INFO - 🔍 Petlove: Buscando Frontline
2026-02-01 20:14:54,964 - scraper_base - INFO - ✅ Petlove: 11 produto(s) encontrado(s) para Frontline
2026-02-01 20:14:56,239 - scraper_base - INFO - 📦 [8/20] Processando Advocate
2026-02-01 20:14:56,239 - scraper_base - INFO - 🔍 Petlove: Buscando Advocate
2026-02-01 20:14:57,986 - scraper_base - INFO - ✅ Petlove: 12 produto(s) encontrado(s) para Advocate
2026-02-01 20:14:59,070 - scraper_base - INFO - 📦 [9/20] Processando Drontal
2026-02-01 20:14:59,071 - scraper_base - INFO - 🔍 Petlove: Buscando Drontal
2026-02-01 20:15:00,913 - scraper_base - INFO - ✅ Petlove: 36 produto(s) encontrado(s) para Drontal
2026-02-01 20:15:02,474 - scraper_base - INFO - 📦 [10/20] Processando Milbemax
2026-02-01 20:15:02,474 - scraper_base - INFO - 🔍 Petlove: Buscando Milbemax
2026-02-01 20:15:04,040 - scraper_base - INFO - ✅ Petlove: 15 produto(s) encontrado(s) para Milbemax
2026-02-01 20:15:05,500 - scraper_base - INFO - 📦 [11/20] Processando Vermivet
2026-02-01 20:15:05,500 - scraper_base - INFO - 🔍 Petlove: Buscando Vermivet
2026-02-01 20:15:07,311 - scraper_base - INFO - ✅ Petlove: 36 produto(s) encontrado(s) para Vermivet
2026-02-01 20:15:09,474 - scraper_base - INFO - 📦 [12/20] Processando Rimadyl
2026-02-01 20:15:09,474 - scraper_base - INFO - 🔍 Petlove: Buscando Rimadyl
2026-02-01 20:15:11,159 - scraper_base - INFO - ✅ Petlove: 1 produto(s) encontrado(s) para Rimadyl
2026-02-01 20:15:13,418 - scraper_base - INFO - 📦 [13/20] Processando Onsior
2026-02-01 20:15:13,418 - scraper_base - INFO - 🔍 Petlove: Buscando Onsior
2026-02-01 20:15:14,645 - scraper_base - INFO - ✅ Petlove: 4 produto(s) encontrado(s) para Onsior
2026-02-01 20:15:16,439 - scraper_base - INFO - 📦 [14/20] Processando Maxicam
2026-02-01 20:15:16,439 - scraper_base - INFO - 🔍 Petlove: Buscando Maxicam
2026-02-01 20:15:17,712 - scraper_base - INFO - ✅ Petlove: 3 produto(s) encontrado(s) para Maxicam
2026-02-01 20:15:20,126 - scraper_base - INFO - 📦 [15/20] Processando Carproflan
2026-02-01 20:15:20,126 - scraper_base - INFO - 🔍 Petlove: Buscando Carproflan
2026-02-01 20:15:21,561 - scraper_base - INFO - ✅ Petlove: 8 produto(s) encontrado(s) para Carproflan
2026-02-01 20:15:22,758 - scraper_base - INFO - 📦 [16/20] Processando Previcox
2026-02-01 20:15:22,758 - scraper_base - INFO - 🔍 Petlove: Buscando Previcox
2026-02-01 20:15:24,090 - scraper_base - INFO - ✅ Petlove: 4 produto(s) encontrado(s) para Previcox
2026-02-01 20:15:25,116 - scraper_base - INFO - 📦 [17/20] Processando Apoquel
2026-02-01 20:15:25,117 - scraper_base - INFO - 🔍 Petlove: Buscando Apoquel
2026-02-01 20:15:26,438 - scraper_base - INFO - ✅ Petlove: 16 produto(s) encontrado(s) para Apoquel
2026-02-01 20:15:28,065 - scraper_base - INFO - 📦 [18/20] Processando Zenrelia
2026-02-01 20:15:28,065 - scraper_base - INFO - 🔍 Petlove: Buscando Zenrelia
2026-02-01 20:15:29,358 - scraper_base - INFO - ✅ Petlove: 4 produto(s) encontrado(s) para Zenrelia
2026-02-01 20:15:31,663 - scraper_base - INFO - 📦 [19/20] Processando Synulox
2026-02-01 20:15:31,663 - scraper_base - INFO - 🔍 Petlove: Buscando Synulox
2026-02-01 20:15:33,261 - scraper_base - INFO - ✅ Petlove: 1 produto(s) encontrado(s) para Synulox
2026-02-01 20:15:35,037 - scraper_base - INFO - 📦 [20/20] Processando Baytril
2026-02-01 20:15:35,037 - scraper_base - INFO - 🔍 Petlove: Buscando Baytril
2026-02-01 20:15:36,309 - scraper_base - INFO - ✅ Petlove: 4 produto(s) encontrado(s) para Baytril
2026-02-01 20:15:37,812 - scraper_base - INFO - 📊 Petlove - Estatísticas finais:
2026-02-01 20:15:37,812 - scraper_base - INFO -    • Medicamentos processados: 20
2026-02-01 20:15:37,812 - scraper_base - INFO -    • Produtos encontrados: 247
2026-02-01 20:15:37,812 - scraper_base - INFO -    • Medicamentos sem resultado: 0
2026-02-01 20:15:37,812 - scraper_base - INFO -    • Tempo total: 75.2s
2026-02-01 20:15:37,812 - scraper_base - INFO -    • Tempo médio por medicamento: 3.8s
2026-02-01 20:15:37,860 - gerenciador_arquivos - INFO - Excel salvo: dados_coletados/petlove_20260201_201537.xlsx (247 produtos)
2026-02-01 20:15:37,860 - gerenciador_principal - INFO - Petlove: Arquivo individual salvo com sucesso
2026-02-01 20:15:37,860 - gerenciador_principal - INFO - Pausando entre sites...
2026-02-01 20:15:39,860 - gerenciador_principal - INFO - [3/3] Processando Petz
2026-02-01 20:15:39,860 - scraper_base - INFO - 🚀 Iniciando scraping completo - Petz
2026-02-01 20:15:40,150 - scraper_base - INFO - 📋 20 medicamentos para processar
2026-02-01 20:15:40,150 - scraper_base - INFO - 📦 [1/20] Processando Simparic
2026-02-01 20:15:40,150 - scraper_base - INFO - 🔍 Petz: Buscando Simparic
2026-02-01 20:15:44,173 - scraper_base - INFO - ✅ Petz: 12 produto(s) encontrado(s) para Simparic
2026-02-01 20:15:46,512 - scraper_base - INFO - 📦 [2/20] Processando Revolution
2026-02-01 20:15:46,512 - scraper_base - INFO - 🔍 Petz: Buscando Revolution
2026-02-01 20:15:49,045 - scraper_base - INFO - ✅ Petz: 25 produto(s) encontrado(s) para Revolution
2026-02-01 20:15:50,636 - scraper_base - INFO - 📦 [3/20] Processando NexGard
2026-02-01 20:15:50,636 - scraper_base - INFO - 🔍 Petz: Buscando NexGard
2026-02-01 20:15:52,519 - scraper_base - INFO - ✅ Petz: 22 produto(s) encontrado(s) para NexGard
2026-02-01 20:15:55,403 - scraper_base - INFO - 📦 [4/20] Processando NexGard Spectra
2026-02-01 20:15:55,403 - scraper_base - INFO - 🔍 Petz: Buscando NexGard Spectra
2026-02-01 20:15:57,359 - scraper_base - INFO - ✅ Petz: 10 produto(s) encontrado(s) para NexGard Spectra
2026-02-01 20:16:00,237 - scraper_base - INFO - 📦 [5/20] Processando NexGard Combo
2026-02-01 20:16:00,237 - scraper_base - INFO - 🔍 Petz: Buscando NexGard Combo
2026-02-01 20:16:02,164 - scraper_base - INFO - ✅ Petz: 4 produto(s) encontrado(s) para NexGard Combo
2026-02-01 20:16:04,937 - scraper_base - INFO - 📦 [6/20] Processando Bravecto
2026-02-01 20:16:04,937 - scraper_base - INFO - 🔍 Petz: Buscando Bravecto
2026-02-01 20:16:06,733 - scraper_base - INFO - ✅ Petz: 16 produto(s) encontrado(s) para Bravecto
2026-02-01 20:16:09,049 - scraper_base - INFO - 📦 [7/20] Processando Frontline
2026-02-01 20:16:09,049 - scraper_base - INFO - 🔍 Petz: Buscando Frontline
2026-02-01 20:16:10,827 - scraper_base - INFO - ✅ Petz: 11 produto(s) encontrado(s) para Frontline
2026-02-01 20:16:13,459 - scraper_base - INFO - 📦 [8/20] Processando Advocate
2026-02-01 20:16:13,460 - scraper_base - INFO - 🔍 Petz: Buscando Advocate
2026-02-01 20:16:15,176 - scraper_base - INFO - ✅ Petz: 12 produto(s) encontrado(s) para Advocate
2026-02-01 20:16:18,026 - scraper_base - INFO - 📦 [9/20] Processando Drontal
2026-02-01 20:16:18,026 - scraper_base - INFO - 🔍 Petz: Buscando Drontal
2026-02-01 20:16:20,566 - scraper_base - INFO - ✅ Petz: 30 produto(s) encontrado(s) para Drontal
2026-02-01 20:16:22,584 - scraper_base - INFO - 📦 [10/20] Processando Milbemax
2026-02-01 20:16:22,585 - scraper_base - INFO - 🔍 Petz: Buscando Milbemax
2026-02-01 20:16:24,397 - scraper_base - INFO - ✅ Petz: 4 produto(s) encontrado(s) para Milbemax
2026-02-01 20:16:26,247 - scraper_base - INFO - 📦 [11/20] Processando Vermivet
2026-02-01 20:16:26,248 - scraper_base - INFO - 🔍 Petz: Buscando Vermivet
2026-02-01 20:16:27,778 - scraper_base - INFO - ✅ Petz: 5 produto(s) encontrado(s) para Vermivet
2026-02-01 20:16:29,027 - scraper_base - INFO - 📦 [12/20] Processando Rimadyl
2026-02-01 20:16:29,027 - scraper_base - INFO - 🔍 Petz: Buscando Rimadyl
2026-02-01 20:16:30,957 - scraper_base - INFO - ✅ Petz: 3 produto(s) encontrado(s) para Rimadyl
2026-02-01 20:16:33,599 - scraper_base - INFO - 📦 [13/20] Processando Onsior
2026-02-01 20:16:33,599 - scraper_base - INFO - 🔍 Petz: Buscando Onsior
2026-02-01 20:16:35,277 - scraper_base - INFO - ✅ Petz: 4 produto(s) encontrado(s) para Onsior
2026-02-01 20:16:37,528 - scraper_base - INFO - 📦 [14/20] Processando Maxicam
2026-02-01 20:16:37,528 - scraper_base - INFO - 🔍 Petz: Buscando Maxicam
2026-02-01 20:16:39,654 - scraper_base - INFO - ✅ Petz: 29 produto(s) encontrado(s) para Maxicam
2026-02-01 20:16:40,982 - scraper_base - INFO - 📦 [15/20] Processando Carproflan
2026-02-01 20:16:40,982 - scraper_base - INFO - 🔍 Petz: Buscando Carproflan
2026-02-01 20:16:42,442 - scraper_base - INFO - ✅ Petz: 3 produto(s) encontrado(s) para Carproflan
2026-02-01 20:16:44,576 - scraper_base - INFO - 📦 [16/20] Processando Previcox
2026-02-01 20:16:44,576 - scraper_base - INFO - 🔍 Petz: Buscando Previcox
2026-02-01 20:16:46,471 - scraper_base - INFO - ✅ Petz: 2 produto(s) encontrado(s) para Previcox
2026-02-01 20:16:48,862 - scraper_base - INFO - 📦 [17/20] Processando Apoquel
2026-02-01 20:16:48,862 - scraper_base - INFO - 🔍 Petz: Buscando Apoquel
2026-02-01 20:16:50,414 - scraper_base - INFO - ✅ Petz: 3 produto(s) encontrado(s) para Apoquel
2026-02-01 20:16:52,155 - scraper_base - INFO - 📦 [18/20] Processando Zenrelia
2026-02-01 20:16:52,155 - scraper_base - INFO - 🔍 Petz: Buscando Zenrelia
2026-02-01 20:16:53,682 - scraper_base - INFO - ✅ Petz: 4 produto(s) encontrado(s) para Zenrelia
2026-02-01 20:16:55,310 - scraper_base - INFO - 📦 [19/20] Processando Synulox
2026-02-01 20:16:55,310 - scraper_base - INFO - 🔍 Petz: Buscando Synulox
2026-02-01 20:16:57,076 - scraper_base - INFO - ✅ Petz: 2 produto(s) encontrado(s) para Synulox
2026-02-01 20:16:59,144 - scraper_base - INFO - 📦 [20/20] Processando Baytril
2026-02-01 20:16:59,144 - scraper_base - INFO - 🔍 Petz: Buscando Baytril
2026-02-01 20:17:01,169 - scraper_base - INFO - ✅ Petz: 9 produto(s) encontrado(s) para Baytril
2026-02-01 20:17:02,548 - scraper_base - INFO - 📊 Petz - Estatísticas finais:
2026-02-01 20:17:02,548 - scraper_base - INFO -    • Medicamentos processados: 20
2026-02-01 20:17:02,548 - scraper_base - INFO -    • Produtos encontrados: 210
2026-02-01 20:17:02,548 - scraper_base - INFO -    • Medicamentos sem resultado: 0
2026-02-01 20:17:02,548 - scraper_base - INFO -    • Tempo total: 82.7s
2026-02-01 20:17:02,548 - scraper_base - INFO -    • Tempo médio por medicamento: 4.1s
2026-02-01 20:17:02,649 - gerenciador_arquivos - INFO - Excel salvo: dados_coletados/petz_20260201_201702.xlsx (210 produtos)
2026-02-01 20:17:02,649 - gerenciador_principal - INFO - Petz: Arquivo individual salvo com sucesso
2026-02-01 20:17:02,649 - gerenciador_principal - INFO - Gerando relatório consolidado...
2026-02-01 20:17:02,870 - gerenciador_arquivos - INFO - Relatório consolidado salvo: dados_relatorios/relatorio_consolidado_20260201_201702.xlsx
2026-02-01 20:17:03,019 - gerenciador_conexoes - INFO - Chrome fechado
2026-02-01 20:17:03,019 - gerenciador_conexoes - INFO - Métodos utilizados - Requests: 33.3%, Selenium: 66.7%, Falhas: 0.0%
2026-02-01 20:17:03,019 - gerenciador_principal - INFO - ============================================================
2026-02-01 20:17:03,019 - gerenciador_principal - INFO - RELATORIO FINAL DE EXECUÇÃO
2026-02-01 20:17:03,019 - gerenciador_principal - INFO - ============================================================
2026-02-01 20:17:03,019 - gerenciador_principal - INFO - Sites processados: 3
2026-02-01 20:17:03,019 - gerenciador_principal - INFO - Sites com sucesso: 3
2026-02-01 20:17:03,020 - gerenciador_principal - INFO - Total de produtos coletados: 624
2026-02-01 20:17:03,020 - gerenciador_principal - INFO - Tempo total de execução: 234.1 segundos
2026-02-01 20:17:03,020 - gerenciador_principal - INFO - Estatísticas de conexão:
2026-02-01 20:17:03,020 - gerenciador_principal - INFO -   - Requests bem-sucedidos: 33.3%
2026-02-01 20:17:03,020 - gerenciador_principal - INFO -   - Selenium fallback: 66.7%
2026-02-01 20:17:03,020 - gerenciador_principal - INFO -   - Falhas totais: 0.0%
2026-02-01 20:17:03,022 - gerenciador_principal - INFO - Arquivos salvos na pasta: dados_coletados
2026-02-01 20:17:03,022 - gerenciador_principal - INFO - Total de arquivos: 361
2026-02-01 20:17:03,022 - gerenciador_principal - INFO - ============================================================
