2026-01-02 20:10:53,461 - configurador_logs - INFO - Sistema de logs configurado com sucesso
2026-01-02 20:10:53,461 - configurador_logs - INFO - 🚀 Logs configurados para MODO PRODUÇÃO
2026-01-02 20:10:53,462 - gerenciador_principal - INFO - Inicializando sistema - Modo: PRODUCAO
2026-01-02 20:10:53,462 - gerenciador_arquivos - INFO - Pasta dados_coletados preparada
2026-01-02 20:10:53,462 - gerenciador_principal - INFO - Sistema inicializado com 3 scrapers
2026-01-02 20:10:53,462 - gerenciador_principal - INFO - ============================================================
2026-01-02 20:10:53,462 - gerenciador_principal - INFO - INICIANDO SCRAPING COMPLETO - PRODUCAO
2026-01-02 20:10:53,462 - gerenciador_principal - INFO - ============================================================
2026-01-02 20:10:53,462 - gerenciador_principal - INFO - [1/3] Processando Cobasi
2026-01-02 20:10:53,462 - scraper_base - INFO - 🚀 Iniciando scraping completo - Cobasi
2026-01-02 20:10:54,939 - gerenciador_conexoes - INFO - Sessao estabelecida com cobasi.com.br
2026-01-02 20:10:54,940 - scraper_base - INFO - 📋 20 medicamentos para processar
2026-01-02 20:10:54,940 - scraper_base - INFO - 📦 [1/20] Processando Simparic
2026-01-02 20:10:54,940 - scraper_base - INFO - 🔍 Cobasi: Buscando Simparic
2026-01-02 20:10:55,300 - scraper_cobasi - INFO - Cobasi: Dados extraídos via JSON para Simparic
2026-01-02 20:10:55,300 - scraper_base - INFO - ✅ Cobasi: 12 produto(s) encontrado(s) para Simparic
2026-01-02 20:10:57,098 - scraper_base - INFO - 📦 [2/20] Processando Revolution
2026-01-02 20:10:57,099 - scraper_base - INFO - 🔍 Cobasi: Buscando Revolution
2026-01-02 20:11:00,225 - scraper_cobasi - INFO - Cobasi: Dados extraídos via JSON para Revolution
2026-01-02 20:11:00,225 - scraper_base - INFO - ✅ Cobasi: 18 produto(s) encontrado(s) para Revolution
2026-01-02 20:11:01,373 - scraper_base - INFO - 📦 [3/20] Processando NexGard
2026-01-02 20:11:01,373 - scraper_base - INFO - 🔍 Cobasi: Buscando NexGard
2026-01-02 20:11:03,897 - scraper_cobasi - INFO - Cobasi: Dados extraídos via JSON para NexGard
2026-01-02 20:11:03,897 - scraper_base - INFO - ✅ Cobasi: 22 produto(s) encontrado(s) para NexGard
2026-01-02 20:11:06,051 - scraper_base - INFO - 📦 [4/20] Processando NexGard Spectra
2026-01-02 20:11:06,051 - scraper_base - INFO - 🔍 Cobasi: Buscando NexGard Spectra
2026-01-02 20:11:08,132 - scraper_cobasi - INFO - Cobasi: Dados extraídos via JSON para NexGard Spectra
2026-01-02 20:11:08,133 - scraper_base - INFO - ✅ Cobasi: 10 produto(s) encontrado(s) para NexGard Spectra
2026-01-02 20:11:10,593 - scraper_base - INFO - 📦 [5/20] Processando NexGard Combo
2026-01-02 20:11:10,593 - scraper_base - INFO - 🔍 Cobasi: Buscando NexGard Combo
2026-01-02 20:11:12,215 - scraper_cobasi - INFO - Cobasi: Dados extraídos via JSON para NexGard Combo
2026-01-02 20:11:12,215 - scraper_base - INFO - ✅ Cobasi: 4 produto(s) encontrado(s) para NexGard Combo
2026-01-02 20:11:13,942 - scraper_base - INFO - 📦 [6/20] Processando Bravecto
2026-01-02 20:11:13,942 - scraper_base - INFO - 🔍 Cobasi: Buscando Bravecto
2026-01-02 20:11:16,965 - scraper_cobasi - INFO - Cobasi: Dados extraídos via JSON para Bravecto
2026-01-02 20:11:16,965 - scraper_base - INFO - ✅ Cobasi: 16 produto(s) encontrado(s) para Bravecto
2026-01-02 20:11:19,566 - scraper_base - INFO - 📦 [7/20] Processando Frontline
2026-01-02 20:11:19,566 - scraper_base - INFO - 🔍 Cobasi: Buscando Frontline
2026-01-02 20:11:23,216 - scraper_cobasi - INFO - Cobasi: Dados extraídos via JSON para Frontline
2026-01-02 20:11:23,216 - scraper_base - INFO - ✅ Cobasi: 10 produto(s) encontrado(s) para Frontline
2026-01-02 20:11:24,791 - scraper_base - INFO - 📦 [8/20] Processando Advocate
2026-01-02 20:11:24,792 - scraper_base - INFO - 🔍 Cobasi: Buscando Advocate
2026-01-02 20:11:27,039 - scraper_cobasi - INFO - Cobasi: Dados extraídos via JSON para Advocate
2026-01-02 20:11:27,039 - scraper_base - INFO - ✅ Cobasi: 12 produto(s) encontrado(s) para Advocate
2026-01-02 20:11:28,604 - scraper_base - INFO - 📦 [9/20] Processando Drontal
2026-01-02 20:11:28,605 - scraper_base - INFO - 🔍 Cobasi: Buscando Drontal
2026-01-02 20:11:33,798 - scraper_cobasi - INFO - Cobasi: Dados extraídos via JSON para Drontal
2026-01-02 20:11:33,798 - scraper_base - INFO - ✅ Cobasi: 8 produto(s) encontrado(s) para Drontal
2026-01-02 20:11:35,036 - scraper_base - INFO - 📦 [10/20] Processando Milbemax
2026-01-02 20:11:35,036 - scraper_base - INFO - 🔍 Cobasi: Buscando Milbemax
2026-01-02 20:11:38,685 - scraper_cobasi - INFO - Cobasi: Dados extraídos via JSON para Milbemax
2026-01-02 20:11:38,685 - scraper_base - INFO - ✅ Cobasi: 4 produto(s) encontrado(s) para Milbemax
2026-01-02 20:11:40,438 - scraper_base - INFO - 📦 [11/20] Processando Vermivet
2026-01-02 20:11:40,438 - scraper_base - INFO - 🔍 Cobasi: Buscando Vermivet
2026-01-02 20:11:42,550 - scraper_cobasi - INFO - Cobasi: Dados extraídos via JSON para Vermivet
2026-01-02 20:11:42,550 - scraper_base - INFO - ✅ Cobasi: 5 produto(s) encontrado(s) para Vermivet
2026-01-02 20:11:43,917 - scraper_base - INFO - 📦 [12/20] Processando Rimadyl
2026-01-02 20:11:43,917 - scraper_base - INFO - 🔍 Cobasi: Buscando Rimadyl
2026-01-02 20:11:45,967 - scraper_cobasi - INFO - Cobasi: Dados extraídos via JSON para Rimadyl
2026-01-02 20:11:45,967 - scraper_base - INFO - ✅ Cobasi: 3 produto(s) encontrado(s) para Rimadyl
2026-01-02 20:11:47,346 - scraper_base - INFO - 📦 [13/20] Processando Onsior
2026-01-02 20:11:47,346 - scraper_base - INFO - 🔍 Cobasi: Buscando Onsior
2026-01-02 20:11:49,285 - scraper_cobasi - INFO - Cobasi: Dados extraídos via JSON para Onsior
2026-01-02 20:11:49,285 - scraper_base - INFO - ✅ Cobasi: 4 produto(s) encontrado(s) para Onsior
2026-01-02 20:11:50,390 - scraper_base - INFO - 📦 [14/20] Processando Maxicam
2026-01-02 20:11:50,391 - scraper_base - INFO - 🔍 Cobasi: Buscando Maxicam
2026-01-02 20:11:53,523 - scraper_cobasi - INFO - Cobasi: Dados extraídos via JSON para Maxicam
2026-01-02 20:11:53,523 - scraper_base - INFO - ✅ Cobasi: 21 produto(s) encontrado(s) para Maxicam
2026-01-02 20:11:55,262 - scraper_base - INFO - 📦 [15/20] Processando Carproflan
2026-01-02 20:11:55,262 - scraper_base - INFO - 🔍 Cobasi: Buscando Carproflan
2026-01-02 20:11:57,148 - scraper_cobasi - INFO - Cobasi: Dados extraídos via JSON para Carproflan
2026-01-02 20:11:57,149 - scraper_base - INFO - ✅ Cobasi: 3 produto(s) encontrado(s) para Carproflan
2026-01-02 20:11:59,320 - scraper_base - INFO - 📦 [16/20] Processando Previcox
2026-01-02 20:11:59,321 - scraper_base - INFO - 🔍 Cobasi: Buscando Previcox
2026-01-02 20:12:01,127 - scraper_cobasi - INFO - Cobasi: Dados extraídos via JSON para Previcox
2026-01-02 20:12:01,127 - scraper_base - INFO - ✅ Cobasi: 2 produto(s) encontrado(s) para Previcox
2026-01-02 20:12:02,282 - scraper_base - INFO - 📦 [17/20] Processando Apoquel
2026-01-02 20:12:02,282 - scraper_base - INFO - 🔍 Cobasi: Buscando Apoquel
2026-01-02 20:12:04,298 - scraper_cobasi - INFO - Cobasi: Dados extraídos via JSON para Apoquel
2026-01-02 20:12:04,298 - scraper_base - INFO - ✅ Cobasi: 3 produto(s) encontrado(s) para Apoquel
2026-01-02 20:12:07,139 - scraper_base - INFO - 📦 [18/20] Processando Zenrelia
2026-01-02 20:12:07,139 - scraper_base - INFO - 🔍 Cobasi: Buscando Zenrelia
2026-01-02 20:12:09,318 - scraper_cobasi - INFO - Cobasi: Dados extraídos via JSON para Zenrelia
2026-01-02 20:12:09,318 - scraper_base - INFO - ✅ Cobasi: 4 produto(s) encontrado(s) para Zenrelia
2026-01-02 20:12:11,667 - scraper_base - INFO - 📦 [19/20] Processando Synulox
2026-01-02 20:12:11,667 - scraper_base - INFO - 🔍 Cobasi: Buscando Synulox
2026-01-02 20:12:13,171 - scraper_cobasi - INFO - Cobasi: Dados extraídos via JSON para Synulox
2026-01-02 20:12:13,171 - scraper_base - INFO - ✅ Cobasi: 2 produto(s) encontrado(s) para Synulox
2026-01-02 20:12:15,280 - scraper_base - INFO - 📦 [20/20] Processando Baytril
2026-01-02 20:12:15,280 - scraper_base - INFO - 🔍 Cobasi: Buscando Baytril
2026-01-02 20:12:17,541 - scraper_cobasi - INFO - Cobasi: Dados extraídos via JSON para Baytril
2026-01-02 20:12:17,541 - scraper_base - INFO - ✅ Cobasi: 4 produto(s) encontrado(s) para Baytril
2026-01-02 20:12:19,389 - scraper_base - INFO - 📊 Cobasi - Estatísticas finais:
2026-01-02 20:12:19,389 - scraper_base - INFO -    • Medicamentos processados: 20
2026-01-02 20:12:19,389 - scraper_base - INFO -    • Produtos encontrados: 167
2026-01-02 20:12:19,389 - scraper_base - INFO -    • Medicamentos sem resultado: 0
2026-01-02 20:12:19,389 - scraper_base - INFO -    • Tempo total: 85.9s
2026-01-02 20:12:19,389 - scraper_base - INFO -    • Tempo médio por medicamento: 4.3s
2026-01-02 20:12:19,532 - gerenciador_arquivos - INFO - Excel salvo: dados_coletados/cobasi_20260102_201219.xlsx (167 produtos)
2026-01-02 20:12:19,532 - gerenciador_principal - INFO - Cobasi: Arquivo individual salvo com sucesso
2026-01-02 20:12:19,532 - gerenciador_principal - INFO - Pausando entre sites...
2026-01-02 20:12:21,532 - gerenciador_principal - INFO - [2/3] Processando Petlove
2026-01-02 20:12:21,532 - scraper_base - INFO - 🚀 Iniciando scraping completo - Petlove
2026-01-02 20:12:21,809 - scraper_base - INFO - 📋 20 medicamentos para processar
2026-01-02 20:12:21,809 - scraper_base - INFO - 📦 [1/20] Processando Simparic
2026-01-02 20:12:21,809 - scraper_base - INFO - 🔍 Petlove: Buscando Simparic
2026-01-02 20:12:27,522 - gerenciador_conexoes - INFO - Chrome inicializado com otimizacoes de velocidade
2026-01-02 20:12:30,394 - scraper_base - INFO - ✅ Petlove: 15 produto(s) encontrado(s) para Simparic
2026-01-02 20:12:32,470 - scraper_base - INFO - 📦 [2/20] Processando Revolution
2026-01-02 20:12:32,470 - scraper_base - INFO - 🔍 Petlove: Buscando Revolution
2026-01-02 20:12:34,003 - scraper_base - INFO - ✅ Petlove: 14 produto(s) encontrado(s) para Revolution
2026-01-02 20:12:35,810 - scraper_base - INFO - 📦 [3/20] Processando NexGard
2026-01-02 20:12:35,811 - scraper_base - INFO - 🔍 Petlove: Buscando NexGard
2026-01-02 20:12:37,455 - scraper_base - INFO - ✅ Petlove: 11 produto(s) encontrado(s) para NexGard
2026-01-02 20:12:39,123 - scraper_base - INFO - 📦 [4/20] Processando NexGard Spectra
2026-01-02 20:12:39,123 - scraper_base - INFO - 🔍 Petlove: Buscando NexGard Spectra
2026-01-02 20:12:40,467 - scraper_base - INFO - ✅ Petlove: 5 produto(s) encontrado(s) para NexGard Spectra
2026-01-02 20:12:43,144 - scraper_base - INFO - 📦 [5/20] Processando NexGard Combo
2026-01-02 20:12:43,145 - scraper_base - INFO - 🔍 Petlove: Buscando NexGard Combo
2026-01-02 20:12:44,351 - scraper_base - INFO - ✅ Petlove: 2 produto(s) encontrado(s) para NexGard Combo
2026-01-02 20:12:46,173 - scraper_base - INFO - 📦 [6/20] Processando Bravecto
2026-01-02 20:12:46,173 - scraper_base - INFO - 🔍 Petlove: Buscando Bravecto
2026-01-02 20:12:48,687 - scraper_base - INFO - ✅ Petlove: 23 produto(s) encontrado(s) para Bravecto
2026-01-02 20:12:51,049 - scraper_base - INFO - 📦 [7/20] Processando Frontline
2026-01-02 20:12:51,050 - scraper_base - INFO - 🔍 Petlove: Buscando Frontline
2026-01-02 20:12:52,721 - scraper_base - INFO - ✅ Petlove: 11 produto(s) encontrado(s) para Frontline
2026-01-02 20:12:55,044 - scraper_base - INFO - 📦 [8/20] Processando Advocate
2026-01-02 20:12:55,044 - scraper_base - INFO - 🔍 Petlove: Buscando Advocate
2026-01-02 20:12:56,566 - scraper_base - INFO - ✅ Petlove: 9 produto(s) encontrado(s) para Advocate
2026-01-02 20:12:58,000 - scraper_base - INFO - 📦 [9/20] Processando Drontal
2026-01-02 20:12:58,001 - scraper_base - INFO - 🔍 Petlove: Buscando Drontal
2026-01-02 20:12:59,497 - scraper_base - INFO - ✅ Petlove: 18 produto(s) encontrado(s) para Drontal
2026-01-02 20:13:02,431 - scraper_base - INFO - 📦 [10/20] Processando Milbemax
2026-01-02 20:13:02,431 - scraper_base - INFO - 🔍 Petlove: Buscando Milbemax
2026-01-02 20:13:03,969 - scraper_base - INFO - ✅ Petlove: 4 produto(s) encontrado(s) para Milbemax
2026-01-02 20:13:06,430 - scraper_base - INFO - 📦 [11/20] Processando Vermivet
2026-01-02 20:13:06,430 - scraper_base - INFO - 🔍 Petlove: Buscando Vermivet
2026-01-02 20:13:08,334 - scraper_base - INFO - ✅ Petlove: 36 produto(s) encontrado(s) para Vermivet
2026-01-02 20:13:09,805 - scraper_base - INFO - 📦 [12/20] Processando Rimadyl
2026-01-02 20:13:09,806 - scraper_base - INFO - 🔍 Petlove: Buscando Rimadyl
2026-01-02 20:13:11,659 - scraper_base - INFO - ✅ Petlove: 1 produto(s) encontrado(s) para Rimadyl
2026-01-02 20:13:14,044 - scraper_base - INFO - 📦 [13/20] Processando Onsior
2026-01-02 20:13:14,044 - scraper_base - INFO - 🔍 Petlove: Buscando Onsior
2026-01-02 20:13:15,439 - scraper_base - INFO - ✅ Petlove: 4 produto(s) encontrado(s) para Onsior
2026-01-02 20:13:17,516 - scraper_base - INFO - 📦 [14/20] Processando Maxicam
2026-01-02 20:13:17,516 - scraper_base - INFO - 🔍 Petlove: Buscando Maxicam
2026-01-02 20:13:18,814 - scraper_base - INFO - ✅ Petlove: 4 produto(s) encontrado(s) para Maxicam
2026-01-02 20:13:20,941 - scraper_base - INFO - 📦 [15/20] Processando Carproflan
2026-01-02 20:13:20,941 - scraper_base - INFO - 🔍 Petlove: Buscando Carproflan
2026-01-02 20:13:22,804 - scraper_base - INFO - ✅ Petlove: 4 produto(s) encontrado(s) para Carproflan
2026-01-02 20:13:25,018 - scraper_base - INFO - 📦 [16/20] Processando Previcox
2026-01-02 20:13:25,018 - scraper_base - INFO - 🔍 Petlove: Buscando Previcox
2026-01-02 20:13:26,352 - scraper_base - INFO - ✅ Petlove: 4 produto(s) encontrado(s) para Previcox
2026-01-02 20:13:29,254 - scraper_base - INFO - 📦 [17/20] Processando Apoquel
2026-01-02 20:13:29,254 - scraper_base - INFO - 🔍 Petlove: Buscando Apoquel
2026-01-02 20:13:30,890 - scraper_base - INFO - ✅ Petlove: 16 produto(s) encontrado(s) para Apoquel
2026-01-02 20:13:32,657 - scraper_base - INFO - 📦 [18/20] Processando Zenrelia
2026-01-02 20:13:32,657 - scraper_base - INFO - 🔍 Petlove: Buscando Zenrelia
2026-01-02 20:13:33,966 - scraper_base - INFO - ✅ Petlove: 4 produto(s) encontrado(s) para Zenrelia
2026-01-02 20:13:35,657 - scraper_base - INFO - 📦 [19/20] Processando Synulox
2026-01-02 20:13:35,658 - scraper_base - INFO - 🔍 Petlove: Buscando Synulox
2026-01-02 20:13:37,098 - scraper_base - INFO - ✅ Petlove: 1 produto(s) encontrado(s) para Synulox
2026-01-02 20:13:39,714 - scraper_base - INFO - 📦 [20/20] Processando Baytril
2026-01-02 20:13:39,714 - scraper_base - INFO - 🔍 Petlove: Buscando Baytril
2026-01-02 20:13:41,090 - scraper_base - INFO - ✅ Petlove: 4 produto(s) encontrado(s) para Baytril
2026-01-02 20:13:43,036 - scraper_base - INFO - 📊 Petlove - Estatísticas finais:
2026-01-02 20:13:43,036 - scraper_base - INFO -    • Medicamentos processados: 20
2026-01-02 20:13:43,036 - scraper_base - INFO -    • Produtos encontrados: 190
2026-01-02 20:13:43,036 - scraper_base - INFO -    • Medicamentos sem resultado: 0
2026-01-02 20:13:43,036 - scraper_base - INFO -    • Tempo total: 81.5s
2026-01-02 20:13:43,036 - scraper_base - INFO -    • Tempo médio por medicamento: 4.1s
2026-01-02 20:13:43,073 - gerenciador_arquivos - INFO - Excel salvo: dados_coletados/petlove_20260102_201343.xlsx (190 produtos)
2026-01-02 20:13:43,073 - gerenciador_principal - INFO - Petlove: Arquivo individual salvo com sucesso
2026-01-02 20:13:43,074 - gerenciador_principal - INFO - Pausando entre sites...
2026-01-02 20:13:45,074 - gerenciador_principal - INFO - [3/3] Processando Petz
2026-01-02 20:13:45,074 - scraper_base - INFO - 🚀 Iniciando scraping completo - Petz
2026-01-02 20:13:45,451 - scraper_base - INFO - 📋 20 medicamentos para processar
2026-01-02 20:13:45,451 - scraper_base - INFO - 📦 [1/20] Processando Simparic
2026-01-02 20:13:45,451 - scraper_base - INFO - 🔍 Petz: Buscando Simparic
2026-01-02 20:13:50,243 - scraper_base - INFO - ✅ Petz: 12 produto(s) encontrado(s) para Simparic
2026-01-02 20:13:52,889 - scraper_base - INFO - 📦 [2/20] Processando Revolution
2026-01-02 20:13:52,890 - scraper_base - INFO - 🔍 Petz: Buscando Revolution
2026-01-02 20:13:56,171 - scraper_base - INFO - ✅ Petz: 26 produto(s) encontrado(s) para Revolution
2026-01-02 20:13:58,673 - scraper_base - INFO - 📦 [3/20] Processando NexGard
2026-01-02 20:13:58,673 - scraper_base - INFO - 🔍 Petz: Buscando NexGard
2026-01-02 20:14:00,739 - scraper_base - INFO - ✅ Petz: 22 produto(s) encontrado(s) para NexGard
2026-01-02 20:14:02,083 - scraper_base - INFO - 📦 [4/20] Processando NexGard Spectra
2026-01-02 20:14:02,083 - scraper_base - INFO - 🔍 Petz: Buscando NexGard Spectra
2026-01-02 20:14:04,196 - scraper_base - INFO - ✅ Petz: 10 produto(s) encontrado(s) para NexGard Spectra
2026-01-02 20:14:05,670 - scraper_base - INFO - 📦 [5/20] Processando NexGard Combo
2026-01-02 20:14:05,670 - scraper_base - INFO - 🔍 Petz: Buscando NexGard Combo
2026-01-02 20:14:07,360 - scraper_base - INFO - ✅ Petz: 4 produto(s) encontrado(s) para NexGard Combo
2026-01-02 20:14:08,964 - scraper_base - INFO - 📦 [6/20] Processando Bravecto
2026-01-02 20:14:08,964 - scraper_base - INFO - 🔍 Petz: Buscando Bravecto
2026-01-02 20:14:11,446 - scraper_base - INFO - ✅ Petz: 16 produto(s) encontrado(s) para Bravecto
2026-01-02 20:14:13,062 - scraper_base - INFO - 📦 [7/20] Processando Frontline
2026-01-02 20:14:13,062 - scraper_base - INFO - 🔍 Petz: Buscando Frontline
2026-01-02 20:14:14,943 - scraper_base - INFO - ✅ Petz: 11 produto(s) encontrado(s) para Frontline
2026-01-02 20:14:16,289 - scraper_base - INFO - 📦 [8/20] Processando Advocate
2026-01-02 20:14:16,289 - scraper_base - INFO - 🔍 Petz: Buscando Advocate
2026-01-02 20:14:18,348 - scraper_base - INFO - ✅ Petz: 12 produto(s) encontrado(s) para Advocate
2026-01-02 20:14:20,431 - scraper_base - INFO - 📦 [9/20] Processando Drontal
2026-01-02 20:14:20,431 - scraper_base - INFO - 🔍 Petz: Buscando Drontal
2026-01-02 20:14:22,973 - scraper_base - INFO - ✅ Petz: 30 produto(s) encontrado(s) para Drontal
2026-01-02 20:14:24,960 - scraper_base - INFO - 📦 [10/20] Processando Milbemax
2026-01-02 20:14:24,960 - scraper_base - INFO - 🔍 Petz: Buscando Milbemax
2026-01-02 20:14:26,663 - scraper_base - INFO - ✅ Petz: 4 produto(s) encontrado(s) para Milbemax
2026-01-02 20:14:28,224 - scraper_base - INFO - 📦 [11/20] Processando Vermivet
2026-01-02 20:14:28,224 - scraper_base - INFO - 🔍 Petz: Buscando Vermivet
2026-01-02 20:14:29,938 - scraper_base - INFO - ✅ Petz: 5 produto(s) encontrado(s) para Vermivet
2026-01-02 20:14:31,330 - scraper_base - INFO - 📦 [12/20] Processando Rimadyl
2026-01-02 20:14:31,331 - scraper_base - INFO - 🔍 Petz: Buscando Rimadyl
2026-01-02 20:14:33,323 - scraper_base - INFO - ✅ Petz: 3 produto(s) encontrado(s) para Rimadyl
2026-01-02 20:14:34,326 - scraper_base - INFO - 📦 [13/20] Processando Onsior
2026-01-02 20:14:34,327 - scraper_base - INFO - 🔍 Petz: Buscando Onsior
2026-01-02 20:14:35,995 - scraper_base - INFO - ✅ Petz: 4 produto(s) encontrado(s) para Onsior
2026-01-02 20:14:37,835 - scraper_base - INFO - 📦 [14/20] Processando Maxicam
2026-01-02 20:14:37,835 - scraper_base - INFO - 🔍 Petz: Buscando Maxicam
2026-01-02 20:14:40,389 - scraper_base - INFO - ✅ Petz: 31 produto(s) encontrado(s) para Maxicam
2026-01-02 20:14:42,580 - scraper_base - INFO - 📦 [15/20] Processando Carproflan
2026-01-02 20:14:42,580 - scraper_base - INFO - 🔍 Petz: Buscando Carproflan
2026-01-02 20:14:44,334 - scraper_base - INFO - ✅ Petz: 3 produto(s) encontrado(s) para Carproflan
2026-01-02 20:14:47,239 - scraper_base - INFO - 📦 [16/20] Processando Previcox
2026-01-02 20:14:47,239 - scraper_base - INFO - 🔍 Petz: Buscando Previcox
2026-01-02 20:14:48,887 - scraper_base - INFO - ✅ Petz: 2 produto(s) encontrado(s) para Previcox
2026-01-02 20:14:50,420 - scraper_base - INFO - 📦 [17/20] Processando Apoquel
2026-01-02 20:14:50,420 - scraper_base - INFO - 🔍 Petz: Buscando Apoquel
2026-01-02 20:14:52,698 - scraper_base - INFO - ✅ Petz: 3 produto(s) encontrado(s) para Apoquel
2026-01-02 20:14:54,428 - scraper_base - INFO - 📦 [18/20] Processando Zenrelia
2026-01-02 20:14:54,428 - scraper_base - INFO - 🔍 Petz: Buscando Zenrelia
2026-01-02 20:14:55,998 - scraper_base - INFO - ✅ Petz: 4 produto(s) encontrado(s) para Zenrelia
2026-01-02 20:14:57,430 - scraper_base - INFO - 📦 [19/20] Processando Synulox
2026-01-02 20:14:57,430 - scraper_base - INFO - 🔍 Petz: Buscando Synulox
2026-01-02 20:14:59,161 - scraper_base - INFO - ✅ Petz: 2 produto(s) encontrado(s) para Synulox
2026-01-02 20:15:01,361 - scraper_base - INFO - 📦 [20/20] Processando Baytril
2026-01-02 20:15:01,361 - scraper_base - INFO - 🔍 Petz: Buscando Baytril
2026-01-02 20:15:04,365 - scraper_base - INFO - ✅ Petz: 10 produto(s) encontrado(s) para Baytril
2026-01-02 20:15:05,663 - scraper_base - INFO - 📊 Petz - Estatísticas finais:
2026-01-02 20:15:05,664 - scraper_base - INFO -    • Medicamentos processados: 20
2026-01-02 20:15:05,664 - scraper_base - INFO -    • Produtos encontrados: 214
2026-01-02 20:15:05,664 - scraper_base - INFO -    • Medicamentos sem resultado: 0
2026-01-02 20:15:05,664 - scraper_base - INFO -    • Tempo total: 80.6s
2026-01-02 20:15:05,664 - scraper_base - INFO -    • Tempo médio por medicamento: 4.0s
2026-01-02 20:15:05,706 - gerenciador_arquivos - INFO - Excel salvo: dados_coletados/petz_20260102_201505.xlsx (214 produtos)
2026-01-02 20:15:05,707 - gerenciador_principal - INFO - Petz: Arquivo individual salvo com sucesso
2026-01-02 20:15:05,707 - gerenciador_principal - INFO - Gerando relatório consolidado...
2026-01-02 20:15:05,954 - gerenciador_arquivos - INFO - Relatório consolidado salvo: dados_relatorios/relatorio_consolidado_20260102_201505.xlsx
2026-01-02 20:15:06,085 - gerenciador_conexoes - INFO - Chrome fechado
2026-01-02 20:15:06,085 - gerenciador_conexoes - INFO - Métodos utilizados - Requests: 33.3%, Selenium: 66.7%, Falhas: 0.0%
2026-01-02 20:15:06,085 - gerenciador_principal - INFO - ============================================================
2026-01-02 20:15:06,085 - gerenciador_principal - INFO - RELATORIO FINAL DE EXECUÇÃO
2026-01-02 20:15:06,085 - gerenciador_principal - INFO - ============================================================
2026-01-02 20:15:06,085 - gerenciador_principal - INFO - Sites processados: 3
2026-01-02 20:15:06,085 - gerenciador_principal - INFO - Sites com sucesso: 3
2026-01-02 20:15:06,085 - gerenciador_principal - INFO - Total de produtos coletados: 571
2026-01-02 20:15:06,085 - gerenciador_principal - INFO - Tempo total de execução: 252.2 segundos
2026-01-02 20:15:06,085 - gerenciador_principal - INFO - Estatísticas de conexão:
2026-01-02 20:15:06,085 - gerenciador_principal - INFO -   - Requests bem-sucedidos: 33.3%
2026-01-02 20:15:06,085 - gerenciador_principal - INFO -   - Selenium fallback: 66.7%
2026-01-02 20:15:06,085 - gerenciador_principal - INFO -   - Falhas totais: 0.0%
2026-01-02 20:15:06,087 - gerenciador_principal - INFO - Arquivos salvos na pasta: dados_coletados
2026-01-02 20:15:06,087 - gerenciador_principal - INFO - Total de arquivos: 273
2026-01-02 20:15:06,087 - gerenciador_principal - INFO - ============================================================
