2026-02-18 20:26:03,080 - configurador_logs - INFO - Sistema de logs configurado com sucesso
2026-02-18 20:26:03,080 - configurador_logs - INFO - 🚀 Logs configurados para MODO PRODUÇÃO
2026-02-18 20:26:03,080 - gerenciador_principal - INFO - Inicializando sistema - Modo: PRODUCAO
2026-02-18 20:26:03,081 - gerenciador_arquivos - INFO - Pasta dados_coletados preparada
2026-02-18 20:26:03,081 - gerenciador_principal - INFO - Sistema inicializado com 3 scrapers
2026-02-18 20:26:03,081 - gerenciador_principal - INFO - ============================================================
2026-02-18 20:26:03,081 - gerenciador_principal - INFO - INICIANDO SCRAPING COMPLETO - PRODUCAO
2026-02-18 20:26:03,081 - gerenciador_principal - INFO - ============================================================
2026-02-18 20:26:03,081 - gerenciador_principal - INFO - [1/3] Processando Cobasi
2026-02-18 20:26:03,081 - scraper_base - INFO - 🚀 Iniciando scraping completo - Cobasi
2026-02-18 20:26:03,848 - gerenciador_conexoes - INFO - Sessao estabelecida com cobasi.com.br
2026-02-18 20:26:03,848 - scraper_base - INFO - 📋 20 medicamentos para processar
2026-02-18 20:26:03,848 - scraper_base - INFO - 📦 [1/20] Processando Simparic
2026-02-18 20:26:03,849 - scraper_base - INFO - 🔍 Cobasi: Buscando Simparic
2026-02-18 20:26:03,930 - scraper_cobasi - INFO - Cobasi: Dados extraídos via JSON para Simparic
2026-02-18 20:26:03,930 - scraper_base - INFO - ✅ Cobasi: 12 produto(s) encontrado(s) para Simparic
2026-02-18 20:26:06,869 - scraper_base - INFO - 📦 [2/20] Processando Revolution
2026-02-18 20:26:06,869 - scraper_base - INFO - 🔍 Cobasi: Buscando Revolution
2026-02-18 20:26:06,949 - scraper_cobasi - INFO - Cobasi: Dados extraídos via JSON para Revolution
2026-02-18 20:26:06,949 - scraper_base - INFO - ✅ Cobasi: 18 produto(s) encontrado(s) para Revolution
2026-02-18 20:26:08,881 - scraper_base - INFO - 📦 [3/20] Processando NexGard
2026-02-18 20:26:08,881 - scraper_base - INFO - 🔍 Cobasi: Buscando NexGard
2026-02-18 20:26:08,963 - scraper_cobasi - INFO - Cobasi: Dados extraídos via JSON para NexGard
2026-02-18 20:26:08,964 - scraper_base - INFO - ✅ Cobasi: 22 produto(s) encontrado(s) para NexGard
2026-02-18 20:26:10,916 - scraper_base - INFO - 📦 [4/20] Processando NexGard Spectra
2026-02-18 20:26:10,916 - scraper_base - INFO - 🔍 Cobasi: Buscando NexGard Spectra
2026-02-18 20:26:11,008 - scraper_cobasi - INFO - Cobasi: Dados extraídos via JSON para NexGard Spectra
2026-02-18 20:26:11,008 - scraper_base - INFO - ✅ Cobasi: 10 produto(s) encontrado(s) para NexGard Spectra
2026-02-18 20:26:13,394 - scraper_base - INFO - 📦 [5/20] Processando NexGard Combo
2026-02-18 20:26:13,395 - scraper_base - INFO - 🔍 Cobasi: Buscando NexGard Combo
2026-02-18 20:26:13,764 - scraper_cobasi - INFO - Cobasi: Dados extraídos via JSON para NexGard Combo
2026-02-18 20:26:13,764 - scraper_base - INFO - ✅ Cobasi: 4 produto(s) encontrado(s) para NexGard Combo
2026-02-18 20:26:14,781 - scraper_base - INFO - 📦 [6/20] Processando Bravecto
2026-02-18 20:26:14,781 - scraper_base - INFO - 🔍 Cobasi: Buscando Bravecto
2026-02-18 20:26:14,871 - scraper_cobasi - INFO - Cobasi: Dados extraídos via JSON para Bravecto
2026-02-18 20:26:14,871 - scraper_base - INFO - ✅ Cobasi: 16 produto(s) encontrado(s) para Bravecto
2026-02-18 20:26:17,173 - scraper_base - INFO - 📦 [7/20] Processando Frontline
2026-02-18 20:26:17,173 - scraper_base - INFO - 🔍 Cobasi: Buscando Frontline
2026-02-18 20:26:17,252 - scraper_cobasi - INFO - Cobasi: Dados extraídos via JSON para Frontline
2026-02-18 20:26:17,252 - scraper_base - INFO - ✅ Cobasi: 10 produto(s) encontrado(s) para Frontline
2026-02-18 20:26:19,359 - scraper_base - INFO - 📦 [8/20] Processando Advocate
2026-02-18 20:26:19,359 - scraper_base - INFO - 🔍 Cobasi: Buscando Advocate
2026-02-18 20:26:19,430 - scraper_cobasi - INFO - Cobasi: Dados extraídos via JSON para Advocate
2026-02-18 20:26:19,430 - scraper_base - INFO - ✅ Cobasi: 12 produto(s) encontrado(s) para Advocate
2026-02-18 20:26:20,833 - scraper_base - INFO - 📦 [9/20] Processando Drontal
2026-02-18 20:26:20,833 - scraper_base - INFO - 🔍 Cobasi: Buscando Drontal
2026-02-18 20:26:20,906 - scraper_cobasi - INFO - Cobasi: Dados extraídos via JSON para Drontal
2026-02-18 20:26:20,906 - scraper_base - INFO - ✅ Cobasi: 8 produto(s) encontrado(s) para Drontal
2026-02-18 20:26:22,901 - scraper_base - INFO - 📦 [10/20] Processando Milbemax
2026-02-18 20:26:22,901 - scraper_base - INFO - 🔍 Cobasi: Buscando Milbemax
2026-02-18 20:26:22,967 - scraper_cobasi - INFO - Cobasi: Dados extraídos via JSON para Milbemax
2026-02-18 20:26:22,967 - scraper_base - INFO - ✅ Cobasi: 4 produto(s) encontrado(s) para Milbemax
2026-02-18 20:26:24,177 - scraper_base - INFO - 📦 [11/20] Processando Vermivet
2026-02-18 20:26:24,177 - scraper_base - INFO - 🔍 Cobasi: Buscando Vermivet
2026-02-18 20:26:24,246 - scraper_cobasi - INFO - Cobasi: Dados extraídos via JSON para Vermivet
2026-02-18 20:26:24,246 - scraper_base - INFO - ✅ Cobasi: 5 produto(s) encontrado(s) para Vermivet
2026-02-18 20:26:26,630 - scraper_base - INFO - 📦 [12/20] Processando Rimadyl
2026-02-18 20:26:26,630 - scraper_base - INFO - 🔍 Cobasi: Buscando Rimadyl
2026-02-18 20:26:28,904 - scraper_cobasi - INFO - Cobasi: Dados extraídos via JSON para Rimadyl
2026-02-18 20:26:28,904 - scraper_base - INFO - ✅ Cobasi: 3 produto(s) encontrado(s) para Rimadyl
2026-02-18 20:26:30,471 - scraper_base - INFO - 📦 [13/20] Processando Onsior
2026-02-18 20:26:30,471 - scraper_base - INFO - 🔍 Cobasi: Buscando Onsior
2026-02-18 20:26:31,293 - scraper_cobasi - INFO - Cobasi: Dados extraídos via JSON para Onsior
2026-02-18 20:26:31,294 - scraper_base - INFO - ✅ Cobasi: 4 produto(s) encontrado(s) para Onsior
2026-02-18 20:26:32,699 - scraper_base - INFO - 📦 [14/20] Processando Maxicam
2026-02-18 20:26:32,700 - scraper_base - INFO - 🔍 Cobasi: Buscando Maxicam
2026-02-18 20:26:36,002 - scraper_cobasi - INFO - Cobasi: Dados extraídos via JSON para Maxicam
2026-02-18 20:26:36,002 - scraper_base - INFO - ✅ Cobasi: 21 produto(s) encontrado(s) para Maxicam
2026-02-18 20:26:38,013 - scraper_base - INFO - 📦 [15/20] Processando Carproflan
2026-02-18 20:26:38,013 - scraper_base - INFO - 🔍 Cobasi: Buscando Carproflan
2026-02-18 20:26:40,333 - scraper_cobasi - INFO - Cobasi: Dados extraídos via JSON para Carproflan
2026-02-18 20:26:40,334 - scraper_base - INFO - ✅ Cobasi: 3 produto(s) encontrado(s) para Carproflan
2026-02-18 20:26:43,288 - scraper_base - INFO - 📦 [16/20] Processando Previcox
2026-02-18 20:26:43,289 - scraper_base - INFO - 🔍 Cobasi: Buscando Previcox
2026-02-18 20:26:48,048 - scraper_cobasi - INFO - Cobasi: Dados extraídos via JSON para Previcox
2026-02-18 20:26:48,048 - scraper_base - INFO - ✅ Cobasi: 2 produto(s) encontrado(s) para Previcox
2026-02-18 20:26:49,986 - scraper_base - INFO - 📦 [17/20] Processando Apoquel
2026-02-18 20:26:49,986 - scraper_base - INFO - 🔍 Cobasi: Buscando Apoquel
2026-02-18 20:26:52,053 - scraper_cobasi - INFO - Cobasi: Dados extraídos via JSON para Apoquel
2026-02-18 20:26:52,053 - scraper_base - INFO - ✅ Cobasi: 3 produto(s) encontrado(s) para Apoquel
2026-02-18 20:26:53,540 - scraper_base - INFO - 📦 [18/20] Processando Zenrelia
2026-02-18 20:26:53,540 - scraper_base - INFO - 🔍 Cobasi: Buscando Zenrelia
2026-02-18 20:26:56,470 - scraper_cobasi - INFO - Cobasi: Dados extraídos via JSON para Zenrelia
2026-02-18 20:26:56,470 - scraper_base - INFO - ✅ Cobasi: 4 produto(s) encontrado(s) para Zenrelia
2026-02-18 20:26:58,950 - scraper_base - INFO - 📦 [19/20] Processando Synulox
2026-02-18 20:26:58,950 - scraper_base - INFO - 🔍 Cobasi: Buscando Synulox
2026-02-18 20:27:01,045 - scraper_cobasi - INFO - Cobasi: Dados extraídos via JSON para Synulox
2026-02-18 20:27:01,045 - scraper_base - INFO - ✅ Cobasi: 2 produto(s) encontrado(s) para Synulox
2026-02-18 20:27:02,334 - scraper_base - INFO - 📦 [20/20] Processando Baytril
2026-02-18 20:27:02,334 - scraper_base - INFO - 🔍 Cobasi: Buscando Baytril
2026-02-18 20:27:07,322 - scraper_cobasi - INFO - Cobasi: Dados extraídos via JSON para Baytril
2026-02-18 20:27:07,322 - scraper_base - INFO - ✅ Cobasi: 4 produto(s) encontrado(s) para Baytril
2026-02-18 20:27:09,623 - scraper_base - INFO - 📊 Cobasi - Estatísticas finais:
2026-02-18 20:27:09,623 - scraper_base - INFO -    • Medicamentos processados: 20
2026-02-18 20:27:09,623 - scraper_base - INFO -    • Produtos encontrados: 167
2026-02-18 20:27:09,623 - scraper_base - INFO -    • Medicamentos sem resultado: 0
2026-02-18 20:27:09,623 - scraper_base - INFO -    • Tempo total: 66.5s
2026-02-18 20:27:09,623 - scraper_base - INFO -    • Tempo médio por medicamento: 3.3s
2026-02-18 20:27:09,739 - gerenciador_arquivos - INFO - Excel salvo: dados_coletados/cobasi_20260218_202709.xlsx (167 produtos)
2026-02-18 20:27:09,739 - gerenciador_principal - INFO - Cobasi: Arquivo individual salvo com sucesso
2026-02-18 20:27:09,739 - gerenciador_principal - INFO - Pausando entre sites...
2026-02-18 20:27:11,739 - gerenciador_principal - INFO - [2/3] Processando Petlove
2026-02-18 20:27:11,739 - scraper_base - INFO - 🚀 Iniciando scraping completo - Petlove
2026-02-18 20:27:12,022 - scraper_base - INFO - 📋 20 medicamentos para processar
2026-02-18 20:27:12,022 - scraper_base - INFO - 📦 [1/20] Processando Simparic
2026-02-18 20:27:12,022 - scraper_base - INFO - 🔍 Petlove: Buscando Simparic
2026-02-18 20:27:20,366 - gerenciador_conexoes - INFO - Chrome inicializado com otimizacoes de velocidade
2026-02-18 20:27:24,439 - scraper_base - INFO - ✅ Petlove: 36 produto(s) encontrado(s) para Simparic
2026-02-18 20:27:26,171 - scraper_base - INFO - 📦 [2/20] Processando Revolution
2026-02-18 20:27:26,171 - scraper_base - INFO - 🔍 Petlove: Buscando Revolution
2026-02-18 20:27:28,235 - scraper_base - INFO - ✅ Petlove: 19 produto(s) encontrado(s) para Revolution
2026-02-18 20:27:29,944 - scraper_base - INFO - 📦 [3/20] Processando NexGard
2026-02-18 20:27:29,944 - scraper_base - INFO - 🔍 Petlove: Buscando NexGard
2026-02-18 20:27:31,549 - scraper_base - INFO - ✅ Petlove: 11 produto(s) encontrado(s) para NexGard
2026-02-18 20:27:32,619 - scraper_base - INFO - 📦 [4/20] Processando NexGard Spectra
2026-02-18 20:27:32,619 - scraper_base - INFO - 🔍 Petlove: Buscando NexGard Spectra
2026-02-18 20:27:34,001 - scraper_base - INFO - ✅ Petlove: 5 produto(s) encontrado(s) para NexGard Spectra
2026-02-18 20:27:35,605 - scraper_base - INFO - 📦 [5/20] Processando NexGard Combo
2026-02-18 20:27:35,605 - scraper_base - INFO - 🔍 Petlove: Buscando NexGard Combo
2026-02-18 20:27:36,976 - scraper_base - INFO - ✅ Petlove: 2 produto(s) encontrado(s) para NexGard Combo
2026-02-18 20:27:39,051 - scraper_base - INFO - 📦 [6/20] Processando Bravecto
2026-02-18 20:27:39,051 - scraper_base - INFO - 🔍 Petlove: Buscando Bravecto
2026-02-18 20:27:41,284 - scraper_base - INFO - ✅ Petlove: 23 produto(s) encontrado(s) para Bravecto
2026-02-18 20:27:43,321 - scraper_base - INFO - 📦 [7/20] Processando Frontline
2026-02-18 20:27:43,321 - scraper_base - INFO - 🔍 Petlove: Buscando Frontline
2026-02-18 20:27:45,025 - scraper_base - INFO - ✅ Petlove: 11 produto(s) encontrado(s) para Frontline
2026-02-18 20:27:47,327 - scraper_base - INFO - 📦 [8/20] Processando Advocate
2026-02-18 20:27:47,327 - scraper_base - INFO - 🔍 Petlove: Buscando Advocate
2026-02-18 20:27:49,100 - scraper_base - INFO - ✅ Petlove: 12 produto(s) encontrado(s) para Advocate
2026-02-18 20:27:50,470 - scraper_base - INFO - 📦 [9/20] Processando Drontal
2026-02-18 20:27:50,470 - scraper_base - INFO - 🔍 Petlove: Buscando Drontal
2026-02-18 20:27:52,688 - scraper_base - INFO - ✅ Petlove: 36 produto(s) encontrado(s) para Drontal
2026-02-18 20:27:53,729 - scraper_base - INFO - 📦 [10/20] Processando Milbemax
2026-02-18 20:27:53,729 - scraper_base - INFO - 🔍 Petlove: Buscando Milbemax
2026-02-18 20:27:55,174 - scraper_base - INFO - ✅ Petlove: 14 produto(s) encontrado(s) para Milbemax
2026-02-18 20:27:56,878 - scraper_base - INFO - 📦 [11/20] Processando Vermivet
2026-02-18 20:27:56,878 - scraper_base - INFO - 🔍 Petlove: Buscando Vermivet
2026-02-18 20:27:58,642 - scraper_base - INFO - ✅ Petlove: 36 produto(s) encontrado(s) para Vermivet
2026-02-18 20:28:01,168 - scraper_base - INFO - 📦 [12/20] Processando Rimadyl
2026-02-18 20:28:01,168 - scraper_base - INFO - 🔍 Petlove: Buscando Rimadyl
2026-02-18 20:28:02,799 - scraper_base - INFO - ✅ Petlove: 1 produto(s) encontrado(s) para Rimadyl
2026-02-18 20:28:04,940 - scraper_base - INFO - 📦 [13/20] Processando Onsior
2026-02-18 20:28:04,940 - scraper_base - INFO - 🔍 Petlove: Buscando Onsior
2026-02-18 20:28:06,493 - scraper_base - INFO - ✅ Petlove: 4 produto(s) encontrado(s) para Onsior
2026-02-18 20:28:08,964 - scraper_base - INFO - 📦 [14/20] Processando Maxicam
2026-02-18 20:28:08,965 - scraper_base - INFO - 🔍 Petlove: Buscando Maxicam
2026-02-18 20:28:10,368 - scraper_base - INFO - ✅ Petlove: 3 produto(s) encontrado(s) para Maxicam
2026-02-18 20:28:11,810 - scraper_base - INFO - 📦 [15/20] Processando Carproflan
2026-02-18 20:28:11,810 - scraper_base - INFO - 🔍 Petlove: Buscando Carproflan
2026-02-18 20:28:13,494 - scraper_base - INFO - ✅ Petlove: 8 produto(s) encontrado(s) para Carproflan
2026-02-18 20:28:15,580 - scraper_base - INFO - 📦 [16/20] Processando Previcox
2026-02-18 20:28:15,580 - scraper_base - INFO - 🔍 Petlove: Buscando Previcox
2026-02-18 20:28:17,002 - scraper_base - INFO - ✅ Petlove: 4 produto(s) encontrado(s) para Previcox
2026-02-18 20:28:19,959 - scraper_base - INFO - 📦 [17/20] Processando Apoquel
2026-02-18 20:28:19,959 - scraper_base - INFO - 🔍 Petlove: Buscando Apoquel
2026-02-18 20:28:21,431 - scraper_base - INFO - ✅ Petlove: 16 produto(s) encontrado(s) para Apoquel
2026-02-18 20:28:23,161 - scraper_base - INFO - 📦 [18/20] Processando Zenrelia
2026-02-18 20:28:23,162 - scraper_base - INFO - 🔍 Petlove: Buscando Zenrelia
2026-02-18 20:28:24,834 - scraper_base - INFO - ✅ Petlove: 4 produto(s) encontrado(s) para Zenrelia
2026-02-18 20:28:26,758 - scraper_base - INFO - 📦 [19/20] Processando Synulox
2026-02-18 20:28:26,758 - scraper_base - INFO - 🔍 Petlove: Buscando Synulox
2026-02-18 20:28:28,259 - scraper_petlove - INFO - Petlove: Nenhum produto encontrado para Synulox
2026-02-18 20:28:28,259 - scraper_base - INFO - ⚪ Petlove: Nenhum produto encontrado para Synulox
2026-02-18 20:28:31,018 - scraper_base - INFO - 📦 [20/20] Processando Baytril
2026-02-18 20:28:31,018 - scraper_base - INFO - 🔍 Petlove: Buscando Baytril
2026-02-18 20:28:32,356 - scraper_base - INFO - ✅ Petlove: 4 produto(s) encontrado(s) para Baytril
2026-02-18 20:28:35,329 - scraper_base - INFO - 📊 Petlove - Estatísticas finais:
2026-02-18 20:28:35,330 - scraper_base - INFO -    • Medicamentos processados: 20
2026-02-18 20:28:35,330 - scraper_base - INFO -    • Produtos encontrados: 249
2026-02-18 20:28:35,330 - scraper_base - INFO -    • Medicamentos sem resultado: 1
2026-02-18 20:28:35,330 - scraper_base - INFO -    • Tempo total: 83.6s
2026-02-18 20:28:35,330 - scraper_base - INFO -    • Tempo médio por medicamento: 4.2s
2026-02-18 20:28:35,376 - gerenciador_arquivos - INFO - Excel salvo: dados_coletados/petlove_20260218_202835.xlsx (249 produtos)
2026-02-18 20:28:35,377 - gerenciador_principal - INFO - Petlove: Arquivo individual salvo com sucesso
2026-02-18 20:28:35,377 - gerenciador_principal - INFO - Pausando entre sites...
2026-02-18 20:28:37,377 - gerenciador_principal - INFO - [3/3] Processando Petz
2026-02-18 20:28:37,377 - scraper_base - INFO - 🚀 Iniciando scraping completo - Petz
2026-02-18 20:28:37,951 - scraper_base - INFO - 📋 20 medicamentos para processar
2026-02-18 20:28:37,951 - scraper_base - INFO - 📦 [1/20] Processando Simparic
2026-02-18 20:28:37,951 - scraper_base - INFO - 🔍 Petz: Buscando Simparic
2026-02-18 20:28:43,659 - scraper_base - INFO - ✅ Petz: 12 produto(s) encontrado(s) para Simparic
2026-02-18 20:28:45,909 - scraper_base - INFO - 📦 [2/20] Processando Revolution
2026-02-18 20:28:45,909 - scraper_base - INFO - 🔍 Petz: Buscando Revolution
2026-02-18 20:28:48,900 - scraper_base - INFO - ✅ Petz: 26 produto(s) encontrado(s) para Revolution
2026-02-18 20:28:51,352 - scraper_base - INFO - 📦 [3/20] Processando NexGard
2026-02-18 20:28:51,352 - scraper_base - INFO - 🔍 Petz: Buscando NexGard
2026-02-18 20:28:53,658 - scraper_base - INFO - ✅ Petz: 22 produto(s) encontrado(s) para NexGard
2026-02-18 20:28:55,758 - scraper_base - INFO - 📦 [4/20] Processando NexGard Spectra
2026-02-18 20:28:55,758 - scraper_base - INFO - 🔍 Petz: Buscando NexGard Spectra
2026-02-18 20:28:57,868 - scraper_base - INFO - ✅ Petz: 10 produto(s) encontrado(s) para NexGard Spectra
2026-02-18 20:28:58,967 - scraper_base - INFO - 📦 [5/20] Processando NexGard Combo
2026-02-18 20:28:58,967 - scraper_base - INFO - 🔍 Petz: Buscando NexGard Combo
2026-02-18 20:29:01,339 - scraper_base - INFO - ✅ Petz: 4 produto(s) encontrado(s) para NexGard Combo
2026-02-18 20:29:03,350 - scraper_base - INFO - 📦 [6/20] Processando Bravecto
2026-02-18 20:29:03,351 - scraper_base - INFO - 🔍 Petz: Buscando Bravecto
2026-02-18 20:29:05,873 - scraper_base - INFO - ✅ Petz: 16 produto(s) encontrado(s) para Bravecto
2026-02-18 20:29:07,585 - scraper_base - INFO - 📦 [7/20] Processando Frontline
2026-02-18 20:29:07,586 - scraper_base - INFO - 🔍 Petz: Buscando Frontline
2026-02-18 20:29:10,080 - scraper_base - INFO - ✅ Petz: 11 produto(s) encontrado(s) para Frontline
2026-02-18 20:29:11,765 - scraper_base - INFO - 📦 [8/20] Processando Advocate
2026-02-18 20:29:11,765 - scraper_base - INFO - 🔍 Petz: Buscando Advocate
2026-02-18 20:29:14,013 - scraper_base - INFO - ✅ Petz: 12 produto(s) encontrado(s) para Advocate
2026-02-18 20:29:16,847 - scraper_base - INFO - 📦 [9/20] Processando Drontal
2026-02-18 20:29:16,847 - scraper_base - INFO - 🔍 Petz: Buscando Drontal
2026-02-18 20:29:19,747 - scraper_base - INFO - ✅ Petz: 30 produto(s) encontrado(s) para Drontal
2026-02-18 20:29:21,375 - scraper_base - INFO - 📦 [10/20] Processando Milbemax
2026-02-18 20:29:21,375 - scraper_base - INFO - 🔍 Petz: Buscando Milbemax
2026-02-18 20:29:23,144 - scraper_base - INFO - ✅ Petz: 4 produto(s) encontrado(s) para Milbemax
2026-02-18 20:29:25,165 - scraper_base - INFO - 📦 [11/20] Processando Vermivet
2026-02-18 20:29:25,166 - scraper_base - INFO - 🔍 Petz: Buscando Vermivet
2026-02-18 20:29:27,019 - scraper_base - INFO - ✅ Petz: 5 produto(s) encontrado(s) para Vermivet
2026-02-18 20:29:29,886 - scraper_base - INFO - 📦 [12/20] Processando Rimadyl
2026-02-18 20:29:29,886 - scraper_base - INFO - 🔍 Petz: Buscando Rimadyl
2026-02-18 20:29:31,660 - scraper_base - INFO - ✅ Petz: 3 produto(s) encontrado(s) para Rimadyl
2026-02-18 20:29:33,098 - scraper_base - INFO - 📦 [13/20] Processando Onsior
2026-02-18 20:29:33,098 - scraper_base - INFO - 🔍 Petz: Buscando Onsior
2026-02-18 20:29:34,862 - scraper_base - INFO - ✅ Petz: 4 produto(s) encontrado(s) para Onsior
2026-02-18 20:29:37,041 - scraper_base - INFO - 📦 [14/20] Processando Maxicam
2026-02-18 20:29:37,041 - scraper_base - INFO - 🔍 Petz: Buscando Maxicam
2026-02-18 20:29:40,226 - scraper_base - INFO - ✅ Petz: 29 produto(s) encontrado(s) para Maxicam
2026-02-18 20:29:43,154 - scraper_base - INFO - 📦 [15/20] Processando Carproflan
2026-02-18 20:29:43,154 - scraper_base - INFO - 🔍 Petz: Buscando Carproflan
2026-02-18 20:29:44,973 - scraper_base - INFO - ✅ Petz: 3 produto(s) encontrado(s) para Carproflan
2026-02-18 20:29:46,936 - scraper_base - INFO - 📦 [16/20] Processando Previcox
2026-02-18 20:29:46,936 - scraper_base - INFO - 🔍 Petz: Buscando Previcox
2026-02-18 20:29:48,856 - scraper_base - INFO - ✅ Petz: 2 produto(s) encontrado(s) para Previcox
2026-02-18 20:29:49,885 - scraper_base - INFO - 📦 [17/20] Processando Apoquel
2026-02-18 20:29:49,885 - scraper_base - INFO - 🔍 Petz: Buscando Apoquel
2026-02-18 20:29:51,644 - scraper_base - INFO - ✅ Petz: 3 produto(s) encontrado(s) para Apoquel
2026-02-18 20:29:53,919 - scraper_base - INFO - 📦 [18/20] Processando Zenrelia
2026-02-18 20:29:53,919 - scraper_base - INFO - 🔍 Petz: Buscando Zenrelia
2026-02-18 20:29:55,801 - scraper_base - INFO - ✅ Petz: 4 produto(s) encontrado(s) para Zenrelia
2026-02-18 20:29:56,829 - scraper_base - INFO - 📦 [19/20] Processando Synulox
2026-02-18 20:29:56,829 - scraper_base - INFO - 🔍 Petz: Buscando Synulox
2026-02-18 20:29:58,653 - scraper_base - INFO - ✅ Petz: 2 produto(s) encontrado(s) para Synulox
2026-02-18 20:30:00,114 - scraper_base - INFO - 📦 [20/20] Processando Baytril
2026-02-18 20:30:00,114 - scraper_base - INFO - 🔍 Petz: Buscando Baytril
2026-02-18 20:30:02,921 - scraper_base - INFO - ✅ Petz: 9 produto(s) encontrado(s) para Baytril
2026-02-18 20:30:03,934 - scraper_base - INFO - 📊 Petz - Estatísticas finais:
2026-02-18 20:30:03,935 - scraper_base - INFO -    • Medicamentos processados: 20
2026-02-18 20:30:03,935 - scraper_base - INFO -    • Produtos encontrados: 211
2026-02-18 20:30:03,935 - scraper_base - INFO -    • Medicamentos sem resultado: 0
2026-02-18 20:30:03,935 - scraper_base - INFO -    • Tempo total: 86.6s
2026-02-18 20:30:03,935 - scraper_base - INFO -    • Tempo médio por medicamento: 4.3s
2026-02-18 20:30:04,048 - gerenciador_arquivos - INFO - Excel salvo: dados_coletados/petz_20260218_203003.xlsx (211 produtos)
2026-02-18 20:30:04,048 - gerenciador_principal - INFO - Petz: Arquivo individual salvo com sucesso
2026-02-18 20:30:04,048 - gerenciador_principal - INFO - Gerando relatório consolidado...
2026-02-18 20:30:04,273 - gerenciador_arquivos - INFO - Relatório consolidado salvo: dados_relatorios/relatorio_consolidado_20260218_203004.xlsx
2026-02-18 20:30:04,395 - gerenciador_conexoes - INFO - Chrome fechado
2026-02-18 20:30:04,395 - gerenciador_conexoes - INFO - Métodos utilizados - Requests: 33.3%, Selenium: 66.7%, Falhas: 0.0%
2026-02-18 20:30:04,395 - gerenciador_principal - INFO - ============================================================
2026-02-18 20:30:04,395 - gerenciador_principal - INFO - RELATORIO FINAL DE EXECUÇÃO
2026-02-18 20:30:04,395 - gerenciador_principal - INFO - ============================================================
2026-02-18 20:30:04,396 - gerenciador_principal - INFO - Sites processados: 3
2026-02-18 20:30:04,396 - gerenciador_principal - INFO - Sites com sucesso: 3
2026-02-18 20:30:04,396 - gerenciador_principal - INFO - Total de produtos coletados: 627
2026-02-18 20:30:04,396 - gerenciador_principal - INFO - Tempo total de execução: 241.0 segundos
2026-02-18 20:30:04,396 - gerenciador_principal - INFO - Estatísticas de conexão:
2026-02-18 20:30:04,396 - gerenciador_principal - INFO -   - Requests bem-sucedidos: 33.3%
2026-02-18 20:30:04,396 - gerenciador_principal - INFO -   - Selenium fallback: 66.7%
2026-02-18 20:30:04,396 - gerenciador_principal - INFO -   - Falhas totais: 0.0%
2026-02-18 20:30:04,398 - gerenciador_principal - INFO - Arquivos salvos na pasta: dados_coletados
2026-02-18 20:30:04,398 - gerenciador_principal - INFO - Total de arquivos: 406
2026-02-18 20:30:04,398 - gerenciador_principal - INFO - ============================================================
