2026-02-08 20:13:25,545 - configurador_logs - INFO - Sistema de logs configurado com sucesso
2026-02-08 20:13:25,545 - configurador_logs - INFO - 🚀 Logs configurados para MODO PRODUÇÃO
2026-02-08 20:13:25,545 - gerenciador_principal - INFO - Inicializando sistema - Modo: PRODUCAO
2026-02-08 20:13:25,546 - gerenciador_arquivos - INFO - Pasta dados_coletados preparada
2026-02-08 20:13:25,546 - gerenciador_principal - INFO - Sistema inicializado com 3 scrapers
2026-02-08 20:13:25,546 - gerenciador_principal - INFO - ============================================================
2026-02-08 20:13:25,546 - gerenciador_principal - INFO - INICIANDO SCRAPING COMPLETO - PRODUCAO
2026-02-08 20:13:25,546 - gerenciador_principal - INFO - ============================================================
2026-02-08 20:13:25,546 - gerenciador_principal - INFO - [1/3] Processando Cobasi
2026-02-08 20:13:25,546 - scraper_base - INFO - 🚀 Iniciando scraping completo - Cobasi
2026-02-08 20:13:25,985 - gerenciador_conexoes - INFO - Sessao estabelecida com cobasi.com.br
2026-02-08 20:13:25,985 - scraper_base - INFO - 📋 20 medicamentos para processar
2026-02-08 20:13:25,985 - scraper_base - INFO - 📦 [1/20] Processando Simparic
2026-02-08 20:13:25,985 - scraper_base - INFO - 🔍 Cobasi: Buscando Simparic
2026-02-08 20:13:26,705 - scraper_cobasi - INFO - Cobasi: Dados extraídos via JSON para Simparic
2026-02-08 20:13:26,705 - scraper_base - INFO - ✅ Cobasi: 12 produto(s) encontrado(s) para Simparic
2026-02-08 20:13:28,095 - scraper_base - INFO - 📦 [2/20] Processando Revolution
2026-02-08 20:13:28,095 - scraper_base - INFO - 🔍 Cobasi: Buscando Revolution
2026-02-08 20:13:28,408 - scraper_cobasi - INFO - Cobasi: Dados extraídos via JSON para Revolution
2026-02-08 20:13:28,408 - scraper_base - INFO - ✅ Cobasi: 18 produto(s) encontrado(s) para Revolution
2026-02-08 20:13:30,381 - scraper_base - INFO - 📦 [3/20] Processando NexGard
2026-02-08 20:13:30,382 - scraper_base - INFO - 🔍 Cobasi: Buscando NexGard
2026-02-08 20:13:30,885 - scraper_cobasi - INFO - Cobasi: Dados extraídos via JSON para NexGard
2026-02-08 20:13:30,886 - scraper_base - INFO - ✅ Cobasi: 22 produto(s) encontrado(s) para NexGard
2026-02-08 20:13:32,131 - scraper_base - INFO - 📦 [4/20] Processando NexGard Spectra
2026-02-08 20:13:32,131 - scraper_base - INFO - 🔍 Cobasi: Buscando NexGard Spectra
2026-02-08 20:13:32,464 - scraper_cobasi - INFO - Cobasi: Dados extraídos via JSON para NexGard Spectra
2026-02-08 20:13:32,464 - scraper_base - INFO - ✅ Cobasi: 10 produto(s) encontrado(s) para NexGard Spectra
2026-02-08 20:13:35,098 - scraper_base - INFO - 📦 [5/20] Processando NexGard Combo
2026-02-08 20:13:35,099 - scraper_base - INFO - 🔍 Cobasi: Buscando NexGard Combo
2026-02-08 20:13:36,704 - scraper_cobasi - INFO - Cobasi: Dados extraídos via JSON para NexGard Combo
2026-02-08 20:13:36,705 - scraper_base - INFO - ✅ Cobasi: 4 produto(s) encontrado(s) para NexGard Combo
2026-02-08 20:13:38,158 - scraper_base - INFO - 📦 [6/20] Processando Bravecto
2026-02-08 20:13:38,158 - scraper_base - INFO - 🔍 Cobasi: Buscando Bravecto
2026-02-08 20:13:38,626 - scraper_cobasi - INFO - Cobasi: Dados extraídos via JSON para Bravecto
2026-02-08 20:13:38,626 - scraper_base - INFO - ✅ Cobasi: 16 produto(s) encontrado(s) para Bravecto
2026-02-08 20:13:40,165 - scraper_base - INFO - 📦 [7/20] Processando Frontline
2026-02-08 20:13:40,165 - scraper_base - INFO - 🔍 Cobasi: Buscando Frontline
2026-02-08 20:13:40,544 - scraper_cobasi - INFO - Cobasi: Dados extraídos via JSON para Frontline
2026-02-08 20:13:40,544 - scraper_base - INFO - ✅ Cobasi: 10 produto(s) encontrado(s) para Frontline
2026-02-08 20:13:42,207 - scraper_base - INFO - 📦 [8/20] Processando Advocate
2026-02-08 20:13:42,207 - scraper_base - INFO - 🔍 Cobasi: Buscando Advocate
2026-02-08 20:13:42,595 - scraper_cobasi - INFO - Cobasi: Dados extraídos via JSON para Advocate
2026-02-08 20:13:42,595 - scraper_base - INFO - ✅ Cobasi: 12 produto(s) encontrado(s) para Advocate
2026-02-08 20:13:44,645 - scraper_base - INFO - 📦 [9/20] Processando Drontal
2026-02-08 20:13:44,645 - scraper_base - INFO - 🔍 Cobasi: Buscando Drontal
2026-02-08 20:13:45,097 - scraper_cobasi - INFO - Cobasi: Dados extraídos via JSON para Drontal
2026-02-08 20:13:45,097 - scraper_base - INFO - ✅ Cobasi: 8 produto(s) encontrado(s) para Drontal
2026-02-08 20:13:46,183 - scraper_base - INFO - 📦 [10/20] Processando Milbemax
2026-02-08 20:13:46,183 - scraper_base - INFO - 🔍 Cobasi: Buscando Milbemax
2026-02-08 20:13:48,120 - scraper_cobasi - INFO - Cobasi: Dados extraídos via JSON para Milbemax
2026-02-08 20:13:48,120 - scraper_base - INFO - ✅ Cobasi: 4 produto(s) encontrado(s) para Milbemax
2026-02-08 20:13:50,353 - scraper_base - INFO - 📦 [11/20] Processando Vermivet
2026-02-08 20:13:50,353 - scraper_base - INFO - 🔍 Cobasi: Buscando Vermivet
2026-02-08 20:13:50,703 - scraper_cobasi - INFO - Cobasi: Dados extraídos via JSON para Vermivet
2026-02-08 20:13:50,703 - scraper_base - INFO - ✅ Cobasi: 5 produto(s) encontrado(s) para Vermivet
2026-02-08 20:13:52,127 - scraper_base - INFO - 📦 [12/20] Processando Rimadyl
2026-02-08 20:13:52,128 - scraper_base - INFO - 🔍 Cobasi: Buscando Rimadyl
2026-02-08 20:13:53,655 - scraper_cobasi - INFO - Cobasi: Dados extraídos via JSON para Rimadyl
2026-02-08 20:13:53,655 - scraper_base - INFO - ✅ Cobasi: 3 produto(s) encontrado(s) para Rimadyl
2026-02-08 20:13:56,068 - scraper_base - INFO - 📦 [13/20] Processando Onsior
2026-02-08 20:13:56,068 - scraper_base - INFO - 🔍 Cobasi: Buscando Onsior
2026-02-08 20:13:57,758 - scraper_cobasi - INFO - Cobasi: Dados extraídos via JSON para Onsior
2026-02-08 20:13:57,758 - scraper_base - INFO - ✅ Cobasi: 4 produto(s) encontrado(s) para Onsior
2026-02-08 20:14:00,009 - scraper_base - INFO - 📦 [14/20] Processando Maxicam
2026-02-08 20:14:00,009 - scraper_base - INFO - 🔍 Cobasi: Buscando Maxicam
2026-02-08 20:14:00,416 - scraper_cobasi - INFO - Cobasi: Dados extraídos via JSON para Maxicam
2026-02-08 20:14:00,416 - scraper_base - INFO - ✅ Cobasi: 21 produto(s) encontrado(s) para Maxicam
2026-02-08 20:14:02,994 - scraper_base - INFO - 📦 [15/20] Processando Carproflan
2026-02-08 20:14:02,994 - scraper_base - INFO - 🔍 Cobasi: Buscando Carproflan
2026-02-08 20:14:04,583 - scraper_cobasi - INFO - Cobasi: Dados extraídos via JSON para Carproflan
2026-02-08 20:14:04,583 - scraper_base - INFO - ✅ Cobasi: 3 produto(s) encontrado(s) para Carproflan
2026-02-08 20:14:05,623 - scraper_base - INFO - 📦 [16/20] Processando Previcox
2026-02-08 20:14:05,623 - scraper_base - INFO - 🔍 Cobasi: Buscando Previcox
2026-02-08 20:14:07,354 - scraper_cobasi - INFO - Cobasi: Dados extraídos via JSON para Previcox
2026-02-08 20:14:07,355 - scraper_base - INFO - ✅ Cobasi: 2 produto(s) encontrado(s) para Previcox
2026-02-08 20:14:08,726 - scraper_base - INFO - 📦 [17/20] Processando Apoquel
2026-02-08 20:14:08,727 - scraper_base - INFO - 🔍 Cobasi: Buscando Apoquel
2026-02-08 20:14:09,079 - scraper_cobasi - INFO - Cobasi: Dados extraídos via JSON para Apoquel
2026-02-08 20:14:09,079 - scraper_base - INFO - ✅ Cobasi: 3 produto(s) encontrado(s) para Apoquel
2026-02-08 20:14:10,252 - scraper_base - INFO - 📦 [18/20] Processando Zenrelia
2026-02-08 20:14:10,252 - scraper_base - INFO - 🔍 Cobasi: Buscando Zenrelia
2026-02-08 20:14:10,613 - scraper_cobasi - INFO - Cobasi: Dados extraídos via JSON para Zenrelia
2026-02-08 20:14:10,613 - scraper_base - INFO - ✅ Cobasi: 4 produto(s) encontrado(s) para Zenrelia
2026-02-08 20:14:13,128 - scraper_base - INFO - 📦 [19/20] Processando Synulox
2026-02-08 20:14:13,128 - scraper_base - INFO - 🔍 Cobasi: Buscando Synulox
2026-02-08 20:14:13,697 - scraper_cobasi - INFO - Cobasi: Dados extraídos via JSON para Synulox
2026-02-08 20:14:13,697 - scraper_base - INFO - ✅ Cobasi: 2 produto(s) encontrado(s) para Synulox
2026-02-08 20:14:16,600 - scraper_base - INFO - 📦 [20/20] Processando Baytril
2026-02-08 20:14:16,600 - scraper_base - INFO - 🔍 Cobasi: Buscando Baytril
2026-02-08 20:14:18,941 - scraper_cobasi - INFO - Cobasi: Dados extraídos via JSON para Baytril
2026-02-08 20:14:18,941 - scraper_base - INFO - ✅ Cobasi: 4 produto(s) encontrado(s) para Baytril
2026-02-08 20:14:20,301 - scraper_base - INFO - 📊 Cobasi - Estatísticas finais:
2026-02-08 20:14:20,301 - scraper_base - INFO -    • Medicamentos processados: 20
2026-02-08 20:14:20,301 - scraper_base - INFO -    • Produtos encontrados: 167
2026-02-08 20:14:20,301 - scraper_base - INFO -    • Medicamentos sem resultado: 0
2026-02-08 20:14:20,301 - scraper_base - INFO -    • Tempo total: 54.8s
2026-02-08 20:14:20,301 - scraper_base - INFO -    • Tempo médio por medicamento: 2.7s
2026-02-08 20:14:20,461 - gerenciador_arquivos - INFO - Excel salvo: dados_coletados/cobasi_20260208_201420.xlsx (167 produtos)
2026-02-08 20:14:20,461 - gerenciador_principal - INFO - Cobasi: Arquivo individual salvo com sucesso
2026-02-08 20:14:20,461 - gerenciador_principal - INFO - Pausando entre sites...
2026-02-08 20:14:22,461 - gerenciador_principal - INFO - [2/3] Processando Petlove
2026-02-08 20:14:22,461 - scraper_base - INFO - 🚀 Iniciando scraping completo - Petlove
2026-02-08 20:14:22,640 - scraper_base - INFO - 📋 20 medicamentos para processar
2026-02-08 20:14:22,641 - scraper_base - INFO - 📦 [1/20] Processando Simparic
2026-02-08 20:14:22,641 - scraper_base - INFO - 🔍 Petlove: Buscando Simparic
2026-02-08 20:14:32,284 - gerenciador_conexoes - INFO - Chrome inicializado com otimizacoes de velocidade
2026-02-08 20:14:33,254 - scraper_petlove - INFO - Petlove: Nenhum produto encontrado para Simparic
2026-02-08 20:14:33,254 - scraper_base - INFO - ⚪ Petlove: Nenhum produto encontrado para Simparic
2026-02-08 20:14:35,580 - scraper_base - INFO - 📦 [2/20] Processando Revolution
2026-02-08 20:14:35,581 - scraper_base - INFO - 🔍 Petlove: Buscando Revolution
2026-02-08 20:14:36,425 - scraper_petlove - INFO - Petlove: Nenhum produto encontrado para Revolution
2026-02-08 20:14:36,425 - scraper_base - INFO - ⚪ Petlove: Nenhum produto encontrado para Revolution
2026-02-08 20:14:39,263 - scraper_base - INFO - 📦 [3/20] Processando NexGard
2026-02-08 20:14:39,263 - scraper_base - INFO - 🔍 Petlove: Buscando NexGard
2026-02-08 20:14:41,667 - scraper_base - INFO - ✅ Petlove: 11 produto(s) encontrado(s) para NexGard
2026-02-08 20:14:43,846 - scraper_base - INFO - 📦 [4/20] Processando NexGard Spectra
2026-02-08 20:14:43,846 - scraper_base - INFO - 🔍 Petlove: Buscando NexGard Spectra
2026-02-08 20:14:45,218 - scraper_base - INFO - ✅ Petlove: 5 produto(s) encontrado(s) para NexGard Spectra
2026-02-08 20:14:46,964 - scraper_base - INFO - 📦 [5/20] Processando NexGard Combo
2026-02-08 20:14:46,964 - scraper_base - INFO - 🔍 Petlove: Buscando NexGard Combo
2026-02-08 20:14:48,291 - scraper_base - INFO - ✅ Petlove: 2 produto(s) encontrado(s) para NexGard Combo
2026-02-08 20:14:50,334 - scraper_base - INFO - 📦 [6/20] Processando Bravecto
2026-02-08 20:14:50,334 - scraper_base - INFO - 🔍 Petlove: Buscando Bravecto
2026-02-08 20:14:52,355 - scraper_base - INFO - ✅ Petlove: 23 produto(s) encontrado(s) para Bravecto
2026-02-08 20:14:54,550 - scraper_base - INFO - 📦 [7/20] Processando Frontline
2026-02-08 20:14:54,551 - scraper_base - INFO - 🔍 Petlove: Buscando Frontline
2026-02-08 20:14:55,932 - scraper_base - INFO - ✅ Petlove: 11 produto(s) encontrado(s) para Frontline
2026-02-08 20:14:58,454 - scraper_base - INFO - 📦 [8/20] Processando Advocate
2026-02-08 20:14:58,454 - scraper_base - INFO - 🔍 Petlove: Buscando Advocate
2026-02-08 20:15:00,196 - scraper_base - INFO - ✅ Petlove: 12 produto(s) encontrado(s) para Advocate
2026-02-08 20:15:02,764 - scraper_base - INFO - 📦 [9/20] Processando Drontal
2026-02-08 20:15:02,764 - scraper_base - INFO - 🔍 Petlove: Buscando Drontal
2026-02-08 20:15:04,717 - scraper_base - INFO - ✅ Petlove: 36 produto(s) encontrado(s) para Drontal
2026-02-08 20:15:05,949 - scraper_base - INFO - 📦 [10/20] Processando Milbemax
2026-02-08 20:15:05,949 - scraper_base - INFO - 🔍 Petlove: Buscando Milbemax
2026-02-08 20:15:07,838 - scraper_base - INFO - ✅ Petlove: 15 produto(s) encontrado(s) para Milbemax
2026-02-08 20:15:10,492 - scraper_base - INFO - 📦 [11/20] Processando Vermivet
2026-02-08 20:15:10,492 - scraper_base - INFO - 🔍 Petlove: Buscando Vermivet
2026-02-08 20:15:12,236 - scraper_base - INFO - ✅ Petlove: 36 produto(s) encontrado(s) para Vermivet
2026-02-08 20:15:13,683 - scraper_base - INFO - 📦 [12/20] Processando Rimadyl
2026-02-08 20:15:13,683 - scraper_base - INFO - 🔍 Petlove: Buscando Rimadyl
2026-02-08 20:15:14,925 - scraper_base - INFO - ✅ Petlove: 1 produto(s) encontrado(s) para Rimadyl
2026-02-08 20:15:17,249 - scraper_base - INFO - 📦 [13/20] Processando Onsior
2026-02-08 20:15:17,249 - scraper_base - INFO - 🔍 Petlove: Buscando Onsior
2026-02-08 20:15:18,906 - scraper_base - INFO - ✅ Petlove: 4 produto(s) encontrado(s) para Onsior
2026-02-08 20:15:20,247 - scraper_base - INFO - 📦 [14/20] Processando Maxicam
2026-02-08 20:15:20,247 - scraper_base - INFO - 🔍 Petlove: Buscando Maxicam
2026-02-08 20:15:22,165 - scraper_base - INFO - ✅ Petlove: 3 produto(s) encontrado(s) para Maxicam
2026-02-08 20:15:23,952 - scraper_base - INFO - 📦 [15/20] Processando Carproflan
2026-02-08 20:15:23,952 - scraper_base - INFO - 🔍 Petlove: Buscando Carproflan
2026-02-08 20:15:25,273 - scraper_base - INFO - ✅ Petlove: 8 produto(s) encontrado(s) para Carproflan
2026-02-08 20:15:27,837 - scraper_base - INFO - 📦 [16/20] Processando Previcox
2026-02-08 20:15:27,837 - scraper_base - INFO - 🔍 Petlove: Buscando Previcox
2026-02-08 20:15:29,081 - scraper_base - INFO - ✅ Petlove: 4 produto(s) encontrado(s) para Previcox
2026-02-08 20:15:30,793 - scraper_base - INFO - 📦 [17/20] Processando Apoquel
2026-02-08 20:15:30,793 - scraper_base - INFO - 🔍 Petlove: Buscando Apoquel
2026-02-08 20:15:32,236 - scraper_base - INFO - ✅ Petlove: 16 produto(s) encontrado(s) para Apoquel
2026-02-08 20:15:33,518 - scraper_base - INFO - 📦 [18/20] Processando Zenrelia
2026-02-08 20:15:33,518 - scraper_base - INFO - 🔍 Petlove: Buscando Zenrelia
2026-02-08 20:15:34,780 - scraper_base - INFO - ✅ Petlove: 4 produto(s) encontrado(s) para Zenrelia
2026-02-08 20:15:36,732 - scraper_base - INFO - 📦 [19/20] Processando Synulox
2026-02-08 20:15:36,732 - scraper_base - INFO - 🔍 Petlove: Buscando Synulox
2026-02-08 20:15:37,789 - scraper_base - INFO - ✅ Petlove: 1 produto(s) encontrado(s) para Synulox
2026-02-08 20:15:38,884 - scraper_base - INFO - 📦 [20/20] Processando Baytril
2026-02-08 20:15:38,884 - scraper_base - INFO - 🔍 Petlove: Buscando Baytril
2026-02-08 20:15:39,943 - scraper_base - INFO - ✅ Petlove: 4 produto(s) encontrado(s) para Baytril
2026-02-08 20:15:41,435 - scraper_base - INFO - 📊 Petlove - Estatísticas finais:
2026-02-08 20:15:41,435 - scraper_base - INFO -    • Medicamentos processados: 20
2026-02-08 20:15:41,435 - scraper_base - INFO -    • Produtos encontrados: 196
2026-02-08 20:15:41,435 - scraper_base - INFO -    • Medicamentos sem resultado: 2
2026-02-08 20:15:41,435 - scraper_base - INFO -    • Tempo total: 79.0s
2026-02-08 20:15:41,435 - scraper_base - INFO -    • Tempo médio por medicamento: 3.9s
2026-02-08 20:15:41,474 - gerenciador_arquivos - INFO - Excel salvo: dados_coletados/petlove_20260208_201541.xlsx (196 produtos)
2026-02-08 20:15:41,474 - gerenciador_principal - INFO - Petlove: Arquivo individual salvo com sucesso
2026-02-08 20:15:41,474 - gerenciador_principal - INFO - Pausando entre sites...
2026-02-08 20:15:43,474 - gerenciador_principal - INFO - [3/3] Processando Petz
2026-02-08 20:15:43,474 - scraper_base - INFO - 🚀 Iniciando scraping completo - Petz
2026-02-08 20:15:43,793 - scraper_base - INFO - 📋 20 medicamentos para processar
2026-02-08 20:15:43,794 - scraper_base - INFO - 📦 [1/20] Processando Simparic
2026-02-08 20:15:43,794 - scraper_base - INFO - 🔍 Petz: Buscando Simparic
2026-02-08 20:15:48,114 - scraper_base - INFO - ✅ Petz: 12 produto(s) encontrado(s) para Simparic
2026-02-08 20:15:50,828 - scraper_base - INFO - 📦 [2/20] Processando Revolution
2026-02-08 20:15:50,828 - scraper_base - INFO - 🔍 Petz: Buscando Revolution
2026-02-08 20:15:53,140 - scraper_base - INFO - ✅ Petz: 26 produto(s) encontrado(s) para Revolution
2026-02-08 20:15:55,644 - scraper_base - INFO - 📦 [3/20] Processando NexGard
2026-02-08 20:15:55,644 - scraper_base - INFO - 🔍 Petz: Buscando NexGard
2026-02-08 20:15:57,521 - scraper_base - INFO - ✅ Petz: 22 produto(s) encontrado(s) para NexGard
2026-02-08 20:15:59,023 - scraper_base - INFO - 📦 [4/20] Processando NexGard Spectra
2026-02-08 20:15:59,023 - scraper_base - INFO - 🔍 Petz: Buscando NexGard Spectra
2026-02-08 20:16:00,829 - scraper_base - INFO - ✅ Petz: 10 produto(s) encontrado(s) para NexGard Spectra
2026-02-08 20:16:02,610 - scraper_base - INFO - 📦 [5/20] Processando NexGard Combo
2026-02-08 20:16:02,611 - scraper_base - INFO - 🔍 Petz: Buscando NexGard Combo
2026-02-08 20:16:04,242 - scraper_base - INFO - ✅ Petz: 4 produto(s) encontrado(s) para NexGard Combo
2026-02-08 20:16:05,935 - scraper_base - INFO - 📦 [6/20] Processando Bravecto
2026-02-08 20:16:05,936 - scraper_base - INFO - 🔍 Petz: Buscando Bravecto
2026-02-08 20:16:08,470 - scraper_base - INFO - ✅ Petz: 16 produto(s) encontrado(s) para Bravecto
2026-02-08 20:16:10,651 - scraper_base - INFO - 📦 [7/20] Processando Frontline
2026-02-08 20:16:10,651 - scraper_base - INFO - 🔍 Petz: Buscando Frontline
2026-02-08 20:16:12,494 - scraper_base - INFO - ✅ Petz: 11 produto(s) encontrado(s) para Frontline
2026-02-08 20:16:15,118 - scraper_base - INFO - 📦 [8/20] Processando Advocate
2026-02-08 20:16:15,118 - scraper_base - INFO - 🔍 Petz: Buscando Advocate
2026-02-08 20:16:16,850 - scraper_base - INFO - ✅ Petz: 12 produto(s) encontrado(s) para Advocate
2026-02-08 20:16:18,789 - scraper_base - INFO - 📦 [9/20] Processando Drontal
2026-02-08 20:16:18,789 - scraper_base - INFO - 🔍 Petz: Buscando Drontal
2026-02-08 20:16:21,312 - scraper_base - INFO - ✅ Petz: 28 produto(s) encontrado(s) para Drontal
2026-02-08 20:16:22,764 - scraper_base - INFO - 📦 [10/20] Processando Milbemax
2026-02-08 20:16:22,764 - scraper_base - INFO - 🔍 Petz: Buscando Milbemax
2026-02-08 20:16:24,320 - scraper_base - INFO - ✅ Petz: 4 produto(s) encontrado(s) para Milbemax
2026-02-08 20:16:25,502 - scraper_base - INFO - 📦 [11/20] Processando Vermivet
2026-02-08 20:16:25,502 - scraper_base - INFO - 🔍 Petz: Buscando Vermivet
2026-02-08 20:16:27,044 - scraper_base - INFO - ✅ Petz: 5 produto(s) encontrado(s) para Vermivet
2026-02-08 20:16:29,210 - scraper_base - INFO - 📦 [12/20] Processando Rimadyl
2026-02-08 20:16:29,210 - scraper_base - INFO - 🔍 Petz: Buscando Rimadyl
2026-02-08 20:16:30,845 - scraper_base - INFO - ✅ Petz: 3 produto(s) encontrado(s) para Rimadyl
2026-02-08 20:16:32,936 - scraper_base - INFO - 📦 [13/20] Processando Onsior
2026-02-08 20:16:32,936 - scraper_base - INFO - 🔍 Petz: Buscando Onsior
2026-02-08 20:16:34,415 - scraper_base - INFO - ✅ Petz: 4 produto(s) encontrado(s) para Onsior
2026-02-08 20:16:36,948 - scraper_base - INFO - 📦 [14/20] Processando Maxicam
2026-02-08 20:16:36,948 - scraper_base - INFO - 🔍 Petz: Buscando Maxicam
2026-02-08 20:16:39,142 - scraper_base - INFO - ✅ Petz: 28 produto(s) encontrado(s) para Maxicam
2026-02-08 20:16:40,389 - scraper_base - INFO - 📦 [15/20] Processando Carproflan
2026-02-08 20:16:40,389 - scraper_base - INFO - 🔍 Petz: Buscando Carproflan
2026-02-08 20:16:41,909 - scraper_base - INFO - ✅ Petz: 3 produto(s) encontrado(s) para Carproflan
2026-02-08 20:16:44,220 - scraper_base - INFO - 📦 [16/20] Processando Previcox
2026-02-08 20:16:44,220 - scraper_base - INFO - 🔍 Petz: Buscando Previcox
2026-02-08 20:16:45,812 - scraper_base - INFO - ✅ Petz: 2 produto(s) encontrado(s) para Previcox
2026-02-08 20:16:46,915 - scraper_base - INFO - 📦 [17/20] Processando Apoquel
2026-02-08 20:16:46,915 - scraper_base - INFO - 🔍 Petz: Buscando Apoquel
2026-02-08 20:16:48,350 - scraper_base - INFO - ✅ Petz: 3 produto(s) encontrado(s) para Apoquel
2026-02-08 20:16:49,900 - scraper_base - INFO - 📦 [18/20] Processando Zenrelia
2026-02-08 20:16:49,900 - scraper_base - INFO - 🔍 Petz: Buscando Zenrelia
2026-02-08 20:16:51,948 - scraper_base - INFO - ✅ Petz: 4 produto(s) encontrado(s) para Zenrelia
2026-02-08 20:16:53,920 - scraper_base - INFO - 📦 [19/20] Processando Synulox
2026-02-08 20:16:53,920 - scraper_base - INFO - 🔍 Petz: Buscando Synulox
2026-02-08 20:16:55,305 - scraper_base - INFO - ✅ Petz: 2 produto(s) encontrado(s) para Synulox
2026-02-08 20:16:58,145 - scraper_base - INFO - 📦 [20/20] Processando Baytril
2026-02-08 20:16:58,145 - scraper_base - INFO - 🔍 Petz: Buscando Baytril
2026-02-08 20:17:00,246 - scraper_base - INFO - ✅ Petz: 9 produto(s) encontrado(s) para Baytril
2026-02-08 20:17:01,267 - scraper_base - INFO - 📊 Petz - Estatísticas finais:
2026-02-08 20:17:01,267 - scraper_base - INFO -    • Medicamentos processados: 20
2026-02-08 20:17:01,267 - scraper_base - INFO -    • Produtos encontrados: 208
2026-02-08 20:17:01,267 - scraper_base - INFO -    • Medicamentos sem resultado: 0
2026-02-08 20:17:01,267 - scraper_base - INFO -    • Tempo total: 77.8s
2026-02-08 20:17:01,267 - scraper_base - INFO -    • Tempo médio por medicamento: 3.9s
2026-02-08 20:17:01,310 - gerenciador_arquivos - INFO - Excel salvo: dados_coletados/petz_20260208_201701.xlsx (208 produtos)
2026-02-08 20:17:01,310 - gerenciador_principal - INFO - Petz: Arquivo individual salvo com sucesso
2026-02-08 20:17:01,310 - gerenciador_principal - INFO - Gerando relatório consolidado...
2026-02-08 20:17:01,555 - gerenciador_arquivos - INFO - Relatório consolidado salvo: dados_relatorios/relatorio_consolidado_20260208_201701.xlsx
2026-02-08 20:17:01,692 - gerenciador_conexoes - INFO - Chrome fechado
2026-02-08 20:17:01,692 - gerenciador_conexoes - INFO - Métodos utilizados - Requests: 33.3%, Selenium: 66.7%, Falhas: 0.0%
2026-02-08 20:17:01,692 - gerenciador_principal - INFO - ============================================================
2026-02-08 20:17:01,692 - gerenciador_principal - INFO - RELATORIO FINAL DE EXECUÇÃO
2026-02-08 20:17:01,692 - gerenciador_principal - INFO - ============================================================
2026-02-08 20:17:01,692 - gerenciador_principal - INFO - Sites processados: 3
2026-02-08 20:17:01,693 - gerenciador_principal - INFO - Sites com sucesso: 3
2026-02-08 20:17:01,693 - gerenciador_principal - INFO - Total de produtos coletados: 571
2026-02-08 20:17:01,693 - gerenciador_principal - INFO - Tempo total de execução: 215.8 segundos
2026-02-08 20:17:01,693 - gerenciador_principal - INFO - Estatísticas de conexão:
2026-02-08 20:17:01,693 - gerenciador_principal - INFO -   - Requests bem-sucedidos: 33.3%
2026-02-08 20:17:01,693 - gerenciador_principal - INFO -   - Selenium fallback: 66.7%
2026-02-08 20:17:01,693 - gerenciador_principal - INFO -   - Falhas totais: 0.0%
2026-02-08 20:17:01,695 - gerenciador_principal - INFO - Arquivos salvos na pasta: dados_coletados
2026-02-08 20:17:01,695 - gerenciador_principal - INFO - Total de arquivos: 378
2026-02-08 20:17:01,695 - gerenciador_principal - INFO - ============================================================
