2025-12-13 20:10:33,168 - configurador_logs - INFO - Sistema de logs configurado com sucesso
2025-12-13 20:10:33,168 - configurador_logs - INFO - 🚀 Logs configurados para MODO PRODUÇÃO
2025-12-13 20:10:33,168 - gerenciador_principal - INFO - Inicializando sistema - Modo: PRODUCAO
2025-12-13 20:10:33,168 - gerenciador_arquivos - INFO - Pasta dados_coletados preparada
2025-12-13 20:10:33,168 - gerenciador_principal - INFO - Sistema inicializado com 3 scrapers
2025-12-13 20:10:33,168 - gerenciador_principal - INFO - ============================================================
2025-12-13 20:10:33,168 - gerenciador_principal - INFO - INICIANDO SCRAPING COMPLETO - PRODUCAO
2025-12-13 20:10:33,168 - gerenciador_principal - INFO - ============================================================
2025-12-13 20:10:33,168 - gerenciador_principal - INFO - [1/3] Processando Cobasi
2025-12-13 20:10:33,168 - scraper_base - INFO - 🚀 Iniciando scraping completo - Cobasi
2025-12-13 20:10:34,327 - gerenciador_conexoes - INFO - Sessao estabelecida com cobasi.com.br
2025-12-13 20:10:34,327 - scraper_base - INFO - 📋 20 medicamentos para processar
2025-12-13 20:10:34,327 - scraper_base - INFO - 📦 [1/20] Processando Simparic
2025-12-13 20:10:34,327 - scraper_base - INFO - 🔍 Cobasi: Buscando Simparic
2025-12-13 20:10:34,711 - scraper_cobasi - INFO - Cobasi: Dados extraídos via JSON para Simparic
2025-12-13 20:10:34,711 - scraper_base - INFO - ✅ Cobasi: 12 produto(s) encontrado(s) para Simparic
2025-12-13 20:10:36,641 - scraper_base - INFO - 📦 [2/20] Processando Revolution
2025-12-13 20:10:36,641 - scraper_base - INFO - 🔍 Cobasi: Buscando Revolution
2025-12-13 20:10:39,121 - scraper_cobasi - INFO - Cobasi: Dados extraídos via JSON para Revolution
2025-12-13 20:10:39,121 - scraper_base - INFO - ✅ Cobasi: 18 produto(s) encontrado(s) para Revolution
2025-12-13 20:10:41,088 - scraper_base - INFO - 📦 [3/20] Processando NexGard
2025-12-13 20:10:41,088 - scraper_base - INFO - 🔍 Cobasi: Buscando NexGard
2025-12-13 20:10:43,931 - scraper_cobasi - INFO - Cobasi: Dados extraídos via JSON para NexGard
2025-12-13 20:10:43,931 - scraper_base - INFO - ✅ Cobasi: 22 produto(s) encontrado(s) para NexGard
2025-12-13 20:10:46,924 - scraper_base - INFO - 📦 [4/20] Processando NexGard Spectra
2025-12-13 20:10:46,924 - scraper_base - INFO - 🔍 Cobasi: Buscando NexGard Spectra
2025-12-13 20:10:47,614 - scraper_cobasi - INFO - Cobasi: Dados extraídos via JSON para NexGard Spectra
2025-12-13 20:10:47,614 - scraper_base - INFO - ✅ Cobasi: 10 produto(s) encontrado(s) para NexGard Spectra
2025-12-13 20:10:50,371 - scraper_base - INFO - 📦 [5/20] Processando NexGard Combo
2025-12-13 20:10:50,371 - scraper_base - INFO - 🔍 Cobasi: Buscando NexGard Combo
2025-12-13 20:10:52,017 - scraper_cobasi - INFO - Cobasi: Dados extraídos via JSON para NexGard Combo
2025-12-13 20:10:52,017 - scraper_base - INFO - ✅ Cobasi: 4 produto(s) encontrado(s) para NexGard Combo
2025-12-13 20:10:54,137 - scraper_base - INFO - 📦 [6/20] Processando Bravecto
2025-12-13 20:10:54,137 - scraper_base - INFO - 🔍 Cobasi: Buscando Bravecto
2025-12-13 20:10:57,375 - scraper_cobasi - INFO - Cobasi: Dados extraídos via JSON para Bravecto
2025-12-13 20:10:57,375 - scraper_base - INFO - ✅ Cobasi: 16 produto(s) encontrado(s) para Bravecto
2025-12-13 20:11:00,302 - scraper_base - INFO - 📦 [7/20] Processando Frontline
2025-12-13 20:11:00,302 - scraper_base - INFO - 🔍 Cobasi: Buscando Frontline
2025-12-13 20:11:00,859 - scraper_cobasi - INFO - Cobasi: Dados extraídos via JSON para Frontline
2025-12-13 20:11:00,859 - scraper_base - INFO - ✅ Cobasi: 10 produto(s) encontrado(s) para Frontline
2025-12-13 20:11:02,316 - scraper_base - INFO - 📦 [8/20] Processando Advocate
2025-12-13 20:11:02,316 - scraper_base - INFO - 🔍 Cobasi: Buscando Advocate
2025-12-13 20:11:05,105 - scraper_cobasi - INFO - Cobasi: Dados extraídos via JSON para Advocate
2025-12-13 20:11:05,105 - scraper_base - INFO - ✅ Cobasi: 12 produto(s) encontrado(s) para Advocate
2025-12-13 20:11:07,084 - scraper_base - INFO - 📦 [9/20] Processando Drontal
2025-12-13 20:11:07,084 - scraper_base - INFO - 🔍 Cobasi: Buscando Drontal
2025-12-13 20:11:09,769 - scraper_cobasi - INFO - Cobasi: Dados extraídos via JSON para Drontal
2025-12-13 20:11:09,769 - scraper_base - INFO - ✅ Cobasi: 8 produto(s) encontrado(s) para Drontal
2025-12-13 20:11:11,816 - scraper_base - INFO - 📦 [10/20] Processando Milbemax
2025-12-13 20:11:11,817 - scraper_base - INFO - 🔍 Cobasi: Buscando Milbemax
2025-12-13 20:11:14,255 - scraper_cobasi - INFO - Cobasi: Dados extraídos via JSON para Milbemax
2025-12-13 20:11:14,255 - scraper_base - INFO - ✅ Cobasi: 4 produto(s) encontrado(s) para Milbemax
2025-12-13 20:11:15,296 - scraper_base - INFO - 📦 [11/20] Processando Vermivet
2025-12-13 20:11:15,296 - scraper_base - INFO - 🔍 Cobasi: Buscando Vermivet
2025-12-13 20:11:15,633 - scraper_cobasi - INFO - Cobasi: Dados extraídos via JSON para Vermivet
2025-12-13 20:11:15,633 - scraper_base - INFO - ✅ Cobasi: 5 produto(s) encontrado(s) para Vermivet
2025-12-13 20:11:17,456 - scraper_base - INFO - 📦 [12/20] Processando Rimadyl
2025-12-13 20:11:17,456 - scraper_base - INFO - 🔍 Cobasi: Buscando Rimadyl
2025-12-13 20:11:19,306 - scraper_cobasi - INFO - Cobasi: Dados extraídos via JSON para Rimadyl
2025-12-13 20:11:19,306 - scraper_base - INFO - ✅ Cobasi: 3 produto(s) encontrado(s) para Rimadyl
2025-12-13 20:11:20,508 - scraper_base - INFO - 📦 [13/20] Processando Onsior
2025-12-13 20:11:20,509 - scraper_base - INFO - 🔍 Cobasi: Buscando Onsior
2025-12-13 20:11:22,347 - scraper_cobasi - INFO - Cobasi: Dados extraídos via JSON para Onsior
2025-12-13 20:11:22,348 - scraper_base - INFO - ✅ Cobasi: 4 produto(s) encontrado(s) para Onsior
2025-12-13 20:11:25,012 - scraper_base - INFO - 📦 [14/20] Processando Maxicam
2025-12-13 20:11:25,012 - scraper_base - INFO - 🔍 Cobasi: Buscando Maxicam
2025-12-13 20:11:28,134 - scraper_cobasi - INFO - Cobasi: Dados extraídos via JSON para Maxicam
2025-12-13 20:11:28,134 - scraper_base - INFO - ✅ Cobasi: 21 produto(s) encontrado(s) para Maxicam
2025-12-13 20:11:29,559 - scraper_base - INFO - 📦 [15/20] Processando Carproflan
2025-12-13 20:11:29,559 - scraper_base - INFO - 🔍 Cobasi: Buscando Carproflan
2025-12-13 20:11:31,179 - scraper_cobasi - INFO - Cobasi: Dados extraídos via JSON para Carproflan
2025-12-13 20:11:31,179 - scraper_base - INFO - ✅ Cobasi: 3 produto(s) encontrado(s) para Carproflan
2025-12-13 20:11:33,886 - scraper_base - INFO - 📦 [16/20] Processando Previcox
2025-12-13 20:11:33,886 - scraper_base - INFO - 🔍 Cobasi: Buscando Previcox
2025-12-13 20:11:34,447 - scraper_cobasi - INFO - Cobasi: Dados extraídos via JSON para Previcox
2025-12-13 20:11:34,447 - scraper_base - INFO - ✅ Cobasi: 2 produto(s) encontrado(s) para Previcox
2025-12-13 20:11:36,619 - scraper_base - INFO - 📦 [17/20] Processando Apoquel
2025-12-13 20:11:36,619 - scraper_base - INFO - 🔍 Cobasi: Buscando Apoquel
2025-12-13 20:11:38,264 - scraper_cobasi - INFO - Cobasi: Dados extraídos via JSON para Apoquel
2025-12-13 20:11:38,264 - scraper_base - INFO - ✅ Cobasi: 3 produto(s) encontrado(s) para Apoquel
2025-12-13 20:11:39,945 - scraper_base - INFO - 📦 [18/20] Processando Zenrelia
2025-12-13 20:11:39,945 - scraper_base - INFO - 🔍 Cobasi: Buscando Zenrelia
2025-12-13 20:11:41,777 - scraper_cobasi - INFO - Cobasi: Dados extraídos via JSON para Zenrelia
2025-12-13 20:11:41,777 - scraper_base - INFO - ✅ Cobasi: 4 produto(s) encontrado(s) para Zenrelia
2025-12-13 20:11:44,422 - scraper_base - INFO - 📦 [19/20] Processando Synulox
2025-12-13 20:11:44,422 - scraper_base - INFO - 🔍 Cobasi: Buscando Synulox
2025-12-13 20:11:46,316 - scraper_cobasi - INFO - Cobasi: Dados extraídos via JSON para Synulox
2025-12-13 20:11:46,316 - scraper_base - INFO - ✅ Cobasi: 2 produto(s) encontrado(s) para Synulox
2025-12-13 20:11:47,552 - scraper_base - INFO - 📦 [20/20] Processando Baytril
2025-12-13 20:11:47,552 - scraper_base - INFO - 🔍 Cobasi: Buscando Baytril
2025-12-13 20:11:49,342 - scraper_cobasi - INFO - Cobasi: Dados extraídos via JSON para Baytril
2025-12-13 20:11:49,343 - scraper_base - INFO - ✅ Cobasi: 4 produto(s) encontrado(s) para Baytril
2025-12-13 20:11:50,972 - scraper_base - INFO - 📊 Cobasi - Estatísticas finais:
2025-12-13 20:11:50,972 - scraper_base - INFO -    • Medicamentos processados: 20
2025-12-13 20:11:50,973 - scraper_base - INFO -    • Produtos encontrados: 167
2025-12-13 20:11:50,973 - scraper_base - INFO -    • Medicamentos sem resultado: 0
2025-12-13 20:11:50,973 - scraper_base - INFO -    • Tempo total: 77.8s
2025-12-13 20:11:50,973 - scraper_base - INFO -    • Tempo médio por medicamento: 3.9s
2025-12-13 20:11:51,123 - gerenciador_arquivos - INFO - Excel salvo: dados_coletados/cobasi_20251213_201150.xlsx (167 produtos)
2025-12-13 20:11:51,123 - gerenciador_principal - INFO - Cobasi: Arquivo individual salvo com sucesso
2025-12-13 20:11:51,123 - gerenciador_principal - INFO - Pausando entre sites...
2025-12-13 20:11:53,124 - gerenciador_principal - INFO - [2/3] Processando Petlove
2025-12-13 20:11:53,124 - scraper_base - INFO - 🚀 Iniciando scraping completo - Petlove
2025-12-13 20:11:53,317 - scraper_base - INFO - 📋 20 medicamentos para processar
2025-12-13 20:11:53,317 - scraper_base - INFO - 📦 [1/20] Processando Simparic
2025-12-13 20:11:53,317 - scraper_base - INFO - 🔍 Petlove: Buscando Simparic
2025-12-13 20:11:59,890 - gerenciador_conexoes - INFO - Chrome inicializado com otimizacoes de velocidade
2025-12-13 20:12:03,022 - scraper_base - INFO - ✅ Petlove: 15 produto(s) encontrado(s) para Simparic
2025-12-13 20:12:04,321 - scraper_base - INFO - 📦 [2/20] Processando Revolution
2025-12-13 20:12:04,321 - scraper_base - INFO - 🔍 Petlove: Buscando Revolution
2025-12-13 20:12:05,813 - scraper_base - INFO - ✅ Petlove: 14 produto(s) encontrado(s) para Revolution
2025-12-13 20:12:06,884 - scraper_base - INFO - 📦 [3/20] Processando NexGard
2025-12-13 20:12:06,885 - scraper_base - INFO - 🔍 Petlove: Buscando NexGard
2025-12-13 20:12:08,377 - scraper_base - INFO - ✅ Petlove: 11 produto(s) encontrado(s) para NexGard
2025-12-13 20:12:11,141 - scraper_base - INFO - 📦 [4/20] Processando NexGard Spectra
2025-12-13 20:12:11,141 - scraper_base - INFO - 🔍 Petlove: Buscando NexGard Spectra
2025-12-13 20:12:12,396 - scraper_base - INFO - ✅ Petlove: 5 produto(s) encontrado(s) para NexGard Spectra
2025-12-13 20:12:15,251 - scraper_base - INFO - 📦 [5/20] Processando NexGard Combo
2025-12-13 20:12:15,252 - scraper_base - INFO - 🔍 Petlove: Buscando NexGard Combo
2025-12-13 20:12:16,610 - scraper_base - INFO - ✅ Petlove: 2 produto(s) encontrado(s) para NexGard Combo
2025-12-13 20:12:18,931 - scraper_base - INFO - 📦 [6/20] Processando Bravecto
2025-12-13 20:12:18,931 - scraper_base - INFO - 🔍 Petlove: Buscando Bravecto
2025-12-13 20:12:20,636 - scraper_base - INFO - ✅ Petlove: 23 produto(s) encontrado(s) para Bravecto
2025-12-13 20:12:21,866 - scraper_base - INFO - 📦 [7/20] Processando Frontline
2025-12-13 20:12:21,866 - scraper_base - INFO - 🔍 Petlove: Buscando Frontline
2025-12-13 20:12:23,522 - scraper_base - INFO - ✅ Petlove: 11 produto(s) encontrado(s) para Frontline
2025-12-13 20:12:24,872 - scraper_base - INFO - 📦 [8/20] Processando Advocate
2025-12-13 20:12:24,872 - scraper_base - INFO - 🔍 Petlove: Buscando Advocate
2025-12-13 20:12:26,460 - scraper_base - INFO - ✅ Petlove: 12 produto(s) encontrado(s) para Advocate
2025-12-13 20:12:28,724 - scraper_base - INFO - 📦 [9/20] Processando Drontal
2025-12-13 20:12:28,724 - scraper_base - INFO - 🔍 Petlove: Buscando Drontal
2025-12-13 20:12:30,213 - scraper_base - INFO - ✅ Petlove: 18 produto(s) encontrado(s) para Drontal
2025-12-13 20:12:32,471 - scraper_base - INFO - 📦 [10/20] Processando Milbemax
2025-12-13 20:12:32,471 - scraper_base - INFO - 🔍 Petlove: Buscando Milbemax
2025-12-13 20:12:33,699 - scraper_base - INFO - ✅ Petlove: 4 produto(s) encontrado(s) para Milbemax
2025-12-13 20:12:34,733 - scraper_base - INFO - 📦 [11/20] Processando Vermivet
2025-12-13 20:12:34,734 - scraper_base - INFO - 🔍 Petlove: Buscando Vermivet
2025-12-13 20:12:36,696 - scraper_base - INFO - ✅ Petlove: 36 produto(s) encontrado(s) para Vermivet
2025-12-13 20:12:38,215 - scraper_base - INFO - 📦 [12/20] Processando Rimadyl
2025-12-13 20:12:38,215 - scraper_base - INFO - 🔍 Petlove: Buscando Rimadyl
2025-12-13 20:12:40,054 - scraper_base - INFO - ✅ Petlove: 1 produto(s) encontrado(s) para Rimadyl
2025-12-13 20:12:42,308 - scraper_base - INFO - 📦 [13/20] Processando Onsior
2025-12-13 20:12:42,308 - scraper_base - INFO - 🔍 Petlove: Buscando Onsior
2025-12-13 20:12:43,472 - scraper_base - INFO - ✅ Petlove: 4 produto(s) encontrado(s) para Onsior
2025-12-13 20:12:46,350 - scraper_base - INFO - 📦 [14/20] Processando Maxicam
2025-12-13 20:12:46,350 - scraper_base - INFO - 🔍 Petlove: Buscando Maxicam
2025-12-13 20:12:47,486 - scraper_base - INFO - ✅ Petlove: 4 produto(s) encontrado(s) para Maxicam
2025-12-13 20:12:49,018 - scraper_base - INFO - 📦 [15/20] Processando Carproflan
2025-12-13 20:12:49,018 - scraper_base - INFO - 🔍 Petlove: Buscando Carproflan
2025-12-13 20:12:50,354 - scraper_base - INFO - ✅ Petlove: 4 produto(s) encontrado(s) para Carproflan
2025-12-13 20:12:52,805 - scraper_base - INFO - 📦 [16/20] Processando Previcox
2025-12-13 20:12:52,805 - scraper_base - INFO - 🔍 Petlove: Buscando Previcox
2025-12-13 20:12:54,046 - scraper_base - INFO - ✅ Petlove: 4 produto(s) encontrado(s) para Previcox
2025-12-13 20:12:55,357 - scraper_base - INFO - 📦 [17/20] Processando Apoquel
2025-12-13 20:12:55,357 - scraper_base - INFO - 🔍 Petlove: Buscando Apoquel
2025-12-13 20:12:56,657 - scraper_base - INFO - ✅ Petlove: 16 produto(s) encontrado(s) para Apoquel
2025-12-13 20:12:58,410 - scraper_base - INFO - 📦 [18/20] Processando Zenrelia
2025-12-13 20:12:58,410 - scraper_base - INFO - 🔍 Petlove: Buscando Zenrelia
2025-12-13 20:12:59,628 - scraper_base - INFO - ✅ Petlove: 4 produto(s) encontrado(s) para Zenrelia
2025-12-13 20:13:01,855 - scraper_base - INFO - 📦 [19/20] Processando Synulox
2025-12-13 20:13:01,855 - scraper_base - INFO - 🔍 Petlove: Buscando Synulox
2025-12-13 20:13:03,015 - scraper_base - INFO - ✅ Petlove: 1 produto(s) encontrado(s) para Synulox
2025-12-13 20:13:05,542 - scraper_base - INFO - 📦 [20/20] Processando Baytril
2025-12-13 20:13:05,542 - scraper_base - INFO - 🔍 Petlove: Buscando Baytril
2025-12-13 20:13:06,864 - scraper_base - INFO - ✅ Petlove: 5 produto(s) encontrado(s) para Baytril
2025-12-13 20:13:08,173 - scraper_base - INFO - 📊 Petlove - Estatísticas finais:
2025-12-13 20:13:08,173 - scraper_base - INFO -    • Medicamentos processados: 20
2025-12-13 20:13:08,173 - scraper_base - INFO -    • Produtos encontrados: 194
2025-12-13 20:13:08,173 - scraper_base - INFO -    • Medicamentos sem resultado: 0
2025-12-13 20:13:08,173 - scraper_base - INFO -    • Tempo total: 75.0s
2025-12-13 20:13:08,173 - scraper_base - INFO -    • Tempo médio por medicamento: 3.8s
2025-12-13 20:13:08,210 - gerenciador_arquivos - INFO - Excel salvo: dados_coletados/petlove_20251213_201308.xlsx (194 produtos)
2025-12-13 20:13:08,210 - gerenciador_principal - INFO - Petlove: Arquivo individual salvo com sucesso
2025-12-13 20:13:08,210 - gerenciador_principal - INFO - Pausando entre sites...
2025-12-13 20:13:10,210 - gerenciador_principal - INFO - [3/3] Processando Petz
2025-12-13 20:13:10,211 - scraper_base - INFO - 🚀 Iniciando scraping completo - Petz
2025-12-13 20:13:10,639 - scraper_base - INFO - 📋 20 medicamentos para processar
2025-12-13 20:13:10,639 - scraper_base - INFO - 📦 [1/20] Processando Simparic
2025-12-13 20:13:10,639 - scraper_base - INFO - 🔍 Petz: Buscando Simparic
2025-12-13 20:13:13,907 - scraper_base - INFO - ✅ Petz: 12 produto(s) encontrado(s) para Simparic
2025-12-13 20:13:16,582 - scraper_base - INFO - 📦 [2/20] Processando Revolution
2025-12-13 20:13:16,582 - scraper_base - INFO - 🔍 Petz: Buscando Revolution
2025-12-13 20:13:18,590 - scraper_base - INFO - ✅ Petz: 28 produto(s) encontrado(s) para Revolution
2025-12-13 20:13:21,576 - scraper_base - INFO - 📦 [3/20] Processando NexGard
2025-12-13 20:13:21,576 - scraper_base - INFO - 🔍 Petz: Buscando NexGard
2025-12-13 20:13:23,495 - scraper_base - INFO - ✅ Petz: 22 produto(s) encontrado(s) para NexGard
2025-12-13 20:13:25,540 - scraper_base - INFO - 📦 [4/20] Processando NexGard Spectra
2025-12-13 20:13:25,540 - scraper_base - INFO - 🔍 Petz: Buscando NexGard Spectra
2025-12-13 20:13:27,172 - scraper_base - INFO - ✅ Petz: 10 produto(s) encontrado(s) para NexGard Spectra
2025-12-13 20:13:28,374 - scraper_base - INFO - 📦 [5/20] Processando NexGard Combo
2025-12-13 20:13:28,374 - scraper_base - INFO - 🔍 Petz: Buscando NexGard Combo
2025-12-13 20:13:30,061 - scraper_base - INFO - ✅ Petz: 4 produto(s) encontrado(s) para NexGard Combo
2025-12-13 20:13:32,559 - scraper_base - INFO - 📦 [6/20] Processando Bravecto
2025-12-13 20:13:32,559 - scraper_base - INFO - 🔍 Petz: Buscando Bravecto
2025-12-13 20:13:34,899 - scraper_base - INFO - ✅ Petz: 16 produto(s) encontrado(s) para Bravecto
2025-12-13 20:13:37,655 - scraper_base - INFO - 📦 [7/20] Processando Frontline
2025-12-13 20:13:37,655 - scraper_base - INFO - 🔍 Petz: Buscando Frontline
2025-12-13 20:13:39,475 - scraper_base - INFO - ✅ Petz: 11 produto(s) encontrado(s) para Frontline
2025-12-13 20:13:40,823 - scraper_base - INFO - 📦 [8/20] Processando Advocate
2025-12-13 20:13:40,823 - scraper_base - INFO - 🔍 Petz: Buscando Advocate
2025-12-13 20:13:42,404 - scraper_base - INFO - ✅ Petz: 12 produto(s) encontrado(s) para Advocate
2025-12-13 20:13:44,835 - scraper_base - INFO - 📦 [9/20] Processando Drontal
2025-12-13 20:13:44,835 - scraper_base - INFO - 🔍 Petz: Buscando Drontal
2025-12-13 20:13:47,058 - scraper_base - INFO - ✅ Petz: 29 produto(s) encontrado(s) para Drontal
2025-12-13 20:13:49,070 - scraper_base - INFO - 📦 [10/20] Processando Milbemax
2025-12-13 20:13:49,070 - scraper_base - INFO - 🔍 Petz: Buscando Milbemax
2025-12-13 20:13:50,630 - scraper_base - INFO - ✅ Petz: 4 produto(s) encontrado(s) para Milbemax
2025-12-13 20:13:53,307 - scraper_base - INFO - 📦 [11/20] Processando Vermivet
2025-12-13 20:13:53,307 - scraper_base - INFO - 🔍 Petz: Buscando Vermivet
2025-12-13 20:13:54,996 - scraper_base - INFO - ✅ Petz: 5 produto(s) encontrado(s) para Vermivet
2025-12-13 20:13:57,659 - scraper_base - INFO - 📦 [12/20] Processando Rimadyl
2025-12-13 20:13:57,659 - scraper_base - INFO - 🔍 Petz: Buscando Rimadyl
2025-12-13 20:13:59,260 - scraper_base - INFO - ✅ Petz: 3 produto(s) encontrado(s) para Rimadyl
2025-12-13 20:14:01,720 - scraper_base - INFO - 📦 [13/20] Processando Onsior
2025-12-13 20:14:01,720 - scraper_base - INFO - 🔍 Petz: Buscando Onsior
2025-12-13 20:14:03,307 - scraper_base - INFO - ✅ Petz: 4 produto(s) encontrado(s) para Onsior
2025-12-13 20:14:05,193 - scraper_base - INFO - 📦 [14/20] Processando Maxicam
2025-12-13 20:14:05,193 - scraper_base - INFO - 🔍 Petz: Buscando Maxicam
2025-12-13 20:14:07,492 - scraper_base - INFO - ✅ Petz: 29 produto(s) encontrado(s) para Maxicam
2025-12-13 20:14:09,845 - scraper_base - INFO - 📦 [15/20] Processando Carproflan
2025-12-13 20:14:09,845 - scraper_base - INFO - 🔍 Petz: Buscando Carproflan
2025-12-13 20:14:11,295 - scraper_base - INFO - ✅ Petz: 3 produto(s) encontrado(s) para Carproflan
2025-12-13 20:14:12,425 - scraper_base - INFO - 📦 [16/20] Processando Previcox
2025-12-13 20:14:12,425 - scraper_base - INFO - 🔍 Petz: Buscando Previcox
2025-12-13 20:14:13,754 - scraper_base - INFO - ✅ Petz: 2 produto(s) encontrado(s) para Previcox
2025-12-13 20:14:16,590 - scraper_base - INFO - 📦 [17/20] Processando Apoquel
2025-12-13 20:14:16,590 - scraper_base - INFO - 🔍 Petz: Buscando Apoquel
2025-12-13 20:14:17,939 - scraper_base - INFO - ✅ Petz: 3 produto(s) encontrado(s) para Apoquel
2025-12-13 20:14:20,162 - scraper_base - INFO - 📦 [18/20] Processando Zenrelia
2025-12-13 20:14:20,162 - scraper_base - INFO - 🔍 Petz: Buscando Zenrelia
2025-12-13 20:14:21,551 - scraper_base - INFO - ✅ Petz: 4 produto(s) encontrado(s) para Zenrelia
2025-12-13 20:14:23,933 - scraper_base - INFO - 📦 [19/20] Processando Synulox
2025-12-13 20:14:23,934 - scraper_base - INFO - 🔍 Petz: Buscando Synulox
2025-12-13 20:14:25,436 - scraper_base - INFO - ✅ Petz: 2 produto(s) encontrado(s) para Synulox
2025-12-13 20:14:26,540 - scraper_base - INFO - 📦 [20/20] Processando Baytril
2025-12-13 20:14:26,540 - scraper_base - INFO - 🔍 Petz: Buscando Baytril
2025-12-13 20:14:28,332 - scraper_base - INFO - ✅ Petz: 10 produto(s) encontrado(s) para Baytril
2025-12-13 20:14:31,229 - scraper_base - INFO - 📊 Petz - Estatísticas finais:
2025-12-13 20:14:31,229 - scraper_base - INFO -    • Medicamentos processados: 20
2025-12-13 20:14:31,230 - scraper_base - INFO -    • Produtos encontrados: 213
2025-12-13 20:14:31,230 - scraper_base - INFO -    • Medicamentos sem resultado: 0
2025-12-13 20:14:31,230 - scraper_base - INFO -    • Tempo total: 81.0s
2025-12-13 20:14:31,230 - scraper_base - INFO -    • Tempo médio por medicamento: 4.1s
2025-12-13 20:14:31,274 - gerenciador_arquivos - INFO - Excel salvo: dados_coletados/petz_20251213_201431.xlsx (213 produtos)
2025-12-13 20:14:31,274 - gerenciador_principal - INFO - Petz: Arquivo individual salvo com sucesso
2025-12-13 20:14:31,274 - gerenciador_principal - INFO - Gerando relatório consolidado...
2025-12-13 20:14:31,519 - gerenciador_arquivos - INFO - Relatório consolidado salvo: dados_relatorios/relatorio_consolidado_20251213_201431.xlsx
2025-12-13 20:14:31,616 - gerenciador_conexoes - INFO - Chrome fechado
2025-12-13 20:14:31,616 - gerenciador_conexoes - INFO - Métodos utilizados - Requests: 33.3%, Selenium: 66.7%, Falhas: 0.0%
2025-12-13 20:14:31,616 - gerenciador_principal - INFO - ============================================================
2025-12-13 20:14:31,617 - gerenciador_principal - INFO - RELATORIO FINAL DE EXECUÇÃO
2025-12-13 20:14:31,617 - gerenciador_principal - INFO - ============================================================
2025-12-13 20:14:31,617 - gerenciador_principal - INFO - Sites processados: 3
2025-12-13 20:14:31,617 - gerenciador_principal - INFO - Sites com sucesso: 3
2025-12-13 20:14:31,617 - gerenciador_principal - INFO - Total de produtos coletados: 574
2025-12-13 20:14:31,617 - gerenciador_principal - INFO - Tempo total de execução: 238.1 segundos
2025-12-13 20:14:31,617 - gerenciador_principal - INFO - Estatísticas de conexão:
2025-12-13 20:14:31,617 - gerenciador_principal - INFO -   - Requests bem-sucedidos: 33.3%
2025-12-13 20:14:31,617 - gerenciador_principal - INFO -   - Selenium fallback: 66.7%
2025-12-13 20:14:31,617 - gerenciador_principal - INFO -   - Falhas totais: 0.0%
2025-12-13 20:14:31,618 - gerenciador_principal - INFO - Arquivos salvos na pasta: dados_coletados
2025-12-13 20:14:31,618 - gerenciador_principal - INFO - Total de arquivos: 216
2025-12-13 20:14:31,618 - gerenciador_principal - INFO - ============================================================
