2026-01-28 20:16:27,137 - configurador_logs - INFO - Sistema de logs configurado com sucesso
2026-01-28 20:16:27,137 - configurador_logs - INFO - 🚀 Logs configurados para MODO PRODUÇÃO
2026-01-28 20:16:27,137 - gerenciador_principal - INFO - Inicializando sistema - Modo: PRODUCAO
2026-01-28 20:16:27,137 - gerenciador_arquivos - INFO - Pasta dados_coletados preparada
2026-01-28 20:16:27,137 - gerenciador_principal - INFO - Sistema inicializado com 3 scrapers
2026-01-28 20:16:27,137 - gerenciador_principal - INFO - ============================================================
2026-01-28 20:16:27,137 - gerenciador_principal - INFO - INICIANDO SCRAPING COMPLETO - PRODUCAO
2026-01-28 20:16:27,138 - gerenciador_principal - INFO - ============================================================
2026-01-28 20:16:27,138 - gerenciador_principal - INFO - [1/3] Processando Cobasi
2026-01-28 20:16:27,138 - scraper_base - INFO - 🚀 Iniciando scraping completo - Cobasi
2026-01-28 20:16:27,367 - gerenciador_conexoes - INFO - Sessao estabelecida com cobasi.com.br
2026-01-28 20:16:27,368 - scraper_base - INFO - 📋 20 medicamentos para processar
2026-01-28 20:16:27,368 - scraper_base - INFO - 📦 [1/20] Processando Simparic
2026-01-28 20:16:27,368 - scraper_base - INFO - 🔍 Cobasi: Buscando Simparic
2026-01-28 20:16:29,990 - scraper_cobasi - INFO - Cobasi: Dados extraídos via JSON para Simparic
2026-01-28 20:16:29,990 - scraper_base - INFO - ✅ Cobasi: 12 produto(s) encontrado(s) para Simparic
2026-01-28 20:16:31,413 - scraper_base - INFO - 📦 [2/20] Processando Revolution
2026-01-28 20:16:31,413 - scraper_base - INFO - 🔍 Cobasi: Buscando Revolution
2026-01-28 20:16:33,751 - scraper_cobasi - INFO - Cobasi: Dados extraídos via JSON para Revolution
2026-01-28 20:16:33,752 - scraper_base - INFO - ✅ Cobasi: 18 produto(s) encontrado(s) para Revolution
2026-01-28 20:16:36,503 - scraper_base - INFO - 📦 [3/20] Processando NexGard
2026-01-28 20:16:36,503 - scraper_base - INFO - 🔍 Cobasi: Buscando NexGard
2026-01-28 20:16:39,976 - scraper_cobasi - INFO - Cobasi: Dados extraídos via JSON para NexGard
2026-01-28 20:16:39,976 - scraper_base - INFO - ✅ Cobasi: 22 produto(s) encontrado(s) para NexGard
2026-01-28 20:16:41,138 - scraper_base - INFO - 📦 [4/20] Processando NexGard Spectra
2026-01-28 20:16:41,138 - scraper_base - INFO - 🔍 Cobasi: Buscando NexGard Spectra
2026-01-28 20:16:43,341 - scraper_cobasi - INFO - Cobasi: Dados extraídos via JSON para NexGard Spectra
2026-01-28 20:16:43,341 - scraper_base - INFO - ✅ Cobasi: 10 produto(s) encontrado(s) para NexGard Spectra
2026-01-28 20:16:45,108 - scraper_base - INFO - 📦 [5/20] Processando NexGard Combo
2026-01-28 20:16:45,108 - scraper_base - INFO - 🔍 Cobasi: Buscando NexGard Combo
2026-01-28 20:16:45,532 - scraper_cobasi - INFO - Cobasi: Dados extraídos via JSON para NexGard Combo
2026-01-28 20:16:45,532 - scraper_base - INFO - ✅ Cobasi: 4 produto(s) encontrado(s) para NexGard Combo
2026-01-28 20:16:46,835 - scraper_base - INFO - 📦 [6/20] Processando Bravecto
2026-01-28 20:16:46,835 - scraper_base - INFO - 🔍 Cobasi: Buscando Bravecto
2026-01-28 20:16:49,695 - scraper_cobasi - INFO - Cobasi: Dados extraídos via JSON para Bravecto
2026-01-28 20:16:49,695 - scraper_base - INFO - ✅ Cobasi: 16 produto(s) encontrado(s) para Bravecto
2026-01-28 20:16:52,198 - scraper_base - INFO - 📦 [7/20] Processando Frontline
2026-01-28 20:16:52,198 - scraper_base - INFO - 🔍 Cobasi: Buscando Frontline
2026-01-28 20:16:52,748 - scraper_cobasi - INFO - Cobasi: Dados extraídos via JSON para Frontline
2026-01-28 20:16:52,748 - scraper_base - INFO - ✅ Cobasi: 10 produto(s) encontrado(s) para Frontline
2026-01-28 20:16:54,459 - scraper_base - INFO - 📦 [8/20] Processando Advocate
2026-01-28 20:16:54,459 - scraper_base - INFO - 🔍 Cobasi: Buscando Advocate
2026-01-28 20:16:56,932 - scraper_cobasi - INFO - Cobasi: Dados extraídos via JSON para Advocate
2026-01-28 20:16:56,932 - scraper_base - INFO - ✅ Cobasi: 12 produto(s) encontrado(s) para Advocate
2026-01-28 20:16:59,274 - scraper_base - INFO - 📦 [9/20] Processando Drontal
2026-01-28 20:16:59,274 - scraper_base - INFO - 🔍 Cobasi: Buscando Drontal
2026-01-28 20:17:01,529 - scraper_cobasi - INFO - Cobasi: Dados extraídos via JSON para Drontal
2026-01-28 20:17:01,529 - scraper_base - INFO - ✅ Cobasi: 8 produto(s) encontrado(s) para Drontal
2026-01-28 20:17:04,304 - scraper_base - INFO - 📦 [10/20] Processando Milbemax
2026-01-28 20:17:04,304 - scraper_base - INFO - 🔍 Cobasi: Buscando Milbemax
2026-01-28 20:17:06,151 - scraper_cobasi - INFO - Cobasi: Dados extraídos via JSON para Milbemax
2026-01-28 20:17:06,151 - scraper_base - INFO - ✅ Cobasi: 4 produto(s) encontrado(s) para Milbemax
2026-01-28 20:17:07,338 - scraper_base - INFO - 📦 [11/20] Processando Vermivet
2026-01-28 20:17:07,338 - scraper_base - INFO - 🔍 Cobasi: Buscando Vermivet
2026-01-28 20:17:09,489 - scraper_cobasi - INFO - Cobasi: Dados extraídos via JSON para Vermivet
2026-01-28 20:17:09,489 - scraper_base - INFO - ✅ Cobasi: 5 produto(s) encontrado(s) para Vermivet
2026-01-28 20:17:10,692 - scraper_base - INFO - 📦 [12/20] Processando Rimadyl
2026-01-28 20:17:10,693 - scraper_base - INFO - 🔍 Cobasi: Buscando Rimadyl
2026-01-28 20:17:12,261 - scraper_cobasi - INFO - Cobasi: Dados extraídos via JSON para Rimadyl
2026-01-28 20:17:12,261 - scraper_base - INFO - ✅ Cobasi: 3 produto(s) encontrado(s) para Rimadyl
2026-01-28 20:17:13,424 - scraper_base - INFO - 📦 [13/20] Processando Onsior
2026-01-28 20:17:13,425 - scraper_base - INFO - 🔍 Cobasi: Buscando Onsior
2026-01-28 20:17:13,922 - scraper_cobasi - INFO - Cobasi: Dados extraídos via JSON para Onsior
2026-01-28 20:17:13,922 - scraper_base - INFO - ✅ Cobasi: 4 produto(s) encontrado(s) para Onsior
2026-01-28 20:17:15,892 - scraper_base - INFO - 📦 [14/20] Processando Maxicam
2026-01-28 20:17:15,892 - scraper_base - INFO - 🔍 Cobasi: Buscando Maxicam
2026-01-28 20:17:18,475 - scraper_cobasi - INFO - Cobasi: Dados extraídos via JSON para Maxicam
2026-01-28 20:17:18,475 - scraper_base - INFO - ✅ Cobasi: 21 produto(s) encontrado(s) para Maxicam
2026-01-28 20:17:21,221 - scraper_base - INFO - 📦 [15/20] Processando Carproflan
2026-01-28 20:17:21,221 - scraper_base - INFO - 🔍 Cobasi: Buscando Carproflan
2026-01-28 20:17:21,658 - scraper_cobasi - INFO - Cobasi: Dados extraídos via JSON para Carproflan
2026-01-28 20:17:21,659 - scraper_base - INFO - ✅ Cobasi: 3 produto(s) encontrado(s) para Carproflan
2026-01-28 20:17:23,852 - scraper_base - INFO - 📦 [16/20] Processando Previcox
2026-01-28 20:17:23,852 - scraper_base - INFO - 🔍 Cobasi: Buscando Previcox
2026-01-28 20:17:24,301 - scraper_cobasi - INFO - Cobasi: Dados extraídos via JSON para Previcox
2026-01-28 20:17:24,301 - scraper_base - INFO - ✅ Cobasi: 2 produto(s) encontrado(s) para Previcox
2026-01-28 20:17:25,554 - scraper_base - INFO - 📦 [17/20] Processando Apoquel
2026-01-28 20:17:25,554 - scraper_base - INFO - 🔍 Cobasi: Buscando Apoquel
2026-01-28 20:17:27,438 - scraper_cobasi - INFO - Cobasi: Dados extraídos via JSON para Apoquel
2026-01-28 20:17:27,438 - scraper_base - INFO - ✅ Cobasi: 3 produto(s) encontrado(s) para Apoquel
2026-01-28 20:17:28,444 - scraper_base - INFO - 📦 [18/20] Processando Zenrelia
2026-01-28 20:17:28,445 - scraper_base - INFO - 🔍 Cobasi: Buscando Zenrelia
2026-01-28 20:17:30,315 - scraper_cobasi - INFO - Cobasi: Dados extraídos via JSON para Zenrelia
2026-01-28 20:17:30,315 - scraper_base - INFO - ✅ Cobasi: 4 produto(s) encontrado(s) para Zenrelia
2026-01-28 20:17:32,788 - scraper_base - INFO - 📦 [19/20] Processando Synulox
2026-01-28 20:17:32,788 - scraper_base - INFO - 🔍 Cobasi: Buscando Synulox
2026-01-28 20:17:34,351 - scraper_cobasi - INFO - Cobasi: Dados extraídos via JSON para Synulox
2026-01-28 20:17:34,352 - scraper_base - INFO - ✅ Cobasi: 2 produto(s) encontrado(s) para Synulox
2026-01-28 20:17:36,549 - scraper_base - INFO - 📦 [20/20] Processando Baytril
2026-01-28 20:17:36,549 - scraper_base - INFO - 🔍 Cobasi: Buscando Baytril
2026-01-28 20:17:36,983 - scraper_cobasi - INFO - Cobasi: Dados extraídos via JSON para Baytril
2026-01-28 20:17:36,983 - scraper_base - INFO - ✅ Cobasi: 4 produto(s) encontrado(s) para Baytril
2026-01-28 20:17:39,109 - scraper_base - INFO - 📊 Cobasi - Estatísticas finais:
2026-01-28 20:17:39,109 - scraper_base - INFO -    • Medicamentos processados: 20
2026-01-28 20:17:39,109 - scraper_base - INFO -    • Produtos encontrados: 167
2026-01-28 20:17:39,109 - scraper_base - INFO -    • Medicamentos sem resultado: 0
2026-01-28 20:17:39,109 - scraper_base - INFO -    • Tempo total: 72.0s
2026-01-28 20:17:39,110 - scraper_base - INFO -    • Tempo médio por medicamento: 3.6s
2026-01-28 20:17:39,222 - gerenciador_arquivos - INFO - Excel salvo: dados_coletados/cobasi_20260128_201739.xlsx (167 produtos)
2026-01-28 20:17:39,222 - gerenciador_principal - INFO - Cobasi: Arquivo individual salvo com sucesso
2026-01-28 20:17:39,222 - gerenciador_principal - INFO - Pausando entre sites...
2026-01-28 20:17:41,222 - gerenciador_principal - INFO - [2/3] Processando Petlove
2026-01-28 20:17:41,223 - scraper_base - INFO - 🚀 Iniciando scraping completo - Petlove
2026-01-28 20:17:41,453 - scraper_base - INFO - 📋 20 medicamentos para processar
2026-01-28 20:17:41,453 - scraper_base - INFO - 📦 [1/20] Processando Simparic
2026-01-28 20:17:41,453 - scraper_base - INFO - 🔍 Petlove: Buscando Simparic
2026-01-28 20:17:48,973 - gerenciador_conexoes - INFO - Chrome inicializado com otimizacoes de velocidade
2026-01-28 20:17:52,562 - scraper_base - INFO - ✅ Petlove: 34 produto(s) encontrado(s) para Simparic
2026-01-28 20:17:54,978 - scraper_base - INFO - 📦 [2/20] Processando Revolution
2026-01-28 20:17:54,978 - scraper_base - INFO - 🔍 Petlove: Buscando Revolution
2026-01-28 20:17:57,256 - scraper_base - INFO - ✅ Petlove: 17 produto(s) encontrado(s) para Revolution
2026-01-28 20:18:00,021 - scraper_base - INFO - 📦 [3/20] Processando NexGard
2026-01-28 20:18:00,021 - scraper_base - INFO - 🔍 Petlove: Buscando NexGard
2026-01-28 20:18:01,538 - scraper_base - INFO - ✅ Petlove: 11 produto(s) encontrado(s) para NexGard
2026-01-28 20:18:02,551 - scraper_base - INFO - 📦 [4/20] Processando NexGard Spectra
2026-01-28 20:18:02,551 - scraper_base - INFO - 🔍 Petlove: Buscando NexGard Spectra
2026-01-28 20:18:03,869 - scraper_base - INFO - ✅ Petlove: 5 produto(s) encontrado(s) para NexGard Spectra
2026-01-28 20:18:04,896 - scraper_base - INFO - 📦 [5/20] Processando NexGard Combo
2026-01-28 20:18:04,897 - scraper_base - INFO - 🔍 Petlove: Buscando NexGard Combo
2026-01-28 20:18:07,587 - scraper_base - INFO - ✅ Petlove: 2 produto(s) encontrado(s) para NexGard Combo
2026-01-28 20:18:10,230 - scraper_base - INFO - 📦 [6/20] Processando Bravecto
2026-01-28 20:18:10,230 - scraper_base - INFO - 🔍 Petlove: Buscando Bravecto
2026-01-28 20:18:12,679 - scraper_base - INFO - ✅ Petlove: 23 produto(s) encontrado(s) para Bravecto
2026-01-28 20:18:15,149 - scraper_base - INFO - 📦 [7/20] Processando Frontline
2026-01-28 20:18:15,149 - scraper_base - INFO - 🔍 Petlove: Buscando Frontline
2026-01-28 20:18:16,833 - scraper_base - INFO - ✅ Petlove: 11 produto(s) encontrado(s) para Frontline
2026-01-28 20:18:19,637 - scraper_base - INFO - 📦 [8/20] Processando Advocate
2026-01-28 20:18:19,637 - scraper_base - INFO - 🔍 Petlove: Buscando Advocate
2026-01-28 20:18:21,309 - scraper_base - INFO - ✅ Petlove: 13 produto(s) encontrado(s) para Advocate
2026-01-28 20:18:24,019 - scraper_base - INFO - 📦 [9/20] Processando Drontal
2026-01-28 20:18:24,019 - scraper_base - INFO - 🔍 Petlove: Buscando Drontal
2026-01-28 20:18:25,860 - scraper_base - INFO - ✅ Petlove: 36 produto(s) encontrado(s) para Drontal
2026-01-28 20:18:27,559 - scraper_base - INFO - 📦 [10/20] Processando Milbemax
2026-01-28 20:18:27,559 - scraper_base - INFO - 🔍 Petlove: Buscando Milbemax
2026-01-28 20:18:28,927 - scraper_base - INFO - ✅ Petlove: 15 produto(s) encontrado(s) para Milbemax
2026-01-28 20:18:30,529 - scraper_base - INFO - 📦 [11/20] Processando Vermivet
2026-01-28 20:18:30,529 - scraper_base - INFO - 🔍 Petlove: Buscando Vermivet
2026-01-28 20:18:32,364 - scraper_base - INFO - ✅ Petlove: 36 produto(s) encontrado(s) para Vermivet
2026-01-28 20:18:34,753 - scraper_base - INFO - 📦 [12/20] Processando Rimadyl
2026-01-28 20:18:34,753 - scraper_base - INFO - 🔍 Petlove: Buscando Rimadyl
2026-01-28 20:18:36,628 - scraper_base - INFO - ✅ Petlove: 1 produto(s) encontrado(s) para Rimadyl
2026-01-28 20:18:39,106 - scraper_base - INFO - 📦 [13/20] Processando Onsior
2026-01-28 20:18:39,106 - scraper_base - INFO - 🔍 Petlove: Buscando Onsior
2026-01-28 20:18:40,621 - scraper_base - INFO - ✅ Petlove: 4 produto(s) encontrado(s) para Onsior
2026-01-28 20:18:42,660 - scraper_base - INFO - 📦 [14/20] Processando Maxicam
2026-01-28 20:18:42,660 - scraper_base - INFO - 🔍 Petlove: Buscando Maxicam
2026-01-28 20:18:43,959 - scraper_base - INFO - ✅ Petlove: 3 produto(s) encontrado(s) para Maxicam
2026-01-28 20:18:46,238 - scraper_base - INFO - 📦 [15/20] Processando Carproflan
2026-01-28 20:18:46,238 - scraper_base - INFO - 🔍 Petlove: Buscando Carproflan
2026-01-28 20:18:47,733 - scraper_base - INFO - ✅ Petlove: 8 produto(s) encontrado(s) para Carproflan
2026-01-28 20:18:50,224 - scraper_base - INFO - 📦 [16/20] Processando Previcox
2026-01-28 20:18:50,224 - scraper_base - INFO - 🔍 Petlove: Buscando Previcox
2026-01-28 20:18:51,857 - scraper_base - INFO - ✅ Petlove: 4 produto(s) encontrado(s) para Previcox
2026-01-28 20:18:52,941 - scraper_base - INFO - 📦 [17/20] Processando Apoquel
2026-01-28 20:18:52,941 - scraper_base - INFO - 🔍 Petlove: Buscando Apoquel
2026-01-28 20:18:54,972 - scraper_base - INFO - ✅ Petlove: 16 produto(s) encontrado(s) para Apoquel
2026-01-28 20:18:57,057 - scraper_base - INFO - 📦 [18/20] Processando Zenrelia
2026-01-28 20:18:57,057 - scraper_base - INFO - 🔍 Petlove: Buscando Zenrelia
2026-01-28 20:18:58,258 - scraper_base - INFO - ✅ Petlove: 4 produto(s) encontrado(s) para Zenrelia
2026-01-28 20:19:01,038 - scraper_base - INFO - 📦 [19/20] Processando Synulox
2026-01-28 20:19:01,038 - scraper_base - INFO - 🔍 Petlove: Buscando Synulox
2026-01-28 20:19:02,774 - scraper_base - INFO - ✅ Petlove: 1 produto(s) encontrado(s) para Synulox
2026-01-28 20:19:04,408 - scraper_base - INFO - 📦 [20/20] Processando Baytril
2026-01-28 20:19:04,408 - scraper_base - INFO - 🔍 Petlove: Buscando Baytril
2026-01-28 20:19:05,993 - scraper_base - INFO - ✅ Petlove: 4 produto(s) encontrado(s) para Baytril
2026-01-28 20:19:07,456 - scraper_base - INFO - 📊 Petlove - Estatísticas finais:
2026-01-28 20:19:07,456 - scraper_base - INFO -    • Medicamentos processados: 20
2026-01-28 20:19:07,456 - scraper_base - INFO -    • Produtos encontrados: 248
2026-01-28 20:19:07,456 - scraper_base - INFO -    • Medicamentos sem resultado: 0
2026-01-28 20:19:07,456 - scraper_base - INFO -    • Tempo total: 86.2s
2026-01-28 20:19:07,456 - scraper_base - INFO -    • Tempo médio por medicamento: 4.3s
2026-01-28 20:19:07,503 - gerenciador_arquivos - INFO - Excel salvo: dados_coletados/petlove_20260128_201907.xlsx (248 produtos)
2026-01-28 20:19:07,504 - gerenciador_principal - INFO - Petlove: Arquivo individual salvo com sucesso
2026-01-28 20:19:07,504 - gerenciador_principal - INFO - Pausando entre sites...
2026-01-28 20:19:09,504 - gerenciador_principal - INFO - [3/3] Processando Petz
2026-01-28 20:19:09,504 - scraper_base - INFO - 🚀 Iniciando scraping completo - Petz
2026-01-28 20:19:09,722 - scraper_base - INFO - 📋 20 medicamentos para processar
2026-01-28 20:19:09,723 - scraper_base - INFO - 📦 [1/20] Processando Simparic
2026-01-28 20:19:09,723 - scraper_base - INFO - 🔍 Petz: Buscando Simparic
2026-01-28 20:19:13,799 - scraper_base - INFO - ✅ Petz: 12 produto(s) encontrado(s) para Simparic
2026-01-28 20:19:15,225 - scraper_base - INFO - 📦 [2/20] Processando Revolution
2026-01-28 20:19:15,226 - scraper_base - INFO - 🔍 Petz: Buscando Revolution
2026-01-28 20:19:18,353 - scraper_base - INFO - ✅ Petz: 24 produto(s) encontrado(s) para Revolution
2026-01-28 20:19:20,099 - scraper_base - INFO - 📦 [3/20] Processando NexGard
2026-01-28 20:19:20,099 - scraper_base - INFO - 🔍 Petz: Buscando NexGard
2026-01-28 20:19:22,787 - scraper_base - INFO - ✅ Petz: 22 produto(s) encontrado(s) para NexGard
2026-01-28 20:19:24,735 - scraper_base - INFO - 📦 [4/20] Processando NexGard Spectra
2026-01-28 20:19:24,735 - scraper_base - INFO - 🔍 Petz: Buscando NexGard Spectra
2026-01-28 20:19:26,660 - scraper_base - INFO - ✅ Petz: 10 produto(s) encontrado(s) para NexGard Spectra
2026-01-28 20:19:29,274 - scraper_base - INFO - 📦 [5/20] Processando NexGard Combo
2026-01-28 20:19:29,274 - scraper_base - INFO - 🔍 Petz: Buscando NexGard Combo
2026-01-28 20:19:31,073 - scraper_base - INFO - ✅ Petz: 4 produto(s) encontrado(s) para NexGard Combo
2026-01-28 20:19:32,295 - scraper_base - INFO - 📦 [6/20] Processando Bravecto
2026-01-28 20:19:32,295 - scraper_base - INFO - 🔍 Petz: Buscando Bravecto
2026-01-28 20:19:34,913 - scraper_base - INFO - ✅ Petz: 16 produto(s) encontrado(s) para Bravecto
2026-01-28 20:19:36,459 - scraper_base - INFO - 📦 [7/20] Processando Frontline
2026-01-28 20:19:36,459 - scraper_base - INFO - 🔍 Petz: Buscando Frontline
2026-01-28 20:19:38,874 - scraper_base - INFO - ✅ Petz: 11 produto(s) encontrado(s) para Frontline
2026-01-28 20:19:41,377 - scraper_base - INFO - 📦 [8/20] Processando Advocate
2026-01-28 20:19:41,377 - scraper_base - INFO - 🔍 Petz: Buscando Advocate
2026-01-28 20:19:43,313 - scraper_base - INFO - ✅ Petz: 12 produto(s) encontrado(s) para Advocate
2026-01-28 20:19:45,674 - scraper_base - INFO - 📦 [9/20] Processando Drontal
2026-01-28 20:19:45,674 - scraper_base - INFO - 🔍 Petz: Buscando Drontal
2026-01-28 20:19:48,558 - scraper_base - INFO - ✅ Petz: 30 produto(s) encontrado(s) para Drontal
2026-01-28 20:19:50,000 - scraper_base - INFO - 📦 [10/20] Processando Milbemax
2026-01-28 20:19:50,000 - scraper_base - INFO - 🔍 Petz: Buscando Milbemax
2026-01-28 20:19:51,753 - scraper_base - INFO - ✅ Petz: 4 produto(s) encontrado(s) para Milbemax
2026-01-28 20:19:52,861 - scraper_base - INFO - 📦 [11/20] Processando Vermivet
2026-01-28 20:19:52,861 - scraper_base - INFO - 🔍 Petz: Buscando Vermivet
2026-01-28 20:19:54,810 - scraper_base - INFO - ✅ Petz: 5 produto(s) encontrado(s) para Vermivet
2026-01-28 20:19:56,539 - scraper_base - INFO - 📦 [12/20] Processando Rimadyl
2026-01-28 20:19:56,540 - scraper_base - INFO - 🔍 Petz: Buscando Rimadyl
2026-01-28 20:19:58,244 - scraper_base - INFO - ✅ Petz: 3 produto(s) encontrado(s) para Rimadyl
2026-01-28 20:20:00,480 - scraper_base - INFO - 📦 [13/20] Processando Onsior
2026-01-28 20:20:00,480 - scraper_base - INFO - 🔍 Petz: Buscando Onsior
2026-01-28 20:20:03,157 - scraper_base - INFO - ✅ Petz: 4 produto(s) encontrado(s) para Onsior
2026-01-28 20:20:04,635 - scraper_base - INFO - 📦 [14/20] Processando Maxicam
2026-01-28 20:20:04,636 - scraper_base - INFO - 🔍 Petz: Buscando Maxicam
2026-01-28 20:20:07,276 - scraper_base - INFO - ✅ Petz: 30 produto(s) encontrado(s) para Maxicam
2026-01-28 20:20:08,767 - scraper_base - INFO - 📦 [15/20] Processando Carproflan
2026-01-28 20:20:08,767 - scraper_base - INFO - 🔍 Petz: Buscando Carproflan
2026-01-28 20:20:10,572 - scraper_base - INFO - ✅ Petz: 3 produto(s) encontrado(s) para Carproflan
2026-01-28 20:20:13,256 - scraper_base - INFO - 📦 [16/20] Processando Previcox
2026-01-28 20:20:13,256 - scraper_base - INFO - 🔍 Petz: Buscando Previcox
2026-01-28 20:20:15,095 - scraper_base - INFO - ✅ Petz: 2 produto(s) encontrado(s) para Previcox
2026-01-28 20:20:17,848 - scraper_base - INFO - 📦 [17/20] Processando Apoquel
2026-01-28 20:20:17,848 - scraper_base - INFO - 🔍 Petz: Buscando Apoquel
2026-01-28 20:20:19,614 - scraper_base - INFO - ✅ Petz: 3 produto(s) encontrado(s) para Apoquel
2026-01-28 20:20:22,592 - scraper_base - INFO - 📦 [18/20] Processando Zenrelia
2026-01-28 20:20:22,592 - scraper_base - INFO - 🔍 Petz: Buscando Zenrelia
2026-01-28 20:20:24,403 - scraper_base - INFO - ✅ Petz: 4 produto(s) encontrado(s) para Zenrelia
2026-01-28 20:20:26,761 - scraper_base - INFO - 📦 [19/20] Processando Synulox
2026-01-28 20:20:26,761 - scraper_base - INFO - 🔍 Petz: Buscando Synulox
2026-01-28 20:20:28,431 - scraper_base - INFO - ✅ Petz: 2 produto(s) encontrado(s) para Synulox
2026-01-28 20:20:29,616 - scraper_base - INFO - 📦 [20/20] Processando Baytril
2026-01-28 20:20:29,616 - scraper_base - INFO - 🔍 Petz: Buscando Baytril
2026-01-28 20:20:31,694 - scraper_base - INFO - ✅ Petz: 9 produto(s) encontrado(s) para Baytril
2026-01-28 20:20:33,932 - scraper_base - INFO - 📊 Petz - Estatísticas finais:
2026-01-28 20:20:33,932 - scraper_base - INFO -    • Medicamentos processados: 20
2026-01-28 20:20:33,932 - scraper_base - INFO -    • Produtos encontrados: 210
2026-01-28 20:20:33,932 - scraper_base - INFO -    • Medicamentos sem resultado: 0
2026-01-28 20:20:33,932 - scraper_base - INFO -    • Tempo total: 84.4s
2026-01-28 20:20:33,932 - scraper_base - INFO -    • Tempo médio por medicamento: 4.2s
2026-01-28 20:20:33,976 - gerenciador_arquivos - INFO - Excel salvo: dados_coletados/petz_20260128_202033.xlsx (210 produtos)
2026-01-28 20:20:33,976 - gerenciador_principal - INFO - Petz: Arquivo individual salvo com sucesso
2026-01-28 20:20:33,976 - gerenciador_principal - INFO - Gerando relatório consolidado...
2026-01-28 20:20:34,190 - gerenciador_arquivos - INFO - Relatório consolidado salvo: dados_relatorios/relatorio_consolidado_20260128_202033.xlsx
2026-01-28 20:20:34,307 - gerenciador_conexoes - INFO - Chrome fechado
2026-01-28 20:20:34,307 - gerenciador_conexoes - INFO - Métodos utilizados - Requests: 33.3%, Selenium: 66.7%, Falhas: 0.0%
2026-01-28 20:20:34,308 - gerenciador_principal - INFO - ============================================================
2026-01-28 20:20:34,308 - gerenciador_principal - INFO - RELATORIO FINAL DE EXECUÇÃO
2026-01-28 20:20:34,308 - gerenciador_principal - INFO - ============================================================
2026-01-28 20:20:34,308 - gerenciador_principal - INFO - Sites processados: 3
2026-01-28 20:20:34,308 - gerenciador_principal - INFO - Sites com sucesso: 3
2026-01-28 20:20:34,308 - gerenciador_principal - INFO - Total de produtos coletados: 625
2026-01-28 20:20:34,308 - gerenciador_principal - INFO - Tempo total de execução: 246.8 segundos
2026-01-28 20:20:34,308 - gerenciador_principal - INFO - Estatísticas de conexão:
2026-01-28 20:20:34,308 - gerenciador_principal - INFO -   - Requests bem-sucedidos: 33.3%
2026-01-28 20:20:34,308 - gerenciador_principal - INFO -   - Selenium fallback: 66.7%
2026-01-28 20:20:34,308 - gerenciador_principal - INFO -   - Falhas totais: 0.0%
2026-01-28 20:20:34,310 - gerenciador_principal - INFO - Arquivos salvos na pasta: dados_coletados
2026-01-28 20:20:34,310 - gerenciador_principal - INFO - Total de arquivos: 349
2026-01-28 20:20:34,310 - gerenciador_principal - INFO - ============================================================
