2025-12-22 20:11:08,758 - configurador_logs - INFO - Sistema de logs configurado com sucesso
2025-12-22 20:11:08,758 - configurador_logs - INFO - 🚀 Logs configurados para MODO PRODUÇÃO
2025-12-22 20:11:08,758 - gerenciador_principal - INFO - Inicializando sistema - Modo: PRODUCAO
2025-12-22 20:11:08,758 - gerenciador_arquivos - INFO - Pasta dados_coletados preparada
2025-12-22 20:11:08,758 - gerenciador_principal - INFO - Sistema inicializado com 3 scrapers
2025-12-22 20:11:08,759 - gerenciador_principal - INFO - ============================================================
2025-12-22 20:11:08,759 - gerenciador_principal - INFO - INICIANDO SCRAPING COMPLETO - PRODUCAO
2025-12-22 20:11:08,759 - gerenciador_principal - INFO - ============================================================
2025-12-22 20:11:08,759 - gerenciador_principal - INFO - [1/3] Processando Cobasi
2025-12-22 20:11:08,759 - scraper_base - INFO - 🚀 Iniciando scraping completo - Cobasi
2025-12-22 20:11:09,181 - gerenciador_conexoes - INFO - Sessao estabelecida com cobasi.com.br
2025-12-22 20:11:09,181 - scraper_base - INFO - 📋 20 medicamentos para processar
2025-12-22 20:11:09,181 - scraper_base - INFO - 📦 [1/20] Processando Simparic
2025-12-22 20:11:09,182 - scraper_base - INFO - 🔍 Cobasi: Buscando Simparic
2025-12-22 20:11:09,255 - scraper_cobasi - INFO - Cobasi: Dados extraídos via JSON para Simparic
2025-12-22 20:11:09,255 - scraper_base - INFO - ✅ Cobasi: 12 produto(s) encontrado(s) para Simparic
2025-12-22 20:11:10,672 - scraper_base - INFO - 📦 [2/20] Processando Revolution
2025-12-22 20:11:10,672 - scraper_base - INFO - 🔍 Cobasi: Buscando Revolution
2025-12-22 20:11:10,753 - scraper_cobasi - INFO - Cobasi: Dados extraídos via JSON para Revolution
2025-12-22 20:11:10,753 - scraper_base - INFO - ✅ Cobasi: 18 produto(s) encontrado(s) para Revolution
2025-12-22 20:11:12,694 - scraper_base - INFO - 📦 [3/20] Processando NexGard
2025-12-22 20:11:12,695 - scraper_base - INFO - 🔍 Cobasi: Buscando NexGard
2025-12-22 20:11:15,208 - scraper_cobasi - INFO - Cobasi: Dados extraídos via JSON para NexGard
2025-12-22 20:11:15,208 - scraper_base - INFO - ✅ Cobasi: 22 produto(s) encontrado(s) para NexGard
2025-12-22 20:11:16,992 - scraper_base - INFO - 📦 [4/20] Processando NexGard Spectra
2025-12-22 20:11:16,992 - scraper_base - INFO - 🔍 Cobasi: Buscando NexGard Spectra
2025-12-22 20:11:18,861 - scraper_cobasi - INFO - Cobasi: Dados extraídos via JSON para NexGard Spectra
2025-12-22 20:11:18,861 - scraper_base - INFO - ✅ Cobasi: 10 produto(s) encontrado(s) para NexGard Spectra
2025-12-22 20:11:21,478 - scraper_base - INFO - 📦 [5/20] Processando NexGard Combo
2025-12-22 20:11:21,478 - scraper_base - INFO - 🔍 Cobasi: Buscando NexGard Combo
2025-12-22 20:11:23,260 - scraper_cobasi - INFO - Cobasi: Dados extraídos via JSON para NexGard Combo
2025-12-22 20:11:23,260 - scraper_base - INFO - ✅ Cobasi: 4 produto(s) encontrado(s) para NexGard Combo
2025-12-22 20:11:24,466 - scraper_base - INFO - 📦 [6/20] Processando Bravecto
2025-12-22 20:11:24,466 - scraper_base - INFO - 🔍 Cobasi: Buscando Bravecto
2025-12-22 20:11:25,190 - scraper_cobasi - INFO - Cobasi: Dados extraídos via JSON para Bravecto
2025-12-22 20:11:25,190 - scraper_base - INFO - ✅ Cobasi: 16 produto(s) encontrado(s) para Bravecto
2025-12-22 20:11:26,991 - scraper_base - INFO - 📦 [7/20] Processando Frontline
2025-12-22 20:11:26,991 - scraper_base - INFO - 🔍 Cobasi: Buscando Frontline
2025-12-22 20:11:29,769 - scraper_cobasi - INFO - Cobasi: Dados extraídos via JSON para Frontline
2025-12-22 20:11:29,769 - scraper_base - INFO - ✅ Cobasi: 10 produto(s) encontrado(s) para Frontline
2025-12-22 20:11:32,688 - scraper_base - INFO - 📦 [8/20] Processando Advocate
2025-12-22 20:11:32,688 - scraper_base - INFO - 🔍 Cobasi: Buscando Advocate
2025-12-22 20:11:32,759 - scraper_cobasi - INFO - Cobasi: Dados extraídos via JSON para Advocate
2025-12-22 20:11:32,760 - scraper_base - INFO - ✅ Cobasi: 12 produto(s) encontrado(s) para Advocate
2025-12-22 20:11:35,557 - scraper_base - INFO - 📦 [9/20] Processando Drontal
2025-12-22 20:11:35,558 - scraper_base - INFO - 🔍 Cobasi: Buscando Drontal
2025-12-22 20:11:38,194 - scraper_cobasi - INFO - Cobasi: Dados extraídos via JSON para Drontal
2025-12-22 20:11:38,194 - scraper_base - INFO - ✅ Cobasi: 8 produto(s) encontrado(s) para Drontal
2025-12-22 20:11:39,380 - scraper_base - INFO - 📦 [10/20] Processando Milbemax
2025-12-22 20:11:39,380 - scraper_base - INFO - 🔍 Cobasi: Buscando Milbemax
2025-12-22 20:11:48,016 - scraper_cobasi - INFO - Cobasi: Dados extraídos via JSON para Milbemax
2025-12-22 20:11:48,016 - scraper_base - INFO - ✅ Cobasi: 4 produto(s) encontrado(s) para Milbemax
2025-12-22 20:11:49,643 - scraper_base - INFO - 📦 [11/20] Processando Vermivet
2025-12-22 20:11:49,643 - scraper_base - INFO - 🔍 Cobasi: Buscando Vermivet
2025-12-22 20:11:53,807 - scraper_cobasi - INFO - Cobasi: Dados extraídos via JSON para Vermivet
2025-12-22 20:11:53,807 - scraper_base - INFO - ✅ Cobasi: 5 produto(s) encontrado(s) para Vermivet
2025-12-22 20:11:56,776 - scraper_base - INFO - 📦 [12/20] Processando Rimadyl
2025-12-22 20:11:56,776 - scraper_base - INFO - 🔍 Cobasi: Buscando Rimadyl
2025-12-22 20:11:56,842 - scraper_cobasi - INFO - Cobasi: Dados extraídos via JSON para Rimadyl
2025-12-22 20:11:56,842 - scraper_base - INFO - ✅ Cobasi: 3 produto(s) encontrado(s) para Rimadyl
2025-12-22 20:11:59,297 - scraper_base - INFO - 📦 [13/20] Processando Onsior
2025-12-22 20:11:59,297 - scraper_base - INFO - 🔍 Cobasi: Buscando Onsior
2025-12-22 20:12:01,328 - scraper_cobasi - INFO - Cobasi: Dados extraídos via JSON para Onsior
2025-12-22 20:12:01,328 - scraper_base - INFO - ✅ Cobasi: 4 produto(s) encontrado(s) para Onsior
2025-12-22 20:12:03,444 - scraper_base - INFO - 📦 [14/20] Processando Maxicam
2025-12-22 20:12:03,444 - scraper_base - INFO - 🔍 Cobasi: Buscando Maxicam
2025-12-22 20:12:06,024 - scraper_cobasi - INFO - Cobasi: Dados extraídos via JSON para Maxicam
2025-12-22 20:12:06,024 - scraper_base - INFO - ✅ Cobasi: 20 produto(s) encontrado(s) para Maxicam
2025-12-22 20:12:08,441 - scraper_base - INFO - 📦 [15/20] Processando Carproflan
2025-12-22 20:12:08,441 - scraper_base - INFO - 🔍 Cobasi: Buscando Carproflan
2025-12-22 20:12:10,405 - scraper_cobasi - INFO - Cobasi: Dados extraídos via JSON para Carproflan
2025-12-22 20:12:10,405 - scraper_base - INFO - ✅ Cobasi: 3 produto(s) encontrado(s) para Carproflan
2025-12-22 20:12:13,120 - scraper_base - INFO - 📦 [16/20] Processando Previcox
2025-12-22 20:12:13,120 - scraper_base - INFO - 🔍 Cobasi: Buscando Previcox
2025-12-22 20:12:15,025 - scraper_cobasi - INFO - Cobasi: Dados extraídos via JSON para Previcox
2025-12-22 20:12:15,025 - scraper_base - INFO - ✅ Cobasi: 2 produto(s) encontrado(s) para Previcox
2025-12-22 20:12:17,479 - scraper_base - INFO - 📦 [17/20] Processando Apoquel
2025-12-22 20:12:17,479 - scraper_base - INFO - 🔍 Cobasi: Buscando Apoquel
2025-12-22 20:12:21,500 - scraper_cobasi - INFO - Cobasi: Dados extraídos via JSON para Apoquel
2025-12-22 20:12:21,500 - scraper_base - INFO - ✅ Cobasi: 3 produto(s) encontrado(s) para Apoquel
2025-12-22 20:12:22,921 - scraper_base - INFO - 📦 [18/20] Processando Zenrelia
2025-12-22 20:12:22,921 - scraper_base - INFO - 🔍 Cobasi: Buscando Zenrelia
2025-12-22 20:12:30,281 - scraper_cobasi - INFO - Cobasi: Dados extraídos via JSON para Zenrelia
2025-12-22 20:12:30,281 - scraper_base - INFO - ✅ Cobasi: 4 produto(s) encontrado(s) para Zenrelia
2025-12-22 20:12:31,845 - scraper_base - INFO - 📦 [19/20] Processando Synulox
2025-12-22 20:12:31,845 - scraper_base - INFO - 🔍 Cobasi: Buscando Synulox
2025-12-22 20:12:34,609 - scraper_cobasi - INFO - Cobasi: Dados extraídos via JSON para Synulox
2025-12-22 20:12:34,609 - scraper_base - INFO - ✅ Cobasi: 2 produto(s) encontrado(s) para Synulox
2025-12-22 20:12:35,955 - scraper_base - INFO - 📦 [20/20] Processando Baytril
2025-12-22 20:12:35,955 - scraper_base - INFO - 🔍 Cobasi: Buscando Baytril
2025-12-22 20:12:38,098 - scraper_cobasi - INFO - Cobasi: Dados extraídos via JSON para Baytril
2025-12-22 20:12:38,098 - scraper_base - INFO - ✅ Cobasi: 4 produto(s) encontrado(s) para Baytril
2025-12-22 20:12:40,894 - scraper_base - INFO - 📊 Cobasi - Estatísticas finais:
2025-12-22 20:12:40,894 - scraper_base - INFO -    • Medicamentos processados: 20
2025-12-22 20:12:40,894 - scraper_base - INFO -    • Produtos encontrados: 166
2025-12-22 20:12:40,894 - scraper_base - INFO -    • Medicamentos sem resultado: 0
2025-12-22 20:12:40,894 - scraper_base - INFO -    • Tempo total: 92.1s
2025-12-22 20:12:40,894 - scraper_base - INFO -    • Tempo médio por medicamento: 4.6s
2025-12-22 20:12:40,995 - gerenciador_arquivos - INFO - Excel salvo: dados_coletados/cobasi_20251222_201240.xlsx (166 produtos)
2025-12-22 20:12:40,996 - gerenciador_principal - INFO - Cobasi: Arquivo individual salvo com sucesso
2025-12-22 20:12:40,996 - gerenciador_principal - INFO - Pausando entre sites...
2025-12-22 20:12:42,996 - gerenciador_principal - INFO - [2/3] Processando Petlove
2025-12-22 20:12:42,996 - scraper_base - INFO - 🚀 Iniciando scraping completo - Petlove
2025-12-22 20:12:43,297 - scraper_base - INFO - 📋 20 medicamentos para processar
2025-12-22 20:12:43,297 - scraper_base - INFO - 📦 [1/20] Processando Simparic
2025-12-22 20:12:43,297 - scraper_base - INFO - 🔍 Petlove: Buscando Simparic
2025-12-22 20:13:00,145 - gerenciador_conexoes - INFO - Chrome inicializado com otimizacoes de velocidade
2025-12-22 20:13:04,764 - scraper_base - INFO - ✅ Petlove: 15 produto(s) encontrado(s) para Simparic
2025-12-22 20:13:07,141 - scraper_base - INFO - 📦 [2/20] Processando Revolution
2025-12-22 20:13:07,141 - scraper_base - INFO - 🔍 Petlove: Buscando Revolution
2025-12-22 20:13:08,713 - scraper_base - INFO - ✅ Petlove: 14 produto(s) encontrado(s) para Revolution
2025-12-22 20:13:11,416 - scraper_base - INFO - 📦 [3/20] Processando NexGard
2025-12-22 20:13:11,416 - scraper_base - INFO - 🔍 Petlove: Buscando NexGard
2025-12-22 20:13:12,958 - scraper_base - INFO - ✅ Petlove: 11 produto(s) encontrado(s) para NexGard
2025-12-22 20:13:14,815 - scraper_base - INFO - 📦 [4/20] Processando NexGard Spectra
2025-12-22 20:13:14,815 - scraper_base - INFO - 🔍 Petlove: Buscando NexGard Spectra
2025-12-22 20:13:16,155 - scraper_base - INFO - ✅ Petlove: 5 produto(s) encontrado(s) para NexGard Spectra
2025-12-22 20:13:18,800 - scraper_base - INFO - 📦 [5/20] Processando NexGard Combo
2025-12-22 20:13:18,800 - scraper_base - INFO - 🔍 Petlove: Buscando NexGard Combo
2025-12-22 20:13:20,073 - scraper_base - INFO - ✅ Petlove: 2 produto(s) encontrado(s) para NexGard Combo
2025-12-22 20:13:22,761 - scraper_base - INFO - 📦 [6/20] Processando Bravecto
2025-12-22 20:13:22,761 - scraper_base - INFO - 🔍 Petlove: Buscando Bravecto
2025-12-22 20:13:24,567 - scraper_base - INFO - ✅ Petlove: 23 produto(s) encontrado(s) para Bravecto
2025-12-22 20:13:25,787 - scraper_base - INFO - 📦 [7/20] Processando Frontline
2025-12-22 20:13:25,787 - scraper_base - INFO - 🔍 Petlove: Buscando Frontline
2025-12-22 20:13:27,337 - scraper_base - INFO - ✅ Petlove: 11 produto(s) encontrado(s) para Frontline
2025-12-22 20:13:28,994 - scraper_base - INFO - 📦 [8/20] Processando Advocate
2025-12-22 20:13:28,994 - scraper_base - INFO - 🔍 Petlove: Buscando Advocate
2025-12-22 20:13:30,515 - scraper_base - INFO - ✅ Petlove: 9 produto(s) encontrado(s) para Advocate
2025-12-22 20:13:31,866 - scraper_base - INFO - 📦 [9/20] Processando Drontal
2025-12-22 20:13:31,866 - scraper_base - INFO - 🔍 Petlove: Buscando Drontal
2025-12-22 20:13:33,283 - scraper_base - INFO - ✅ Petlove: 19 produto(s) encontrado(s) para Drontal
2025-12-22 20:13:34,619 - scraper_base - INFO - 📦 [10/20] Processando Milbemax
2025-12-22 20:13:34,619 - scraper_base - INFO - 🔍 Petlove: Buscando Milbemax
2025-12-22 20:13:35,960 - scraper_base - INFO - ✅ Petlove: 4 produto(s) encontrado(s) para Milbemax
2025-12-22 20:13:38,175 - scraper_base - INFO - 📦 [11/20] Processando Vermivet
2025-12-22 20:13:38,176 - scraper_base - INFO - 🔍 Petlove: Buscando Vermivet
2025-12-22 20:13:39,955 - scraper_base - INFO - ✅ Petlove: 36 produto(s) encontrado(s) para Vermivet
2025-12-22 20:13:42,792 - scraper_base - INFO - 📦 [12/20] Processando Rimadyl
2025-12-22 20:13:42,792 - scraper_base - INFO - 🔍 Petlove: Buscando Rimadyl
2025-12-22 20:13:44,582 - scraper_base - INFO - ✅ Petlove: 1 produto(s) encontrado(s) para Rimadyl
2025-12-22 20:13:46,301 - scraper_base - INFO - 📦 [13/20] Processando Onsior
2025-12-22 20:13:46,301 - scraper_base - INFO - 🔍 Petlove: Buscando Onsior
2025-12-22 20:13:47,658 - scraper_base - INFO - ✅ Petlove: 4 produto(s) encontrado(s) para Onsior
2025-12-22 20:13:49,408 - scraper_base - INFO - 📦 [14/20] Processando Maxicam
2025-12-22 20:13:49,408 - scraper_base - INFO - 🔍 Petlove: Buscando Maxicam
2025-12-22 20:13:50,680 - scraper_base - INFO - ✅ Petlove: 4 produto(s) encontrado(s) para Maxicam
2025-12-22 20:13:53,201 - scraper_base - INFO - 📦 [15/20] Processando Carproflan
2025-12-22 20:13:53,201 - scraper_base - INFO - 🔍 Petlove: Buscando Carproflan
2025-12-22 20:13:54,571 - scraper_base - INFO - ✅ Petlove: 4 produto(s) encontrado(s) para Carproflan
2025-12-22 20:13:56,487 - scraper_base - INFO - 📦 [16/20] Processando Previcox
2025-12-22 20:13:56,487 - scraper_base - INFO - 🔍 Petlove: Buscando Previcox
2025-12-22 20:13:57,764 - scraper_base - INFO - ✅ Petlove: 4 produto(s) encontrado(s) para Previcox
2025-12-22 20:13:59,523 - scraper_base - INFO - 📦 [17/20] Processando Apoquel
2025-12-22 20:13:59,524 - scraper_base - INFO - 🔍 Petlove: Buscando Apoquel
2025-12-22 20:14:00,816 - scraper_base - INFO - ✅ Petlove: 16 produto(s) encontrado(s) para Apoquel
2025-12-22 20:14:01,925 - scraper_base - INFO - 📦 [18/20] Processando Zenrelia
2025-12-22 20:14:01,925 - scraper_base - INFO - 🔍 Petlove: Buscando Zenrelia
2025-12-22 20:14:03,301 - scraper_base - INFO - ✅ Petlove: 4 produto(s) encontrado(s) para Zenrelia
2025-12-22 20:14:05,723 - scraper_base - INFO - 📦 [19/20] Processando Synulox
2025-12-22 20:14:05,723 - scraper_base - INFO - 🔍 Petlove: Buscando Synulox
2025-12-22 20:14:07,129 - scraper_base - INFO - ✅ Petlove: 1 produto(s) encontrado(s) para Synulox
2025-12-22 20:14:09,600 - scraper_base - INFO - 📦 [20/20] Processando Baytril
2025-12-22 20:14:09,600 - scraper_base - INFO - 🔍 Petlove: Buscando Baytril
2025-12-22 20:14:11,201 - scraper_base - INFO - ✅ Petlove: 4 produto(s) encontrado(s) para Baytril
2025-12-22 20:14:13,019 - scraper_base - INFO - 📊 Petlove - Estatísticas finais:
2025-12-22 20:14:13,019 - scraper_base - INFO -    • Medicamentos processados: 20
2025-12-22 20:14:13,019 - scraper_base - INFO -    • Produtos encontrados: 191
2025-12-22 20:14:13,019 - scraper_base - INFO -    • Medicamentos sem resultado: 0
2025-12-22 20:14:13,019 - scraper_base - INFO -    • Tempo total: 90.0s
2025-12-22 20:14:13,019 - scraper_base - INFO -    • Tempo médio por medicamento: 4.5s
2025-12-22 20:14:13,053 - gerenciador_arquivos - INFO - Excel salvo: dados_coletados/petlove_20251222_201413.xlsx (191 produtos)
2025-12-22 20:14:13,053 - gerenciador_principal - INFO - Petlove: Arquivo individual salvo com sucesso
2025-12-22 20:14:13,053 - gerenciador_principal - INFO - Pausando entre sites...
2025-12-22 20:14:15,053 - gerenciador_principal - INFO - [3/3] Processando Petz
2025-12-22 20:14:15,054 - scraper_base - INFO - 🚀 Iniciando scraping completo - Petz
2025-12-22 20:14:15,422 - scraper_base - INFO - 📋 20 medicamentos para processar
2025-12-22 20:14:15,422 - scraper_base - INFO - 📦 [1/20] Processando Simparic
2025-12-22 20:14:15,422 - scraper_base - INFO - 🔍 Petz: Buscando Simparic
2025-12-22 20:14:15,655 - scraper_petz - INFO - Petz: Nenhum product-card encontrado para Simparic
2025-12-22 20:14:15,655 - scraper_base - INFO - ⚪ Petz: Nenhum produto encontrado para Simparic
2025-12-22 20:14:17,354 - scraper_base - INFO - 📦 [2/20] Processando Revolution
2025-12-22 20:14:17,355 - scraper_base - INFO - 🔍 Petz: Buscando Revolution
2025-12-22 20:14:17,481 - scraper_petz - INFO - Petz: Nenhum product-card encontrado para Revolution
2025-12-22 20:14:17,481 - scraper_base - INFO - ⚪ Petz: Nenhum produto encontrado para Revolution
2025-12-22 20:14:19,389 - scraper_base - INFO - 📦 [3/20] Processando NexGard
2025-12-22 20:14:19,389 - scraper_base - INFO - 🔍 Petz: Buscando NexGard
2025-12-22 20:14:19,519 - scraper_petz - INFO - Petz: Nenhum product-card encontrado para NexGard
2025-12-22 20:14:19,519 - scraper_base - INFO - ⚪ Petz: Nenhum produto encontrado para NexGard
2025-12-22 20:14:22,002 - scraper_base - INFO - 📦 [4/20] Processando NexGard Spectra
2025-12-22 20:14:22,002 - scraper_base - INFO - 🔍 Petz: Buscando NexGard Spectra
2025-12-22 20:14:22,136 - scraper_petz - INFO - Petz: Nenhum product-card encontrado para NexGard Spectra
2025-12-22 20:14:22,136 - scraper_base - INFO - ⚪ Petz: Nenhum produto encontrado para NexGard Spectra
2025-12-22 20:14:24,849 - scraper_base - INFO - 📦 [5/20] Processando NexGard Combo
2025-12-22 20:14:24,849 - scraper_base - INFO - 🔍 Petz: Buscando NexGard Combo
2025-12-22 20:14:24,975 - scraper_petz - INFO - Petz: Nenhum product-card encontrado para NexGard Combo
2025-12-22 20:14:24,975 - scraper_base - INFO - ⚪ Petz: Nenhum produto encontrado para NexGard Combo
2025-12-22 20:14:27,015 - scraper_base - INFO - 📦 [6/20] Processando Bravecto
2025-12-22 20:14:27,015 - scraper_base - INFO - 🔍 Petz: Buscando Bravecto
2025-12-22 20:14:27,145 - scraper_petz - INFO - Petz: Nenhum product-card encontrado para Bravecto
2025-12-22 20:14:27,145 - scraper_base - INFO - ⚪ Petz: Nenhum produto encontrado para Bravecto
2025-12-22 20:14:28,538 - scraper_base - INFO - 📦 [7/20] Processando Frontline
2025-12-22 20:14:28,538 - scraper_base - INFO - 🔍 Petz: Buscando Frontline
2025-12-22 20:14:28,663 - scraper_petz - INFO - Petz: Nenhum product-card encontrado para Frontline
2025-12-22 20:14:28,663 - scraper_base - INFO - ⚪ Petz: Nenhum produto encontrado para Frontline
2025-12-22 20:14:29,709 - scraper_base - INFO - 📦 [8/20] Processando Advocate
2025-12-22 20:14:29,709 - scraper_base - INFO - 🔍 Petz: Buscando Advocate
2025-12-22 20:14:29,833 - scraper_petz - INFO - Petz: Nenhum product-card encontrado para Advocate
2025-12-22 20:14:29,833 - scraper_base - INFO - ⚪ Petz: Nenhum produto encontrado para Advocate
2025-12-22 20:14:31,214 - scraper_base - INFO - 📦 [9/20] Processando Drontal
2025-12-22 20:14:31,214 - scraper_base - INFO - 🔍 Petz: Buscando Drontal
2025-12-22 20:14:31,338 - scraper_petz - INFO - Petz: Nenhum product-card encontrado para Drontal
2025-12-22 20:14:31,338 - scraper_base - INFO - ⚪ Petz: Nenhum produto encontrado para Drontal
2025-12-22 20:14:33,228 - scraper_base - INFO - 📦 [10/20] Processando Milbemax
2025-12-22 20:14:33,229 - scraper_base - INFO - 🔍 Petz: Buscando Milbemax
2025-12-22 20:14:33,355 - scraper_petz - INFO - Petz: Nenhum product-card encontrado para Milbemax
2025-12-22 20:14:33,355 - scraper_base - INFO - ⚪ Petz: Nenhum produto encontrado para Milbemax
2025-12-22 20:14:36,104 - scraper_base - INFO - 📦 [11/20] Processando Vermivet
2025-12-22 20:14:36,104 - scraper_base - INFO - 🔍 Petz: Buscando Vermivet
2025-12-22 20:14:36,472 - scraper_petz - INFO - Petz: Nenhum product-card encontrado para Vermivet
2025-12-22 20:14:36,472 - scraper_base - INFO - ⚪ Petz: Nenhum produto encontrado para Vermivet
2025-12-22 20:14:37,944 - scraper_base - INFO - 📦 [12/20] Processando Rimadyl
2025-12-22 20:14:37,944 - scraper_base - INFO - 🔍 Petz: Buscando Rimadyl
2025-12-22 20:14:38,066 - scraper_petz - INFO - Petz: Nenhum product-card encontrado para Rimadyl
2025-12-22 20:14:38,066 - scraper_base - INFO - ⚪ Petz: Nenhum produto encontrado para Rimadyl
2025-12-22 20:14:40,614 - scraper_base - INFO - 📦 [13/20] Processando Onsior
2025-12-22 20:14:40,614 - scraper_base - INFO - 🔍 Petz: Buscando Onsior
2025-12-22 20:14:40,744 - scraper_petz - INFO - Petz: Nenhum product-card encontrado para Onsior
2025-12-22 20:14:40,745 - scraper_base - INFO - ⚪ Petz: Nenhum produto encontrado para Onsior
2025-12-22 20:14:42,244 - scraper_base - INFO - 📦 [14/20] Processando Maxicam
2025-12-22 20:14:42,244 - scraper_base - INFO - 🔍 Petz: Buscando Maxicam
2025-12-22 20:14:42,372 - scraper_petz - INFO - Petz: Nenhum product-card encontrado para Maxicam
2025-12-22 20:14:42,372 - scraper_base - INFO - ⚪ Petz: Nenhum produto encontrado para Maxicam
2025-12-22 20:14:43,770 - scraper_base - INFO - 📦 [15/20] Processando Carproflan
2025-12-22 20:14:43,770 - scraper_base - INFO - 🔍 Petz: Buscando Carproflan
2025-12-22 20:14:43,895 - scraper_petz - INFO - Petz: Nenhum product-card encontrado para Carproflan
2025-12-22 20:14:43,895 - scraper_base - INFO - ⚪ Petz: Nenhum produto encontrado para Carproflan
2025-12-22 20:14:45,525 - scraper_base - INFO - 📦 [16/20] Processando Previcox
2025-12-22 20:14:45,525 - scraper_base - INFO - 🔍 Petz: Buscando Previcox
2025-12-22 20:14:45,654 - scraper_petz - INFO - Petz: Nenhum product-card encontrado para Previcox
2025-12-22 20:14:45,654 - scraper_base - INFO - ⚪ Petz: Nenhum produto encontrado para Previcox
2025-12-22 20:14:48,364 - scraper_base - INFO - 📦 [17/20] Processando Apoquel
2025-12-22 20:14:48,364 - scraper_base - INFO - 🔍 Petz: Buscando Apoquel
2025-12-22 20:14:48,487 - scraper_petz - INFO - Petz: Nenhum product-card encontrado para Apoquel
2025-12-22 20:14:48,487 - scraper_base - INFO - ⚪ Petz: Nenhum produto encontrado para Apoquel
2025-12-22 20:14:50,029 - scraper_base - INFO - 📦 [18/20] Processando Zenrelia
2025-12-22 20:14:50,030 - scraper_base - INFO - 🔍 Petz: Buscando Zenrelia
2025-12-22 20:14:50,154 - scraper_petz - INFO - Petz: Nenhum product-card encontrado para Zenrelia
2025-12-22 20:14:50,154 - scraper_base - INFO - ⚪ Petz: Nenhum produto encontrado para Zenrelia
2025-12-22 20:14:52,360 - scraper_base - INFO - 📦 [19/20] Processando Synulox
2025-12-22 20:14:52,360 - scraper_base - INFO - 🔍 Petz: Buscando Synulox
2025-12-22 20:14:52,495 - scraper_petz - INFO - Petz: Nenhum product-card encontrado para Synulox
2025-12-22 20:14:52,495 - scraper_base - INFO - ⚪ Petz: Nenhum produto encontrado para Synulox
2025-12-22 20:14:55,177 - scraper_base - INFO - 📦 [20/20] Processando Baytril
2025-12-22 20:14:55,177 - scraper_base - INFO - 🔍 Petz: Buscando Baytril
2025-12-22 20:14:55,300 - scraper_petz - INFO - Petz: Nenhum product-card encontrado para Baytril
2025-12-22 20:14:55,300 - scraper_base - INFO - ⚪ Petz: Nenhum produto encontrado para Baytril
2025-12-22 20:14:57,855 - scraper_base - INFO - 📊 Petz - Estatísticas finais:
2025-12-22 20:14:57,855 - scraper_base - INFO -    • Medicamentos processados: 20
2025-12-22 20:14:57,855 - scraper_base - INFO -    • Produtos encontrados: 0
2025-12-22 20:14:57,855 - scraper_base - INFO -    • Medicamentos sem resultado: 20
2025-12-22 20:14:57,855 - scraper_base - INFO -    • Tempo total: 42.8s
2025-12-22 20:14:57,855 - scraper_base - INFO -    • Tempo médio por medicamento: 2.1s
2025-12-22 20:14:57,855 - gerenciador_principal - WARNING - Petz: Nenhum produto coletado
2025-12-22 20:14:57,855 - gerenciador_principal - INFO - Gerando relatório consolidado...
2025-12-22 20:14:57,968 - gerenciador_arquivos - INFO - Relatório consolidado salvo: dados_relatorios/relatorio_consolidado_20251222_201457.xlsx
2025-12-22 20:14:58,048 - gerenciador_conexoes - INFO - Chrome fechado
2025-12-22 20:14:58,048 - gerenciador_conexoes - INFO - Métodos utilizados - Requests: 33.3%, Selenium: 66.7%, Falhas: 0.0%
2025-12-22 20:14:58,048 - gerenciador_principal - INFO - ============================================================
2025-12-22 20:14:58,048 - gerenciador_principal - INFO - RELATORIO FINAL DE EXECUÇÃO
2025-12-22 20:14:58,048 - gerenciador_principal - INFO - ============================================================
2025-12-22 20:14:58,048 - gerenciador_principal - INFO - Sites processados: 3
2025-12-22 20:14:58,048 - gerenciador_principal - INFO - Sites com sucesso: 2
2025-12-22 20:14:58,048 - gerenciador_principal - INFO - Total de produtos coletados: 357
2025-12-22 20:14:58,048 - gerenciador_principal - WARNING - Sites com falhas: Petz
2025-12-22 20:14:58,048 - gerenciador_principal - INFO - Tempo total de execução: 229.1 segundos
2025-12-22 20:14:58,049 - gerenciador_principal - INFO - Estatísticas de conexão:
2025-12-22 20:14:58,049 - gerenciador_principal - INFO -   - Requests bem-sucedidos: 33.3%
2025-12-22 20:14:58,049 - gerenciador_principal - INFO -   - Selenium fallback: 66.7%
2025-12-22 20:14:58,049 - gerenciador_principal - INFO -   - Falhas totais: 0.0%
2025-12-22 20:14:58,050 - gerenciador_principal - INFO - Arquivos salvos na pasta: dados_coletados
2025-12-22 20:14:58,050 - gerenciador_principal - INFO - Total de arquivos: 241
2025-12-22 20:14:58,050 - gerenciador_principal - INFO - ============================================================
