2025-12-25 20:11:16,314 - configurador_logs - INFO - Sistema de logs configurado com sucesso
2025-12-25 20:11:16,314 - configurador_logs - INFO - 🚀 Logs configurados para MODO PRODUÇÃO
2025-12-25 20:11:16,315 - gerenciador_principal - INFO - Inicializando sistema - Modo: PRODUCAO
2025-12-25 20:11:16,315 - gerenciador_arquivos - INFO - Pasta dados_coletados preparada
2025-12-25 20:11:16,315 - gerenciador_principal - INFO - Sistema inicializado com 3 scrapers
2025-12-25 20:11:16,315 - gerenciador_principal - INFO - ============================================================
2025-12-25 20:11:16,315 - gerenciador_principal - INFO - INICIANDO SCRAPING COMPLETO - PRODUCAO
2025-12-25 20:11:16,315 - gerenciador_principal - INFO - ============================================================
2025-12-25 20:11:16,315 - gerenciador_principal - INFO - [1/3] Processando Cobasi
2025-12-25 20:11:16,315 - scraper_base - INFO - 🚀 Iniciando scraping completo - Cobasi
2025-12-25 20:11:16,859 - gerenciador_conexoes - INFO - Sessao estabelecida com cobasi.com.br
2025-12-25 20:11:16,859 - scraper_base - INFO - 📋 20 medicamentos para processar
2025-12-25 20:11:16,859 - scraper_base - INFO - 📦 [1/20] Processando Simparic
2025-12-25 20:11:16,859 - scraper_base - INFO - 🔍 Cobasi: Buscando Simparic
2025-12-25 20:11:19,440 - scraper_cobasi - INFO - Cobasi: Dados extraídos via JSON para Simparic
2025-12-25 20:11:19,440 - scraper_base - INFO - ✅ Cobasi: 12 produto(s) encontrado(s) para Simparic
2025-12-25 20:11:22,266 - scraper_base - INFO - 📦 [2/20] Processando Revolution
2025-12-25 20:11:22,266 - scraper_base - INFO - 🔍 Cobasi: Buscando Revolution
2025-12-25 20:11:25,158 - scraper_cobasi - INFO - Cobasi: Dados extraídos via JSON para Revolution
2025-12-25 20:11:25,158 - scraper_base - INFO - ✅ Cobasi: 18 produto(s) encontrado(s) para Revolution
2025-12-25 20:11:27,892 - scraper_base - INFO - 📦 [3/20] Processando NexGard
2025-12-25 20:11:27,892 - scraper_base - INFO - 🔍 Cobasi: Buscando NexGard
2025-12-25 20:11:30,816 - scraper_cobasi - INFO - Cobasi: Dados extraídos via JSON para NexGard
2025-12-25 20:11:30,816 - scraper_base - INFO - ✅ Cobasi: 22 produto(s) encontrado(s) para NexGard
2025-12-25 20:11:33,013 - scraper_base - INFO - 📦 [4/20] Processando NexGard Spectra
2025-12-25 20:11:33,013 - scraper_base - INFO - 🔍 Cobasi: Buscando NexGard Spectra
2025-12-25 20:11:35,113 - scraper_cobasi - INFO - Cobasi: Dados extraídos via JSON para NexGard Spectra
2025-12-25 20:11:35,114 - scraper_base - INFO - ✅ Cobasi: 10 produto(s) encontrado(s) para NexGard Spectra
2025-12-25 20:11:36,404 - scraper_base - INFO - 📦 [5/20] Processando NexGard Combo
2025-12-25 20:11:36,404 - scraper_base - INFO - 🔍 Cobasi: Buscando NexGard Combo
2025-12-25 20:11:36,907 - scraper_cobasi - INFO - Cobasi: Dados extraídos via JSON para NexGard Combo
2025-12-25 20:11:36,907 - scraper_base - INFO - ✅ Cobasi: 4 produto(s) encontrado(s) para NexGard Combo
2025-12-25 20:11:39,650 - scraper_base - INFO - 📦 [6/20] Processando Bravecto
2025-12-25 20:11:39,650 - scraper_base - INFO - 🔍 Cobasi: Buscando Bravecto
2025-12-25 20:11:41,089 - scraper_cobasi - INFO - Cobasi: Dados extraídos via JSON para Bravecto
2025-12-25 20:11:41,089 - scraper_base - INFO - ✅ Cobasi: 16 produto(s) encontrado(s) para Bravecto
2025-12-25 20:11:43,037 - scraper_base - INFO - 📦 [7/20] Processando Frontline
2025-12-25 20:11:43,037 - scraper_base - INFO - 🔍 Cobasi: Buscando Frontline
2025-12-25 20:11:45,767 - scraper_cobasi - INFO - Cobasi: Dados extraídos via JSON para Frontline
2025-12-25 20:11:45,767 - scraper_base - INFO - ✅ Cobasi: 10 produto(s) encontrado(s) para Frontline
2025-12-25 20:11:48,053 - scraper_base - INFO - 📦 [8/20] Processando Advocate
2025-12-25 20:11:48,054 - scraper_base - INFO - 🔍 Cobasi: Buscando Advocate
2025-12-25 20:11:50,197 - scraper_cobasi - INFO - Cobasi: Dados extraídos via JSON para Advocate
2025-12-25 20:11:50,197 - scraper_base - INFO - ✅ Cobasi: 12 produto(s) encontrado(s) para Advocate
2025-12-25 20:11:53,196 - scraper_base - INFO - 📦 [9/20] Processando Drontal
2025-12-25 20:11:53,196 - scraper_base - INFO - 🔍 Cobasi: Buscando Drontal
2025-12-25 20:11:55,814 - scraper_cobasi - INFO - Cobasi: Dados extraídos via JSON para Drontal
2025-12-25 20:11:55,814 - scraper_base - INFO - ✅ Cobasi: 8 produto(s) encontrado(s) para Drontal
2025-12-25 20:11:58,279 - scraper_base - INFO - 📦 [10/20] Processando Milbemax
2025-12-25 20:11:58,279 - scraper_base - INFO - 🔍 Cobasi: Buscando Milbemax
2025-12-25 20:12:00,149 - scraper_cobasi - INFO - Cobasi: Dados extraídos via JSON para Milbemax
2025-12-25 20:12:00,149 - scraper_base - INFO - ✅ Cobasi: 4 produto(s) encontrado(s) para Milbemax
2025-12-25 20:12:02,457 - scraper_base - INFO - 📦 [11/20] Processando Vermivet
2025-12-25 20:12:02,457 - scraper_base - INFO - 🔍 Cobasi: Buscando Vermivet
2025-12-25 20:12:04,608 - scraper_cobasi - INFO - Cobasi: Dados extraídos via JSON para Vermivet
2025-12-25 20:12:04,608 - scraper_base - INFO - ✅ Cobasi: 5 produto(s) encontrado(s) para Vermivet
2025-12-25 20:12:06,545 - scraper_base - INFO - 📦 [12/20] Processando Rimadyl
2025-12-25 20:12:06,545 - scraper_base - INFO - 🔍 Cobasi: Buscando Rimadyl
2025-12-25 20:12:08,084 - scraper_cobasi - INFO - Cobasi: Dados extraídos via JSON para Rimadyl
2025-12-25 20:12:08,084 - scraper_base - INFO - ✅ Cobasi: 3 produto(s) encontrado(s) para Rimadyl
2025-12-25 20:12:10,487 - scraper_base - INFO - 📦 [13/20] Processando Onsior
2025-12-25 20:12:10,487 - scraper_base - INFO - 🔍 Cobasi: Buscando Onsior
2025-12-25 20:12:12,514 - scraper_cobasi - INFO - Cobasi: Dados extraídos via JSON para Onsior
2025-12-25 20:12:12,514 - scraper_base - INFO - ✅ Cobasi: 4 produto(s) encontrado(s) para Onsior
2025-12-25 20:12:15,306 - scraper_base - INFO - 📦 [14/20] Processando Maxicam
2025-12-25 20:12:15,306 - scraper_base - INFO - 🔍 Cobasi: Buscando Maxicam
2025-12-25 20:12:19,154 - scraper_cobasi - INFO - Cobasi: Dados extraídos via JSON para Maxicam
2025-12-25 20:12:19,154 - scraper_base - INFO - ✅ Cobasi: 20 produto(s) encontrado(s) para Maxicam
2025-12-25 20:12:21,085 - scraper_base - INFO - 📦 [15/20] Processando Carproflan
2025-12-25 20:12:21,085 - scraper_base - INFO - 🔍 Cobasi: Buscando Carproflan
2025-12-25 20:12:23,030 - scraper_cobasi - INFO - Cobasi: Dados extraídos via JSON para Carproflan
2025-12-25 20:12:23,030 - scraper_base - INFO - ✅ Cobasi: 3 produto(s) encontrado(s) para Carproflan
2025-12-25 20:12:24,447 - scraper_base - INFO - 📦 [16/20] Processando Previcox
2025-12-25 20:12:24,448 - scraper_base - INFO - 🔍 Cobasi: Buscando Previcox
2025-12-25 20:12:27,286 - scraper_cobasi - INFO - Cobasi: Dados extraídos via JSON para Previcox
2025-12-25 20:12:27,286 - scraper_base - INFO - ✅ Cobasi: 2 produto(s) encontrado(s) para Previcox
2025-12-25 20:12:28,995 - scraper_base - INFO - 📦 [17/20] Processando Apoquel
2025-12-25 20:12:28,995 - scraper_base - INFO - 🔍 Cobasi: Buscando Apoquel
2025-12-25 20:12:30,993 - scraper_cobasi - INFO - Cobasi: Dados extraídos via JSON para Apoquel
2025-12-25 20:12:30,993 - scraper_base - INFO - ✅ Cobasi: 3 produto(s) encontrado(s) para Apoquel
2025-12-25 20:12:33,982 - scraper_base - INFO - 📦 [18/20] Processando Zenrelia
2025-12-25 20:12:33,982 - scraper_base - INFO - 🔍 Cobasi: Buscando Zenrelia
2025-12-25 20:12:36,488 - scraper_cobasi - INFO - Cobasi: Dados extraídos via JSON para Zenrelia
2025-12-25 20:12:36,489 - scraper_base - INFO - ✅ Cobasi: 4 produto(s) encontrado(s) para Zenrelia
2025-12-25 20:12:37,840 - scraper_base - INFO - 📦 [19/20] Processando Synulox
2025-12-25 20:12:37,840 - scraper_base - INFO - 🔍 Cobasi: Buscando Synulox
2025-12-25 20:12:39,712 - scraper_cobasi - INFO - Cobasi: Dados extraídos via JSON para Synulox
2025-12-25 20:12:39,712 - scraper_base - INFO - ✅ Cobasi: 2 produto(s) encontrado(s) para Synulox
2025-12-25 20:12:40,832 - scraper_base - INFO - 📦 [20/20] Processando Baytril
2025-12-25 20:12:40,832 - scraper_base - INFO - 🔍 Cobasi: Buscando Baytril
2025-12-25 20:12:42,731 - scraper_cobasi - INFO - Cobasi: Dados extraídos via JSON para Baytril
2025-12-25 20:12:42,731 - scraper_base - INFO - ✅ Cobasi: 4 produto(s) encontrado(s) para Baytril
2025-12-25 20:12:45,511 - scraper_base - INFO - 📊 Cobasi - Estatísticas finais:
2025-12-25 20:12:45,511 - scraper_base - INFO -    • Medicamentos processados: 20
2025-12-25 20:12:45,511 - scraper_base - INFO -    • Produtos encontrados: 166
2025-12-25 20:12:45,511 - scraper_base - INFO -    • Medicamentos sem resultado: 0
2025-12-25 20:12:45,511 - scraper_base - INFO -    • Tempo total: 89.2s
2025-12-25 20:12:45,511 - scraper_base - INFO -    • Tempo médio por medicamento: 4.5s
2025-12-25 20:12:45,652 - gerenciador_arquivos - INFO - Excel salvo: dados_coletados/cobasi_20251225_201245.xlsx (166 produtos)
2025-12-25 20:12:45,652 - gerenciador_principal - INFO - Cobasi: Arquivo individual salvo com sucesso
2025-12-25 20:12:45,652 - gerenciador_principal - INFO - Pausando entre sites...
2025-12-25 20:12:47,653 - gerenciador_principal - INFO - [2/3] Processando Petlove
2025-12-25 20:12:47,653 - scraper_base - INFO - 🚀 Iniciando scraping completo - Petlove
2025-12-25 20:12:47,935 - scraper_base - INFO - 📋 20 medicamentos para processar
2025-12-25 20:12:47,935 - scraper_base - INFO - 📦 [1/20] Processando Simparic
2025-12-25 20:12:47,935 - scraper_base - INFO - 🔍 Petlove: Buscando Simparic
2025-12-25 20:12:54,225 - gerenciador_conexoes - INFO - Chrome inicializado com otimizacoes de velocidade
2025-12-25 20:12:57,104 - scraper_base - INFO - ✅ Petlove: 15 produto(s) encontrado(s) para Simparic
2025-12-25 20:12:58,534 - scraper_base - INFO - 📦 [2/20] Processando Revolution
2025-12-25 20:12:58,534 - scraper_base - INFO - 🔍 Petlove: Buscando Revolution
2025-12-25 20:13:00,119 - scraper_base - INFO - ✅ Petlove: 14 produto(s) encontrado(s) para Revolution
2025-12-25 20:13:02,281 - scraper_base - INFO - 📦 [3/20] Processando NexGard
2025-12-25 20:13:02,281 - scraper_base - INFO - 🔍 Petlove: Buscando NexGard
2025-12-25 20:13:03,841 - scraper_base - INFO - ✅ Petlove: 11 produto(s) encontrado(s) para NexGard
2025-12-25 20:13:06,527 - scraper_base - INFO - 📦 [4/20] Processando NexGard Spectra
2025-12-25 20:13:06,528 - scraper_base - INFO - 🔍 Petlove: Buscando NexGard Spectra
2025-12-25 20:13:07,797 - scraper_base - INFO - ✅ Petlove: 5 produto(s) encontrado(s) para NexGard Spectra
2025-12-25 20:13:10,738 - scraper_base - INFO - 📦 [5/20] Processando NexGard Combo
2025-12-25 20:13:10,738 - scraper_base - INFO - 🔍 Petlove: Buscando NexGard Combo
2025-12-25 20:13:11,886 - scraper_base - INFO - ✅ Petlove: 2 produto(s) encontrado(s) para NexGard Combo
2025-12-25 20:13:14,672 - scraper_base - INFO - 📦 [6/20] Processando Bravecto
2025-12-25 20:13:14,672 - scraper_base - INFO - 🔍 Petlove: Buscando Bravecto
2025-12-25 20:13:16,357 - scraper_base - INFO - ✅ Petlove: 23 produto(s) encontrado(s) para Bravecto
2025-12-25 20:13:19,104 - scraper_base - INFO - 📦 [7/20] Processando Frontline
2025-12-25 20:13:19,104 - scraper_base - INFO - 🔍 Petlove: Buscando Frontline
2025-12-25 20:13:21,395 - scraper_base - INFO - ✅ Petlove: 11 produto(s) encontrado(s) para Frontline
2025-12-25 20:13:23,406 - scraper_base - INFO - 📦 [8/20] Processando Advocate
2025-12-25 20:13:23,406 - scraper_base - INFO - 🔍 Petlove: Buscando Advocate
2025-12-25 20:13:25,119 - scraper_base - INFO - ✅ Petlove: 9 produto(s) encontrado(s) para Advocate
2025-12-25 20:13:27,625 - scraper_base - INFO - 📦 [9/20] Processando Drontal
2025-12-25 20:13:27,626 - scraper_base - INFO - 🔍 Petlove: Buscando Drontal
2025-12-25 20:13:29,827 - scraper_base - INFO - ✅ Petlove: 19 produto(s) encontrado(s) para Drontal
2025-12-25 20:13:31,927 - scraper_base - INFO - 📦 [10/20] Processando Milbemax
2025-12-25 20:13:31,927 - scraper_base - INFO - 🔍 Petlove: Buscando Milbemax
2025-12-25 20:13:33,410 - scraper_base - INFO - ✅ Petlove: 4 produto(s) encontrado(s) para Milbemax
2025-12-25 20:13:35,254 - scraper_base - INFO - 📦 [11/20] Processando Vermivet
2025-12-25 20:13:35,254 - scraper_base - INFO - 🔍 Petlove: Buscando Vermivet
2025-12-25 20:13:37,072 - scraper_base - INFO - ✅ Petlove: 36 produto(s) encontrado(s) para Vermivet
2025-12-25 20:13:39,409 - scraper_base - INFO - 📦 [12/20] Processando Rimadyl
2025-12-25 20:13:39,409 - scraper_base - INFO - 🔍 Petlove: Buscando Rimadyl
2025-12-25 20:13:41,643 - scraper_base - INFO - ✅ Petlove: 1 produto(s) encontrado(s) para Rimadyl
2025-12-25 20:13:42,812 - scraper_base - INFO - 📦 [13/20] Processando Onsior
2025-12-25 20:13:42,812 - scraper_base - INFO - 🔍 Petlove: Buscando Onsior
2025-12-25 20:13:44,260 - scraper_base - INFO - ✅ Petlove: 4 produto(s) encontrado(s) para Onsior
2025-12-25 20:13:46,856 - scraper_base - INFO - 📦 [14/20] Processando Maxicam
2025-12-25 20:13:46,856 - scraper_base - INFO - 🔍 Petlove: Buscando Maxicam
2025-12-25 20:13:48,308 - scraper_base - INFO - ✅ Petlove: 4 produto(s) encontrado(s) para Maxicam
2025-12-25 20:13:49,822 - scraper_base - INFO - 📦 [15/20] Processando Carproflan
2025-12-25 20:13:49,822 - scraper_base - INFO - 🔍 Petlove: Buscando Carproflan
2025-12-25 20:13:51,401 - scraper_base - INFO - ✅ Petlove: 4 produto(s) encontrado(s) para Carproflan
2025-12-25 20:13:54,253 - scraper_base - INFO - 📦 [16/20] Processando Previcox
2025-12-25 20:13:54,254 - scraper_base - INFO - 🔍 Petlove: Buscando Previcox
2025-12-25 20:13:56,395 - scraper_base - INFO - ✅ Petlove: 4 produto(s) encontrado(s) para Previcox
2025-12-25 20:13:58,646 - scraper_base - INFO - 📦 [17/20] Processando Apoquel
2025-12-25 20:13:58,647 - scraper_base - INFO - 🔍 Petlove: Buscando Apoquel
2025-12-25 20:14:00,488 - scraper_base - INFO - ✅ Petlove: 16 produto(s) encontrado(s) para Apoquel
2025-12-25 20:14:02,121 - scraper_base - INFO - 📦 [18/20] Processando Zenrelia
2025-12-25 20:14:02,122 - scraper_base - INFO - 🔍 Petlove: Buscando Zenrelia
2025-12-25 20:14:03,281 - scraper_base - INFO - ✅ Petlove: 4 produto(s) encontrado(s) para Zenrelia
2025-12-25 20:14:05,726 - scraper_base - INFO - 📦 [19/20] Processando Synulox
2025-12-25 20:14:05,726 - scraper_base - INFO - 🔍 Petlove: Buscando Synulox
2025-12-25 20:14:07,231 - scraper_base - INFO - ✅ Petlove: 1 produto(s) encontrado(s) para Synulox
2025-12-25 20:14:09,006 - scraper_base - INFO - 📦 [20/20] Processando Baytril
2025-12-25 20:14:09,006 - scraper_base - INFO - 🔍 Petlove: Buscando Baytril
2025-12-25 20:14:10,596 - scraper_base - INFO - ✅ Petlove: 4 produto(s) encontrado(s) para Baytril
2025-12-25 20:14:11,783 - scraper_base - INFO - 📊 Petlove - Estatísticas finais:
2025-12-25 20:14:11,783 - scraper_base - INFO -    • Medicamentos processados: 20
2025-12-25 20:14:11,783 - scraper_base - INFO -    • Produtos encontrados: 191
2025-12-25 20:14:11,784 - scraper_base - INFO -    • Medicamentos sem resultado: 0
2025-12-25 20:14:11,784 - scraper_base - INFO -    • Tempo total: 84.1s
2025-12-25 20:14:11,784 - scraper_base - INFO -    • Tempo médio por medicamento: 4.2s
2025-12-25 20:14:11,821 - gerenciador_arquivos - INFO - Excel salvo: dados_coletados/petlove_20251225_201411.xlsx (191 produtos)
2025-12-25 20:14:11,821 - gerenciador_principal - INFO - Petlove: Arquivo individual salvo com sucesso
2025-12-25 20:14:11,821 - gerenciador_principal - INFO - Pausando entre sites...
2025-12-25 20:14:13,821 - gerenciador_principal - INFO - [3/3] Processando Petz
2025-12-25 20:14:13,822 - scraper_base - INFO - 🚀 Iniciando scraping completo - Petz
2025-12-25 20:14:14,212 - scraper_base - INFO - 📋 20 medicamentos para processar
2025-12-25 20:14:14,212 - scraper_base - INFO - 📦 [1/20] Processando Simparic
2025-12-25 20:14:14,212 - scraper_base - INFO - 🔍 Petz: Buscando Simparic
2025-12-25 20:14:19,766 - scraper_base - INFO - ✅ Petz: 12 produto(s) encontrado(s) para Simparic
2025-12-25 20:14:21,272 - scraper_base - INFO - 📦 [2/20] Processando Revolution
2025-12-25 20:14:21,272 - scraper_base - INFO - 🔍 Petz: Buscando Revolution
2025-12-25 20:14:42,972 - scraper_base - INFO - ✅ Petz: 26 produto(s) encontrado(s) para Revolution
2025-12-25 20:14:44,284 - scraper_base - INFO - 📦 [3/20] Processando NexGard
2025-12-25 20:14:44,284 - scraper_base - INFO - 🔍 Petz: Buscando NexGard
2025-12-25 20:14:46,902 - scraper_base - INFO - ✅ Petz: 22 produto(s) encontrado(s) para NexGard
2025-12-25 20:14:49,267 - scraper_base - INFO - 📦 [4/20] Processando NexGard Spectra
2025-12-25 20:14:49,268 - scraper_base - INFO - 🔍 Petz: Buscando NexGard Spectra
2025-12-25 20:14:51,381 - scraper_base - INFO - ✅ Petz: 10 produto(s) encontrado(s) para NexGard Spectra
2025-12-25 20:14:53,972 - scraper_base - INFO - 📦 [5/20] Processando NexGard Combo
2025-12-25 20:14:53,973 - scraper_base - INFO - 🔍 Petz: Buscando NexGard Combo
2025-12-25 20:14:55,683 - scraper_base - INFO - ✅ Petz: 4 produto(s) encontrado(s) para NexGard Combo
2025-12-25 20:14:57,160 - scraper_base - INFO - 📦 [6/20] Processando Bravecto
2025-12-25 20:14:57,160 - scraper_base - INFO - 🔍 Petz: Buscando Bravecto
2025-12-25 20:14:59,509 - scraper_base - INFO - ✅ Petz: 16 produto(s) encontrado(s) para Bravecto
2025-12-25 20:15:01,419 - scraper_base - INFO - 📦 [7/20] Processando Frontline
2025-12-25 20:15:01,419 - scraper_base - INFO - 🔍 Petz: Buscando Frontline
2025-12-25 20:15:03,509 - scraper_base - INFO - ✅ Petz: 11 produto(s) encontrado(s) para Frontline
2025-12-25 20:15:05,097 - scraper_base - INFO - 📦 [8/20] Processando Advocate
2025-12-25 20:15:05,097 - scraper_base - INFO - 🔍 Petz: Buscando Advocate
2025-12-25 20:15:06,874 - scraper_base - INFO - ✅ Petz: 12 produto(s) encontrado(s) para Advocate
2025-12-25 20:15:08,098 - scraper_base - INFO - 📦 [9/20] Processando Drontal
2025-12-25 20:15:08,098 - scraper_base - INFO - 🔍 Petz: Buscando Drontal
2025-12-25 20:15:10,738 - scraper_base - INFO - ✅ Petz: 28 produto(s) encontrado(s) para Drontal
2025-12-25 20:15:12,556 - scraper_base - INFO - 📦 [10/20] Processando Milbemax
2025-12-25 20:15:12,556 - scraper_base - INFO - 🔍 Petz: Buscando Milbemax
2025-12-25 20:15:14,342 - scraper_base - INFO - ✅ Petz: 4 produto(s) encontrado(s) para Milbemax
2025-12-25 20:15:15,390 - scraper_base - INFO - 📦 [11/20] Processando Vermivet
2025-12-25 20:15:15,390 - scraper_base - INFO - 🔍 Petz: Buscando Vermivet
2025-12-25 20:15:17,437 - scraper_base - INFO - ✅ Petz: 5 produto(s) encontrado(s) para Vermivet
2025-12-25 20:15:18,512 - scraper_base - INFO - 📦 [12/20] Processando Rimadyl
2025-12-25 20:15:18,512 - scraper_base - INFO - 🔍 Petz: Buscando Rimadyl
2025-12-25 20:15:21,856 - scraper_base - INFO - ✅ Petz: 3 produto(s) encontrado(s) para Rimadyl
2025-12-25 20:15:24,378 - scraper_base - INFO - 📦 [13/20] Processando Onsior
2025-12-25 20:15:24,378 - scraper_base - INFO - 🔍 Petz: Buscando Onsior
2025-12-25 20:15:26,137 - scraper_base - INFO - ✅ Petz: 4 produto(s) encontrado(s) para Onsior
2025-12-25 20:15:27,639 - scraper_base - INFO - 📦 [14/20] Processando Maxicam
2025-12-25 20:15:27,640 - scraper_base - INFO - 🔍 Petz: Buscando Maxicam
2025-12-25 20:15:30,021 - scraper_base - INFO - ✅ Petz: 31 produto(s) encontrado(s) para Maxicam
2025-12-25 20:15:32,278 - scraper_base - INFO - 📦 [15/20] Processando Carproflan
2025-12-25 20:15:32,278 - scraper_base - INFO - 🔍 Petz: Buscando Carproflan
2025-12-25 20:15:33,996 - scraper_base - INFO - ✅ Petz: 3 produto(s) encontrado(s) para Carproflan
2025-12-25 20:15:35,899 - scraper_base - INFO - 📦 [16/20] Processando Previcox
2025-12-25 20:15:35,899 - scraper_base - INFO - 🔍 Petz: Buscando Previcox
2025-12-25 20:15:37,414 - scraper_base - INFO - ✅ Petz: 2 produto(s) encontrado(s) para Previcox
2025-12-25 20:15:38,554 - scraper_base - INFO - 📦 [17/20] Processando Apoquel
2025-12-25 20:15:38,554 - scraper_base - INFO - 🔍 Petz: Buscando Apoquel
2025-12-25 20:15:40,201 - scraper_base - INFO - ✅ Petz: 3 produto(s) encontrado(s) para Apoquel
2025-12-25 20:15:41,454 - scraper_base - INFO - 📦 [18/20] Processando Zenrelia
2025-12-25 20:15:41,454 - scraper_base - INFO - 🔍 Petz: Buscando Zenrelia
2025-12-25 20:15:43,158 - scraper_base - INFO - ✅ Petz: 4 produto(s) encontrado(s) para Zenrelia
2025-12-25 20:15:44,347 - scraper_base - INFO - 📦 [19/20] Processando Synulox
2025-12-25 20:15:44,347 - scraper_base - INFO - 🔍 Petz: Buscando Synulox
2025-12-25 20:15:45,999 - scraper_base - INFO - ✅ Petz: 2 produto(s) encontrado(s) para Synulox
2025-12-25 20:15:48,488 - scraper_base - INFO - 📦 [20/20] Processando Baytril
2025-12-25 20:15:48,489 - scraper_base - INFO - 🔍 Petz: Buscando Baytril
2025-12-25 20:15:50,266 - scraper_base - INFO - ✅ Petz: 10 produto(s) encontrado(s) para Baytril
2025-12-25 20:15:52,888 - scraper_base - INFO - 📊 Petz - Estatísticas finais:
2025-12-25 20:15:52,888 - scraper_base - INFO -    • Medicamentos processados: 20
2025-12-25 20:15:52,888 - scraper_base - INFO -    • Produtos encontrados: 212
2025-12-25 20:15:52,888 - scraper_base - INFO -    • Medicamentos sem resultado: 0
2025-12-25 20:15:52,888 - scraper_base - INFO -    • Tempo total: 99.1s
2025-12-25 20:15:52,888 - scraper_base - INFO -    • Tempo médio por medicamento: 5.0s
2025-12-25 20:15:52,931 - gerenciador_arquivos - INFO - Excel salvo: dados_coletados/petz_20251225_201552.xlsx (212 produtos)
2025-12-25 20:15:52,931 - gerenciador_principal - INFO - Petz: Arquivo individual salvo com sucesso
2025-12-25 20:15:52,931 - gerenciador_principal - INFO - Gerando relatório consolidado...
2025-12-25 20:15:53,174 - gerenciador_arquivos - INFO - Relatório consolidado salvo: dados_relatorios/relatorio_consolidado_20251225_201552.xlsx
2025-12-25 20:15:53,299 - gerenciador_conexoes - INFO - Chrome fechado
2025-12-25 20:15:53,299 - gerenciador_conexoes - INFO - Métodos utilizados - Requests: 33.3%, Selenium: 66.7%, Falhas: 0.0%
2025-12-25 20:15:53,299 - gerenciador_principal - INFO - ============================================================
2025-12-25 20:15:53,299 - gerenciador_principal - INFO - RELATORIO FINAL DE EXECUÇÃO
2025-12-25 20:15:53,300 - gerenciador_principal - INFO - ============================================================
2025-12-25 20:15:53,300 - gerenciador_principal - INFO - Sites processados: 3
2025-12-25 20:15:53,300 - gerenciador_principal - INFO - Sites com sucesso: 3
2025-12-25 20:15:53,300 - gerenciador_principal - INFO - Total de produtos coletados: 569
2025-12-25 20:15:53,300 - gerenciador_principal - INFO - Tempo total de execução: 276.6 segundos
2025-12-25 20:15:53,300 - gerenciador_principal - INFO - Estatísticas de conexão:
2025-12-25 20:15:53,300 - gerenciador_principal - INFO -   - Requests bem-sucedidos: 33.3%
2025-12-25 20:15:53,300 - gerenciador_principal - INFO -   - Selenium fallback: 66.7%
2025-12-25 20:15:53,300 - gerenciador_principal - INFO -   - Falhas totais: 0.0%
2025-12-25 20:15:53,301 - gerenciador_principal - INFO - Arquivos salvos na pasta: dados_coletados
2025-12-25 20:15:53,301 - gerenciador_principal - INFO - Total de arquivos: 250
2025-12-25 20:15:53,301 - gerenciador_principal - INFO - ============================================================
