2026-01-24 20:10:22,163 - configurador_logs - INFO - Sistema de logs configurado com sucesso
2026-01-24 20:10:22,163 - configurador_logs - INFO - 🚀 Logs configurados para MODO PRODUÇÃO
2026-01-24 20:10:22,163 - gerenciador_principal - INFO - Inicializando sistema - Modo: PRODUCAO
2026-01-24 20:10:22,163 - gerenciador_arquivos - INFO - Pasta dados_coletados preparada
2026-01-24 20:10:22,164 - gerenciador_principal - INFO - Sistema inicializado com 3 scrapers
2026-01-24 20:10:22,164 - gerenciador_principal - INFO - ============================================================
2026-01-24 20:10:22,164 - gerenciador_principal - INFO - INICIANDO SCRAPING COMPLETO - PRODUCAO
2026-01-24 20:10:22,164 - gerenciador_principal - INFO - ============================================================
2026-01-24 20:10:22,164 - gerenciador_principal - INFO - [1/3] Processando Cobasi
2026-01-24 20:10:22,164 - scraper_base - INFO - 🚀 Iniciando scraping completo - Cobasi
2026-01-24 20:10:22,538 - gerenciador_conexoes - INFO - Sessao estabelecida com cobasi.com.br
2026-01-24 20:10:22,538 - scraper_base - INFO - 📋 20 medicamentos para processar
2026-01-24 20:10:22,538 - scraper_base - INFO - 📦 [1/20] Processando Simparic
2026-01-24 20:10:22,538 - scraper_base - INFO - 🔍 Cobasi: Buscando Simparic
2026-01-24 20:10:22,624 - scraper_cobasi - INFO - Cobasi: Dados extraídos via JSON para Simparic
2026-01-24 20:10:22,624 - scraper_base - INFO - ✅ Cobasi: 12 produto(s) encontrado(s) para Simparic
2026-01-24 20:10:23,786 - scraper_base - INFO - 📦 [2/20] Processando Revolution
2026-01-24 20:10:23,786 - scraper_base - INFO - 🔍 Cobasi: Buscando Revolution
2026-01-24 20:10:26,774 - scraper_cobasi - INFO - Cobasi: Dados extraídos via JSON para Revolution
2026-01-24 20:10:26,774 - scraper_base - INFO - ✅ Cobasi: 18 produto(s) encontrado(s) para Revolution
2026-01-24 20:10:28,684 - scraper_base - INFO - 📦 [3/20] Processando NexGard
2026-01-24 20:10:28,684 - scraper_base - INFO - 🔍 Cobasi: Buscando NexGard
2026-01-24 20:10:31,912 - scraper_cobasi - INFO - Cobasi: Dados extraídos via JSON para NexGard
2026-01-24 20:10:31,912 - scraper_base - INFO - ✅ Cobasi: 22 produto(s) encontrado(s) para NexGard
2026-01-24 20:10:34,503 - scraper_base - INFO - 📦 [4/20] Processando NexGard Spectra
2026-01-24 20:10:34,504 - scraper_base - INFO - 🔍 Cobasi: Buscando NexGard Spectra
2026-01-24 20:10:34,601 - scraper_cobasi - INFO - Cobasi: Dados extraídos via JSON para NexGard Spectra
2026-01-24 20:10:34,601 - scraper_base - INFO - ✅ Cobasi: 10 produto(s) encontrado(s) para NexGard Spectra
2026-01-24 20:10:36,683 - scraper_base - INFO - 📦 [5/20] Processando NexGard Combo
2026-01-24 20:10:36,683 - scraper_base - INFO - 🔍 Cobasi: Buscando NexGard Combo
2026-01-24 20:10:37,050 - scraper_cobasi - INFO - Cobasi: Dados extraídos via JSON para NexGard Combo
2026-01-24 20:10:37,050 - scraper_base - INFO - ✅ Cobasi: 4 produto(s) encontrado(s) para NexGard Combo
2026-01-24 20:10:39,661 - scraper_base - INFO - 📦 [6/20] Processando Bravecto
2026-01-24 20:10:39,661 - scraper_base - INFO - 🔍 Cobasi: Buscando Bravecto
2026-01-24 20:10:40,791 - scraper_cobasi - INFO - Cobasi: Dados extraídos via JSON para Bravecto
2026-01-24 20:10:40,791 - scraper_base - INFO - ✅ Cobasi: 16 produto(s) encontrado(s) para Bravecto
2026-01-24 20:10:42,192 - scraper_base - INFO - 📦 [7/20] Processando Frontline
2026-01-24 20:10:42,192 - scraper_base - INFO - 🔍 Cobasi: Buscando Frontline
2026-01-24 20:10:44,840 - scraper_cobasi - INFO - Cobasi: Dados extraídos via JSON para Frontline
2026-01-24 20:10:44,840 - scraper_base - INFO - ✅ Cobasi: 10 produto(s) encontrado(s) para Frontline
2026-01-24 20:10:46,092 - scraper_base - INFO - 📦 [8/20] Processando Advocate
2026-01-24 20:10:46,092 - scraper_base - INFO - 🔍 Cobasi: Buscando Advocate
2026-01-24 20:10:48,045 - scraper_cobasi - INFO - Cobasi: Dados extraídos via JSON para Advocate
2026-01-24 20:10:48,045 - scraper_base - INFO - ✅ Cobasi: 12 produto(s) encontrado(s) para Advocate
2026-01-24 20:10:49,846 - scraper_base - INFO - 📦 [9/20] Processando Drontal
2026-01-24 20:10:49,846 - scraper_base - INFO - 🔍 Cobasi: Buscando Drontal
2026-01-24 20:10:52,256 - scraper_cobasi - INFO - Cobasi: Dados extraídos via JSON para Drontal
2026-01-24 20:10:52,256 - scraper_base - INFO - ✅ Cobasi: 8 produto(s) encontrado(s) para Drontal
2026-01-24 20:10:54,381 - scraper_base - INFO - 📦 [10/20] Processando Milbemax
2026-01-24 20:10:54,381 - scraper_base - INFO - 🔍 Cobasi: Buscando Milbemax
2026-01-24 20:10:56,107 - scraper_cobasi - INFO - Cobasi: Dados extraídos via JSON para Milbemax
2026-01-24 20:10:56,107 - scraper_base - INFO - ✅ Cobasi: 4 produto(s) encontrado(s) para Milbemax
2026-01-24 20:10:58,823 - scraper_base - INFO - 📦 [11/20] Processando Vermivet
2026-01-24 20:10:58,823 - scraper_base - INFO - 🔍 Cobasi: Buscando Vermivet
2026-01-24 20:11:00,850 - scraper_cobasi - INFO - Cobasi: Dados extraídos via JSON para Vermivet
2026-01-24 20:11:00,850 - scraper_base - INFO - ✅ Cobasi: 5 produto(s) encontrado(s) para Vermivet
2026-01-24 20:11:02,850 - scraper_base - INFO - 📦 [12/20] Processando Rimadyl
2026-01-24 20:11:02,850 - scraper_base - INFO - 🔍 Cobasi: Buscando Rimadyl
2026-01-24 20:11:04,442 - scraper_cobasi - INFO - Cobasi: Dados extraídos via JSON para Rimadyl
2026-01-24 20:11:04,442 - scraper_base - INFO - ✅ Cobasi: 3 produto(s) encontrado(s) para Rimadyl
2026-01-24 20:11:07,119 - scraper_base - INFO - 📦 [13/20] Processando Onsior
2026-01-24 20:11:07,119 - scraper_base - INFO - 🔍 Cobasi: Buscando Onsior
2026-01-24 20:11:08,850 - scraper_cobasi - INFO - Cobasi: Dados extraídos via JSON para Onsior
2026-01-24 20:11:08,850 - scraper_base - INFO - ✅ Cobasi: 4 produto(s) encontrado(s) para Onsior
2026-01-24 20:11:10,924 - scraper_base - INFO - 📦 [14/20] Processando Maxicam
2026-01-24 20:11:10,924 - scraper_base - INFO - 🔍 Cobasi: Buscando Maxicam
2026-01-24 20:11:12,837 - scraper_cobasi - INFO - Cobasi: Dados extraídos via JSON para Maxicam
2026-01-24 20:11:12,837 - scraper_base - INFO - ✅ Cobasi: 21 produto(s) encontrado(s) para Maxicam
2026-01-24 20:11:14,797 - scraper_base - INFO - 📦 [15/20] Processando Carproflan
2026-01-24 20:11:14,797 - scraper_base - INFO - 🔍 Cobasi: Buscando Carproflan
2026-01-24 20:11:16,524 - scraper_cobasi - INFO - Cobasi: Dados extraídos via JSON para Carproflan
2026-01-24 20:11:16,524 - scraper_base - INFO - ✅ Cobasi: 3 produto(s) encontrado(s) para Carproflan
2026-01-24 20:11:18,917 - scraper_base - INFO - 📦 [16/20] Processando Previcox
2026-01-24 20:11:18,917 - scraper_base - INFO - 🔍 Cobasi: Buscando Previcox
2026-01-24 20:11:20,700 - scraper_cobasi - INFO - Cobasi: Dados extraídos via JSON para Previcox
2026-01-24 20:11:20,701 - scraper_base - INFO - ✅ Cobasi: 2 produto(s) encontrado(s) para Previcox
2026-01-24 20:11:22,844 - scraper_base - INFO - 📦 [17/20] Processando Apoquel
2026-01-24 20:11:22,845 - scraper_base - INFO - 🔍 Cobasi: Buscando Apoquel
2026-01-24 20:11:24,577 - scraper_cobasi - INFO - Cobasi: Dados extraídos via JSON para Apoquel
2026-01-24 20:11:24,577 - scraper_base - INFO - ✅ Cobasi: 3 produto(s) encontrado(s) para Apoquel
2026-01-24 20:11:26,800 - scraper_base - INFO - 📦 [18/20] Processando Zenrelia
2026-01-24 20:11:26,800 - scraper_base - INFO - 🔍 Cobasi: Buscando Zenrelia
2026-01-24 20:11:29,051 - scraper_cobasi - INFO - Cobasi: Dados extraídos via JSON para Zenrelia
2026-01-24 20:11:29,051 - scraper_base - INFO - ✅ Cobasi: 4 produto(s) encontrado(s) para Zenrelia
2026-01-24 20:11:31,783 - scraper_base - INFO - 📦 [19/20] Processando Synulox
2026-01-24 20:11:31,783 - scraper_base - INFO - 🔍 Cobasi: Buscando Synulox
2026-01-24 20:11:33,383 - scraper_cobasi - INFO - Cobasi: Dados extraídos via JSON para Synulox
2026-01-24 20:11:33,383 - scraper_base - INFO - ✅ Cobasi: 2 produto(s) encontrado(s) para Synulox
2026-01-24 20:11:35,086 - scraper_base - INFO - 📦 [20/20] Processando Baytril
2026-01-24 20:11:35,086 - scraper_base - INFO - 🔍 Cobasi: Buscando Baytril
2026-01-24 20:11:37,013 - scraper_cobasi - INFO - Cobasi: Dados extraídos via JSON para Baytril
2026-01-24 20:11:37,013 - scraper_base - INFO - ✅ Cobasi: 4 produto(s) encontrado(s) para Baytril
2026-01-24 20:11:39,885 - scraper_base - INFO - 📊 Cobasi - Estatísticas finais:
2026-01-24 20:11:39,885 - scraper_base - INFO -    • Medicamentos processados: 20
2026-01-24 20:11:39,886 - scraper_base - INFO -    • Produtos encontrados: 167
2026-01-24 20:11:39,886 - scraper_base - INFO -    • Medicamentos sem resultado: 0
2026-01-24 20:11:39,886 - scraper_base - INFO -    • Tempo total: 77.7s
2026-01-24 20:11:39,886 - scraper_base - INFO -    • Tempo médio por medicamento: 3.9s
2026-01-24 20:11:40,039 - gerenciador_arquivos - INFO - Excel salvo: dados_coletados/cobasi_20260124_201139.xlsx (167 produtos)
2026-01-24 20:11:40,039 - gerenciador_principal - INFO - Cobasi: Arquivo individual salvo com sucesso
2026-01-24 20:11:40,039 - gerenciador_principal - INFO - Pausando entre sites...
2026-01-24 20:11:42,039 - gerenciador_principal - INFO - [2/3] Processando Petlove
2026-01-24 20:11:42,039 - scraper_base - INFO - 🚀 Iniciando scraping completo - Petlove
2026-01-24 20:11:42,267 - scraper_base - INFO - 📋 20 medicamentos para processar
2026-01-24 20:11:42,267 - scraper_base - INFO - 📦 [1/20] Processando Simparic
2026-01-24 20:11:42,267 - scraper_base - INFO - 🔍 Petlove: Buscando Simparic
2026-01-24 20:11:48,820 - gerenciador_conexoes - INFO - Chrome inicializado com otimizacoes de velocidade
2026-01-24 20:11:52,542 - scraper_base - INFO - ✅ Petlove: 34 produto(s) encontrado(s) para Simparic
2026-01-24 20:11:55,344 - scraper_base - INFO - 📦 [2/20] Processando Revolution
2026-01-24 20:11:55,344 - scraper_base - INFO - 🔍 Petlove: Buscando Revolution
2026-01-24 20:11:57,001 - scraper_base - INFO - ✅ Petlove: 17 produto(s) encontrado(s) para Revolution
2026-01-24 20:11:58,292 - scraper_base - INFO - 📦 [3/20] Processando NexGard
2026-01-24 20:11:58,292 - scraper_base - INFO - 🔍 Petlove: Buscando NexGard
2026-01-24 20:11:59,880 - scraper_base - INFO - ✅ Petlove: 11 produto(s) encontrado(s) para NexGard
2026-01-24 20:12:01,627 - scraper_base - INFO - 📦 [4/20] Processando NexGard Spectra
2026-01-24 20:12:01,628 - scraper_base - INFO - 🔍 Petlove: Buscando NexGard Spectra
2026-01-24 20:12:02,933 - scraper_base - INFO - ✅ Petlove: 5 produto(s) encontrado(s) para NexGard Spectra
2026-01-24 20:12:04,083 - scraper_base - INFO - 📦 [5/20] Processando NexGard Combo
2026-01-24 20:12:04,083 - scraper_base - INFO - 🔍 Petlove: Buscando NexGard Combo
2026-01-24 20:12:05,626 - scraper_base - INFO - ✅ Petlove: 2 produto(s) encontrado(s) para NexGard Combo
2026-01-24 20:12:08,496 - scraper_base - INFO - 📦 [6/20] Processando Bravecto
2026-01-24 20:12:08,496 - scraper_base - INFO - 🔍 Petlove: Buscando Bravecto
2026-01-24 20:12:10,311 - scraper_base - INFO - ✅ Petlove: 23 produto(s) encontrado(s) para Bravecto
2026-01-24 20:12:12,670 - scraper_base - INFO - 📦 [7/20] Processando Frontline
2026-01-24 20:12:12,670 - scraper_base - INFO - 🔍 Petlove: Buscando Frontline
2026-01-24 20:12:15,414 - scraper_base - INFO - ✅ Petlove: 11 produto(s) encontrado(s) para Frontline
2026-01-24 20:12:17,577 - scraper_base - INFO - 📦 [8/20] Processando Advocate
2026-01-24 20:12:17,577 - scraper_base - INFO - 🔍 Petlove: Buscando Advocate
2026-01-24 20:12:19,218 - scraper_base - INFO - ✅ Petlove: 12 produto(s) encontrado(s) para Advocate
2026-01-24 20:12:21,311 - scraper_base - INFO - 📦 [9/20] Processando Drontal
2026-01-24 20:12:21,312 - scraper_base - INFO - 🔍 Petlove: Buscando Drontal
2026-01-24 20:12:22,794 - scraper_base - INFO - ✅ Petlove: 36 produto(s) encontrado(s) para Drontal
2026-01-24 20:12:25,208 - scraper_base - INFO - 📦 [10/20] Processando Milbemax
2026-01-24 20:12:25,209 - scraper_base - INFO - 🔍 Petlove: Buscando Milbemax
2026-01-24 20:12:26,710 - scraper_base - INFO - ✅ Petlove: 14 produto(s) encontrado(s) para Milbemax
2026-01-24 20:12:28,087 - scraper_base - INFO - 📦 [11/20] Processando Vermivet
2026-01-24 20:12:28,087 - scraper_base - INFO - 🔍 Petlove: Buscando Vermivet
2026-01-24 20:12:29,993 - scraper_base - INFO - ✅ Petlove: 36 produto(s) encontrado(s) para Vermivet
2026-01-24 20:12:31,584 - scraper_base - INFO - 📦 [12/20] Processando Rimadyl
2026-01-24 20:12:31,584 - scraper_base - INFO - 🔍 Petlove: Buscando Rimadyl
2026-01-24 20:12:33,688 - scraper_base - INFO - ✅ Petlove: 1 produto(s) encontrado(s) para Rimadyl
2026-01-24 20:12:36,217 - scraper_base - INFO - 📦 [13/20] Processando Onsior
2026-01-24 20:12:36,217 - scraper_base - INFO - 🔍 Petlove: Buscando Onsior
2026-01-24 20:12:37,565 - scraper_base - INFO - ✅ Petlove: 4 produto(s) encontrado(s) para Onsior
2026-01-24 20:12:40,437 - scraper_base - INFO - 📦 [14/20] Processando Maxicam
2026-01-24 20:12:40,437 - scraper_base - INFO - 🔍 Petlove: Buscando Maxicam
2026-01-24 20:12:41,752 - scraper_base - INFO - ✅ Petlove: 3 produto(s) encontrado(s) para Maxicam
2026-01-24 20:12:42,921 - scraper_base - INFO - 📦 [15/20] Processando Carproflan
2026-01-24 20:12:42,921 - scraper_base - INFO - 🔍 Petlove: Buscando Carproflan
2026-01-24 20:12:44,250 - scraper_base - INFO - ✅ Petlove: 8 produto(s) encontrado(s) para Carproflan
2026-01-24 20:12:45,969 - scraper_base - INFO - 📦 [16/20] Processando Previcox
2026-01-24 20:12:45,969 - scraper_base - INFO - 🔍 Petlove: Buscando Previcox
2026-01-24 20:12:47,258 - scraper_base - INFO - ✅ Petlove: 4 produto(s) encontrado(s) para Previcox
2026-01-24 20:12:48,735 - scraper_base - INFO - 📦 [17/20] Processando Apoquel
2026-01-24 20:12:48,735 - scraper_base - INFO - 🔍 Petlove: Buscando Apoquel
2026-01-24 20:12:50,166 - scraper_base - INFO - ✅ Petlove: 16 produto(s) encontrado(s) para Apoquel
2026-01-24 20:12:51,426 - scraper_base - INFO - 📦 [18/20] Processando Zenrelia
2026-01-24 20:12:51,426 - scraper_base - INFO - 🔍 Petlove: Buscando Zenrelia
2026-01-24 20:12:52,730 - scraper_base - INFO - ✅ Petlove: 4 produto(s) encontrado(s) para Zenrelia
2026-01-24 20:12:54,042 - scraper_base - INFO - 📦 [19/20] Processando Synulox
2026-01-24 20:12:54,042 - scraper_base - INFO - 🔍 Petlove: Buscando Synulox
2026-01-24 20:12:55,466 - scraper_base - INFO - ✅ Petlove: 1 produto(s) encontrado(s) para Synulox
2026-01-24 20:12:57,315 - scraper_base - INFO - 📦 [20/20] Processando Baytril
2026-01-24 20:12:57,316 - scraper_base - INFO - 🔍 Petlove: Buscando Baytril
2026-01-24 20:12:59,472 - scraper_base - INFO - ✅ Petlove: 4 produto(s) encontrado(s) para Baytril
2026-01-24 20:13:01,116 - scraper_base - INFO - 📊 Petlove - Estatísticas finais:
2026-01-24 20:13:01,116 - scraper_base - INFO -    • Medicamentos processados: 20
2026-01-24 20:13:01,116 - scraper_base - INFO -    • Produtos encontrados: 246
2026-01-24 20:13:01,116 - scraper_base - INFO -    • Medicamentos sem resultado: 0
2026-01-24 20:13:01,116 - scraper_base - INFO -    • Tempo total: 79.1s
2026-01-24 20:13:01,116 - scraper_base - INFO -    • Tempo médio por medicamento: 4.0s
2026-01-24 20:13:01,162 - gerenciador_arquivos - INFO - Excel salvo: dados_coletados/petlove_20260124_201301.xlsx (246 produtos)
2026-01-24 20:13:01,162 - gerenciador_principal - INFO - Petlove: Arquivo individual salvo com sucesso
2026-01-24 20:13:01,162 - gerenciador_principal - INFO - Pausando entre sites...
2026-01-24 20:13:03,163 - gerenciador_principal - INFO - [3/3] Processando Petz
2026-01-24 20:13:03,163 - scraper_base - INFO - 🚀 Iniciando scraping completo - Petz
2026-01-24 20:13:03,618 - scraper_base - INFO - 📋 20 medicamentos para processar
2026-01-24 20:13:03,619 - scraper_base - INFO - 📦 [1/20] Processando Simparic
2026-01-24 20:13:03,619 - scraper_base - INFO - 🔍 Petz: Buscando Simparic
2026-01-24 20:13:09,435 - scraper_base - INFO - ✅ Petz: 12 produto(s) encontrado(s) para Simparic
2026-01-24 20:13:10,792 - scraper_base - INFO - 📦 [2/20] Processando Revolution
2026-01-24 20:13:10,792 - scraper_base - INFO - 🔍 Petz: Buscando Revolution
2026-01-24 20:13:13,771 - scraper_base - INFO - ✅ Petz: 24 produto(s) encontrado(s) para Revolution
2026-01-24 20:13:16,413 - scraper_base - INFO - 📦 [3/20] Processando NexGard
2026-01-24 20:13:16,414 - scraper_base - INFO - 🔍 Petz: Buscando NexGard
2026-01-24 20:13:18,913 - scraper_base - INFO - ✅ Petz: 22 produto(s) encontrado(s) para NexGard
2026-01-24 20:13:20,915 - scraper_base - INFO - 📦 [4/20] Processando NexGard Spectra
2026-01-24 20:13:20,915 - scraper_base - INFO - 🔍 Petz: Buscando NexGard Spectra
2026-01-24 20:13:23,089 - scraper_base - INFO - ✅ Petz: 10 produto(s) encontrado(s) para NexGard Spectra
2026-01-24 20:13:24,877 - scraper_base - INFO - 📦 [5/20] Processando NexGard Combo
2026-01-24 20:13:24,877 - scraper_base - INFO - 🔍 Petz: Buscando NexGard Combo
2026-01-24 20:13:27,628 - scraper_base - INFO - ✅ Petz: 4 produto(s) encontrado(s) para NexGard Combo
2026-01-24 20:13:28,814 - scraper_base - INFO - 📦 [6/20] Processando Bravecto
2026-01-24 20:13:28,815 - scraper_base - INFO - 🔍 Petz: Buscando Bravecto
2026-01-24 20:13:31,014 - scraper_base - INFO - ✅ Petz: 16 produto(s) encontrado(s) para Bravecto
2026-01-24 20:13:33,868 - scraper_base - INFO - 📦 [7/20] Processando Frontline
2026-01-24 20:13:33,868 - scraper_base - INFO - 🔍 Petz: Buscando Frontline
2026-01-24 20:13:35,902 - scraper_base - INFO - ✅ Petz: 11 produto(s) encontrado(s) para Frontline
2026-01-24 20:13:38,100 - scraper_base - INFO - 📦 [8/20] Processando Advocate
2026-01-24 20:13:38,100 - scraper_base - INFO - 🔍 Petz: Buscando Advocate
2026-01-24 20:13:39,974 - scraper_base - INFO - ✅ Petz: 12 produto(s) encontrado(s) para Advocate
2026-01-24 20:13:42,870 - scraper_base - INFO - 📦 [9/20] Processando Drontal
2026-01-24 20:13:42,870 - scraper_base - INFO - 🔍 Petz: Buscando Drontal
2026-01-24 20:13:45,493 - scraper_base - INFO - ✅ Petz: 30 produto(s) encontrado(s) para Drontal
2026-01-24 20:13:47,089 - scraper_base - INFO - 📦 [10/20] Processando Milbemax
2026-01-24 20:13:47,089 - scraper_base - INFO - 🔍 Petz: Buscando Milbemax
2026-01-24 20:13:49,461 - scraper_base - INFO - ✅ Petz: 4 produto(s) encontrado(s) para Milbemax
2026-01-24 20:13:51,066 - scraper_base - INFO - 📦 [11/20] Processando Vermivet
2026-01-24 20:13:51,066 - scraper_base - INFO - 🔍 Petz: Buscando Vermivet
2026-01-24 20:13:52,857 - scraper_base - INFO - ✅ Petz: 5 produto(s) encontrado(s) para Vermivet
2026-01-24 20:13:55,520 - scraper_base - INFO - 📦 [12/20] Processando Rimadyl
2026-01-24 20:13:55,520 - scraper_base - INFO - 🔍 Petz: Buscando Rimadyl
2026-01-24 20:13:57,766 - scraper_base - INFO - ✅ Petz: 3 produto(s) encontrado(s) para Rimadyl
2026-01-24 20:13:59,652 - scraper_base - INFO - 📦 [13/20] Processando Onsior
2026-01-24 20:13:59,652 - scraper_base - INFO - 🔍 Petz: Buscando Onsior
2026-01-24 20:14:01,540 - scraper_base - INFO - ✅ Petz: 4 produto(s) encontrado(s) para Onsior
2026-01-24 20:14:04,412 - scraper_base - INFO - 📦 [14/20] Processando Maxicam
2026-01-24 20:14:04,413 - scraper_base - INFO - 🔍 Petz: Buscando Maxicam
2026-01-24 20:14:06,982 - scraper_base - INFO - ✅ Petz: 31 produto(s) encontrado(s) para Maxicam
2026-01-24 20:14:08,367 - scraper_base - INFO - 📦 [15/20] Processando Carproflan
2026-01-24 20:14:08,367 - scraper_base - INFO - 🔍 Petz: Buscando Carproflan
2026-01-24 20:14:10,251 - scraper_base - INFO - ✅ Petz: 3 produto(s) encontrado(s) para Carproflan
2026-01-24 20:14:12,009 - scraper_base - INFO - 📦 [16/20] Processando Previcox
2026-01-24 20:14:12,009 - scraper_base - INFO - 🔍 Petz: Buscando Previcox
2026-01-24 20:14:13,590 - scraper_base - INFO - ✅ Petz: 2 produto(s) encontrado(s) para Previcox
2026-01-24 20:14:14,743 - scraper_base - INFO - 📦 [17/20] Processando Apoquel
2026-01-24 20:14:14,743 - scraper_base - INFO - 🔍 Petz: Buscando Apoquel
2026-01-24 20:14:16,271 - scraper_base - INFO - ✅ Petz: 3 produto(s) encontrado(s) para Apoquel
2026-01-24 20:14:18,763 - scraper_base - INFO - 📦 [18/20] Processando Zenrelia
2026-01-24 20:14:18,764 - scraper_base - INFO - 🔍 Petz: Buscando Zenrelia
2026-01-24 20:14:20,455 - scraper_base - INFO - ✅ Petz: 4 produto(s) encontrado(s) para Zenrelia
2026-01-24 20:14:22,024 - scraper_base - INFO - 📦 [19/20] Processando Synulox
2026-01-24 20:14:22,024 - scraper_base - INFO - 🔍 Petz: Buscando Synulox
2026-01-24 20:14:23,745 - scraper_base - INFO - ✅ Petz: 2 produto(s) encontrado(s) para Synulox
2026-01-24 20:14:26,393 - scraper_base - INFO - 📦 [20/20] Processando Baytril
2026-01-24 20:14:26,393 - scraper_base - INFO - 🔍 Petz: Buscando Baytril
2026-01-24 20:14:28,315 - scraper_base - INFO - ✅ Petz: 9 produto(s) encontrado(s) para Baytril
2026-01-24 20:14:30,846 - scraper_base - INFO - 📊 Petz - Estatísticas finais:
2026-01-24 20:14:30,846 - scraper_base - INFO -    • Medicamentos processados: 20
2026-01-24 20:14:30,846 - scraper_base - INFO -    • Produtos encontrados: 211
2026-01-24 20:14:30,846 - scraper_base - INFO -    • Medicamentos sem resultado: 0
2026-01-24 20:14:30,846 - scraper_base - INFO -    • Tempo total: 87.7s
2026-01-24 20:14:30,846 - scraper_base - INFO -    • Tempo médio por medicamento: 4.4s
2026-01-24 20:14:30,941 - gerenciador_arquivos - INFO - Excel salvo: dados_coletados/petz_20260124_201430.xlsx (211 produtos)
2026-01-24 20:14:30,941 - gerenciador_principal - INFO - Petz: Arquivo individual salvo com sucesso
2026-01-24 20:14:30,942 - gerenciador_principal - INFO - Gerando relatório consolidado...
2026-01-24 20:14:31,155 - gerenciador_arquivos - INFO - Relatório consolidado salvo: dados_relatorios/relatorio_consolidado_20260124_201430.xlsx
2026-01-24 20:14:31,276 - gerenciador_conexoes - INFO - Chrome fechado
2026-01-24 20:14:31,276 - gerenciador_conexoes - INFO - Métodos utilizados - Requests: 33.3%, Selenium: 66.7%, Falhas: 0.0%
2026-01-24 20:14:31,276 - gerenciador_principal - INFO - ============================================================
2026-01-24 20:14:31,276 - gerenciador_principal - INFO - RELATORIO FINAL DE EXECUÇÃO
2026-01-24 20:14:31,277 - gerenciador_principal - INFO - ============================================================
2026-01-24 20:14:31,277 - gerenciador_principal - INFO - Sites processados: 3
2026-01-24 20:14:31,277 - gerenciador_principal - INFO - Sites com sucesso: 3
2026-01-24 20:14:31,277 - gerenciador_principal - INFO - Total de produtos coletados: 624
2026-01-24 20:14:31,277 - gerenciador_principal - INFO - Tempo total de execução: 248.8 segundos
2026-01-24 20:14:31,277 - gerenciador_principal - INFO - Estatísticas de conexão:
2026-01-24 20:14:31,277 - gerenciador_principal - INFO -   - Requests bem-sucedidos: 33.3%
2026-01-24 20:14:31,277 - gerenciador_principal - INFO -   - Selenium fallback: 66.7%
2026-01-24 20:14:31,277 - gerenciador_principal - INFO -   - Falhas totais: 0.0%
2026-01-24 20:14:31,279 - gerenciador_principal - INFO - Arquivos salvos na pasta: dados_coletados
2026-01-24 20:14:31,279 - gerenciador_principal - INFO - Total de arquivos: 337
2026-01-24 20:14:31,280 - gerenciador_principal - INFO - ============================================================
