2026-02-06 20:20:09,482 - configurador_logs - INFO - Sistema de logs configurado com sucesso
2026-02-06 20:20:09,482 - configurador_logs - INFO - 🚀 Logs configurados para MODO PRODUÇÃO
2026-02-06 20:20:09,482 - gerenciador_principal - INFO - Inicializando sistema - Modo: PRODUCAO
2026-02-06 20:20:09,482 - gerenciador_arquivos - INFO - Pasta dados_coletados preparada
2026-02-06 20:20:09,482 - gerenciador_principal - INFO - Sistema inicializado com 3 scrapers
2026-02-06 20:20:09,482 - gerenciador_principal - INFO - ============================================================
2026-02-06 20:20:09,482 - gerenciador_principal - INFO - INICIANDO SCRAPING COMPLETO - PRODUCAO
2026-02-06 20:20:09,482 - gerenciador_principal - INFO - ============================================================
2026-02-06 20:20:09,482 - gerenciador_principal - INFO - [1/3] Processando Cobasi
2026-02-06 20:20:09,482 - scraper_base - INFO - 🚀 Iniciando scraping completo - Cobasi
2026-02-06 20:20:09,992 - gerenciador_conexoes - INFO - Sessao estabelecida com cobasi.com.br
2026-02-06 20:20:09,992 - scraper_base - INFO - 📋 20 medicamentos para processar
2026-02-06 20:20:09,992 - scraper_base - INFO - 📦 [1/20] Processando Simparic
2026-02-06 20:20:09,992 - scraper_base - INFO - 🔍 Cobasi: Buscando Simparic
2026-02-06 20:20:10,337 - scraper_cobasi - INFO - Cobasi: Dados extraídos via JSON para Simparic
2026-02-06 20:20:10,337 - scraper_base - INFO - ✅ Cobasi: 12 produto(s) encontrado(s) para Simparic
2026-02-06 20:20:13,048 - scraper_base - INFO - 📦 [2/20] Processando Revolution
2026-02-06 20:20:13,048 - scraper_base - INFO - 🔍 Cobasi: Buscando Revolution
2026-02-06 20:20:16,222 - scraper_cobasi - INFO - Cobasi: Dados extraídos via JSON para Revolution
2026-02-06 20:20:16,223 - scraper_base - INFO - ✅ Cobasi: 18 produto(s) encontrado(s) para Revolution
2026-02-06 20:20:17,835 - scraper_base - INFO - 📦 [3/20] Processando NexGard
2026-02-06 20:20:17,835 - scraper_base - INFO - 🔍 Cobasi: Buscando NexGard
2026-02-06 20:20:18,478 - scraper_cobasi - INFO - Cobasi: Dados extraídos via JSON para NexGard
2026-02-06 20:20:18,478 - scraper_base - INFO - ✅ Cobasi: 22 produto(s) encontrado(s) para NexGard
2026-02-06 20:20:21,271 - scraper_base - INFO - 📦 [4/20] Processando NexGard Spectra
2026-02-06 20:20:21,272 - scraper_base - INFO - 🔍 Cobasi: Buscando NexGard Spectra
2026-02-06 20:20:21,689 - scraper_cobasi - INFO - Cobasi: Dados extraídos via JSON para NexGard Spectra
2026-02-06 20:20:21,689 - scraper_base - INFO - ✅ Cobasi: 10 produto(s) encontrado(s) para NexGard Spectra
2026-02-06 20:20:23,218 - scraper_base - INFO - 📦 [5/20] Processando NexGard Combo
2026-02-06 20:20:23,219 - scraper_base - INFO - 🔍 Cobasi: Buscando NexGard Combo
2026-02-06 20:20:23,554 - scraper_cobasi - INFO - Cobasi: Dados extraídos via JSON para NexGard Combo
2026-02-06 20:20:23,554 - scraper_base - INFO - ✅ Cobasi: 4 produto(s) encontrado(s) para NexGard Combo
2026-02-06 20:20:26,290 - scraper_base - INFO - 📦 [6/20] Processando Bravecto
2026-02-06 20:20:26,290 - scraper_base - INFO - 🔍 Cobasi: Buscando Bravecto
2026-02-06 20:20:29,178 - scraper_cobasi - INFO - Cobasi: Dados extraídos via JSON para Bravecto
2026-02-06 20:20:29,179 - scraper_base - INFO - ✅ Cobasi: 16 produto(s) encontrado(s) para Bravecto
2026-02-06 20:20:30,865 - scraper_base - INFO - 📦 [7/20] Processando Frontline
2026-02-06 20:20:30,865 - scraper_base - INFO - 🔍 Cobasi: Buscando Frontline
2026-02-06 20:20:31,299 - scraper_cobasi - INFO - Cobasi: Dados extraídos via JSON para Frontline
2026-02-06 20:20:31,299 - scraper_base - INFO - ✅ Cobasi: 10 produto(s) encontrado(s) para Frontline
2026-02-06 20:20:32,326 - scraper_base - INFO - 📦 [8/20] Processando Advocate
2026-02-06 20:20:32,326 - scraper_base - INFO - 🔍 Cobasi: Buscando Advocate
2026-02-06 20:20:32,659 - scraper_cobasi - INFO - Cobasi: Dados extraídos via JSON para Advocate
2026-02-06 20:20:32,659 - scraper_base - INFO - ✅ Cobasi: 12 produto(s) encontrado(s) para Advocate
2026-02-06 20:20:34,691 - scraper_base - INFO - 📦 [9/20] Processando Drontal
2026-02-06 20:20:34,691 - scraper_base - INFO - 🔍 Cobasi: Buscando Drontal
2026-02-06 20:20:35,061 - scraper_cobasi - INFO - Cobasi: Dados extraídos via JSON para Drontal
2026-02-06 20:20:35,061 - scraper_base - INFO - ✅ Cobasi: 8 produto(s) encontrado(s) para Drontal
2026-02-06 20:20:37,512 - scraper_base - INFO - 📦 [10/20] Processando Milbemax
2026-02-06 20:20:37,512 - scraper_base - INFO - 🔍 Cobasi: Buscando Milbemax
2026-02-06 20:20:38,034 - scraper_cobasi - INFO - Cobasi: Dados extraídos via JSON para Milbemax
2026-02-06 20:20:38,034 - scraper_base - INFO - ✅ Cobasi: 4 produto(s) encontrado(s) para Milbemax
2026-02-06 20:20:39,901 - scraper_base - INFO - 📦 [11/20] Processando Vermivet
2026-02-06 20:20:39,901 - scraper_base - INFO - 🔍 Cobasi: Buscando Vermivet
2026-02-06 20:20:42,000 - scraper_cobasi - INFO - Cobasi: Dados extraídos via JSON para Vermivet
2026-02-06 20:20:42,000 - scraper_base - INFO - ✅ Cobasi: 5 produto(s) encontrado(s) para Vermivet
2026-02-06 20:20:43,685 - scraper_base - INFO - 📦 [12/20] Processando Rimadyl
2026-02-06 20:20:43,685 - scraper_base - INFO - 🔍 Cobasi: Buscando Rimadyl
2026-02-06 20:20:45,370 - scraper_cobasi - INFO - Cobasi: Dados extraídos via JSON para Rimadyl
2026-02-06 20:20:45,370 - scraper_base - INFO - ✅ Cobasi: 3 produto(s) encontrado(s) para Rimadyl
2026-02-06 20:20:48,264 - scraper_base - INFO - 📦 [13/20] Processando Onsior
2026-02-06 20:20:48,264 - scraper_base - INFO - 🔍 Cobasi: Buscando Onsior
2026-02-06 20:20:49,985 - scraper_cobasi - INFO - Cobasi: Dados extraídos via JSON para Onsior
2026-02-06 20:20:49,985 - scraper_base - INFO - ✅ Cobasi: 4 produto(s) encontrado(s) para Onsior
2026-02-06 20:20:51,600 - scraper_base - INFO - 📦 [14/20] Processando Maxicam
2026-02-06 20:20:51,600 - scraper_base - INFO - 🔍 Cobasi: Buscando Maxicam
2026-02-06 20:20:54,022 - scraper_cobasi - INFO - Cobasi: Dados extraídos via JSON para Maxicam
2026-02-06 20:20:54,022 - scraper_base - INFO - ✅ Cobasi: 21 produto(s) encontrado(s) para Maxicam
2026-02-06 20:20:56,115 - scraper_base - INFO - 📦 [15/20] Processando Carproflan
2026-02-06 20:20:56,115 - scraper_base - INFO - 🔍 Cobasi: Buscando Carproflan
2026-02-06 20:20:57,866 - scraper_cobasi - INFO - Cobasi: Dados extraídos via JSON para Carproflan
2026-02-06 20:20:57,866 - scraper_base - INFO - ✅ Cobasi: 3 produto(s) encontrado(s) para Carproflan
2026-02-06 20:21:00,624 - scraper_base - INFO - 📦 [16/20] Processando Previcox
2026-02-06 20:21:00,624 - scraper_base - INFO - 🔍 Cobasi: Buscando Previcox
2026-02-06 20:21:00,985 - scraper_cobasi - INFO - Cobasi: Dados extraídos via JSON para Previcox
2026-02-06 20:21:00,985 - scraper_base - INFO - ✅ Cobasi: 2 produto(s) encontrado(s) para Previcox
2026-02-06 20:21:02,683 - scraper_base - INFO - 📦 [17/20] Processando Apoquel
2026-02-06 20:21:02,683 - scraper_base - INFO - 🔍 Cobasi: Buscando Apoquel
2026-02-06 20:21:04,367 - scraper_cobasi - INFO - Cobasi: Dados extraídos via JSON para Apoquel
2026-02-06 20:21:04,367 - scraper_base - INFO - ✅ Cobasi: 3 produto(s) encontrado(s) para Apoquel
2026-02-06 20:21:05,859 - scraper_base - INFO - 📦 [18/20] Processando Zenrelia
2026-02-06 20:21:05,859 - scraper_base - INFO - 🔍 Cobasi: Buscando Zenrelia
2026-02-06 20:21:06,196 - scraper_cobasi - INFO - Cobasi: Dados extraídos via JSON para Zenrelia
2026-02-06 20:21:06,196 - scraper_base - INFO - ✅ Cobasi: 4 produto(s) encontrado(s) para Zenrelia
2026-02-06 20:21:07,603 - scraper_base - INFO - 📦 [19/20] Processando Synulox
2026-02-06 20:21:07,603 - scraper_base - INFO - 🔍 Cobasi: Buscando Synulox
2026-02-06 20:21:08,107 - scraper_cobasi - INFO - Cobasi: Dados extraídos via JSON para Synulox
2026-02-06 20:21:08,107 - scraper_base - INFO - ✅ Cobasi: 2 produto(s) encontrado(s) para Synulox
2026-02-06 20:21:10,381 - scraper_base - INFO - 📦 [20/20] Processando Baytril
2026-02-06 20:21:10,381 - scraper_base - INFO - 🔍 Cobasi: Buscando Baytril
2026-02-06 20:21:10,800 - scraper_cobasi - INFO - Cobasi: Dados extraídos via JSON para Baytril
2026-02-06 20:21:10,800 - scraper_base - INFO - ✅ Cobasi: 4 produto(s) encontrado(s) para Baytril
2026-02-06 20:21:13,544 - scraper_base - INFO - 📊 Cobasi - Estatísticas finais:
2026-02-06 20:21:13,544 - scraper_base - INFO -    • Medicamentos processados: 20
2026-02-06 20:21:13,544 - scraper_base - INFO -    • Produtos encontrados: 167
2026-02-06 20:21:13,544 - scraper_base - INFO -    • Medicamentos sem resultado: 0
2026-02-06 20:21:13,544 - scraper_base - INFO -    • Tempo total: 64.1s
2026-02-06 20:21:13,545 - scraper_base - INFO -    • Tempo médio por medicamento: 3.2s
2026-02-06 20:21:13,659 - gerenciador_arquivos - INFO - Excel salvo: dados_coletados/cobasi_20260206_202113.xlsx (167 produtos)
2026-02-06 20:21:13,659 - gerenciador_principal - INFO - Cobasi: Arquivo individual salvo com sucesso
2026-02-06 20:21:13,660 - gerenciador_principal - INFO - Pausando entre sites...
2026-02-06 20:21:15,660 - gerenciador_principal - INFO - [2/3] Processando Petlove
2026-02-06 20:21:15,660 - scraper_base - INFO - 🚀 Iniciando scraping completo - Petlove
2026-02-06 20:21:15,943 - scraper_base - INFO - 📋 20 medicamentos para processar
2026-02-06 20:21:15,943 - scraper_base - INFO - 📦 [1/20] Processando Simparic
2026-02-06 20:21:15,943 - scraper_base - INFO - 🔍 Petlove: Buscando Simparic
2026-02-06 20:21:22,234 - gerenciador_conexoes - INFO - Chrome inicializado com otimizacoes de velocidade
2026-02-06 20:21:25,377 - scraper_base - INFO - ✅ Petlove: 34 produto(s) encontrado(s) para Simparic
2026-02-06 20:21:26,899 - scraper_base - INFO - 📦 [2/20] Processando Revolution
2026-02-06 20:21:26,899 - scraper_base - INFO - 🔍 Petlove: Buscando Revolution
2026-02-06 20:21:28,582 - scraper_base - INFO - ✅ Petlove: 18 produto(s) encontrado(s) para Revolution
2026-02-06 20:21:30,918 - scraper_base - INFO - 📦 [3/20] Processando NexGard
2026-02-06 20:21:30,918 - scraper_base - INFO - 🔍 Petlove: Buscando NexGard
2026-02-06 20:21:32,537 - scraper_base - INFO - ✅ Petlove: 11 produto(s) encontrado(s) para NexGard
2026-02-06 20:21:35,519 - scraper_base - INFO - 📦 [4/20] Processando NexGard Spectra
2026-02-06 20:21:35,519 - scraper_base - INFO - 🔍 Petlove: Buscando NexGard Spectra
2026-02-06 20:21:36,824 - scraper_base - INFO - ✅ Petlove: 5 produto(s) encontrado(s) para NexGard Spectra
2026-02-06 20:21:38,342 - scraper_base - INFO - 📦 [5/20] Processando NexGard Combo
2026-02-06 20:21:38,342 - scraper_base - INFO - 🔍 Petlove: Buscando NexGard Combo
2026-02-06 20:21:39,708 - scraper_base - INFO - ✅ Petlove: 2 produto(s) encontrado(s) para NexGard Combo
2026-02-06 20:21:41,461 - scraper_base - INFO - 📦 [6/20] Processando Bravecto
2026-02-06 20:21:41,462 - scraper_base - INFO - 🔍 Petlove: Buscando Bravecto
2026-02-06 20:21:43,842 - scraper_base - INFO - ✅ Petlove: 23 produto(s) encontrado(s) para Bravecto
2026-02-06 20:21:44,873 - scraper_base - INFO - 📦 [7/20] Processando Frontline
2026-02-06 20:21:44,873 - scraper_base - INFO - 🔍 Petlove: Buscando Frontline
2026-02-06 20:21:46,436 - scraper_base - INFO - ✅ Petlove: 11 produto(s) encontrado(s) para Frontline
2026-02-06 20:21:48,109 - scraper_base - INFO - 📦 [8/20] Processando Advocate
2026-02-06 20:21:48,109 - scraper_base - INFO - 🔍 Petlove: Buscando Advocate
2026-02-06 20:21:49,778 - scraper_base - INFO - ✅ Petlove: 12 produto(s) encontrado(s) para Advocate
2026-02-06 20:21:52,618 - scraper_base - INFO - 📦 [9/20] Processando Drontal
2026-02-06 20:21:52,618 - scraper_base - INFO - 🔍 Petlove: Buscando Drontal
2026-02-06 20:21:54,384 - scraper_base - INFO - ✅ Petlove: 36 produto(s) encontrado(s) para Drontal
2026-02-06 20:21:57,013 - scraper_base - INFO - 📦 [10/20] Processando Milbemax
2026-02-06 20:21:57,013 - scraper_base - INFO - 🔍 Petlove: Buscando Milbemax
2026-02-06 20:21:58,681 - scraper_base - INFO - ✅ Petlove: 15 produto(s) encontrado(s) para Milbemax
2026-02-06 20:22:01,298 - scraper_base - INFO - 📦 [11/20] Processando Vermivet
2026-02-06 20:22:01,299 - scraper_base - INFO - 🔍 Petlove: Buscando Vermivet
2026-02-06 20:22:11,277 - scraper_base - INFO - ✅ Petlove: 36 produto(s) encontrado(s) para Vermivet
2026-02-06 20:22:12,502 - scraper_base - INFO - 📦 [12/20] Processando Rimadyl
2026-02-06 20:22:12,502 - scraper_base - INFO - 🔍 Petlove: Buscando Rimadyl
2026-02-06 20:22:14,490 - scraper_base - INFO - ✅ Petlove: 1 produto(s) encontrado(s) para Rimadyl
2026-02-06 20:22:15,626 - scraper_base - INFO - 📦 [13/20] Processando Onsior
2026-02-06 20:22:15,626 - scraper_base - INFO - 🔍 Petlove: Buscando Onsior
2026-02-06 20:22:16,981 - scraper_base - INFO - ✅ Petlove: 4 produto(s) encontrado(s) para Onsior
2026-02-06 20:22:19,293 - scraper_base - INFO - 📦 [14/20] Processando Maxicam
2026-02-06 20:22:19,293 - scraper_base - INFO - 🔍 Petlove: Buscando Maxicam
2026-02-06 20:22:20,589 - scraper_base - INFO - ✅ Petlove: 3 produto(s) encontrado(s) para Maxicam
2026-02-06 20:22:22,725 - scraper_base - INFO - 📦 [15/20] Processando Carproflan
2026-02-06 20:22:22,725 - scraper_base - INFO - 🔍 Petlove: Buscando Carproflan
2026-02-06 20:22:24,134 - scraper_base - INFO - ✅ Petlove: 7 produto(s) encontrado(s) para Carproflan
2026-02-06 20:22:26,194 - scraper_base - INFO - 📦 [16/20] Processando Previcox
2026-02-06 20:22:26,194 - scraper_base - INFO - 🔍 Petlove: Buscando Previcox
2026-02-06 20:22:27,723 - scraper_base - INFO - ✅ Petlove: 4 produto(s) encontrado(s) para Previcox
2026-02-06 20:22:30,243 - scraper_base - INFO - 📦 [17/20] Processando Apoquel
2026-02-06 20:22:30,243 - scraper_base - INFO - 🔍 Petlove: Buscando Apoquel
2026-02-06 20:22:31,617 - scraper_base - INFO - ✅ Petlove: 16 produto(s) encontrado(s) para Apoquel
2026-02-06 20:22:33,944 - scraper_base - INFO - 📦 [18/20] Processando Zenrelia
2026-02-06 20:22:33,944 - scraper_base - INFO - 🔍 Petlove: Buscando Zenrelia
2026-02-06 20:22:35,422 - scraper_base - INFO - ✅ Petlove: 4 produto(s) encontrado(s) para Zenrelia
2026-02-06 20:22:38,239 - scraper_base - INFO - 📦 [19/20] Processando Synulox
2026-02-06 20:22:38,240 - scraper_base - INFO - 🔍 Petlove: Buscando Synulox
2026-02-06 20:22:39,598 - scraper_base - INFO - ✅ Petlove: 1 produto(s) encontrado(s) para Synulox
2026-02-06 20:22:41,597 - scraper_base - INFO - 📦 [20/20] Processando Baytril
2026-02-06 20:22:41,597 - scraper_base - INFO - 🔍 Petlove: Buscando Baytril
2026-02-06 20:22:42,964 - scraper_base - INFO - ✅ Petlove: 4 produto(s) encontrado(s) para Baytril
2026-02-06 20:22:45,688 - scraper_base - INFO - 📊 Petlove - Estatísticas finais:
2026-02-06 20:22:45,689 - scraper_base - INFO -    • Medicamentos processados: 20
2026-02-06 20:22:45,689 - scraper_base - INFO -    • Produtos encontrados: 247
2026-02-06 20:22:45,689 - scraper_base - INFO -    • Medicamentos sem resultado: 0
2026-02-06 20:22:45,689 - scraper_base - INFO -    • Tempo total: 90.0s
2026-02-06 20:22:45,689 - scraper_base - INFO -    • Tempo médio por medicamento: 4.5s
2026-02-06 20:22:45,734 - gerenciador_arquivos - INFO - Excel salvo: dados_coletados/petlove_20260206_202245.xlsx (247 produtos)
2026-02-06 20:22:45,734 - gerenciador_principal - INFO - Petlove: Arquivo individual salvo com sucesso
2026-02-06 20:22:45,734 - gerenciador_principal - INFO - Pausando entre sites...
2026-02-06 20:22:47,734 - gerenciador_principal - INFO - [3/3] Processando Petz
2026-02-06 20:22:47,734 - scraper_base - INFO - 🚀 Iniciando scraping completo - Petz
2026-02-06 20:22:48,092 - scraper_base - INFO - 📋 20 medicamentos para processar
2026-02-06 20:22:48,093 - scraper_base - INFO - 📦 [1/20] Processando Simparic
2026-02-06 20:22:48,093 - scraper_base - INFO - 🔍 Petz: Buscando Simparic
2026-02-06 20:22:52,878 - scraper_base - INFO - ✅ Petz: 12 produto(s) encontrado(s) para Simparic
2026-02-06 20:22:55,047 - scraper_base - INFO - 📦 [2/20] Processando Revolution
2026-02-06 20:22:55,047 - scraper_base - INFO - 🔍 Petz: Buscando Revolution
2026-02-06 20:22:57,799 - scraper_base - INFO - ✅ Petz: 26 produto(s) encontrado(s) para Revolution
2026-02-06 20:22:59,511 - scraper_base - INFO - 📦 [3/20] Processando NexGard
2026-02-06 20:22:59,511 - scraper_base - INFO - 🔍 Petz: Buscando NexGard
2026-02-06 20:23:01,561 - scraper_base - INFO - ✅ Petz: 22 produto(s) encontrado(s) para NexGard
2026-02-06 20:23:04,022 - scraper_base - INFO - 📦 [4/20] Processando NexGard Spectra
2026-02-06 20:23:04,022 - scraper_base - INFO - 🔍 Petz: Buscando NexGard Spectra
2026-02-06 20:23:05,886 - scraper_base - INFO - ✅ Petz: 10 produto(s) encontrado(s) para NexGard Spectra
2026-02-06 20:23:08,793 - scraper_base - INFO - 📦 [5/20] Processando NexGard Combo
2026-02-06 20:23:08,793 - scraper_base - INFO - 🔍 Petz: Buscando NexGard Combo
2026-02-06 20:23:10,356 - scraper_base - INFO - ✅ Petz: 4 produto(s) encontrado(s) para NexGard Combo
2026-02-06 20:23:12,086 - scraper_base - INFO - 📦 [6/20] Processando Bravecto
2026-02-06 20:23:12,086 - scraper_base - INFO - 🔍 Petz: Buscando Bravecto
2026-02-06 20:23:14,176 - scraper_base - INFO - ✅ Petz: 16 produto(s) encontrado(s) para Bravecto
2026-02-06 20:23:15,566 - scraper_base - INFO - 📦 [7/20] Processando Frontline
2026-02-06 20:23:15,566 - scraper_base - INFO - 🔍 Petz: Buscando Frontline
2026-02-06 20:23:17,229 - scraper_base - INFO - ✅ Petz: 11 produto(s) encontrado(s) para Frontline
2026-02-06 20:23:20,214 - scraper_base - INFO - 📦 [8/20] Processando Advocate
2026-02-06 20:23:20,214 - scraper_base - INFO - 🔍 Petz: Buscando Advocate
2026-02-06 20:23:22,236 - scraper_base - INFO - ✅ Petz: 12 produto(s) encontrado(s) para Advocate
2026-02-06 20:23:24,669 - scraper_base - INFO - 📦 [9/20] Processando Drontal
2026-02-06 20:23:24,669 - scraper_base - INFO - 🔍 Petz: Buscando Drontal
2026-02-06 20:23:27,162 - scraper_base - INFO - ✅ Petz: 30 produto(s) encontrado(s) para Drontal
2026-02-06 20:23:29,872 - scraper_base - INFO - 📦 [10/20] Processando Milbemax
2026-02-06 20:23:29,873 - scraper_base - INFO - 🔍 Petz: Buscando Milbemax
2026-02-06 20:23:31,606 - scraper_base - INFO - ✅ Petz: 4 produto(s) encontrado(s) para Milbemax
2026-02-06 20:23:33,218 - scraper_base - INFO - 📦 [11/20] Processando Vermivet
2026-02-06 20:23:33,218 - scraper_base - INFO - 🔍 Petz: Buscando Vermivet
2026-02-06 20:23:34,721 - scraper_base - INFO - ✅ Petz: 5 produto(s) encontrado(s) para Vermivet
2026-02-06 20:23:37,383 - scraper_base - INFO - 📦 [12/20] Processando Rimadyl
2026-02-06 20:23:37,383 - scraper_base - INFO - 🔍 Petz: Buscando Rimadyl
2026-02-06 20:23:39,028 - scraper_base - INFO - ✅ Petz: 3 produto(s) encontrado(s) para Rimadyl
2026-02-06 20:23:40,418 - scraper_base - INFO - 📦 [13/20] Processando Onsior
2026-02-06 20:23:40,418 - scraper_base - INFO - 🔍 Petz: Buscando Onsior
2026-02-06 20:23:41,852 - scraper_base - INFO - ✅ Petz: 4 produto(s) encontrado(s) para Onsior
2026-02-06 20:23:43,264 - scraper_base - INFO - 📦 [14/20] Processando Maxicam
2026-02-06 20:23:43,264 - scraper_base - INFO - 🔍 Petz: Buscando Maxicam
2026-02-06 20:23:45,478 - scraper_base - INFO - ✅ Petz: 29 produto(s) encontrado(s) para Maxicam
2026-02-06 20:23:47,470 - scraper_base - INFO - 📦 [15/20] Processando Carproflan
2026-02-06 20:23:47,470 - scraper_base - INFO - 🔍 Petz: Buscando Carproflan
2026-02-06 20:23:48,858 - scraper_base - INFO - ✅ Petz: 3 produto(s) encontrado(s) para Carproflan
2026-02-06 20:23:50,666 - scraper_base - INFO - 📦 [16/20] Processando Previcox
2026-02-06 20:23:50,666 - scraper_base - INFO - 🔍 Petz: Buscando Previcox
2026-02-06 20:23:52,341 - scraper_base - INFO - ✅ Petz: 2 produto(s) encontrado(s) para Previcox
2026-02-06 20:23:55,250 - scraper_base - INFO - 📦 [17/20] Processando Apoquel
2026-02-06 20:23:55,251 - scraper_base - INFO - 🔍 Petz: Buscando Apoquel
2026-02-06 20:23:56,786 - scraper_base - INFO - ✅ Petz: 3 produto(s) encontrado(s) para Apoquel
2026-02-06 20:23:58,204 - scraper_base - INFO - 📦 [18/20] Processando Zenrelia
2026-02-06 20:23:58,205 - scraper_base - INFO - 🔍 Petz: Buscando Zenrelia
2026-02-06 20:23:59,779 - scraper_base - INFO - ✅ Petz: 4 produto(s) encontrado(s) para Zenrelia
2026-02-06 20:24:02,578 - scraper_base - INFO - 📦 [19/20] Processando Synulox
2026-02-06 20:24:02,578 - scraper_base - INFO - 🔍 Petz: Buscando Synulox
2026-02-06 20:24:04,061 - scraper_base - INFO - ✅ Petz: 2 produto(s) encontrado(s) para Synulox
2026-02-06 20:24:06,648 - scraper_base - INFO - 📦 [20/20] Processando Baytril
2026-02-06 20:24:06,649 - scraper_base - INFO - 🔍 Petz: Buscando Baytril
2026-02-06 20:24:08,346 - scraper_base - INFO - ✅ Petz: 9 produto(s) encontrado(s) para Baytril
2026-02-06 20:24:11,340 - scraper_base - INFO - 📊 Petz - Estatísticas finais:
2026-02-06 20:24:11,340 - scraper_base - INFO -    • Medicamentos processados: 20
2026-02-06 20:24:11,340 - scraper_base - INFO -    • Produtos encontrados: 211
2026-02-06 20:24:11,340 - scraper_base - INFO -    • Medicamentos sem resultado: 0
2026-02-06 20:24:11,340 - scraper_base - INFO -    • Tempo total: 83.6s
2026-02-06 20:24:11,340 - scraper_base - INFO -    • Tempo médio por medicamento: 4.2s
2026-02-06 20:24:11,437 - gerenciador_arquivos - INFO - Excel salvo: dados_coletados/petz_20260206_202411.xlsx (211 produtos)
2026-02-06 20:24:11,437 - gerenciador_principal - INFO - Petz: Arquivo individual salvo com sucesso
2026-02-06 20:24:11,437 - gerenciador_principal - INFO - Gerando relatório consolidado...
2026-02-06 20:24:11,653 - gerenciador_arquivos - INFO - Relatório consolidado salvo: dados_relatorios/relatorio_consolidado_20260206_202411.xlsx
2026-02-06 20:24:11,793 - gerenciador_conexoes - INFO - Chrome fechado
2026-02-06 20:24:11,793 - gerenciador_conexoes - INFO - Métodos utilizados - Requests: 33.3%, Selenium: 66.7%, Falhas: 0.0%
2026-02-06 20:24:11,793 - gerenciador_principal - INFO - ============================================================
2026-02-06 20:24:11,793 - gerenciador_principal - INFO - RELATORIO FINAL DE EXECUÇÃO
2026-02-06 20:24:11,793 - gerenciador_principal - INFO - ============================================================
2026-02-06 20:24:11,793 - gerenciador_principal - INFO - Sites processados: 3
2026-02-06 20:24:11,793 - gerenciador_principal - INFO - Sites com sucesso: 3
2026-02-06 20:24:11,793 - gerenciador_principal - INFO - Total de produtos coletados: 625
2026-02-06 20:24:11,793 - gerenciador_principal - INFO - Tempo total de execução: 242.0 segundos
2026-02-06 20:24:11,793 - gerenciador_principal - INFO - Estatísticas de conexão:
2026-02-06 20:24:11,793 - gerenciador_principal - INFO -   - Requests bem-sucedidos: 33.3%
2026-02-06 20:24:11,793 - gerenciador_principal - INFO -   - Selenium fallback: 66.7%
2026-02-06 20:24:11,793 - gerenciador_principal - INFO -   - Falhas totais: 0.0%
2026-02-06 20:24:11,796 - gerenciador_principal - INFO - Arquivos salvos na pasta: dados_coletados
2026-02-06 20:24:11,796 - gerenciador_principal - INFO - Total de arquivos: 372
2026-02-06 20:24:11,796 - gerenciador_principal - INFO - ============================================================
