2026-02-16 20:17:17,653 - configurador_logs - INFO - Sistema de logs configurado com sucesso
2026-02-16 20:17:17,653 - configurador_logs - INFO - 🚀 Logs configurados para MODO PRODUÇÃO
2026-02-16 20:17:17,653 - gerenciador_principal - INFO - Inicializando sistema - Modo: PRODUCAO
2026-02-16 20:17:17,653 - gerenciador_arquivos - INFO - Pasta dados_coletados preparada
2026-02-16 20:17:17,653 - gerenciador_principal - INFO - Sistema inicializado com 3 scrapers
2026-02-16 20:17:17,653 - gerenciador_principal - INFO - ============================================================
2026-02-16 20:17:17,653 - gerenciador_principal - INFO - INICIANDO SCRAPING COMPLETO - PRODUCAO
2026-02-16 20:17:17,653 - gerenciador_principal - INFO - ============================================================
2026-02-16 20:17:17,654 - gerenciador_principal - INFO - [1/3] Processando Cobasi
2026-02-16 20:17:17,654 - scraper_base - INFO - 🚀 Iniciando scraping completo - Cobasi
2026-02-16 20:17:17,949 - gerenciador_conexoes - INFO - Sessao estabelecida com cobasi.com.br
2026-02-16 20:17:17,949 - scraper_base - INFO - 📋 20 medicamentos para processar
2026-02-16 20:17:17,949 - scraper_base - INFO - 📦 [1/20] Processando Simparic
2026-02-16 20:17:17,949 - scraper_base - INFO - 🔍 Cobasi: Buscando Simparic
2026-02-16 20:17:20,671 - scraper_cobasi - INFO - Cobasi: Dados extraídos via JSON para Simparic
2026-02-16 20:17:20,672 - scraper_base - INFO - ✅ Cobasi: 12 produto(s) encontrado(s) para Simparic
2026-02-16 20:17:22,144 - scraper_base - INFO - 📦 [2/20] Processando Revolution
2026-02-16 20:17:22,144 - scraper_base - INFO - 🔍 Cobasi: Buscando Revolution
2026-02-16 20:17:23,122 - scraper_cobasi - INFO - Cobasi: Dados extraídos via JSON para Revolution
2026-02-16 20:17:23,122 - scraper_base - INFO - ✅ Cobasi: 18 produto(s) encontrado(s) para Revolution
2026-02-16 20:17:24,128 - scraper_base - INFO - 📦 [3/20] Processando NexGard
2026-02-16 20:17:24,128 - scraper_base - INFO - 🔍 Cobasi: Buscando NexGard
2026-02-16 20:17:24,699 - scraper_cobasi - INFO - Cobasi: Dados extraídos via JSON para NexGard
2026-02-16 20:17:24,699 - scraper_base - INFO - ✅ Cobasi: 22 produto(s) encontrado(s) para NexGard
2026-02-16 20:17:27,680 - scraper_base - INFO - 📦 [4/20] Processando NexGard Spectra
2026-02-16 20:17:27,680 - scraper_base - INFO - 🔍 Cobasi: Buscando NexGard Spectra
2026-02-16 20:17:29,861 - scraper_cobasi - INFO - Cobasi: Dados extraídos via JSON para NexGard Spectra
2026-02-16 20:17:29,861 - scraper_base - INFO - ✅ Cobasi: 10 produto(s) encontrado(s) para NexGard Spectra
2026-02-16 20:17:32,740 - scraper_base - INFO - 📦 [5/20] Processando NexGard Combo
2026-02-16 20:17:32,740 - scraper_base - INFO - 🔍 Cobasi: Buscando NexGard Combo
2026-02-16 20:17:34,587 - scraper_cobasi - INFO - Cobasi: Dados extraídos via JSON para NexGard Combo
2026-02-16 20:17:34,587 - scraper_base - INFO - ✅ Cobasi: 4 produto(s) encontrado(s) para NexGard Combo
2026-02-16 20:17:36,688 - scraper_base - INFO - 📦 [6/20] Processando Bravecto
2026-02-16 20:17:36,688 - scraper_base - INFO - 🔍 Cobasi: Buscando Bravecto
2026-02-16 20:17:37,196 - scraper_cobasi - INFO - Cobasi: Dados extraídos via JSON para Bravecto
2026-02-16 20:17:37,197 - scraper_base - INFO - ✅ Cobasi: 16 produto(s) encontrado(s) para Bravecto
2026-02-16 20:17:39,235 - scraper_base - INFO - 📦 [7/20] Processando Frontline
2026-02-16 20:17:39,235 - scraper_base - INFO - 🔍 Cobasi: Buscando Frontline
2026-02-16 20:17:42,021 - scraper_cobasi - INFO - Cobasi: Dados extraídos via JSON para Frontline
2026-02-16 20:17:42,021 - scraper_base - INFO - ✅ Cobasi: 10 produto(s) encontrado(s) para Frontline
2026-02-16 20:17:44,668 - scraper_base - INFO - 📦 [8/20] Processando Advocate
2026-02-16 20:17:44,668 - scraper_base - INFO - 🔍 Cobasi: Buscando Advocate
2026-02-16 20:17:47,401 - scraper_cobasi - INFO - Cobasi: Dados extraídos via JSON para Advocate
2026-02-16 20:17:47,402 - scraper_base - INFO - ✅ Cobasi: 12 produto(s) encontrado(s) para Advocate
2026-02-16 20:17:49,167 - scraper_base - INFO - 📦 [9/20] Processando Drontal
2026-02-16 20:17:49,167 - scraper_base - INFO - 🔍 Cobasi: Buscando Drontal
2026-02-16 20:17:49,611 - scraper_cobasi - INFO - Cobasi: Dados extraídos via JSON para Drontal
2026-02-16 20:17:49,611 - scraper_base - INFO - ✅ Cobasi: 8 produto(s) encontrado(s) para Drontal
2026-02-16 20:17:51,047 - scraper_base - INFO - 📦 [10/20] Processando Milbemax
2026-02-16 20:17:51,048 - scraper_base - INFO - 🔍 Cobasi: Buscando Milbemax
2026-02-16 20:17:51,485 - scraper_cobasi - INFO - Cobasi: Dados extraídos via JSON para Milbemax
2026-02-16 20:17:51,485 - scraper_base - INFO - ✅ Cobasi: 4 produto(s) encontrado(s) para Milbemax
2026-02-16 20:17:52,802 - scraper_base - INFO - 📦 [11/20] Processando Vermivet
2026-02-16 20:17:52,802 - scraper_base - INFO - 🔍 Cobasi: Buscando Vermivet
2026-02-16 20:17:53,258 - scraper_cobasi - INFO - Cobasi: Dados extraídos via JSON para Vermivet
2026-02-16 20:17:53,258 - scraper_base - INFO - ✅ Cobasi: 5 produto(s) encontrado(s) para Vermivet
2026-02-16 20:17:56,019 - scraper_base - INFO - 📦 [12/20] Processando Rimadyl
2026-02-16 20:17:56,019 - scraper_base - INFO - 🔍 Cobasi: Buscando Rimadyl
2026-02-16 20:17:57,776 - scraper_cobasi - INFO - Cobasi: Dados extraídos via JSON para Rimadyl
2026-02-16 20:17:57,776 - scraper_base - INFO - ✅ Cobasi: 3 produto(s) encontrado(s) para Rimadyl
2026-02-16 20:17:59,401 - scraper_base - INFO - 📦 [13/20] Processando Onsior
2026-02-16 20:17:59,401 - scraper_base - INFO - 🔍 Cobasi: Buscando Onsior
2026-02-16 20:17:59,837 - scraper_cobasi - INFO - Cobasi: Dados extraídos via JSON para Onsior
2026-02-16 20:17:59,837 - scraper_base - INFO - ✅ Cobasi: 4 produto(s) encontrado(s) para Onsior
2026-02-16 20:18:02,243 - scraper_base - INFO - 📦 [14/20] Processando Maxicam
2026-02-16 20:18:02,244 - scraper_base - INFO - 🔍 Cobasi: Buscando Maxicam
2026-02-16 20:18:05,088 - scraper_cobasi - INFO - Cobasi: Dados extraídos via JSON para Maxicam
2026-02-16 20:18:05,088 - scraper_base - INFO - ✅ Cobasi: 21 produto(s) encontrado(s) para Maxicam
2026-02-16 20:18:06,544 - scraper_base - INFO - 📦 [15/20] Processando Carproflan
2026-02-16 20:18:06,544 - scraper_base - INFO - 🔍 Cobasi: Buscando Carproflan
2026-02-16 20:18:06,968 - scraper_cobasi - INFO - Cobasi: Dados extraídos via JSON para Carproflan
2026-02-16 20:18:06,968 - scraper_base - INFO - ✅ Cobasi: 3 produto(s) encontrado(s) para Carproflan
2026-02-16 20:18:08,088 - scraper_base - INFO - 📦 [16/20] Processando Previcox
2026-02-16 20:18:08,088 - scraper_base - INFO - 🔍 Cobasi: Buscando Previcox
2026-02-16 20:18:10,107 - scraper_cobasi - INFO - Cobasi: Dados extraídos via JSON para Previcox
2026-02-16 20:18:10,107 - scraper_base - INFO - ✅ Cobasi: 2 produto(s) encontrado(s) para Previcox
2026-02-16 20:18:11,854 - scraper_base - INFO - 📦 [17/20] Processando Apoquel
2026-02-16 20:18:11,855 - scraper_base - INFO - 🔍 Cobasi: Buscando Apoquel
2026-02-16 20:18:13,934 - scraper_cobasi - INFO - Cobasi: Dados extraídos via JSON para Apoquel
2026-02-16 20:18:13,934 - scraper_base - INFO - ✅ Cobasi: 3 produto(s) encontrado(s) para Apoquel
2026-02-16 20:18:16,410 - scraper_base - INFO - 📦 [18/20] Processando Zenrelia
2026-02-16 20:18:16,410 - scraper_base - INFO - 🔍 Cobasi: Buscando Zenrelia
2026-02-16 20:18:18,374 - scraper_cobasi - INFO - Cobasi: Dados extraídos via JSON para Zenrelia
2026-02-16 20:18:18,374 - scraper_base - INFO - ✅ Cobasi: 4 produto(s) encontrado(s) para Zenrelia
2026-02-16 20:18:19,401 - scraper_base - INFO - 📦 [19/20] Processando Synulox
2026-02-16 20:18:19,401 - scraper_base - INFO - 🔍 Cobasi: Buscando Synulox
2026-02-16 20:18:19,839 - scraper_cobasi - INFO - Cobasi: Dados extraídos via JSON para Synulox
2026-02-16 20:18:19,839 - scraper_base - INFO - ✅ Cobasi: 2 produto(s) encontrado(s) para Synulox
2026-02-16 20:18:21,281 - scraper_base - INFO - 📦 [20/20] Processando Baytril
2026-02-16 20:18:21,281 - scraper_base - INFO - 🔍 Cobasi: Buscando Baytril
2026-02-16 20:18:23,385 - scraper_cobasi - INFO - Cobasi: Dados extraídos via JSON para Baytril
2026-02-16 20:18:23,385 - scraper_base - INFO - ✅ Cobasi: 4 produto(s) encontrado(s) para Baytril
2026-02-16 20:18:25,158 - scraper_base - INFO - 📊 Cobasi - Estatísticas finais:
2026-02-16 20:18:25,158 - scraper_base - INFO -    • Medicamentos processados: 20
2026-02-16 20:18:25,158 - scraper_base - INFO -    • Produtos encontrados: 167
2026-02-16 20:18:25,158 - scraper_base - INFO -    • Medicamentos sem resultado: 0
2026-02-16 20:18:25,158 - scraper_base - INFO -    • Tempo total: 67.5s
2026-02-16 20:18:25,158 - scraper_base - INFO -    • Tempo médio por medicamento: 3.4s
2026-02-16 20:18:25,304 - gerenciador_arquivos - INFO - Excel salvo: dados_coletados/cobasi_20260216_201825.xlsx (167 produtos)
2026-02-16 20:18:25,304 - gerenciador_principal - INFO - Cobasi: Arquivo individual salvo com sucesso
2026-02-16 20:18:25,304 - gerenciador_principal - INFO - Pausando entre sites...
2026-02-16 20:18:27,304 - gerenciador_principal - INFO - [2/3] Processando Petlove
2026-02-16 20:18:27,304 - scraper_base - INFO - 🚀 Iniciando scraping completo - Petlove
2026-02-16 20:18:27,571 - scraper_base - INFO - 📋 20 medicamentos para processar
2026-02-16 20:18:27,572 - scraper_base - INFO - 📦 [1/20] Processando Simparic
2026-02-16 20:18:27,572 - scraper_base - INFO - 🔍 Petlove: Buscando Simparic
2026-02-16 20:18:33,571 - gerenciador_conexoes - INFO - Chrome inicializado com otimizacoes de velocidade
2026-02-16 20:18:37,217 - scraper_base - INFO - ✅ Petlove: 36 produto(s) encontrado(s) para Simparic
2026-02-16 20:18:39,389 - scraper_base - INFO - 📦 [2/20] Processando Revolution
2026-02-16 20:18:39,389 - scraper_base - INFO - 🔍 Petlove: Buscando Revolution
2026-02-16 20:18:41,652 - scraper_base - INFO - ✅ Petlove: 20 produto(s) encontrado(s) para Revolution
2026-02-16 20:18:42,875 - scraper_base - INFO - 📦 [3/20] Processando NexGard
2026-02-16 20:18:42,875 - scraper_base - INFO - 🔍 Petlove: Buscando NexGard
2026-02-16 20:18:44,572 - scraper_base - INFO - ✅ Petlove: 11 produto(s) encontrado(s) para NexGard
2026-02-16 20:18:45,655 - scraper_base - INFO - 📦 [4/20] Processando NexGard Spectra
2026-02-16 20:18:45,655 - scraper_base - INFO - 🔍 Petlove: Buscando NexGard Spectra
2026-02-16 20:18:47,101 - scraper_base - INFO - ✅ Petlove: 5 produto(s) encontrado(s) para NexGard Spectra
2026-02-16 20:18:49,678 - scraper_base - INFO - 📦 [5/20] Processando NexGard Combo
2026-02-16 20:18:49,678 - scraper_base - INFO - 🔍 Petlove: Buscando NexGard Combo
2026-02-16 20:18:51,045 - scraper_base - INFO - ✅ Petlove: 2 produto(s) encontrado(s) para NexGard Combo
2026-02-16 20:18:52,099 - scraper_base - INFO - 📦 [6/20] Processando Bravecto
2026-02-16 20:18:52,099 - scraper_base - INFO - 🔍 Petlove: Buscando Bravecto
2026-02-16 20:18:54,421 - scraper_base - INFO - ✅ Petlove: 23 produto(s) encontrado(s) para Bravecto
2026-02-16 20:18:56,996 - scraper_base - INFO - 📦 [7/20] Processando Frontline
2026-02-16 20:18:56,996 - scraper_base - INFO - 🔍 Petlove: Buscando Frontline
2026-02-16 20:18:58,721 - scraper_base - INFO - ✅ Petlove: 11 produto(s) encontrado(s) para Frontline
2026-02-16 20:19:01,254 - scraper_base - INFO - 📦 [8/20] Processando Advocate
2026-02-16 20:19:01,254 - scraper_base - INFO - 🔍 Petlove: Buscando Advocate
2026-02-16 20:19:02,883 - scraper_base - INFO - ✅ Petlove: 12 produto(s) encontrado(s) para Advocate
2026-02-16 20:19:04,435 - scraper_base - INFO - 📦 [9/20] Processando Drontal
2026-02-16 20:19:04,435 - scraper_base - INFO - 🔍 Petlove: Buscando Drontal
2026-02-16 20:19:06,859 - scraper_base - INFO - ✅ Petlove: 36 produto(s) encontrado(s) para Drontal
2026-02-16 20:19:08,883 - scraper_base - INFO - 📦 [10/20] Processando Milbemax
2026-02-16 20:19:08,883 - scraper_base - INFO - 🔍 Petlove: Buscando Milbemax
2026-02-16 20:19:10,520 - scraper_base - INFO - ✅ Petlove: 14 produto(s) encontrado(s) para Milbemax
2026-02-16 20:19:12,190 - scraper_base - INFO - 📦 [11/20] Processando Vermivet
2026-02-16 20:19:12,190 - scraper_base - INFO - 🔍 Petlove: Buscando Vermivet
2026-02-16 20:19:14,066 - scraper_base - INFO - ✅ Petlove: 36 produto(s) encontrado(s) para Vermivet
2026-02-16 20:19:16,172 - scraper_base - INFO - 📦 [12/20] Processando Rimadyl
2026-02-16 20:19:16,172 - scraper_base - INFO - 🔍 Petlove: Buscando Rimadyl
2026-02-16 20:19:17,658 - scraper_base - INFO - ✅ Petlove: 1 produto(s) encontrado(s) para Rimadyl
2026-02-16 20:19:20,543 - scraper_base - INFO - 📦 [13/20] Processando Onsior
2026-02-16 20:19:20,543 - scraper_base - INFO - 🔍 Petlove: Buscando Onsior
2026-02-16 20:19:22,144 - scraper_base - INFO - ✅ Petlove: 4 produto(s) encontrado(s) para Onsior
2026-02-16 20:19:24,996 - scraper_base - INFO - 📦 [14/20] Processando Maxicam
2026-02-16 20:19:24,996 - scraper_base - INFO - 🔍 Petlove: Buscando Maxicam
2026-02-16 20:19:26,413 - scraper_base - INFO - ✅ Petlove: 3 produto(s) encontrado(s) para Maxicam
2026-02-16 20:19:27,913 - scraper_base - INFO - 📦 [15/20] Processando Carproflan
2026-02-16 20:19:27,913 - scraper_base - INFO - 🔍 Petlove: Buscando Carproflan
2026-02-16 20:19:29,418 - scraper_base - INFO - ✅ Petlove: 7 produto(s) encontrado(s) para Carproflan
2026-02-16 20:19:31,598 - scraper_base - INFO - 📦 [16/20] Processando Previcox
2026-02-16 20:19:31,599 - scraper_base - INFO - 🔍 Petlove: Buscando Previcox
2026-02-16 20:19:33,103 - scraper_base - INFO - ✅ Petlove: 4 produto(s) encontrado(s) para Previcox
2026-02-16 20:19:35,868 - scraper_base - INFO - 📦 [17/20] Processando Apoquel
2026-02-16 20:19:35,868 - scraper_base - INFO - 🔍 Petlove: Buscando Apoquel
2026-02-16 20:19:37,672 - scraper_base - INFO - ✅ Petlove: 16 produto(s) encontrado(s) para Apoquel
2026-02-16 20:19:39,454 - scraper_base - INFO - 📦 [18/20] Processando Zenrelia
2026-02-16 20:19:39,454 - scraper_base - INFO - 🔍 Petlove: Buscando Zenrelia
2026-02-16 20:19:41,041 - scraper_base - INFO - ✅ Petlove: 4 produto(s) encontrado(s) para Zenrelia
2026-02-16 20:19:42,266 - scraper_base - INFO - 📦 [19/20] Processando Synulox
2026-02-16 20:19:42,267 - scraper_base - INFO - 🔍 Petlove: Buscando Synulox
2026-02-16 20:19:43,735 - scraper_base - INFO - ✅ Petlove: 1 produto(s) encontrado(s) para Synulox
2026-02-16 20:19:46,432 - scraper_base - INFO - 📦 [20/20] Processando Baytril
2026-02-16 20:19:46,432 - scraper_base - INFO - 🔍 Petlove: Buscando Baytril
2026-02-16 20:19:47,896 - scraper_base - INFO - ✅ Petlove: 4 produto(s) encontrado(s) para Baytril
2026-02-16 20:19:49,078 - scraper_base - INFO - 📊 Petlove - Estatísticas finais:
2026-02-16 20:19:49,078 - scraper_base - INFO -    • Medicamentos processados: 20
2026-02-16 20:19:49,078 - scraper_base - INFO -    • Produtos encontrados: 250
2026-02-16 20:19:49,078 - scraper_base - INFO -    • Medicamentos sem resultado: 0
2026-02-16 20:19:49,078 - scraper_base - INFO -    • Tempo total: 81.8s
2026-02-16 20:19:49,078 - scraper_base - INFO -    • Tempo médio por medicamento: 4.1s
2026-02-16 20:19:49,124 - gerenciador_arquivos - INFO - Excel salvo: dados_coletados/petlove_20260216_201949.xlsx (250 produtos)
2026-02-16 20:19:49,124 - gerenciador_principal - INFO - Petlove: Arquivo individual salvo com sucesso
2026-02-16 20:19:49,124 - gerenciador_principal - INFO - Pausando entre sites...
2026-02-16 20:19:51,124 - gerenciador_principal - INFO - [3/3] Processando Petz
2026-02-16 20:19:51,125 - scraper_base - INFO - 🚀 Iniciando scraping completo - Petz
2026-02-16 20:19:51,451 - scraper_base - INFO - 📋 20 medicamentos para processar
2026-02-16 20:19:51,452 - scraper_base - INFO - 📦 [1/20] Processando Simparic
2026-02-16 20:19:51,452 - scraper_base - INFO - 🔍 Petz: Buscando Simparic
2026-02-16 20:19:56,679 - scraper_base - INFO - ✅ Petz: 12 produto(s) encontrado(s) para Simparic
2026-02-16 20:19:59,309 - scraper_base - INFO - 📦 [2/20] Processando Revolution
2026-02-16 20:19:59,309 - scraper_base - INFO - 🔍 Petz: Buscando Revolution
2026-02-16 20:20:02,627 - scraper_base - INFO - ✅ Petz: 26 produto(s) encontrado(s) para Revolution
2026-02-16 20:20:04,595 - scraper_base - INFO - 📦 [3/20] Processando NexGard
2026-02-16 20:20:04,595 - scraper_base - INFO - 🔍 Petz: Buscando NexGard
2026-02-16 20:20:06,819 - scraper_base - INFO - ✅ Petz: 22 produto(s) encontrado(s) para NexGard
2026-02-16 20:20:08,880 - scraper_base - INFO - 📦 [4/20] Processando NexGard Spectra
2026-02-16 20:20:08,880 - scraper_base - INFO - 🔍 Petz: Buscando NexGard Spectra
2026-02-16 20:20:10,531 - scraper_base - INFO - ✅ Petz: 10 produto(s) encontrado(s) para NexGard Spectra
2026-02-16 20:20:13,307 - scraper_base - INFO - 📦 [5/20] Processando NexGard Combo
2026-02-16 20:20:13,308 - scraper_base - INFO - 🔍 Petz: Buscando NexGard Combo
2026-02-16 20:20:15,097 - scraper_base - INFO - ✅ Petz: 4 produto(s) encontrado(s) para NexGard Combo
2026-02-16 20:20:16,545 - scraper_base - INFO - 📦 [6/20] Processando Bravecto
2026-02-16 20:20:16,545 - scraper_base - INFO - 🔍 Petz: Buscando Bravecto
2026-02-16 20:20:18,969 - scraper_base - INFO - ✅ Petz: 16 produto(s) encontrado(s) para Bravecto
2026-02-16 20:20:21,523 - scraper_base - INFO - 📦 [7/20] Processando Frontline
2026-02-16 20:20:21,523 - scraper_base - INFO - 🔍 Petz: Buscando Frontline
2026-02-16 20:20:23,749 - scraper_base - INFO - ✅ Petz: 11 produto(s) encontrado(s) para Frontline
2026-02-16 20:20:25,024 - scraper_base - INFO - 📦 [8/20] Processando Advocate
2026-02-16 20:20:25,025 - scraper_base - INFO - 🔍 Petz: Buscando Advocate
2026-02-16 20:20:26,978 - scraper_base - INFO - ✅ Petz: 12 produto(s) encontrado(s) para Advocate
2026-02-16 20:20:28,142 - scraper_base - INFO - 📦 [9/20] Processando Drontal
2026-02-16 20:20:28,142 - scraper_base - INFO - 🔍 Petz: Buscando Drontal
2026-02-16 20:20:31,064 - scraper_base - INFO - ✅ Petz: 30 produto(s) encontrado(s) para Drontal
2026-02-16 20:20:32,634 - scraper_base - INFO - 📦 [10/20] Processando Milbemax
2026-02-16 20:20:32,634 - scraper_base - INFO - 🔍 Petz: Buscando Milbemax
2026-02-16 20:20:34,341 - scraper_base - INFO - ✅ Petz: 4 produto(s) encontrado(s) para Milbemax
2026-02-16 20:20:37,156 - scraper_base - INFO - 📦 [11/20] Processando Vermivet
2026-02-16 20:20:37,156 - scraper_base - INFO - 🔍 Petz: Buscando Vermivet
2026-02-16 20:20:38,937 - scraper_base - INFO - ✅ Petz: 5 produto(s) encontrado(s) para Vermivet
2026-02-16 20:20:40,329 - scraper_base - INFO - 📦 [12/20] Processando Rimadyl
2026-02-16 20:20:40,329 - scraper_base - INFO - 🔍 Petz: Buscando Rimadyl
2026-02-16 20:20:42,172 - scraper_base - INFO - ✅ Petz: 3 produto(s) encontrado(s) para Rimadyl
2026-02-16 20:20:44,821 - scraper_base - INFO - 📦 [13/20] Processando Onsior
2026-02-16 20:20:44,821 - scraper_base - INFO - 🔍 Petz: Buscando Onsior
2026-02-16 20:20:46,451 - scraper_base - INFO - ✅ Petz: 4 produto(s) encontrado(s) para Onsior
2026-02-16 20:20:49,067 - scraper_base - INFO - 📦 [14/20] Processando Maxicam
2026-02-16 20:20:49,067 - scraper_base - INFO - 🔍 Petz: Buscando Maxicam
2026-02-16 20:20:51,319 - scraper_base - INFO - ✅ Petz: 29 produto(s) encontrado(s) para Maxicam
2026-02-16 20:20:53,158 - scraper_base - INFO - 📦 [15/20] Processando Carproflan
2026-02-16 20:20:53,158 - scraper_base - INFO - 🔍 Petz: Buscando Carproflan
2026-02-16 20:20:55,028 - scraper_base - INFO - ✅ Petz: 3 produto(s) encontrado(s) para Carproflan
2026-02-16 20:20:57,076 - scraper_base - INFO - 📦 [16/20] Processando Previcox
2026-02-16 20:20:57,077 - scraper_base - INFO - 🔍 Petz: Buscando Previcox
2026-02-16 20:20:58,617 - scraper_base - INFO - ✅ Petz: 2 produto(s) encontrado(s) para Previcox
2026-02-16 20:21:01,290 - scraper_base - INFO - 📦 [17/20] Processando Apoquel
2026-02-16 20:21:01,290 - scraper_base - INFO - 🔍 Petz: Buscando Apoquel
2026-02-16 20:21:03,096 - scraper_base - INFO - ✅ Petz: 3 produto(s) encontrado(s) para Apoquel
2026-02-16 20:21:04,160 - scraper_base - INFO - 📦 [18/20] Processando Zenrelia
2026-02-16 20:21:04,160 - scraper_base - INFO - 🔍 Petz: Buscando Zenrelia
2026-02-16 20:21:06,089 - scraper_base - INFO - ✅ Petz: 4 produto(s) encontrado(s) para Zenrelia
2026-02-16 20:21:07,564 - scraper_base - INFO - 📦 [19/20] Processando Synulox
2026-02-16 20:21:07,564 - scraper_base - INFO - 🔍 Petz: Buscando Synulox
2026-02-16 20:21:09,098 - scraper_base - INFO - ✅ Petz: 2 produto(s) encontrado(s) para Synulox
2026-02-16 20:21:11,384 - scraper_base - INFO - 📦 [20/20] Processando Baytril
2026-02-16 20:21:11,384 - scraper_base - INFO - 🔍 Petz: Buscando Baytril
2026-02-16 20:21:13,137 - scraper_base - INFO - ✅ Petz: 9 produto(s) encontrado(s) para Baytril
2026-02-16 20:21:15,743 - scraper_base - INFO - 📊 Petz - Estatísticas finais:
2026-02-16 20:21:15,743 - scraper_base - INFO -    • Medicamentos processados: 20
2026-02-16 20:21:15,743 - scraper_base - INFO -    • Produtos encontrados: 211
2026-02-16 20:21:15,743 - scraper_base - INFO -    • Medicamentos sem resultado: 0
2026-02-16 20:21:15,743 - scraper_base - INFO -    • Tempo total: 84.6s
2026-02-16 20:21:15,743 - scraper_base - INFO -    • Tempo médio por medicamento: 4.2s
2026-02-16 20:21:15,835 - gerenciador_arquivos - INFO - Excel salvo: dados_coletados/petz_20260216_202115.xlsx (211 produtos)
2026-02-16 20:21:15,835 - gerenciador_principal - INFO - Petz: Arquivo individual salvo com sucesso
2026-02-16 20:21:15,835 - gerenciador_principal - INFO - Gerando relatório consolidado...
2026-02-16 20:21:16,051 - gerenciador_arquivos - INFO - Relatório consolidado salvo: dados_relatorios/relatorio_consolidado_20260216_202115.xlsx
2026-02-16 20:21:16,184 - gerenciador_conexoes - INFO - Chrome fechado
2026-02-16 20:21:16,184 - gerenciador_conexoes - INFO - Métodos utilizados - Requests: 33.3%, Selenium: 66.7%, Falhas: 0.0%
2026-02-16 20:21:16,184 - gerenciador_principal - INFO - ============================================================
2026-02-16 20:21:16,184 - gerenciador_principal - INFO - RELATORIO FINAL DE EXECUÇÃO
2026-02-16 20:21:16,184 - gerenciador_principal - INFO - ============================================================
2026-02-16 20:21:16,184 - gerenciador_principal - INFO - Sites processados: 3
2026-02-16 20:21:16,185 - gerenciador_principal - INFO - Sites com sucesso: 3
2026-02-16 20:21:16,185 - gerenciador_principal - INFO - Total de produtos coletados: 628
2026-02-16 20:21:16,185 - gerenciador_principal - INFO - Tempo total de execução: 238.2 segundos
2026-02-16 20:21:16,185 - gerenciador_principal - INFO - Estatísticas de conexão:
2026-02-16 20:21:16,185 - gerenciador_principal - INFO -   - Requests bem-sucedidos: 33.3%
2026-02-16 20:21:16,185 - gerenciador_principal - INFO -   - Selenium fallback: 66.7%
2026-02-16 20:21:16,185 - gerenciador_principal - INFO -   - Falhas totais: 0.0%
2026-02-16 20:21:16,187 - gerenciador_principal - INFO - Arquivos salvos na pasta: dados_coletados
2026-02-16 20:21:16,187 - gerenciador_principal - INFO - Total de arquivos: 400
2026-02-16 20:21:16,187 - gerenciador_principal - INFO - ============================================================
