2025-12-24 20:10:49,031 - configurador_logs - INFO - Sistema de logs configurado com sucesso
2025-12-24 20:10:49,031 - configurador_logs - INFO - 🚀 Logs configurados para MODO PRODUÇÃO
2025-12-24 20:10:49,031 - gerenciador_principal - INFO - Inicializando sistema - Modo: PRODUCAO
2025-12-24 20:10:49,031 - gerenciador_arquivos - INFO - Pasta dados_coletados preparada
2025-12-24 20:10:49,031 - gerenciador_principal - INFO - Sistema inicializado com 3 scrapers
2025-12-24 20:10:49,031 - gerenciador_principal - INFO - ============================================================
2025-12-24 20:10:49,031 - gerenciador_principal - INFO - INICIANDO SCRAPING COMPLETO - PRODUCAO
2025-12-24 20:10:49,031 - gerenciador_principal - INFO - ============================================================
2025-12-24 20:10:49,031 - gerenciador_principal - INFO - [1/3] Processando Cobasi
2025-12-24 20:10:49,031 - scraper_base - INFO - 🚀 Iniciando scraping completo - Cobasi
2025-12-24 20:10:49,418 - gerenciador_conexoes - INFO - Sessao estabelecida com cobasi.com.br
2025-12-24 20:10:49,418 - scraper_base - INFO - 📋 20 medicamentos para processar
2025-12-24 20:10:49,418 - scraper_base - INFO - 📦 [1/20] Processando Simparic
2025-12-24 20:10:49,418 - scraper_base - INFO - 🔍 Cobasi: Buscando Simparic
2025-12-24 20:10:51,515 - scraper_cobasi - INFO - Cobasi: Dados extraídos via JSON para Simparic
2025-12-24 20:10:51,515 - scraper_base - INFO - ✅ Cobasi: 12 produto(s) encontrado(s) para Simparic
2025-12-24 20:10:52,554 - scraper_base - INFO - 📦 [2/20] Processando Revolution
2025-12-24 20:10:52,554 - scraper_base - INFO - 🔍 Cobasi: Buscando Revolution
2025-12-24 20:10:55,073 - scraper_cobasi - INFO - Cobasi: Dados extraídos via JSON para Revolution
2025-12-24 20:10:55,073 - scraper_base - INFO - ✅ Cobasi: 18 produto(s) encontrado(s) para Revolution
2025-12-24 20:10:56,112 - scraper_base - INFO - 📦 [3/20] Processando NexGard
2025-12-24 20:10:56,113 - scraper_base - INFO - 🔍 Cobasi: Buscando NexGard
2025-12-24 20:10:58,477 - scraper_cobasi - INFO - Cobasi: Dados extraídos via JSON para NexGard
2025-12-24 20:10:58,477 - scraper_base - INFO - ✅ Cobasi: 22 produto(s) encontrado(s) para NexGard
2025-12-24 20:11:00,619 - scraper_base - INFO - 📦 [4/20] Processando NexGard Spectra
2025-12-24 20:11:00,619 - scraper_base - INFO - 🔍 Cobasi: Buscando NexGard Spectra
2025-12-24 20:11:02,882 - scraper_cobasi - INFO - Cobasi: Dados extraídos via JSON para NexGard Spectra
2025-12-24 20:11:02,882 - scraper_base - INFO - ✅ Cobasi: 10 produto(s) encontrado(s) para NexGard Spectra
2025-12-24 20:11:04,356 - scraper_base - INFO - 📦 [5/20] Processando NexGard Combo
2025-12-24 20:11:04,356 - scraper_base - INFO - 🔍 Cobasi: Buscando NexGard Combo
2025-12-24 20:11:06,346 - scraper_cobasi - INFO - Cobasi: Dados extraídos via JSON para NexGard Combo
2025-12-24 20:11:06,346 - scraper_base - INFO - ✅ Cobasi: 4 produto(s) encontrado(s) para NexGard Combo
2025-12-24 20:11:07,764 - scraper_base - INFO - 📦 [6/20] Processando Bravecto
2025-12-24 20:11:07,765 - scraper_base - INFO - 🔍 Cobasi: Buscando Bravecto
2025-12-24 20:11:10,746 - scraper_cobasi - INFO - Cobasi: Dados extraídos via JSON para Bravecto
2025-12-24 20:11:10,746 - scraper_base - INFO - ✅ Cobasi: 16 produto(s) encontrado(s) para Bravecto
2025-12-24 20:11:13,685 - scraper_base - INFO - 📦 [7/20] Processando Frontline
2025-12-24 20:11:13,685 - scraper_base - INFO - 🔍 Cobasi: Buscando Frontline
2025-12-24 20:11:18,207 - scraper_cobasi - INFO - Cobasi: Dados extraídos via JSON para Frontline
2025-12-24 20:11:18,207 - scraper_base - INFO - ✅ Cobasi: 10 produto(s) encontrado(s) para Frontline
2025-12-24 20:11:19,803 - scraper_base - INFO - 📦 [8/20] Processando Advocate
2025-12-24 20:11:19,803 - scraper_base - INFO - 🔍 Cobasi: Buscando Advocate
2025-12-24 20:11:21,895 - scraper_cobasi - INFO - Cobasi: Dados extraídos via JSON para Advocate
2025-12-24 20:11:21,895 - scraper_base - INFO - ✅ Cobasi: 12 produto(s) encontrado(s) para Advocate
2025-12-24 20:11:23,114 - scraper_base - INFO - 📦 [9/20] Processando Drontal
2025-12-24 20:11:23,114 - scraper_base - INFO - 🔍 Cobasi: Buscando Drontal
2025-12-24 20:11:25,143 - scraper_cobasi - INFO - Cobasi: Dados extraídos via JSON para Drontal
2025-12-24 20:11:25,143 - scraper_base - INFO - ✅ Cobasi: 8 produto(s) encontrado(s) para Drontal
2025-12-24 20:11:27,299 - scraper_base - INFO - 📦 [10/20] Processando Milbemax
2025-12-24 20:11:27,300 - scraper_base - INFO - 🔍 Cobasi: Buscando Milbemax
2025-12-24 20:11:28,292 - scraper_cobasi - INFO - Cobasi: Dados extraídos via JSON para Milbemax
2025-12-24 20:11:28,292 - scraper_base - INFO - ✅ Cobasi: 4 produto(s) encontrado(s) para Milbemax
2025-12-24 20:11:30,662 - scraper_base - INFO - 📦 [11/20] Processando Vermivet
2025-12-24 20:11:30,662 - scraper_base - INFO - 🔍 Cobasi: Buscando Vermivet
2025-12-24 20:11:32,808 - scraper_cobasi - INFO - Cobasi: Dados extraídos via JSON para Vermivet
2025-12-24 20:11:32,809 - scraper_base - INFO - ✅ Cobasi: 5 produto(s) encontrado(s) para Vermivet
2025-12-24 20:11:34,189 - scraper_base - INFO - 📦 [12/20] Processando Rimadyl
2025-12-24 20:11:34,189 - scraper_base - INFO - 🔍 Cobasi: Buscando Rimadyl
2025-12-24 20:11:36,484 - scraper_cobasi - INFO - Cobasi: Dados extraídos via JSON para Rimadyl
2025-12-24 20:11:36,484 - scraper_base - INFO - ✅ Cobasi: 3 produto(s) encontrado(s) para Rimadyl
2025-12-24 20:11:38,821 - scraper_base - INFO - 📦 [13/20] Processando Onsior
2025-12-24 20:11:38,822 - scraper_base - INFO - 🔍 Cobasi: Buscando Onsior
2025-12-24 20:11:39,904 - scraper_cobasi - INFO - Cobasi: Dados extraídos via JSON para Onsior
2025-12-24 20:11:39,904 - scraper_base - INFO - ✅ Cobasi: 4 produto(s) encontrado(s) para Onsior
2025-12-24 20:11:41,679 - scraper_base - INFO - 📦 [14/20] Processando Maxicam
2025-12-24 20:11:41,679 - scraper_base - INFO - 🔍 Cobasi: Buscando Maxicam
2025-12-24 20:11:44,898 - scraper_cobasi - INFO - Cobasi: Dados extraídos via JSON para Maxicam
2025-12-24 20:11:44,899 - scraper_base - INFO - ✅ Cobasi: 20 produto(s) encontrado(s) para Maxicam
2025-12-24 20:11:46,928 - scraper_base - INFO - 📦 [15/20] Processando Carproflan
2025-12-24 20:11:46,928 - scraper_base - INFO - 🔍 Cobasi: Buscando Carproflan
2025-12-24 20:11:48,652 - scraper_cobasi - INFO - Cobasi: Dados extraídos via JSON para Carproflan
2025-12-24 20:11:48,652 - scraper_base - INFO - ✅ Cobasi: 3 produto(s) encontrado(s) para Carproflan
2025-12-24 20:11:51,553 - scraper_base - INFO - 📦 [16/20] Processando Previcox
2025-12-24 20:11:51,554 - scraper_base - INFO - 🔍 Cobasi: Buscando Previcox
2025-12-24 20:11:53,812 - scraper_cobasi - INFO - Cobasi: Dados extraídos via JSON para Previcox
2025-12-24 20:11:53,812 - scraper_base - INFO - ✅ Cobasi: 2 produto(s) encontrado(s) para Previcox
2025-12-24 20:11:55,576 - scraper_base - INFO - 📦 [17/20] Processando Apoquel
2025-12-24 20:11:55,576 - scraper_base - INFO - 🔍 Cobasi: Buscando Apoquel
2025-12-24 20:11:57,509 - scraper_cobasi - INFO - Cobasi: Dados extraídos via JSON para Apoquel
2025-12-24 20:11:57,509 - scraper_base - INFO - ✅ Cobasi: 3 produto(s) encontrado(s) para Apoquel
2025-12-24 20:11:59,257 - scraper_base - INFO - 📦 [18/20] Processando Zenrelia
2025-12-24 20:11:59,258 - scraper_base - INFO - 🔍 Cobasi: Buscando Zenrelia
2025-12-24 20:12:01,368 - scraper_cobasi - INFO - Cobasi: Dados extraídos via JSON para Zenrelia
2025-12-24 20:12:01,368 - scraper_base - INFO - ✅ Cobasi: 4 produto(s) encontrado(s) para Zenrelia
2025-12-24 20:12:03,758 - scraper_base - INFO - 📦 [19/20] Processando Synulox
2025-12-24 20:12:03,758 - scraper_base - INFO - 🔍 Cobasi: Buscando Synulox
2025-12-24 20:12:05,373 - scraper_cobasi - INFO - Cobasi: Dados extraídos via JSON para Synulox
2025-12-24 20:12:05,373 - scraper_base - INFO - ✅ Cobasi: 2 produto(s) encontrado(s) para Synulox
2025-12-24 20:12:07,604 - scraper_base - INFO - 📦 [20/20] Processando Baytril
2025-12-24 20:12:07,604 - scraper_base - INFO - 🔍 Cobasi: Buscando Baytril
2025-12-24 20:12:09,488 - scraper_cobasi - INFO - Cobasi: Dados extraídos via JSON para Baytril
2025-12-24 20:12:09,488 - scraper_base - INFO - ✅ Cobasi: 4 produto(s) encontrado(s) para Baytril
2025-12-24 20:12:10,893 - scraper_base - INFO - 📊 Cobasi - Estatísticas finais:
2025-12-24 20:12:10,893 - scraper_base - INFO -    • Medicamentos processados: 20
2025-12-24 20:12:10,893 - scraper_base - INFO -    • Produtos encontrados: 166
2025-12-24 20:12:10,893 - scraper_base - INFO -    • Medicamentos sem resultado: 0
2025-12-24 20:12:10,893 - scraper_base - INFO -    • Tempo total: 81.9s
2025-12-24 20:12:10,893 - scraper_base - INFO -    • Tempo médio por medicamento: 4.1s
2025-12-24 20:12:11,007 - gerenciador_arquivos - INFO - Excel salvo: dados_coletados/cobasi_20251224_201210.xlsx (166 produtos)
2025-12-24 20:12:11,007 - gerenciador_principal - INFO - Cobasi: Arquivo individual salvo com sucesso
2025-12-24 20:12:11,007 - gerenciador_principal - INFO - Pausando entre sites...
2025-12-24 20:12:13,007 - gerenciador_principal - INFO - [2/3] Processando Petlove
2025-12-24 20:12:13,007 - scraper_base - INFO - 🚀 Iniciando scraping completo - Petlove
2025-12-24 20:12:13,192 - scraper_base - INFO - 📋 20 medicamentos para processar
2025-12-24 20:12:13,192 - scraper_base - INFO - 📦 [1/20] Processando Simparic
2025-12-24 20:12:13,192 - scraper_base - INFO - 🔍 Petlove: Buscando Simparic
2025-12-24 20:12:18,861 - gerenciador_conexoes - INFO - Chrome inicializado com otimizacoes de velocidade
2025-12-24 20:12:21,633 - scraper_base - INFO - ✅ Petlove: 15 produto(s) encontrado(s) para Simparic
2025-12-24 20:12:23,434 - scraper_base - INFO - 📦 [2/20] Processando Revolution
2025-12-24 20:12:23,434 - scraper_base - INFO - 🔍 Petlove: Buscando Revolution
2025-12-24 20:12:24,878 - scraper_base - INFO - ✅ Petlove: 14 produto(s) encontrado(s) para Revolution
2025-12-24 20:12:27,653 - scraper_base - INFO - 📦 [3/20] Processando NexGard
2025-12-24 20:12:27,654 - scraper_base - INFO - 🔍 Petlove: Buscando NexGard
2025-12-24 20:12:29,601 - scraper_base - INFO - ✅ Petlove: 11 produto(s) encontrado(s) para NexGard
2025-12-24 20:12:32,252 - scraper_base - INFO - 📦 [4/20] Processando NexGard Spectra
2025-12-24 20:12:32,252 - scraper_base - INFO - 🔍 Petlove: Buscando NexGard Spectra
2025-12-24 20:12:33,481 - scraper_base - INFO - ✅ Petlove: 5 produto(s) encontrado(s) para NexGard Spectra
2025-12-24 20:12:35,170 - scraper_base - INFO - 📦 [5/20] Processando NexGard Combo
2025-12-24 20:12:35,171 - scraper_base - INFO - 🔍 Petlove: Buscando NexGard Combo
2025-12-24 20:12:36,288 - scraper_base - INFO - ✅ Petlove: 2 produto(s) encontrado(s) para NexGard Combo
2025-12-24 20:12:38,204 - scraper_base - INFO - 📦 [6/20] Processando Bravecto
2025-12-24 20:12:38,204 - scraper_base - INFO - 🔍 Petlove: Buscando Bravecto
2025-12-24 20:12:40,718 - scraper_base - INFO - ✅ Petlove: 23 produto(s) encontrado(s) para Bravecto
2025-12-24 20:12:41,736 - scraper_base - INFO - 📦 [7/20] Processando Frontline
2025-12-24 20:12:41,736 - scraper_base - INFO - 🔍 Petlove: Buscando Frontline
2025-12-24 20:12:43,276 - scraper_base - INFO - ✅ Petlove: 11 produto(s) encontrado(s) para Frontline
2025-12-24 20:12:45,561 - scraper_base - INFO - 📦 [8/20] Processando Advocate
2025-12-24 20:12:45,561 - scraper_base - INFO - 🔍 Petlove: Buscando Advocate
2025-12-24 20:12:47,057 - scraper_base - INFO - ✅ Petlove: 9 produto(s) encontrado(s) para Advocate
2025-12-24 20:12:48,736 - scraper_base - INFO - 📦 [9/20] Processando Drontal
2025-12-24 20:12:48,737 - scraper_base - INFO - 🔍 Petlove: Buscando Drontal
2025-12-24 20:12:50,014 - scraper_base - INFO - ✅ Petlove: 19 produto(s) encontrado(s) para Drontal
2025-12-24 20:12:52,632 - scraper_base - INFO - 📦 [10/20] Processando Milbemax
2025-12-24 20:12:52,633 - scraper_base - INFO - 🔍 Petlove: Buscando Milbemax
2025-12-24 20:12:53,926 - scraper_base - INFO - ✅ Petlove: 4 produto(s) encontrado(s) para Milbemax
2025-12-24 20:12:56,119 - scraper_base - INFO - 📦 [11/20] Processando Vermivet
2025-12-24 20:12:56,120 - scraper_base - INFO - 🔍 Petlove: Buscando Vermivet
2025-12-24 20:12:58,073 - scraper_base - INFO - ✅ Petlove: 36 produto(s) encontrado(s) para Vermivet
2025-12-24 20:12:59,738 - scraper_base - INFO - 📦 [12/20] Processando Rimadyl
2025-12-24 20:12:59,738 - scraper_base - INFO - 🔍 Petlove: Buscando Rimadyl
2025-12-24 20:13:01,523 - scraper_base - INFO - ✅ Petlove: 1 produto(s) encontrado(s) para Rimadyl
2025-12-24 20:13:04,517 - scraper_base - INFO - 📦 [13/20] Processando Onsior
2025-12-24 20:13:04,517 - scraper_base - INFO - 🔍 Petlove: Buscando Onsior
2025-12-24 20:13:06,125 - scraper_base - INFO - ✅ Petlove: 4 produto(s) encontrado(s) para Onsior
2025-12-24 20:13:08,937 - scraper_base - INFO - 📦 [14/20] Processando Maxicam
2025-12-24 20:13:08,937 - scraper_base - INFO - 🔍 Petlove: Buscando Maxicam
2025-12-24 20:13:10,201 - scraper_base - INFO - ✅ Petlove: 4 produto(s) encontrado(s) para Maxicam
2025-12-24 20:13:11,228 - scraper_base - INFO - 📦 [15/20] Processando Carproflan
2025-12-24 20:13:11,228 - scraper_base - INFO - 🔍 Petlove: Buscando Carproflan
2025-12-24 20:13:12,426 - scraper_base - INFO - ✅ Petlove: 4 produto(s) encontrado(s) para Carproflan
2025-12-24 20:13:14,429 - scraper_base - INFO - 📦 [16/20] Processando Previcox
2025-12-24 20:13:14,430 - scraper_base - INFO - 🔍 Petlove: Buscando Previcox
2025-12-24 20:13:15,840 - scraper_base - INFO - ✅ Petlove: 4 produto(s) encontrado(s) para Previcox
2025-12-24 20:13:18,234 - scraper_base - INFO - 📦 [17/20] Processando Apoquel
2025-12-24 20:13:18,235 - scraper_base - INFO - 🔍 Petlove: Buscando Apoquel
2025-12-24 20:13:19,689 - scraper_base - INFO - ✅ Petlove: 16 produto(s) encontrado(s) para Apoquel
2025-12-24 20:13:21,111 - scraper_base - INFO - 📦 [18/20] Processando Zenrelia
2025-12-24 20:13:21,111 - scraper_base - INFO - 🔍 Petlove: Buscando Zenrelia
2025-12-24 20:13:22,672 - scraper_base - INFO - ✅ Petlove: 4 produto(s) encontrado(s) para Zenrelia
2025-12-24 20:13:24,802 - scraper_base - INFO - 📦 [19/20] Processando Synulox
2025-12-24 20:13:24,802 - scraper_base - INFO - 🔍 Petlove: Buscando Synulox
2025-12-24 20:13:25,859 - scraper_base - INFO - ✅ Petlove: 1 produto(s) encontrado(s) para Synulox
2025-12-24 20:13:28,320 - scraper_base - INFO - 📦 [20/20] Processando Baytril
2025-12-24 20:13:28,320 - scraper_base - INFO - 🔍 Petlove: Buscando Baytril
2025-12-24 20:13:29,879 - scraper_base - INFO - ✅ Petlove: 4 produto(s) encontrado(s) para Baytril
2025-12-24 20:13:31,464 - scraper_base - INFO - 📊 Petlove - Estatísticas finais:
2025-12-24 20:13:31,464 - scraper_base - INFO -    • Medicamentos processados: 20
2025-12-24 20:13:31,464 - scraper_base - INFO -    • Produtos encontrados: 191
2025-12-24 20:13:31,464 - scraper_base - INFO -    • Medicamentos sem resultado: 0
2025-12-24 20:13:31,465 - scraper_base - INFO -    • Tempo total: 78.5s
2025-12-24 20:13:31,465 - scraper_base - INFO -    • Tempo médio por medicamento: 3.9s
2025-12-24 20:13:31,502 - gerenciador_arquivos - INFO - Excel salvo: dados_coletados/petlove_20251224_201331.xlsx (191 produtos)
2025-12-24 20:13:31,502 - gerenciador_principal - INFO - Petlove: Arquivo individual salvo com sucesso
2025-12-24 20:13:31,502 - gerenciador_principal - INFO - Pausando entre sites...
2025-12-24 20:13:33,502 - gerenciador_principal - INFO - [3/3] Processando Petz
2025-12-24 20:13:33,503 - scraper_base - INFO - 🚀 Iniciando scraping completo - Petz
2025-12-24 20:13:33,844 - scraper_base - INFO - 📋 20 medicamentos para processar
2025-12-24 20:13:33,845 - scraper_base - INFO - 📦 [1/20] Processando Simparic
2025-12-24 20:13:33,845 - scraper_base - INFO - 🔍 Petz: Buscando Simparic
2025-12-24 20:13:37,383 - scraper_base - INFO - ✅ Petz: 12 produto(s) encontrado(s) para Simparic
2025-12-24 20:13:38,843 - scraper_base - INFO - 📦 [2/20] Processando Revolution
2025-12-24 20:13:38,843 - scraper_base - INFO - 🔍 Petz: Buscando Revolution
2025-12-24 20:13:41,649 - scraper_base - INFO - ✅ Petz: 26 produto(s) encontrado(s) para Revolution
2025-12-24 20:13:44,379 - scraper_base - INFO - 📦 [3/20] Processando NexGard
2025-12-24 20:13:44,379 - scraper_base - INFO - 🔍 Petz: Buscando NexGard
2025-12-24 20:13:46,739 - scraper_base - INFO - ✅ Petz: 22 produto(s) encontrado(s) para NexGard
2025-12-24 20:13:48,377 - scraper_base - INFO - 📦 [4/20] Processando NexGard Spectra
2025-12-24 20:13:48,377 - scraper_base - INFO - 🔍 Petz: Buscando NexGard Spectra
2025-12-24 20:13:50,317 - scraper_base - INFO - ✅ Petz: 10 produto(s) encontrado(s) para NexGard Spectra
2025-12-24 20:13:53,037 - scraper_base - INFO - 📦 [5/20] Processando NexGard Combo
2025-12-24 20:13:53,037 - scraper_base - INFO - 🔍 Petz: Buscando NexGard Combo
2025-12-24 20:13:54,611 - scraper_base - INFO - ✅ Petz: 4 produto(s) encontrado(s) para NexGard Combo
2025-12-24 20:13:57,495 - scraper_base - INFO - 📦 [6/20] Processando Bravecto
2025-12-24 20:13:57,495 - scraper_base - INFO - 🔍 Petz: Buscando Bravecto
2025-12-24 20:13:59,663 - scraper_base - INFO - ✅ Petz: 16 produto(s) encontrado(s) para Bravecto
2025-12-24 20:14:00,731 - scraper_base - INFO - 📦 [7/20] Processando Frontline
2025-12-24 20:14:00,731 - scraper_base - INFO - 🔍 Petz: Buscando Frontline
2025-12-24 20:14:03,353 - scraper_base - INFO - ✅ Petz: 11 produto(s) encontrado(s) para Frontline
2025-12-24 20:14:04,473 - scraper_base - INFO - 📦 [8/20] Processando Advocate
2025-12-24 20:14:04,473 - scraper_base - INFO - 🔍 Petz: Buscando Advocate
2025-12-24 20:14:06,521 - scraper_base - INFO - ✅ Petz: 12 produto(s) encontrado(s) para Advocate
2025-12-24 20:14:08,530 - scraper_base - INFO - 📦 [9/20] Processando Drontal
2025-12-24 20:14:08,530 - scraper_base - INFO - 🔍 Petz: Buscando Drontal
2025-12-24 20:14:11,524 - scraper_base - INFO - ✅ Petz: 28 produto(s) encontrado(s) para Drontal
2025-12-24 20:14:14,468 - scraper_base - INFO - 📦 [10/20] Processando Milbemax
2025-12-24 20:14:14,469 - scraper_base - INFO - 🔍 Petz: Buscando Milbemax
2025-12-24 20:14:16,049 - scraper_base - INFO - ✅ Petz: 4 produto(s) encontrado(s) para Milbemax
2025-12-24 20:14:18,033 - scraper_base - INFO - 📦 [11/20] Processando Vermivet
2025-12-24 20:14:18,033 - scraper_base - INFO - 🔍 Petz: Buscando Vermivet
2025-12-24 20:14:19,812 - scraper_base - INFO - ✅ Petz: 5 produto(s) encontrado(s) para Vermivet
2025-12-24 20:14:21,474 - scraper_base - INFO - 📦 [12/20] Processando Rimadyl
2025-12-24 20:14:21,474 - scraper_base - INFO - 🔍 Petz: Buscando Rimadyl
2025-12-24 20:14:23,194 - scraper_base - INFO - ✅ Petz: 3 produto(s) encontrado(s) para Rimadyl
2025-12-24 20:14:24,735 - scraper_base - INFO - 📦 [13/20] Processando Onsior
2025-12-24 20:14:24,735 - scraper_base - INFO - 🔍 Petz: Buscando Onsior
2025-12-24 20:14:26,513 - scraper_base - INFO - ✅ Petz: 4 produto(s) encontrado(s) para Onsior
2025-12-24 20:14:27,736 - scraper_base - INFO - 📦 [14/20] Processando Maxicam
2025-12-24 20:14:27,736 - scraper_base - INFO - 🔍 Petz: Buscando Maxicam
2025-12-24 20:14:30,043 - scraper_base - INFO - ✅ Petz: 31 produto(s) encontrado(s) para Maxicam
2025-12-24 20:14:32,967 - scraper_base - INFO - 📦 [15/20] Processando Carproflan
2025-12-24 20:14:32,967 - scraper_base - INFO - 🔍 Petz: Buscando Carproflan
2025-12-24 20:14:34,528 - scraper_base - INFO - ✅ Petz: 3 produto(s) encontrado(s) para Carproflan
2025-12-24 20:14:35,855 - scraper_base - INFO - 📦 [16/20] Processando Previcox
2025-12-24 20:14:35,856 - scraper_base - INFO - 🔍 Petz: Buscando Previcox
2025-12-24 20:14:38,670 - scraper_base - INFO - ✅ Petz: 2 produto(s) encontrado(s) para Previcox
2025-12-24 20:14:40,854 - scraper_base - INFO - 📦 [17/20] Processando Apoquel
2025-12-24 20:14:40,854 - scraper_base - INFO - 🔍 Petz: Buscando Apoquel
2025-12-24 20:14:42,686 - scraper_base - INFO - ✅ Petz: 3 produto(s) encontrado(s) para Apoquel
2025-12-24 20:14:45,552 - scraper_base - INFO - 📦 [18/20] Processando Zenrelia
2025-12-24 20:14:45,552 - scraper_base - INFO - 🔍 Petz: Buscando Zenrelia
2025-12-24 20:14:47,168 - scraper_base - INFO - ✅ Petz: 4 produto(s) encontrado(s) para Zenrelia
2025-12-24 20:14:49,375 - scraper_base - INFO - 📦 [19/20] Processando Synulox
2025-12-24 20:14:49,375 - scraper_base - INFO - 🔍 Petz: Buscando Synulox
2025-12-24 20:14:50,831 - scraper_base - INFO - ✅ Petz: 2 produto(s) encontrado(s) para Synulox
2025-12-24 20:14:52,224 - scraper_base - INFO - 📦 [20/20] Processando Baytril
2025-12-24 20:14:52,224 - scraper_base - INFO - 🔍 Petz: Buscando Baytril
2025-12-24 20:14:53,998 - scraper_base - INFO - ✅ Petz: 10 produto(s) encontrado(s) para Baytril
2025-12-24 20:14:56,959 - scraper_base - INFO - 📊 Petz - Estatísticas finais:
2025-12-24 20:14:56,960 - scraper_base - INFO -    • Medicamentos processados: 20
2025-12-24 20:14:56,960 - scraper_base - INFO -    • Produtos encontrados: 212
2025-12-24 20:14:56,960 - scraper_base - INFO -    • Medicamentos sem resultado: 0
2025-12-24 20:14:56,960 - scraper_base - INFO -    • Tempo total: 83.5s
2025-12-24 20:14:56,960 - scraper_base - INFO -    • Tempo médio por medicamento: 4.2s
2025-12-24 20:14:57,003 - gerenciador_arquivos - INFO - Excel salvo: dados_coletados/petz_20251224_201456.xlsx (212 produtos)
2025-12-24 20:14:57,003 - gerenciador_principal - INFO - Petz: Arquivo individual salvo com sucesso
2025-12-24 20:14:57,003 - gerenciador_principal - INFO - Gerando relatório consolidado...
2025-12-24 20:14:57,253 - gerenciador_arquivos - INFO - Relatório consolidado salvo: dados_relatorios/relatorio_consolidado_20251224_201457.xlsx
2025-12-24 20:14:57,384 - gerenciador_conexoes - INFO - Chrome fechado
2025-12-24 20:14:57,385 - gerenciador_conexoes - INFO - Métodos utilizados - Requests: 33.3%, Selenium: 66.7%, Falhas: 0.0%
2025-12-24 20:14:57,385 - gerenciador_principal - INFO - ============================================================
2025-12-24 20:14:57,385 - gerenciador_principal - INFO - RELATORIO FINAL DE EXECUÇÃO
2025-12-24 20:14:57,385 - gerenciador_principal - INFO - ============================================================
2025-12-24 20:14:57,385 - gerenciador_principal - INFO - Sites processados: 3
2025-12-24 20:14:57,385 - gerenciador_principal - INFO - Sites com sucesso: 3
2025-12-24 20:14:57,385 - gerenciador_principal - INFO - Total de produtos coletados: 569
2025-12-24 20:14:57,385 - gerenciador_principal - INFO - Tempo total de execução: 248.0 segundos
2025-12-24 20:14:57,385 - gerenciador_principal - INFO - Estatísticas de conexão:
2025-12-24 20:14:57,385 - gerenciador_principal - INFO -   - Requests bem-sucedidos: 33.3%
2025-12-24 20:14:57,385 - gerenciador_principal - INFO -   - Selenium fallback: 66.7%
2025-12-24 20:14:57,385 - gerenciador_principal - INFO -   - Falhas totais: 0.0%
2025-12-24 20:14:57,386 - gerenciador_principal - INFO - Arquivos salvos na pasta: dados_coletados
2025-12-24 20:14:57,386 - gerenciador_principal - INFO - Total de arquivos: 247
2025-12-24 20:14:57,387 - gerenciador_principal - INFO - ============================================================
