2026-01-15 20:12:39,249 - configurador_logs - INFO - Sistema de logs configurado com sucesso
2026-01-15 20:12:39,249 - configurador_logs - INFO - 🚀 Logs configurados para MODO PRODUÇÃO
2026-01-15 20:12:39,250 - gerenciador_principal - INFO - Inicializando sistema - Modo: PRODUCAO
2026-01-15 20:12:39,250 - gerenciador_arquivos - INFO - Pasta dados_coletados preparada
2026-01-15 20:12:39,250 - gerenciador_principal - INFO - Sistema inicializado com 3 scrapers
2026-01-15 20:12:39,250 - gerenciador_principal - INFO - ============================================================
2026-01-15 20:12:39,250 - gerenciador_principal - INFO - INICIANDO SCRAPING COMPLETO - PRODUCAO
2026-01-15 20:12:39,250 - gerenciador_principal - INFO - ============================================================
2026-01-15 20:12:39,250 - gerenciador_principal - INFO - [1/3] Processando Cobasi
2026-01-15 20:12:39,250 - scraper_base - INFO - 🚀 Iniciando scraping completo - Cobasi
2026-01-15 20:12:39,692 - gerenciador_conexoes - INFO - Sessao estabelecida com cobasi.com.br
2026-01-15 20:12:39,692 - scraper_base - INFO - 📋 20 medicamentos para processar
2026-01-15 20:12:39,692 - scraper_base - INFO - 📦 [1/20] Processando Simparic
2026-01-15 20:12:39,692 - scraper_base - INFO - 🔍 Cobasi: Buscando Simparic
2026-01-15 20:12:41,991 - scraper_cobasi - INFO - Cobasi: Dados extraídos via JSON para Simparic
2026-01-15 20:12:41,991 - scraper_base - INFO - ✅ Cobasi: 12 produto(s) encontrado(s) para Simparic
2026-01-15 20:12:43,257 - scraper_base - INFO - 📦 [2/20] Processando Revolution
2026-01-15 20:12:43,258 - scraper_base - INFO - 🔍 Cobasi: Buscando Revolution
2026-01-15 20:12:45,706 - scraper_cobasi - INFO - Cobasi: Dados extraídos via JSON para Revolution
2026-01-15 20:12:45,706 - scraper_base - INFO - ✅ Cobasi: 18 produto(s) encontrado(s) para Revolution
2026-01-15 20:12:47,106 - scraper_base - INFO - 📦 [3/20] Processando NexGard
2026-01-15 20:12:47,107 - scraper_base - INFO - 🔍 Cobasi: Buscando NexGard
2026-01-15 20:12:49,891 - scraper_cobasi - INFO - Cobasi: Dados extraídos via JSON para NexGard
2026-01-15 20:12:49,891 - scraper_base - INFO - ✅ Cobasi: 22 produto(s) encontrado(s) para NexGard
2026-01-15 20:12:52,629 - scraper_base - INFO - 📦 [4/20] Processando NexGard Spectra
2026-01-15 20:12:52,630 - scraper_base - INFO - 🔍 Cobasi: Buscando NexGard Spectra
2026-01-15 20:12:55,016 - scraper_cobasi - INFO - Cobasi: Dados extraídos via JSON para NexGard Spectra
2026-01-15 20:12:55,016 - scraper_base - INFO - ✅ Cobasi: 10 produto(s) encontrado(s) para NexGard Spectra
2026-01-15 20:12:57,057 - scraper_base - INFO - 📦 [5/20] Processando NexGard Combo
2026-01-15 20:12:57,057 - scraper_base - INFO - 🔍 Cobasi: Buscando NexGard Combo
2026-01-15 20:12:58,714 - scraper_cobasi - INFO - Cobasi: Dados extraídos via JSON para NexGard Combo
2026-01-15 20:12:58,714 - scraper_base - INFO - ✅ Cobasi: 4 produto(s) encontrado(s) para NexGard Combo
2026-01-15 20:12:59,950 - scraper_base - INFO - 📦 [6/20] Processando Bravecto
2026-01-15 20:12:59,950 - scraper_base - INFO - 🔍 Cobasi: Buscando Bravecto
2026-01-15 20:13:03,021 - scraper_cobasi - INFO - Cobasi: Dados extraídos via JSON para Bravecto
2026-01-15 20:13:03,021 - scraper_base - INFO - ✅ Cobasi: 16 produto(s) encontrado(s) para Bravecto
2026-01-15 20:13:04,140 - scraper_base - INFO - 📦 [7/20] Processando Frontline
2026-01-15 20:13:04,140 - scraper_base - INFO - 🔍 Cobasi: Buscando Frontline
2026-01-15 20:13:04,818 - scraper_cobasi - INFO - Cobasi: Dados extraídos via JSON para Frontline
2026-01-15 20:13:04,818 - scraper_base - INFO - ✅ Cobasi: 10 produto(s) encontrado(s) para Frontline
2026-01-15 20:13:05,842 - scraper_base - INFO - 📦 [8/20] Processando Advocate
2026-01-15 20:13:05,842 - scraper_base - INFO - 🔍 Cobasi: Buscando Advocate
2026-01-15 20:13:08,123 - scraper_cobasi - INFO - Cobasi: Dados extraídos via JSON para Advocate
2026-01-15 20:13:08,124 - scraper_base - INFO - ✅ Cobasi: 12 produto(s) encontrado(s) para Advocate
2026-01-15 20:13:09,702 - scraper_base - INFO - 📦 [9/20] Processando Drontal
2026-01-15 20:13:09,703 - scraper_base - INFO - 🔍 Cobasi: Buscando Drontal
2026-01-15 20:13:10,228 - scraper_cobasi - INFO - Cobasi: Dados extraídos via JSON para Drontal
2026-01-15 20:13:10,228 - scraper_base - INFO - ✅ Cobasi: 8 produto(s) encontrado(s) para Drontal
2026-01-15 20:13:13,117 - scraper_base - INFO - 📦 [10/20] Processando Milbemax
2026-01-15 20:13:13,117 - scraper_base - INFO - 🔍 Cobasi: Buscando Milbemax
2026-01-15 20:13:13,793 - scraper_cobasi - INFO - Cobasi: Dados extraídos via JSON para Milbemax
2026-01-15 20:13:13,793 - scraper_base - INFO - ✅ Cobasi: 4 produto(s) encontrado(s) para Milbemax
2026-01-15 20:13:15,087 - scraper_base - INFO - 📦 [11/20] Processando Vermivet
2026-01-15 20:13:15,087 - scraper_base - INFO - 🔍 Cobasi: Buscando Vermivet
2026-01-15 20:13:17,202 - scraper_cobasi - INFO - Cobasi: Dados extraídos via JSON para Vermivet
2026-01-15 20:13:17,203 - scraper_base - INFO - ✅ Cobasi: 5 produto(s) encontrado(s) para Vermivet
2026-01-15 20:13:18,943 - scraper_base - INFO - 📦 [12/20] Processando Rimadyl
2026-01-15 20:13:18,944 - scraper_base - INFO - 🔍 Cobasi: Buscando Rimadyl
2026-01-15 20:13:21,025 - scraper_cobasi - INFO - Cobasi: Dados extraídos via JSON para Rimadyl
2026-01-15 20:13:21,025 - scraper_base - INFO - ✅ Cobasi: 3 produto(s) encontrado(s) para Rimadyl
2026-01-15 20:13:23,031 - scraper_base - INFO - 📦 [13/20] Processando Onsior
2026-01-15 20:13:23,031 - scraper_base - INFO - 🔍 Cobasi: Buscando Onsior
2026-01-15 20:13:25,426 - scraper_cobasi - INFO - Cobasi: Dados extraídos via JSON para Onsior
2026-01-15 20:13:25,426 - scraper_base - INFO - ✅ Cobasi: 4 produto(s) encontrado(s) para Onsior
2026-01-15 20:13:28,156 - scraper_base - INFO - 📦 [14/20] Processando Maxicam
2026-01-15 20:13:28,156 - scraper_base - INFO - 🔍 Cobasi: Buscando Maxicam
2026-01-15 20:13:31,391 - scraper_cobasi - INFO - Cobasi: Dados extraídos via JSON para Maxicam
2026-01-15 20:13:31,392 - scraper_base - INFO - ✅ Cobasi: 21 produto(s) encontrado(s) para Maxicam
2026-01-15 20:13:33,406 - scraper_base - INFO - 📦 [15/20] Processando Carproflan
2026-01-15 20:13:33,406 - scraper_base - INFO - 🔍 Cobasi: Buscando Carproflan
2026-01-15 20:13:35,099 - scraper_cobasi - INFO - Cobasi: Dados extraídos via JSON para Carproflan
2026-01-15 20:13:35,099 - scraper_base - INFO - ✅ Cobasi: 3 produto(s) encontrado(s) para Carproflan
2026-01-15 20:13:36,821 - scraper_base - INFO - 📦 [16/20] Processando Previcox
2026-01-15 20:13:36,822 - scraper_base - INFO - 🔍 Cobasi: Buscando Previcox
2026-01-15 20:13:38,428 - scraper_cobasi - INFO - Cobasi: Dados extraídos via JSON para Previcox
2026-01-15 20:13:38,428 - scraper_base - INFO - ✅ Cobasi: 2 produto(s) encontrado(s) para Previcox
2026-01-15 20:13:41,354 - scraper_base - INFO - 📦 [17/20] Processando Apoquel
2026-01-15 20:13:41,354 - scraper_base - INFO - 🔍 Cobasi: Buscando Apoquel
2026-01-15 20:13:43,531 - scraper_cobasi - INFO - Cobasi: Dados extraídos via JSON para Apoquel
2026-01-15 20:13:43,531 - scraper_base - INFO - ✅ Cobasi: 3 produto(s) encontrado(s) para Apoquel
2026-01-15 20:13:46,331 - scraper_base - INFO - 📦 [18/20] Processando Zenrelia
2026-01-15 20:13:46,331 - scraper_base - INFO - 🔍 Cobasi: Buscando Zenrelia
2026-01-15 20:13:47,034 - scraper_cobasi - INFO - Cobasi: Dados extraídos via JSON para Zenrelia
2026-01-15 20:13:47,034 - scraper_base - INFO - ✅ Cobasi: 4 produto(s) encontrado(s) para Zenrelia
2026-01-15 20:13:49,725 - scraper_base - INFO - 📦 [19/20] Processando Synulox
2026-01-15 20:13:49,725 - scraper_base - INFO - 🔍 Cobasi: Buscando Synulox
2026-01-15 20:13:50,213 - scraper_cobasi - INFO - Cobasi: Dados extraídos via JSON para Synulox
2026-01-15 20:13:50,213 - scraper_base - INFO - ✅ Cobasi: 2 produto(s) encontrado(s) para Synulox
2026-01-15 20:13:52,937 - scraper_base - INFO - 📦 [20/20] Processando Baytril
2026-01-15 20:13:52,937 - scraper_base - INFO - 🔍 Cobasi: Buscando Baytril
2026-01-15 20:13:55,311 - scraper_cobasi - INFO - Cobasi: Dados extraídos via JSON para Baytril
2026-01-15 20:13:55,312 - scraper_base - INFO - ✅ Cobasi: 4 produto(s) encontrado(s) para Baytril
2026-01-15 20:13:56,999 - scraper_base - INFO - 📊 Cobasi - Estatísticas finais:
2026-01-15 20:13:56,999 - scraper_base - INFO -    • Medicamentos processados: 20
2026-01-15 20:13:56,999 - scraper_base - INFO -    • Produtos encontrados: 167
2026-01-15 20:13:56,999 - scraper_base - INFO -    • Medicamentos sem resultado: 0
2026-01-15 20:13:56,999 - scraper_base - INFO -    • Tempo total: 77.7s
2026-01-15 20:13:57,000 - scraper_base - INFO -    • Tempo médio por medicamento: 3.9s
2026-01-15 20:13:57,147 - gerenciador_arquivos - INFO - Excel salvo: dados_coletados/cobasi_20260115_201357.xlsx (167 produtos)
2026-01-15 20:13:57,147 - gerenciador_principal - INFO - Cobasi: Arquivo individual salvo com sucesso
2026-01-15 20:13:57,147 - gerenciador_principal - INFO - Pausando entre sites...
2026-01-15 20:13:59,147 - gerenciador_principal - INFO - [2/3] Processando Petlove
2026-01-15 20:13:59,147 - scraper_base - INFO - 🚀 Iniciando scraping completo - Petlove
2026-01-15 20:13:59,375 - scraper_base - INFO - 📋 20 medicamentos para processar
2026-01-15 20:13:59,375 - scraper_base - INFO - 📦 [1/20] Processando Simparic
2026-01-15 20:13:59,375 - scraper_base - INFO - 🔍 Petlove: Buscando Simparic
2026-01-15 20:14:00,975 - gerenciador_conexoes - INFO - Chrome inicializado com otimizacoes de velocidade
2026-01-15 20:14:04,065 - scraper_base - INFO - ✅ Petlove: 34 produto(s) encontrado(s) para Simparic
2026-01-15 20:14:07,049 - scraper_base - INFO - 📦 [2/20] Processando Revolution
2026-01-15 20:14:07,049 - scraper_base - INFO - 🔍 Petlove: Buscando Revolution
2026-01-15 20:14:08,758 - scraper_base - INFO - ✅ Petlove: 17 produto(s) encontrado(s) para Revolution
2026-01-15 20:14:10,615 - scraper_base - INFO - 📦 [3/20] Processando NexGard
2026-01-15 20:14:10,616 - scraper_base - INFO - 🔍 Petlove: Buscando NexGard
2026-01-15 20:14:12,076 - scraper_base - INFO - ✅ Petlove: 11 produto(s) encontrado(s) para NexGard
2026-01-15 20:14:13,910 - scraper_base - INFO - 📦 [4/20] Processando NexGard Spectra
2026-01-15 20:14:13,910 - scraper_base - INFO - 🔍 Petlove: Buscando NexGard Spectra
2026-01-15 20:14:15,368 - scraper_base - INFO - ✅ Petlove: 5 produto(s) encontrado(s) para NexGard Spectra
2026-01-15 20:14:17,512 - scraper_base - INFO - 📦 [5/20] Processando NexGard Combo
2026-01-15 20:14:17,512 - scraper_base - INFO - 🔍 Petlove: Buscando NexGard Combo
2026-01-15 20:14:18,683 - scraper_base - INFO - ✅ Petlove: 2 produto(s) encontrado(s) para NexGard Combo
2026-01-15 20:14:19,789 - scraper_base - INFO - 📦 [6/20] Processando Bravecto
2026-01-15 20:14:19,789 - scraper_base - INFO - 🔍 Petlove: Buscando Bravecto
2026-01-15 20:14:21,564 - scraper_base - INFO - ✅ Petlove: 23 produto(s) encontrado(s) para Bravecto
2026-01-15 20:14:24,068 - scraper_base - INFO - 📦 [7/20] Processando Frontline
2026-01-15 20:14:24,068 - scraper_base - INFO - 🔍 Petlove: Buscando Frontline
2026-01-15 20:14:25,877 - scraper_base - INFO - ✅ Petlove: 11 produto(s) encontrado(s) para Frontline
2026-01-15 20:14:28,067 - scraper_base - INFO - 📦 [8/20] Processando Advocate
2026-01-15 20:14:28,068 - scraper_base - INFO - 🔍 Petlove: Buscando Advocate
2026-01-15 20:14:29,780 - scraper_base - INFO - ✅ Petlove: 10 produto(s) encontrado(s) para Advocate
2026-01-15 20:14:31,621 - scraper_base - INFO - 📦 [9/20] Processando Drontal
2026-01-15 20:14:31,622 - scraper_base - INFO - 🔍 Petlove: Buscando Drontal
2026-01-15 20:14:33,573 - scraper_base - INFO - ✅ Petlove: 36 produto(s) encontrado(s) para Drontal
2026-01-15 20:14:34,792 - scraper_base - INFO - 📦 [10/20] Processando Milbemax
2026-01-15 20:14:34,792 - scraper_base - INFO - 🔍 Petlove: Buscando Milbemax
2026-01-15 20:14:36,396 - scraper_base - INFO - ✅ Petlove: 14 produto(s) encontrado(s) para Milbemax
2026-01-15 20:14:37,456 - scraper_base - INFO - 📦 [11/20] Processando Vermivet
2026-01-15 20:14:37,457 - scraper_base - INFO - 🔍 Petlove: Buscando Vermivet
2026-01-15 20:14:39,529 - scraper_base - INFO - ✅ Petlove: 36 produto(s) encontrado(s) para Vermivet
2026-01-15 20:14:41,983 - scraper_base - INFO - 📦 [12/20] Processando Rimadyl
2026-01-15 20:14:41,983 - scraper_base - INFO - 🔍 Petlove: Buscando Rimadyl
2026-01-15 20:14:43,939 - scraper_base - INFO - ✅ Petlove: 1 produto(s) encontrado(s) para Rimadyl
2026-01-15 20:14:45,848 - scraper_base - INFO - 📦 [13/20] Processando Onsior
2026-01-15 20:14:45,848 - scraper_base - INFO - 🔍 Petlove: Buscando Onsior
2026-01-15 20:14:47,317 - scraper_base - INFO - ✅ Petlove: 4 produto(s) encontrado(s) para Onsior
2026-01-15 20:14:48,381 - scraper_base - INFO - 📦 [14/20] Processando Maxicam
2026-01-15 20:14:48,381 - scraper_base - INFO - 🔍 Petlove: Buscando Maxicam
2026-01-15 20:14:49,635 - scraper_base - INFO - ✅ Petlove: 3 produto(s) encontrado(s) para Maxicam
2026-01-15 20:14:52,366 - scraper_base - INFO - 📦 [15/20] Processando Carproflan
2026-01-15 20:14:52,366 - scraper_base - INFO - 🔍 Petlove: Buscando Carproflan
2026-01-15 20:14:53,778 - scraper_base - INFO - ✅ Petlove: 8 produto(s) encontrado(s) para Carproflan
2026-01-15 20:14:55,027 - scraper_base - INFO - 📦 [16/20] Processando Previcox
2026-01-15 20:14:55,027 - scraper_base - INFO - 🔍 Petlove: Buscando Previcox
2026-01-15 20:14:56,365 - scraper_base - INFO - ✅ Petlove: 4 produto(s) encontrado(s) para Previcox
2026-01-15 20:14:57,606 - scraper_base - INFO - 📦 [17/20] Processando Apoquel
2026-01-15 20:14:57,606 - scraper_base - INFO - 🔍 Petlove: Buscando Apoquel
2026-01-15 20:14:59,086 - scraper_base - INFO - ✅ Petlove: 16 produto(s) encontrado(s) para Apoquel
2026-01-15 20:15:00,568 - scraper_base - INFO - 📦 [18/20] Processando Zenrelia
2026-01-15 20:15:00,569 - scraper_base - INFO - 🔍 Petlove: Buscando Zenrelia
2026-01-15 20:15:02,180 - scraper_base - INFO - ✅ Petlove: 4 produto(s) encontrado(s) para Zenrelia
2026-01-15 20:15:03,424 - scraper_base - INFO - 📦 [19/20] Processando Synulox
2026-01-15 20:15:03,424 - scraper_base - INFO - 🔍 Petlove: Buscando Synulox
2026-01-15 20:15:04,813 - scraper_base - INFO - ✅ Petlove: 1 produto(s) encontrado(s) para Synulox
2026-01-15 20:15:06,734 - scraper_base - INFO - 📦 [20/20] Processando Baytril
2026-01-15 20:15:06,734 - scraper_base - INFO - 🔍 Petlove: Buscando Baytril
2026-01-15 20:15:08,135 - scraper_base - INFO - ✅ Petlove: 4 produto(s) encontrado(s) para Baytril
2026-01-15 20:15:10,621 - scraper_base - INFO - 📊 Petlove - Estatísticas finais:
2026-01-15 20:15:10,621 - scraper_base - INFO -    • Medicamentos processados: 20
2026-01-15 20:15:10,621 - scraper_base - INFO -    • Produtos encontrados: 244
2026-01-15 20:15:10,621 - scraper_base - INFO -    • Medicamentos sem resultado: 0
2026-01-15 20:15:10,621 - scraper_base - INFO -    • Tempo total: 71.5s
2026-01-15 20:15:10,621 - scraper_base - INFO -    • Tempo médio por medicamento: 3.6s
2026-01-15 20:15:10,667 - gerenciador_arquivos - INFO - Excel salvo: dados_coletados/petlove_20260115_201510.xlsx (244 produtos)
2026-01-15 20:15:10,668 - gerenciador_principal - INFO - Petlove: Arquivo individual salvo com sucesso
2026-01-15 20:15:10,668 - gerenciador_principal - INFO - Pausando entre sites...
2026-01-15 20:15:12,668 - gerenciador_principal - INFO - [3/3] Processando Petz
2026-01-15 20:15:12,668 - scraper_base - INFO - 🚀 Iniciando scraping completo - Petz
2026-01-15 20:15:13,056 - scraper_base - INFO - 📋 20 medicamentos para processar
2026-01-15 20:15:13,057 - scraper_base - INFO - 📦 [1/20] Processando Simparic
2026-01-15 20:15:13,057 - scraper_base - INFO - 🔍 Petz: Buscando Simparic
2026-01-15 20:15:17,427 - scraper_base - INFO - ✅ Petz: 12 produto(s) encontrado(s) para Simparic
2026-01-15 20:15:19,506 - scraper_base - INFO - 📦 [2/20] Processando Revolution
2026-01-15 20:15:19,506 - scraper_base - INFO - 🔍 Petz: Buscando Revolution
2026-01-15 20:15:22,335 - scraper_base - INFO - ✅ Petz: 24 produto(s) encontrado(s) para Revolution
2026-01-15 20:15:24,140 - scraper_base - INFO - 📦 [3/20] Processando NexGard
2026-01-15 20:15:24,140 - scraper_base - INFO - 🔍 Petz: Buscando NexGard
2026-01-15 20:15:26,409 - scraper_base - INFO - ✅ Petz: 22 produto(s) encontrado(s) para NexGard
2026-01-15 20:15:27,980 - scraper_base - INFO - 📦 [4/20] Processando NexGard Spectra
2026-01-15 20:15:27,980 - scraper_base - INFO - 🔍 Petz: Buscando NexGard Spectra
2026-01-15 20:15:29,899 - scraper_base - INFO - ✅ Petz: 10 produto(s) encontrado(s) para NexGard Spectra
2026-01-15 20:15:31,948 - scraper_base - INFO - 📦 [5/20] Processando NexGard Combo
2026-01-15 20:15:31,948 - scraper_base - INFO - 🔍 Petz: Buscando NexGard Combo
2026-01-15 20:15:34,292 - scraper_base - INFO - ✅ Petz: 4 produto(s) encontrado(s) para NexGard Combo
2026-01-15 20:15:35,365 - scraper_base - INFO - 📦 [6/20] Processando Bravecto
2026-01-15 20:15:35,365 - scraper_base - INFO - 🔍 Petz: Buscando Bravecto
2026-01-15 20:15:37,764 - scraper_base - INFO - ✅ Petz: 16 produto(s) encontrado(s) para Bravecto
2026-01-15 20:15:38,777 - scraper_base - INFO - 📦 [7/20] Processando Frontline
2026-01-15 20:15:38,777 - scraper_base - INFO - 🔍 Petz: Buscando Frontline
2026-01-15 20:15:41,403 - scraper_base - INFO - ✅ Petz: 11 produto(s) encontrado(s) para Frontline
2026-01-15 20:15:43,924 - scraper_base - INFO - 📦 [8/20] Processando Advocate
2026-01-15 20:15:43,924 - scraper_base - INFO - 🔍 Petz: Buscando Advocate
2026-01-15 20:15:45,702 - scraper_base - INFO - ✅ Petz: 12 produto(s) encontrado(s) para Advocate
2026-01-15 20:15:48,202 - scraper_base - INFO - 📦 [9/20] Processando Drontal
2026-01-15 20:15:48,202 - scraper_base - INFO - 🔍 Petz: Buscando Drontal
2026-01-15 20:15:50,829 - scraper_base - INFO - ✅ Petz: 29 produto(s) encontrado(s) para Drontal
2026-01-15 20:15:51,914 - scraper_base - INFO - 📦 [10/20] Processando Milbemax
2026-01-15 20:15:51,914 - scraper_base - INFO - 🔍 Petz: Buscando Milbemax
2026-01-15 20:15:53,508 - scraper_base - INFO - ✅ Petz: 4 produto(s) encontrado(s) para Milbemax
2026-01-15 20:15:56,155 - scraper_base - INFO - 📦 [11/20] Processando Vermivet
2026-01-15 20:15:56,155 - scraper_base - INFO - 🔍 Petz: Buscando Vermivet
2026-01-15 20:15:58,310 - scraper_base - INFO - ✅ Petz: 5 produto(s) encontrado(s) para Vermivet
2026-01-15 20:16:00,091 - scraper_base - INFO - 📦 [12/20] Processando Rimadyl
2026-01-15 20:16:00,091 - scraper_base - INFO - 🔍 Petz: Buscando Rimadyl
2026-01-15 20:16:01,874 - scraper_base - INFO - ✅ Petz: 3 produto(s) encontrado(s) para Rimadyl
2026-01-15 20:16:03,475 - scraper_base - INFO - 📦 [13/20] Processando Onsior
2026-01-15 20:16:03,475 - scraper_base - INFO - 🔍 Petz: Buscando Onsior
2026-01-15 20:16:05,278 - scraper_base - INFO - ✅ Petz: 4 produto(s) encontrado(s) para Onsior
2026-01-15 20:16:07,030 - scraper_base - INFO - 📦 [14/20] Processando Maxicam
2026-01-15 20:16:07,030 - scraper_base - INFO - 🔍 Petz: Buscando Maxicam
2026-01-15 20:16:09,290 - scraper_base - INFO - ✅ Petz: 30 produto(s) encontrado(s) para Maxicam
2026-01-15 20:16:11,780 - scraper_base - INFO - 📦 [15/20] Processando Carproflan
2026-01-15 20:16:11,780 - scraper_base - INFO - 🔍 Petz: Buscando Carproflan
2026-01-15 20:16:13,514 - scraper_base - INFO - ✅ Petz: 3 produto(s) encontrado(s) para Carproflan
2026-01-15 20:16:15,338 - scraper_base - INFO - 📦 [16/20] Processando Previcox
2026-01-15 20:16:15,338 - scraper_base - INFO - 🔍 Petz: Buscando Previcox
2026-01-15 20:16:17,154 - scraper_base - INFO - ✅ Petz: 2 produto(s) encontrado(s) para Previcox
2026-01-15 20:16:18,443 - scraper_base - INFO - 📦 [17/20] Processando Apoquel
2026-01-15 20:16:18,444 - scraper_base - INFO - 🔍 Petz: Buscando Apoquel
2026-01-15 20:16:19,969 - scraper_base - INFO - ✅ Petz: 3 produto(s) encontrado(s) para Apoquel
2026-01-15 20:16:22,500 - scraper_base - INFO - 📦 [18/20] Processando Zenrelia
2026-01-15 20:16:22,501 - scraper_base - INFO - 🔍 Petz: Buscando Zenrelia
2026-01-15 20:16:25,075 - scraper_base - INFO - ✅ Petz: 4 produto(s) encontrado(s) para Zenrelia
2026-01-15 20:16:27,018 - scraper_base - INFO - 📦 [19/20] Processando Synulox
2026-01-15 20:16:27,019 - scraper_base - INFO - 🔍 Petz: Buscando Synulox
2026-01-15 20:16:28,925 - scraper_base - INFO - ✅ Petz: 2 produto(s) encontrado(s) para Synulox
2026-01-15 20:16:30,646 - scraper_base - INFO - 📦 [20/20] Processando Baytril
2026-01-15 20:16:30,646 - scraper_base - INFO - 🔍 Petz: Buscando Baytril
2026-01-15 20:16:32,531 - scraper_base - INFO - ✅ Petz: 9 produto(s) encontrado(s) para Baytril
2026-01-15 20:16:35,522 - scraper_base - INFO - 📊 Petz - Estatísticas finais:
2026-01-15 20:16:35,522 - scraper_base - INFO -    • Medicamentos processados: 20
2026-01-15 20:16:35,522 - scraper_base - INFO -    • Produtos encontrados: 209
2026-01-15 20:16:35,522 - scraper_base - INFO -    • Medicamentos sem resultado: 0
2026-01-15 20:16:35,522 - scraper_base - INFO -    • Tempo total: 82.9s
2026-01-15 20:16:35,522 - scraper_base - INFO -    • Tempo médio por medicamento: 4.1s
2026-01-15 20:16:35,566 - gerenciador_arquivos - INFO - Excel salvo: dados_coletados/petz_20260115_201635.xlsx (209 produtos)
2026-01-15 20:16:35,566 - gerenciador_principal - INFO - Petz: Arquivo individual salvo com sucesso
2026-01-15 20:16:35,566 - gerenciador_principal - INFO - Gerando relatório consolidado...
2026-01-15 20:16:35,780 - gerenciador_arquivos - INFO - Relatório consolidado salvo: dados_relatorios/relatorio_consolidado_20260115_201635.xlsx
2026-01-15 20:16:35,894 - gerenciador_conexoes - INFO - Chrome fechado
2026-01-15 20:16:35,894 - gerenciador_conexoes - INFO - Métodos utilizados - Requests: 33.3%, Selenium: 66.7%, Falhas: 0.0%
2026-01-15 20:16:35,894 - gerenciador_principal - INFO - ============================================================
2026-01-15 20:16:35,894 - gerenciador_principal - INFO - RELATORIO FINAL DE EXECUÇÃO
2026-01-15 20:16:35,895 - gerenciador_principal - INFO - ============================================================
2026-01-15 20:16:35,895 - gerenciador_principal - INFO - Sites processados: 3
2026-01-15 20:16:35,895 - gerenciador_principal - INFO - Sites com sucesso: 3
2026-01-15 20:16:35,895 - gerenciador_principal - INFO - Total de produtos coletados: 620
2026-01-15 20:16:35,895 - gerenciador_principal - INFO - Tempo total de execução: 236.3 segundos
2026-01-15 20:16:35,895 - gerenciador_principal - INFO - Estatísticas de conexão:
2026-01-15 20:16:35,895 - gerenciador_principal - INFO -   - Requests bem-sucedidos: 33.3%
2026-01-15 20:16:35,895 - gerenciador_principal - INFO -   - Selenium fallback: 66.7%
2026-01-15 20:16:35,895 - gerenciador_principal - INFO -   - Falhas totais: 0.0%
2026-01-15 20:16:35,898 - gerenciador_principal - INFO - Arquivos salvos na pasta: dados_coletados
2026-01-15 20:16:35,898 - gerenciador_principal - INFO - Total de arquivos: 311
2026-01-15 20:16:35,898 - gerenciador_principal - INFO - ============================================================
