2026-01-14 20:10:08,497 - configurador_logs - INFO - Sistema de logs configurado com sucesso
2026-01-14 20:10:08,497 - configurador_logs - INFO - 🚀 Logs configurados para MODO PRODUÇÃO
2026-01-14 20:10:08,497 - gerenciador_principal - INFO - Inicializando sistema - Modo: PRODUCAO
2026-01-14 20:10:08,497 - gerenciador_arquivos - INFO - Pasta dados_coletados preparada
2026-01-14 20:10:08,498 - gerenciador_principal - INFO - Sistema inicializado com 3 scrapers
2026-01-14 20:10:08,498 - gerenciador_principal - INFO - ============================================================
2026-01-14 20:10:08,498 - gerenciador_principal - INFO - INICIANDO SCRAPING COMPLETO - PRODUCAO
2026-01-14 20:10:08,498 - gerenciador_principal - INFO - ============================================================
2026-01-14 20:10:08,498 - gerenciador_principal - INFO - [1/3] Processando Cobasi
2026-01-14 20:10:08,498 - scraper_base - INFO - 🚀 Iniciando scraping completo - Cobasi
2026-01-14 20:10:08,888 - gerenciador_conexoes - INFO - Sessao estabelecida com cobasi.com.br
2026-01-14 20:10:08,888 - scraper_base - INFO - 📋 20 medicamentos para processar
2026-01-14 20:10:08,888 - scraper_base - INFO - 📦 [1/20] Processando Simparic
2026-01-14 20:10:08,888 - scraper_base - INFO - 🔍 Cobasi: Buscando Simparic
2026-01-14 20:10:11,060 - scraper_cobasi - INFO - Cobasi: Dados extraídos via JSON para Simparic
2026-01-14 20:10:11,060 - scraper_base - INFO - ✅ Cobasi: 12 produto(s) encontrado(s) para Simparic
2026-01-14 20:10:13,009 - scraper_base - INFO - 📦 [2/20] Processando Revolution
2026-01-14 20:10:13,009 - scraper_base - INFO - 🔍 Cobasi: Buscando Revolution
2026-01-14 20:10:15,494 - scraper_cobasi - INFO - Cobasi: Dados extraídos via JSON para Revolution
2026-01-14 20:10:15,494 - scraper_base - INFO - ✅ Cobasi: 18 produto(s) encontrado(s) para Revolution
2026-01-14 20:10:18,301 - scraper_base - INFO - 📦 [3/20] Processando NexGard
2026-01-14 20:10:18,301 - scraper_base - INFO - 🔍 Cobasi: Buscando NexGard
2026-01-14 20:10:19,140 - scraper_cobasi - INFO - Cobasi: Dados extraídos via JSON para NexGard
2026-01-14 20:10:19,140 - scraper_base - INFO - ✅ Cobasi: 22 produto(s) encontrado(s) para NexGard
2026-01-14 20:10:20,510 - scraper_base - INFO - 📦 [4/20] Processando NexGard Spectra
2026-01-14 20:10:20,510 - scraper_base - INFO - 🔍 Cobasi: Buscando NexGard Spectra
2026-01-14 20:10:22,570 - scraper_cobasi - INFO - Cobasi: Dados extraídos via JSON para NexGard Spectra
2026-01-14 20:10:22,570 - scraper_base - INFO - ✅ Cobasi: 10 produto(s) encontrado(s) para NexGard Spectra
2026-01-14 20:10:25,555 - scraper_base - INFO - 📦 [5/20] Processando NexGard Combo
2026-01-14 20:10:25,556 - scraper_base - INFO - 🔍 Cobasi: Buscando NexGard Combo
2026-01-14 20:10:27,112 - scraper_cobasi - INFO - Cobasi: Dados extraídos via JSON para NexGard Combo
2026-01-14 20:10:27,112 - scraper_base - INFO - ✅ Cobasi: 4 produto(s) encontrado(s) para NexGard Combo
2026-01-14 20:10:29,816 - scraper_base - INFO - 📦 [6/20] Processando Bravecto
2026-01-14 20:10:29,816 - scraper_base - INFO - 🔍 Cobasi: Buscando Bravecto
2026-01-14 20:10:32,607 - scraper_cobasi - INFO - Cobasi: Dados extraídos via JSON para Bravecto
2026-01-14 20:10:32,607 - scraper_base - INFO - ✅ Cobasi: 16 produto(s) encontrado(s) para Bravecto
2026-01-14 20:10:34,302 - scraper_base - INFO - 📦 [7/20] Processando Frontline
2026-01-14 20:10:34,303 - scraper_base - INFO - 🔍 Cobasi: Buscando Frontline
2026-01-14 20:10:36,948 - scraper_cobasi - INFO - Cobasi: Dados extraídos via JSON para Frontline
2026-01-14 20:10:36,948 - scraper_base - INFO - ✅ Cobasi: 10 produto(s) encontrado(s) para Frontline
2026-01-14 20:10:39,291 - scraper_base - INFO - 📦 [8/20] Processando Advocate
2026-01-14 20:10:39,291 - scraper_base - INFO - 🔍 Cobasi: Buscando Advocate
2026-01-14 20:10:39,660 - scraper_cobasi - INFO - Cobasi: Dados extraídos via JSON para Advocate
2026-01-14 20:10:39,660 - scraper_base - INFO - ✅ Cobasi: 12 produto(s) encontrado(s) para Advocate
2026-01-14 20:10:42,445 - scraper_base - INFO - 📦 [9/20] Processando Drontal
2026-01-14 20:10:42,445 - scraper_base - INFO - 🔍 Cobasi: Buscando Drontal
2026-01-14 20:10:42,838 - scraper_cobasi - INFO - Cobasi: Dados extraídos via JSON para Drontal
2026-01-14 20:10:42,838 - scraper_base - INFO - ✅ Cobasi: 8 produto(s) encontrado(s) para Drontal
2026-01-14 20:10:43,872 - scraper_base - INFO - 📦 [10/20] Processando Milbemax
2026-01-14 20:10:43,873 - scraper_base - INFO - 🔍 Cobasi: Buscando Milbemax
2026-01-14 20:10:45,689 - scraper_cobasi - INFO - Cobasi: Dados extraídos via JSON para Milbemax
2026-01-14 20:10:45,689 - scraper_base - INFO - ✅ Cobasi: 4 produto(s) encontrado(s) para Milbemax
2026-01-14 20:10:47,100 - scraper_base - INFO - 📦 [11/20] Processando Vermivet
2026-01-14 20:10:47,101 - scraper_base - INFO - 🔍 Cobasi: Buscando Vermivet
2026-01-14 20:10:49,275 - scraper_cobasi - INFO - Cobasi: Dados extraídos via JSON para Vermivet
2026-01-14 20:10:49,275 - scraper_base - INFO - ✅ Cobasi: 5 produto(s) encontrado(s) para Vermivet
2026-01-14 20:10:51,103 - scraper_base - INFO - 📦 [12/20] Processando Rimadyl
2026-01-14 20:10:51,104 - scraper_base - INFO - 🔍 Cobasi: Buscando Rimadyl
2026-01-14 20:10:52,799 - scraper_cobasi - INFO - Cobasi: Dados extraídos via JSON para Rimadyl
2026-01-14 20:10:52,799 - scraper_base - INFO - ✅ Cobasi: 3 produto(s) encontrado(s) para Rimadyl
2026-01-14 20:10:55,387 - scraper_base - INFO - 📦 [13/20] Processando Onsior
2026-01-14 20:10:55,387 - scraper_base - INFO - 🔍 Cobasi: Buscando Onsior
2026-01-14 20:10:57,174 - scraper_cobasi - INFO - Cobasi: Dados extraídos via JSON para Onsior
2026-01-14 20:10:57,174 - scraper_base - INFO - ✅ Cobasi: 4 produto(s) encontrado(s) para Onsior
2026-01-14 20:10:59,521 - scraper_base - INFO - 📦 [14/20] Processando Maxicam
2026-01-14 20:10:59,521 - scraper_base - INFO - 🔍 Cobasi: Buscando Maxicam
2026-01-14 20:11:02,048 - scraper_cobasi - INFO - Cobasi: Dados extraídos via JSON para Maxicam
2026-01-14 20:11:02,048 - scraper_base - INFO - ✅ Cobasi: 21 produto(s) encontrado(s) para Maxicam
2026-01-14 20:11:04,602 - scraper_base - INFO - 📦 [15/20] Processando Carproflan
2026-01-14 20:11:04,602 - scraper_base - INFO - 🔍 Cobasi: Buscando Carproflan
2026-01-14 20:11:06,225 - scraper_cobasi - INFO - Cobasi: Dados extraídos via JSON para Carproflan
2026-01-14 20:11:06,225 - scraper_base - INFO - ✅ Cobasi: 3 produto(s) encontrado(s) para Carproflan
2026-01-14 20:11:07,634 - scraper_base - INFO - 📦 [16/20] Processando Previcox
2026-01-14 20:11:07,634 - scraper_base - INFO - 🔍 Cobasi: Buscando Previcox
2026-01-14 20:11:09,115 - scraper_cobasi - INFO - Cobasi: Dados extraídos via JSON para Previcox
2026-01-14 20:11:09,115 - scraper_base - INFO - ✅ Cobasi: 2 produto(s) encontrado(s) para Previcox
2026-01-14 20:11:10,436 - scraper_base - INFO - 📦 [17/20] Processando Apoquel
2026-01-14 20:11:10,437 - scraper_base - INFO - 🔍 Cobasi: Buscando Apoquel
2026-01-14 20:11:12,283 - scraper_cobasi - INFO - Cobasi: Dados extraídos via JSON para Apoquel
2026-01-14 20:11:12,283 - scraper_base - INFO - ✅ Cobasi: 3 produto(s) encontrado(s) para Apoquel
2026-01-14 20:11:14,550 - scraper_base - INFO - 📦 [18/20] Processando Zenrelia
2026-01-14 20:11:14,550 - scraper_base - INFO - 🔍 Cobasi: Buscando Zenrelia
2026-01-14 20:11:16,948 - scraper_cobasi - INFO - Cobasi: Dados extraídos via JSON para Zenrelia
2026-01-14 20:11:16,949 - scraper_base - INFO - ✅ Cobasi: 4 produto(s) encontrado(s) para Zenrelia
2026-01-14 20:11:19,458 - scraper_base - INFO - 📦 [19/20] Processando Synulox
2026-01-14 20:11:19,458 - scraper_base - INFO - 🔍 Cobasi: Buscando Synulox
2026-01-14 20:11:21,067 - scraper_cobasi - INFO - Cobasi: Dados extraídos via JSON para Synulox
2026-01-14 20:11:21,067 - scraper_base - INFO - ✅ Cobasi: 2 produto(s) encontrado(s) para Synulox
2026-01-14 20:11:23,191 - scraper_base - INFO - 📦 [20/20] Processando Baytril
2026-01-14 20:11:23,191 - scraper_base - INFO - 🔍 Cobasi: Buscando Baytril
2026-01-14 20:11:25,573 - scraper_cobasi - INFO - Cobasi: Dados extraídos via JSON para Baytril
2026-01-14 20:11:25,573 - scraper_base - INFO - ✅ Cobasi: 4 produto(s) encontrado(s) para Baytril
2026-01-14 20:11:28,438 - scraper_base - INFO - 📊 Cobasi - Estatísticas finais:
2026-01-14 20:11:28,438 - scraper_base - INFO -    • Medicamentos processados: 20
2026-01-14 20:11:28,438 - scraper_base - INFO -    • Produtos encontrados: 167
2026-01-14 20:11:28,438 - scraper_base - INFO -    • Medicamentos sem resultado: 0
2026-01-14 20:11:28,438 - scraper_base - INFO -    • Tempo total: 79.9s
2026-01-14 20:11:28,439 - scraper_base - INFO -    • Tempo médio por medicamento: 4.0s
2026-01-14 20:11:28,553 - gerenciador_arquivos - INFO - Excel salvo: dados_coletados/cobasi_20260114_201128.xlsx (167 produtos)
2026-01-14 20:11:28,553 - gerenciador_principal - INFO - Cobasi: Arquivo individual salvo com sucesso
2026-01-14 20:11:28,553 - gerenciador_principal - INFO - Pausando entre sites...
2026-01-14 20:11:30,553 - gerenciador_principal - INFO - [2/3] Processando Petlove
2026-01-14 20:11:30,553 - scraper_base - INFO - 🚀 Iniciando scraping completo - Petlove
2026-01-14 20:11:30,760 - scraper_base - INFO - 📋 20 medicamentos para processar
2026-01-14 20:11:30,761 - scraper_base - INFO - 📦 [1/20] Processando Simparic
2026-01-14 20:11:30,761 - scraper_base - INFO - 🔍 Petlove: Buscando Simparic
2026-01-14 20:11:39,464 - gerenciador_conexoes - INFO - Chrome inicializado com otimizacoes de velocidade
2026-01-14 20:11:44,387 - scraper_base - INFO - ✅ Petlove: 34 produto(s) encontrado(s) para Simparic
2026-01-14 20:11:46,338 - scraper_base - INFO - 📦 [2/20] Processando Revolution
2026-01-14 20:11:46,338 - scraper_base - INFO - 🔍 Petlove: Buscando Revolution
2026-01-14 20:11:48,243 - scraper_base - INFO - ✅ Petlove: 17 produto(s) encontrado(s) para Revolution
2026-01-14 20:11:49,704 - scraper_base - INFO - 📦 [3/20] Processando NexGard
2026-01-14 20:11:49,704 - scraper_base - INFO - 🔍 Petlove: Buscando NexGard
2026-01-14 20:11:51,239 - scraper_base - INFO - ✅ Petlove: 11 produto(s) encontrado(s) para NexGard
2026-01-14 20:11:52,315 - scraper_base - INFO - 📦 [4/20] Processando NexGard Spectra
2026-01-14 20:11:52,315 - scraper_base - INFO - 🔍 Petlove: Buscando NexGard Spectra
2026-01-14 20:11:53,562 - scraper_base - INFO - ✅ Petlove: 5 produto(s) encontrado(s) para NexGard Spectra
2026-01-14 20:11:56,161 - scraper_base - INFO - 📦 [5/20] Processando NexGard Combo
2026-01-14 20:11:56,162 - scraper_base - INFO - 🔍 Petlove: Buscando NexGard Combo
2026-01-14 20:11:57,434 - scraper_base - INFO - ✅ Petlove: 2 produto(s) encontrado(s) para NexGard Combo
2026-01-14 20:11:59,782 - scraper_base - INFO - 📦 [6/20] Processando Bravecto
2026-01-14 20:11:59,782 - scraper_base - INFO - 🔍 Petlove: Buscando Bravecto
2026-01-14 20:12:02,257 - scraper_base - INFO - ✅ Petlove: 23 produto(s) encontrado(s) para Bravecto
2026-01-14 20:12:03,726 - scraper_base - INFO - 📦 [7/20] Processando Frontline
2026-01-14 20:12:03,726 - scraper_base - INFO - 🔍 Petlove: Buscando Frontline
2026-01-14 20:12:05,450 - scraper_base - INFO - ✅ Petlove: 11 produto(s) encontrado(s) para Frontline
2026-01-14 20:12:06,884 - scraper_base - INFO - 📦 [8/20] Processando Advocate
2026-01-14 20:12:06,884 - scraper_base - INFO - 🔍 Petlove: Buscando Advocate
2026-01-14 20:12:08,660 - scraper_base - INFO - ✅ Petlove: 10 produto(s) encontrado(s) para Advocate
2026-01-14 20:12:10,870 - scraper_base - INFO - 📦 [9/20] Processando Drontal
2026-01-14 20:12:10,870 - scraper_base - INFO - 🔍 Petlove: Buscando Drontal
2026-01-14 20:12:12,844 - scraper_base - INFO - ✅ Petlove: 36 produto(s) encontrado(s) para Drontal
2026-01-14 20:12:14,135 - scraper_base - INFO - 📦 [10/20] Processando Milbemax
2026-01-14 20:12:14,135 - scraper_base - INFO - 🔍 Petlove: Buscando Milbemax
2026-01-14 20:12:16,165 - scraper_base - INFO - ✅ Petlove: 14 produto(s) encontrado(s) para Milbemax
2026-01-14 20:12:18,029 - scraper_base - INFO - 📦 [11/20] Processando Vermivet
2026-01-14 20:12:18,030 - scraper_base - INFO - 🔍 Petlove: Buscando Vermivet
2026-01-14 20:12:20,128 - scraper_base - INFO - ✅ Petlove: 36 produto(s) encontrado(s) para Vermivet
2026-01-14 20:12:21,151 - scraper_base - INFO - 📦 [12/20] Processando Rimadyl
2026-01-14 20:12:21,151 - scraper_base - INFO - 🔍 Petlove: Buscando Rimadyl
2026-01-14 20:12:22,930 - scraper_base - INFO - ✅ Petlove: 1 produto(s) encontrado(s) para Rimadyl
2026-01-14 20:12:25,684 - scraper_base - INFO - 📦 [13/20] Processando Onsior
2026-01-14 20:12:25,685 - scraper_base - INFO - 🔍 Petlove: Buscando Onsior
2026-01-14 20:12:26,973 - scraper_base - INFO - ✅ Petlove: 4 produto(s) encontrado(s) para Onsior
2026-01-14 20:12:29,247 - scraper_base - INFO - 📦 [14/20] Processando Maxicam
2026-01-14 20:12:29,247 - scraper_base - INFO - 🔍 Petlove: Buscando Maxicam
2026-01-14 20:12:30,670 - scraper_base - INFO - ✅ Petlove: 3 produto(s) encontrado(s) para Maxicam
2026-01-14 20:12:33,243 - scraper_base - INFO - 📦 [15/20] Processando Carproflan
2026-01-14 20:12:33,244 - scraper_base - INFO - 🔍 Petlove: Buscando Carproflan
2026-01-14 20:12:34,826 - scraper_base - INFO - ✅ Petlove: 8 produto(s) encontrado(s) para Carproflan
2026-01-14 20:12:36,466 - scraper_base - INFO - 📦 [16/20] Processando Previcox
2026-01-14 20:12:36,466 - scraper_base - INFO - 🔍 Petlove: Buscando Previcox
2026-01-14 20:12:37,797 - scraper_base - INFO - ✅ Petlove: 4 produto(s) encontrado(s) para Previcox
2026-01-14 20:12:38,962 - scraper_base - INFO - 📦 [17/20] Processando Apoquel
2026-01-14 20:12:38,963 - scraper_base - INFO - 🔍 Petlove: Buscando Apoquel
2026-01-14 20:12:40,394 - scraper_base - INFO - ✅ Petlove: 16 produto(s) encontrado(s) para Apoquel
2026-01-14 20:12:41,474 - scraper_base - INFO - 📦 [18/20] Processando Zenrelia
2026-01-14 20:12:41,474 - scraper_base - INFO - 🔍 Petlove: Buscando Zenrelia
2026-01-14 20:12:42,787 - scraper_base - INFO - ✅ Petlove: 4 produto(s) encontrado(s) para Zenrelia
2026-01-14 20:12:44,032 - scraper_base - INFO - 📦 [19/20] Processando Synulox
2026-01-14 20:12:44,032 - scraper_base - INFO - 🔍 Petlove: Buscando Synulox
2026-01-14 20:12:45,145 - scraper_base - INFO - ✅ Petlove: 1 produto(s) encontrado(s) para Synulox
2026-01-14 20:12:47,944 - scraper_base - INFO - 📦 [20/20] Processando Baytril
2026-01-14 20:12:47,944 - scraper_base - INFO - 🔍 Petlove: Buscando Baytril
2026-01-14 20:12:49,266 - scraper_base - INFO - ✅ Petlove: 4 produto(s) encontrado(s) para Baytril
2026-01-14 20:12:51,973 - scraper_base - INFO - 📊 Petlove - Estatísticas finais:
2026-01-14 20:12:51,973 - scraper_base - INFO -    • Medicamentos processados: 20
2026-01-14 20:12:51,973 - scraper_base - INFO -    • Produtos encontrados: 244
2026-01-14 20:12:51,973 - scraper_base - INFO -    • Medicamentos sem resultado: 0
2026-01-14 20:12:51,973 - scraper_base - INFO -    • Tempo total: 81.4s
2026-01-14 20:12:51,973 - scraper_base - INFO -    • Tempo médio por medicamento: 4.1s
2026-01-14 20:12:52,019 - gerenciador_arquivos - INFO - Excel salvo: dados_coletados/petlove_20260114_201251.xlsx (244 produtos)
2026-01-14 20:12:52,019 - gerenciador_principal - INFO - Petlove: Arquivo individual salvo com sucesso
2026-01-14 20:12:52,019 - gerenciador_principal - INFO - Pausando entre sites...
2026-01-14 20:12:54,020 - gerenciador_principal - INFO - [3/3] Processando Petz
2026-01-14 20:12:54,020 - scraper_base - INFO - 🚀 Iniciando scraping completo - Petz
2026-01-14 20:12:54,257 - scraper_base - INFO - 📋 20 medicamentos para processar
2026-01-14 20:12:54,257 - scraper_base - INFO - 📦 [1/20] Processando Simparic
2026-01-14 20:12:54,258 - scraper_base - INFO - 🔍 Petz: Buscando Simparic
2026-01-14 20:12:59,169 - scraper_base - INFO - ✅ Petz: 12 produto(s) encontrado(s) para Simparic
2026-01-14 20:13:01,865 - scraper_base - INFO - 📦 [2/20] Processando Revolution
2026-01-14 20:13:01,865 - scraper_base - INFO - 🔍 Petz: Buscando Revolution
2026-01-14 20:13:04,607 - scraper_base - INFO - ✅ Petz: 24 produto(s) encontrado(s) para Revolution
2026-01-14 20:13:06,759 - scraper_base - INFO - 📦 [3/20] Processando NexGard
2026-01-14 20:13:06,759 - scraper_base - INFO - 🔍 Petz: Buscando NexGard
2026-01-14 20:13:09,036 - scraper_base - INFO - ✅ Petz: 22 produto(s) encontrado(s) para NexGard
2026-01-14 20:13:11,460 - scraper_base - INFO - 📦 [4/20] Processando NexGard Spectra
2026-01-14 20:13:11,460 - scraper_base - INFO - 🔍 Petz: Buscando NexGard Spectra
2026-01-14 20:13:13,097 - scraper_base - INFO - ✅ Petz: 10 produto(s) encontrado(s) para NexGard Spectra
2026-01-14 20:13:14,887 - scraper_base - INFO - 📦 [5/20] Processando NexGard Combo
2026-01-14 20:13:14,887 - scraper_base - INFO - 🔍 Petz: Buscando NexGard Combo
2026-01-14 20:13:16,761 - scraper_base - INFO - ✅ Petz: 4 produto(s) encontrado(s) para NexGard Combo
2026-01-14 20:13:18,444 - scraper_base - INFO - 📦 [6/20] Processando Bravecto
2026-01-14 20:13:18,444 - scraper_base - INFO - 🔍 Petz: Buscando Bravecto
2026-01-14 20:13:20,458 - scraper_base - INFO - ✅ Petz: 16 produto(s) encontrado(s) para Bravecto
2026-01-14 20:13:22,791 - scraper_base - INFO - 📦 [7/20] Processando Frontline
2026-01-14 20:13:22,791 - scraper_base - INFO - 🔍 Petz: Buscando Frontline
2026-01-14 20:13:24,625 - scraper_base - INFO - ✅ Petz: 11 produto(s) encontrado(s) para Frontline
2026-01-14 20:13:26,313 - scraper_base - INFO - 📦 [8/20] Processando Advocate
2026-01-14 20:13:26,313 - scraper_base - INFO - 🔍 Petz: Buscando Advocate
2026-01-14 20:13:28,055 - scraper_base - INFO - ✅ Petz: 12 produto(s) encontrado(s) para Advocate
2026-01-14 20:13:30,595 - scraper_base - INFO - 📦 [9/20] Processando Drontal
2026-01-14 20:13:30,595 - scraper_base - INFO - 🔍 Petz: Buscando Drontal
2026-01-14 20:13:33,178 - scraper_base - INFO - ✅ Petz: 29 produto(s) encontrado(s) para Drontal
2026-01-14 20:13:34,290 - scraper_base - INFO - 📦 [10/20] Processando Milbemax
2026-01-14 20:13:34,290 - scraper_base - INFO - 🔍 Petz: Buscando Milbemax
2026-01-14 20:13:36,021 - scraper_base - INFO - ✅ Petz: 4 produto(s) encontrado(s) para Milbemax
2026-01-14 20:13:37,847 - scraper_base - INFO - 📦 [11/20] Processando Vermivet
2026-01-14 20:13:37,848 - scraper_base - INFO - 🔍 Petz: Buscando Vermivet
2026-01-14 20:13:39,865 - scraper_base - INFO - ✅ Petz: 5 produto(s) encontrado(s) para Vermivet
2026-01-14 20:13:42,338 - scraper_base - INFO - 📦 [12/20] Processando Rimadyl
2026-01-14 20:13:42,338 - scraper_base - INFO - 🔍 Petz: Buscando Rimadyl
2026-01-14 20:13:43,881 - scraper_base - INFO - ✅ Petz: 3 produto(s) encontrado(s) para Rimadyl
2026-01-14 20:13:45,407 - scraper_base - INFO - 📦 [13/20] Processando Onsior
2026-01-14 20:13:45,407 - scraper_base - INFO - 🔍 Petz: Buscando Onsior
2026-01-14 20:13:47,283 - scraper_base - INFO - ✅ Petz: 4 produto(s) encontrado(s) para Onsior
2026-01-14 20:13:48,766 - scraper_base - INFO - 📦 [14/20] Processando Maxicam
2026-01-14 20:13:48,766 - scraper_base - INFO - 🔍 Petz: Buscando Maxicam
2026-01-14 20:13:51,126 - scraper_base - INFO - ✅ Petz: 31 produto(s) encontrado(s) para Maxicam
2026-01-14 20:13:52,450 - scraper_base - INFO - 📦 [15/20] Processando Carproflan
2026-01-14 20:13:52,450 - scraper_base - INFO - 🔍 Petz: Buscando Carproflan
2026-01-14 20:13:53,919 - scraper_base - INFO - ✅ Petz: 3 produto(s) encontrado(s) para Carproflan
2026-01-14 20:13:56,768 - scraper_base - INFO - 📦 [16/20] Processando Previcox
2026-01-14 20:13:56,768 - scraper_base - INFO - 🔍 Petz: Buscando Previcox
2026-01-14 20:13:58,432 - scraper_base - INFO - ✅ Petz: 2 produto(s) encontrado(s) para Previcox
2026-01-14 20:13:59,503 - scraper_base - INFO - 📦 [17/20] Processando Apoquel
2026-01-14 20:13:59,503 - scraper_base - INFO - 🔍 Petz: Buscando Apoquel
2026-01-14 20:14:00,923 - scraper_base - INFO - ✅ Petz: 3 produto(s) encontrado(s) para Apoquel
2026-01-14 20:14:03,187 - scraper_base - INFO - 📦 [18/20] Processando Zenrelia
2026-01-14 20:14:03,188 - scraper_base - INFO - 🔍 Petz: Buscando Zenrelia
2026-01-14 20:14:04,898 - scraper_base - INFO - ✅ Petz: 4 produto(s) encontrado(s) para Zenrelia
2026-01-14 20:14:07,084 - scraper_base - INFO - 📦 [19/20] Processando Synulox
2026-01-14 20:14:07,084 - scraper_base - INFO - 🔍 Petz: Buscando Synulox
2026-01-14 20:14:08,545 - scraper_base - INFO - ✅ Petz: 2 produto(s) encontrado(s) para Synulox
2026-01-14 20:14:10,978 - scraper_base - INFO - 📦 [20/20] Processando Baytril
2026-01-14 20:14:10,979 - scraper_base - INFO - 🔍 Petz: Buscando Baytril
2026-01-14 20:14:12,769 - scraper_base - INFO - ✅ Petz: 9 produto(s) encontrado(s) para Baytril
2026-01-14 20:14:14,123 - scraper_base - INFO - 📊 Petz - Estatísticas finais:
2026-01-14 20:14:14,123 - scraper_base - INFO -    • Medicamentos processados: 20
2026-01-14 20:14:14,123 - scraper_base - INFO -    • Produtos encontrados: 210
2026-01-14 20:14:14,123 - scraper_base - INFO -    • Medicamentos sem resultado: 0
2026-01-14 20:14:14,124 - scraper_base - INFO -    • Tempo total: 80.1s
2026-01-14 20:14:14,124 - scraper_base - INFO -    • Tempo médio por medicamento: 4.0s
2026-01-14 20:14:14,220 - gerenciador_arquivos - INFO - Excel salvo: dados_coletados/petz_20260114_201414.xlsx (210 produtos)
2026-01-14 20:14:14,221 - gerenciador_principal - INFO - Petz: Arquivo individual salvo com sucesso
2026-01-14 20:14:14,221 - gerenciador_principal - INFO - Gerando relatório consolidado...
2026-01-14 20:14:14,434 - gerenciador_arquivos - INFO - Relatório consolidado salvo: dados_relatorios/relatorio_consolidado_20260114_201414.xlsx
2026-01-14 20:14:14,539 - gerenciador_conexoes - INFO - Chrome fechado
2026-01-14 20:14:14,539 - gerenciador_conexoes - INFO - Métodos utilizados - Requests: 33.3%, Selenium: 66.7%, Falhas: 0.0%
2026-01-14 20:14:14,539 - gerenciador_principal - INFO - ============================================================
2026-01-14 20:14:14,539 - gerenciador_principal - INFO - RELATORIO FINAL DE EXECUÇÃO
2026-01-14 20:14:14,540 - gerenciador_principal - INFO - ============================================================
2026-01-14 20:14:14,540 - gerenciador_principal - INFO - Sites processados: 3
2026-01-14 20:14:14,540 - gerenciador_principal - INFO - Sites com sucesso: 3
2026-01-14 20:14:14,540 - gerenciador_principal - INFO - Total de produtos coletados: 621
2026-01-14 20:14:14,540 - gerenciador_principal - INFO - Tempo total de execução: 245.7 segundos
2026-01-14 20:14:14,540 - gerenciador_principal - INFO - Estatísticas de conexão:
2026-01-14 20:14:14,540 - gerenciador_principal - INFO -   - Requests bem-sucedidos: 33.3%
2026-01-14 20:14:14,540 - gerenciador_principal - INFO -   - Selenium fallback: 66.7%
2026-01-14 20:14:14,540 - gerenciador_principal - INFO -   - Falhas totais: 0.0%
2026-01-14 20:14:14,542 - gerenciador_principal - INFO - Arquivos salvos na pasta: dados_coletados
2026-01-14 20:14:14,542 - gerenciador_principal - INFO - Total de arquivos: 308
2026-01-14 20:14:14,542 - gerenciador_principal - INFO - ============================================================
