2026-01-29 20:16:34,677 - configurador_logs - INFO - Sistema de logs configurado com sucesso
2026-01-29 20:16:34,677 - configurador_logs - INFO - 🚀 Logs configurados para MODO PRODUÇÃO
2026-01-29 20:16:34,677 - gerenciador_principal - INFO - Inicializando sistema - Modo: PRODUCAO
2026-01-29 20:16:34,677 - gerenciador_arquivos - INFO - Pasta dados_coletados preparada
2026-01-29 20:16:34,677 - gerenciador_principal - INFO - Sistema inicializado com 3 scrapers
2026-01-29 20:16:34,677 - gerenciador_principal - INFO - ============================================================
2026-01-29 20:16:34,677 - gerenciador_principal - INFO - INICIANDO SCRAPING COMPLETO - PRODUCAO
2026-01-29 20:16:34,677 - gerenciador_principal - INFO - ============================================================
2026-01-29 20:16:34,678 - gerenciador_principal - INFO - [1/3] Processando Cobasi
2026-01-29 20:16:34,678 - scraper_base - INFO - 🚀 Iniciando scraping completo - Cobasi
2026-01-29 20:16:34,992 - gerenciador_conexoes - INFO - Sessao estabelecida com cobasi.com.br
2026-01-29 20:16:34,992 - scraper_base - INFO - 📋 20 medicamentos para processar
2026-01-29 20:16:34,992 - scraper_base - INFO - 📦 [1/20] Processando Simparic
2026-01-29 20:16:34,992 - scraper_base - INFO - 🔍 Cobasi: Buscando Simparic
2026-01-29 20:16:38,722 - scraper_cobasi - INFO - Cobasi: Dados extraídos via JSON para Simparic
2026-01-29 20:16:38,722 - scraper_base - INFO - ✅ Cobasi: 12 produto(s) encontrado(s) para Simparic
2026-01-29 20:16:40,019 - scraper_base - INFO - 📦 [2/20] Processando Revolution
2026-01-29 20:16:40,019 - scraper_base - INFO - 🔍 Cobasi: Buscando Revolution
2026-01-29 20:16:43,746 - scraper_cobasi - INFO - Cobasi: Dados extraídos via JSON para Revolution
2026-01-29 20:16:43,746 - scraper_base - INFO - ✅ Cobasi: 18 produto(s) encontrado(s) para Revolution
2026-01-29 20:16:45,892 - scraper_base - INFO - 📦 [3/20] Processando NexGard
2026-01-29 20:16:45,892 - scraper_base - INFO - 🔍 Cobasi: Buscando NexGard
2026-01-29 20:16:48,739 - scraper_cobasi - INFO - Cobasi: Dados extraídos via JSON para NexGard
2026-01-29 20:16:48,740 - scraper_base - INFO - ✅ Cobasi: 22 produto(s) encontrado(s) para NexGard
2026-01-29 20:16:51,739 - scraper_base - INFO - 📦 [4/20] Processando NexGard Spectra
2026-01-29 20:16:51,739 - scraper_base - INFO - 🔍 Cobasi: Buscando NexGard Spectra
2026-01-29 20:16:51,816 - scraper_cobasi - INFO - Cobasi: Dados extraídos via JSON para NexGard Spectra
2026-01-29 20:16:51,817 - scraper_base - INFO - ✅ Cobasi: 10 produto(s) encontrado(s) para NexGard Spectra
2026-01-29 20:16:53,552 - scraper_base - INFO - 📦 [5/20] Processando NexGard Combo
2026-01-29 20:16:53,553 - scraper_base - INFO - 🔍 Cobasi: Buscando NexGard Combo
2026-01-29 20:16:55,294 - scraper_cobasi - INFO - Cobasi: Dados extraídos via JSON para NexGard Combo
2026-01-29 20:16:55,294 - scraper_base - INFO - ✅ Cobasi: 4 produto(s) encontrado(s) para NexGard Combo
2026-01-29 20:16:57,932 - scraper_base - INFO - 📦 [6/20] Processando Bravecto
2026-01-29 20:16:57,932 - scraper_base - INFO - 🔍 Cobasi: Buscando Bravecto
2026-01-29 20:17:01,395 - scraper_cobasi - INFO - Cobasi: Dados extraídos via JSON para Bravecto
2026-01-29 20:17:01,395 - scraper_base - INFO - ✅ Cobasi: 16 produto(s) encontrado(s) para Bravecto
2026-01-29 20:17:04,086 - scraper_base - INFO - 📦 [7/20] Processando Frontline
2026-01-29 20:17:04,086 - scraper_base - INFO - 🔍 Cobasi: Buscando Frontline
2026-01-29 20:17:07,576 - scraper_cobasi - INFO - Cobasi: Dados extraídos via JSON para Frontline
2026-01-29 20:17:07,576 - scraper_base - INFO - ✅ Cobasi: 10 produto(s) encontrado(s) para Frontline
2026-01-29 20:17:09,244 - scraper_base - INFO - 📦 [8/20] Processando Advocate
2026-01-29 20:17:09,244 - scraper_base - INFO - 🔍 Cobasi: Buscando Advocate
2026-01-29 20:17:30,198 - scraper_cobasi - INFO - Cobasi: Dados extraídos via JSON para Advocate
2026-01-29 20:17:30,198 - scraper_base - INFO - ✅ Cobasi: 12 produto(s) encontrado(s) para Advocate
2026-01-29 20:17:32,089 - scraper_base - INFO - 📦 [9/20] Processando Drontal
2026-01-29 20:17:32,089 - scraper_base - INFO - 🔍 Cobasi: Buscando Drontal
2026-01-29 20:17:32,150 - scraper_cobasi - INFO - Cobasi: Dados extraídos via JSON para Drontal
2026-01-29 20:17:32,150 - scraper_base - INFO - ✅ Cobasi: 8 produto(s) encontrado(s) para Drontal
2026-01-29 20:17:33,823 - scraper_base - INFO - 📦 [10/20] Processando Milbemax
2026-01-29 20:17:33,823 - scraper_base - INFO - 🔍 Cobasi: Buscando Milbemax
2026-01-29 20:17:33,868 - scraper_cobasi - INFO - Cobasi: Dados extraídos via JSON para Milbemax
2026-01-29 20:17:33,868 - scraper_base - INFO - ✅ Cobasi: 4 produto(s) encontrado(s) para Milbemax
2026-01-29 20:17:35,016 - scraper_base - INFO - 📦 [11/20] Processando Vermivet
2026-01-29 20:17:35,016 - scraper_base - INFO - 🔍 Cobasi: Buscando Vermivet
2026-01-29 20:17:35,063 - scraper_cobasi - INFO - Cobasi: Dados extraídos via JSON para Vermivet
2026-01-29 20:17:35,064 - scraper_base - INFO - ✅ Cobasi: 5 produto(s) encontrado(s) para Vermivet
2026-01-29 20:17:37,009 - scraper_base - INFO - 📦 [12/20] Processando Rimadyl
2026-01-29 20:17:37,009 - scraper_base - INFO - 🔍 Cobasi: Buscando Rimadyl
2026-01-29 20:17:37,055 - scraper_cobasi - INFO - Cobasi: Dados extraídos via JSON para Rimadyl
2026-01-29 20:17:37,055 - scraper_base - INFO - ✅ Cobasi: 3 produto(s) encontrado(s) para Rimadyl
2026-01-29 20:17:39,448 - scraper_base - INFO - 📦 [13/20] Processando Onsior
2026-01-29 20:17:39,448 - scraper_base - INFO - 🔍 Cobasi: Buscando Onsior
2026-01-29 20:17:39,488 - scraper_cobasi - INFO - Cobasi: Dados extraídos via JSON para Onsior
2026-01-29 20:17:39,488 - scraper_base - INFO - ✅ Cobasi: 4 produto(s) encontrado(s) para Onsior
2026-01-29 20:17:41,268 - scraper_base - INFO - 📦 [14/20] Processando Maxicam
2026-01-29 20:17:41,268 - scraper_base - INFO - 🔍 Cobasi: Buscando Maxicam
2026-01-29 20:17:41,339 - scraper_cobasi - INFO - Cobasi: Dados extraídos via JSON para Maxicam
2026-01-29 20:17:41,339 - scraper_base - INFO - ✅ Cobasi: 21 produto(s) encontrado(s) para Maxicam
2026-01-29 20:17:43,305 - scraper_base - INFO - 📦 [15/20] Processando Carproflan
2026-01-29 20:17:43,305 - scraper_base - INFO - 🔍 Cobasi: Buscando Carproflan
2026-01-29 20:17:43,343 - scraper_cobasi - INFO - Cobasi: Dados extraídos via JSON para Carproflan
2026-01-29 20:17:43,343 - scraper_base - INFO - ✅ Cobasi: 3 produto(s) encontrado(s) para Carproflan
2026-01-29 20:17:46,040 - scraper_base - INFO - 📦 [16/20] Processando Previcox
2026-01-29 20:17:46,040 - scraper_base - INFO - 🔍 Cobasi: Buscando Previcox
2026-01-29 20:18:00,480 - scraper_cobasi - INFO - Cobasi: Dados extraídos via JSON para Previcox
2026-01-29 20:18:00,480 - scraper_base - INFO - ✅ Cobasi: 2 produto(s) encontrado(s) para Previcox
2026-01-29 20:18:01,878 - scraper_base - INFO - 📦 [17/20] Processando Apoquel
2026-01-29 20:18:01,878 - scraper_base - INFO - 🔍 Cobasi: Buscando Apoquel
2026-01-29 20:18:01,920 - scraper_cobasi - INFO - Cobasi: Dados extraídos via JSON para Apoquel
2026-01-29 20:18:01,921 - scraper_base - INFO - ✅ Cobasi: 3 produto(s) encontrado(s) para Apoquel
2026-01-29 20:18:03,348 - scraper_base - INFO - 📦 [18/20] Processando Zenrelia
2026-01-29 20:18:03,348 - scraper_base - INFO - 🔍 Cobasi: Buscando Zenrelia
2026-01-29 20:18:03,391 - scraper_cobasi - INFO - Cobasi: Dados extraídos via JSON para Zenrelia
2026-01-29 20:18:03,391 - scraper_base - INFO - ✅ Cobasi: 4 produto(s) encontrado(s) para Zenrelia
2026-01-29 20:18:05,636 - scraper_base - INFO - 📦 [19/20] Processando Synulox
2026-01-29 20:18:05,636 - scraper_base - INFO - 🔍 Cobasi: Buscando Synulox
2026-01-29 20:18:05,675 - scraper_cobasi - INFO - Cobasi: Dados extraídos via JSON para Synulox
2026-01-29 20:18:05,676 - scraper_base - INFO - ✅ Cobasi: 2 produto(s) encontrado(s) para Synulox
2026-01-29 20:18:07,063 - scraper_base - INFO - 📦 [20/20] Processando Baytril
2026-01-29 20:18:07,063 - scraper_base - INFO - 🔍 Cobasi: Buscando Baytril
2026-01-29 20:18:07,154 - scraper_cobasi - INFO - Cobasi: Dados extraídos via JSON para Baytril
2026-01-29 20:18:07,154 - scraper_base - INFO - ✅ Cobasi: 4 produto(s) encontrado(s) para Baytril
2026-01-29 20:18:09,406 - scraper_base - INFO - 📊 Cobasi - Estatísticas finais:
2026-01-29 20:18:09,406 - scraper_base - INFO -    • Medicamentos processados: 20
2026-01-29 20:18:09,406 - scraper_base - INFO -    • Produtos encontrados: 167
2026-01-29 20:18:09,406 - scraper_base - INFO -    • Medicamentos sem resultado: 0
2026-01-29 20:18:09,406 - scraper_base - INFO -    • Tempo total: 94.7s
2026-01-29 20:18:09,406 - scraper_base - INFO -    • Tempo médio por medicamento: 4.7s
2026-01-29 20:18:09,522 - gerenciador_arquivos - INFO - Excel salvo: dados_coletados/cobasi_20260129_201809.xlsx (167 produtos)
2026-01-29 20:18:09,522 - gerenciador_principal - INFO - Cobasi: Arquivo individual salvo com sucesso
2026-01-29 20:18:09,522 - gerenciador_principal - INFO - Pausando entre sites...
2026-01-29 20:18:11,522 - gerenciador_principal - INFO - [2/3] Processando Petlove
2026-01-29 20:18:11,522 - scraper_base - INFO - 🚀 Iniciando scraping completo - Petlove
2026-01-29 20:18:11,705 - scraper_base - INFO - 📋 20 medicamentos para processar
2026-01-29 20:18:11,706 - scraper_base - INFO - 📦 [1/20] Processando Simparic
2026-01-29 20:18:11,706 - scraper_base - INFO - 🔍 Petlove: Buscando Simparic
2026-01-29 20:18:17,412 - gerenciador_conexoes - INFO - Chrome inicializado com otimizacoes de velocidade
2026-01-29 20:18:20,766 - scraper_base - INFO - ✅ Petlove: 34 produto(s) encontrado(s) para Simparic
2026-01-29 20:18:22,622 - scraper_base - INFO - 📦 [2/20] Processando Revolution
2026-01-29 20:18:22,622 - scraper_base - INFO - 🔍 Petlove: Buscando Revolution
2026-01-29 20:18:24,377 - scraper_base - INFO - ✅ Petlove: 17 produto(s) encontrado(s) para Revolution
2026-01-29 20:18:26,537 - scraper_base - INFO - 📦 [3/20] Processando NexGard
2026-01-29 20:18:26,537 - scraper_base - INFO - 🔍 Petlove: Buscando NexGard
2026-01-29 20:18:28,256 - scraper_base - INFO - ✅ Petlove: 11 produto(s) encontrado(s) para NexGard
2026-01-29 20:18:29,276 - scraper_base - INFO - 📦 [4/20] Processando NexGard Spectra
2026-01-29 20:18:29,276 - scraper_base - INFO - 🔍 Petlove: Buscando NexGard Spectra
2026-01-29 20:18:30,814 - scraper_base - INFO - ✅ Petlove: 5 produto(s) encontrado(s) para NexGard Spectra
2026-01-29 20:18:31,867 - scraper_base - INFO - 📦 [5/20] Processando NexGard Combo
2026-01-29 20:18:31,867 - scraper_base - INFO - 🔍 Petlove: Buscando NexGard Combo
2026-01-29 20:18:33,070 - scraper_base - INFO - ✅ Petlove: 2 produto(s) encontrado(s) para NexGard Combo
2026-01-29 20:18:35,627 - scraper_base - INFO - 📦 [6/20] Processando Bravecto
2026-01-29 20:18:35,627 - scraper_base - INFO - 🔍 Petlove: Buscando Bravecto
2026-01-29 20:18:37,657 - scraper_base - INFO - ✅ Petlove: 23 produto(s) encontrado(s) para Bravecto
2026-01-29 20:18:40,477 - scraper_base - INFO - 📦 [7/20] Processando Frontline
2026-01-29 20:18:40,477 - scraper_base - INFO - 🔍 Petlove: Buscando Frontline
2026-01-29 20:18:42,201 - scraper_base - INFO - ✅ Petlove: 11 produto(s) encontrado(s) para Frontline
2026-01-29 20:18:44,461 - scraper_base - INFO - 📦 [8/20] Processando Advocate
2026-01-29 20:18:44,461 - scraper_base - INFO - 🔍 Petlove: Buscando Advocate
2026-01-29 20:18:46,118 - scraper_base - INFO - ✅ Petlove: 10 produto(s) encontrado(s) para Advocate
2026-01-29 20:18:48,494 - scraper_base - INFO - 📦 [9/20] Processando Drontal
2026-01-29 20:18:48,494 - scraper_base - INFO - 🔍 Petlove: Buscando Drontal
2026-01-29 20:18:50,423 - scraper_base - INFO - ✅ Petlove: 36 produto(s) encontrado(s) para Drontal
2026-01-29 20:18:52,390 - scraper_base - INFO - 📦 [10/20] Processando Milbemax
2026-01-29 20:18:52,390 - scraper_base - INFO - 🔍 Petlove: Buscando Milbemax
2026-01-29 20:18:54,149 - scraper_base - INFO - ✅ Petlove: 15 produto(s) encontrado(s) para Milbemax
2026-01-29 20:18:56,539 - scraper_base - INFO - 📦 [11/20] Processando Vermivet
2026-01-29 20:18:56,540 - scraper_base - INFO - 🔍 Petlove: Buscando Vermivet
2026-01-29 20:18:58,811 - scraper_base - INFO - ✅ Petlove: 36 produto(s) encontrado(s) para Vermivet
2026-01-29 20:18:59,920 - scraper_base - INFO - 📦 [12/20] Processando Rimadyl
2026-01-29 20:18:59,920 - scraper_base - INFO - 🔍 Petlove: Buscando Rimadyl
2026-01-29 20:19:01,996 - scraper_base - INFO - ✅ Petlove: 1 produto(s) encontrado(s) para Rimadyl
2026-01-29 20:19:03,523 - scraper_base - INFO - 📦 [13/20] Processando Onsior
2026-01-29 20:19:03,523 - scraper_base - INFO - 🔍 Petlove: Buscando Onsior
2026-01-29 20:19:04,927 - scraper_base - INFO - ✅ Petlove: 4 produto(s) encontrado(s) para Onsior
2026-01-29 20:19:06,817 - scraper_base - INFO - 📦 [14/20] Processando Maxicam
2026-01-29 20:19:06,817 - scraper_base - INFO - 🔍 Petlove: Buscando Maxicam
2026-01-29 20:19:08,264 - scraper_base - INFO - ✅ Petlove: 3 produto(s) encontrado(s) para Maxicam
2026-01-29 20:19:10,163 - scraper_base - INFO - 📦 [15/20] Processando Carproflan
2026-01-29 20:19:10,163 - scraper_base - INFO - 🔍 Petlove: Buscando Carproflan
2026-01-29 20:19:11,942 - scraper_base - INFO - ✅ Petlove: 8 produto(s) encontrado(s) para Carproflan
2026-01-29 20:19:13,085 - scraper_base - INFO - 📦 [16/20] Processando Previcox
2026-01-29 20:19:13,085 - scraper_base - INFO - 🔍 Petlove: Buscando Previcox
2026-01-29 20:19:14,348 - scraper_base - INFO - ✅ Petlove: 4 produto(s) encontrado(s) para Previcox
2026-01-29 20:19:16,791 - scraper_base - INFO - 📦 [17/20] Processando Apoquel
2026-01-29 20:19:16,791 - scraper_base - INFO - 🔍 Petlove: Buscando Apoquel
2026-01-29 20:19:18,500 - scraper_base - INFO - ✅ Petlove: 16 produto(s) encontrado(s) para Apoquel
2026-01-29 20:19:19,942 - scraper_base - INFO - 📦 [18/20] Processando Zenrelia
2026-01-29 20:19:19,942 - scraper_base - INFO - 🔍 Petlove: Buscando Zenrelia
2026-01-29 20:19:21,591 - scraper_base - INFO - ✅ Petlove: 4 produto(s) encontrado(s) para Zenrelia
2026-01-29 20:19:23,044 - scraper_base - INFO - 📦 [19/20] Processando Synulox
2026-01-29 20:19:23,044 - scraper_base - INFO - 🔍 Petlove: Buscando Synulox
2026-01-29 20:19:24,229 - scraper_base - INFO - ✅ Petlove: 1 produto(s) encontrado(s) para Synulox
2026-01-29 20:19:27,180 - scraper_base - INFO - 📦 [20/20] Processando Baytril
2026-01-29 20:19:27,180 - scraper_base - INFO - 🔍 Petlove: Buscando Baytril
2026-01-29 20:19:28,339 - scraper_base - INFO - ✅ Petlove: 4 produto(s) encontrado(s) para Baytril
2026-01-29 20:19:30,636 - scraper_base - INFO - 📊 Petlove - Estatísticas finais:
2026-01-29 20:19:30,636 - scraper_base - INFO -    • Medicamentos processados: 20
2026-01-29 20:19:30,636 - scraper_base - INFO -    • Produtos encontrados: 245
2026-01-29 20:19:30,636 - scraper_base - INFO -    • Medicamentos sem resultado: 0
2026-01-29 20:19:30,636 - scraper_base - INFO -    • Tempo total: 79.1s
2026-01-29 20:19:30,636 - scraper_base - INFO -    • Tempo médio por medicamento: 4.0s
2026-01-29 20:19:30,683 - gerenciador_arquivos - INFO - Excel salvo: dados_coletados/petlove_20260129_201930.xlsx (245 produtos)
2026-01-29 20:19:30,683 - gerenciador_principal - INFO - Petlove: Arquivo individual salvo com sucesso
2026-01-29 20:19:30,683 - gerenciador_principal - INFO - Pausando entre sites...
2026-01-29 20:19:32,683 - gerenciador_principal - INFO - [3/3] Processando Petz
2026-01-29 20:19:32,683 - scraper_base - INFO - 🚀 Iniciando scraping completo - Petz
2026-01-29 20:19:33,030 - scraper_base - INFO - 📋 20 medicamentos para processar
2026-01-29 20:19:33,030 - scraper_base - INFO - 📦 [1/20] Processando Simparic
2026-01-29 20:19:33,030 - scraper_base - INFO - 🔍 Petz: Buscando Simparic
2026-01-29 20:19:37,835 - scraper_base - INFO - ✅ Petz: 12 produto(s) encontrado(s) para Simparic
2026-01-29 20:19:40,646 - scraper_base - INFO - 📦 [2/20] Processando Revolution
2026-01-29 20:19:40,646 - scraper_base - INFO - 🔍 Petz: Buscando Revolution
2026-01-29 20:19:43,115 - scraper_base - INFO - ✅ Petz: 24 produto(s) encontrado(s) para Revolution
2026-01-29 20:19:45,157 - scraper_base - INFO - 📦 [3/20] Processando NexGard
2026-01-29 20:19:45,158 - scraper_base - INFO - 🔍 Petz: Buscando NexGard
2026-01-29 20:19:48,848 - scraper_base - INFO - ✅ Petz: 22 produto(s) encontrado(s) para NexGard
2026-01-29 20:19:51,086 - scraper_base - INFO - 📦 [4/20] Processando NexGard Spectra
2026-01-29 20:19:51,087 - scraper_base - INFO - 🔍 Petz: Buscando NexGard Spectra
2026-01-29 20:19:52,797 - scraper_base - INFO - ✅ Petz: 10 produto(s) encontrado(s) para NexGard Spectra
2026-01-29 20:19:54,296 - scraper_base - INFO - 📦 [5/20] Processando NexGard Combo
2026-01-29 20:19:54,296 - scraper_base - INFO - 🔍 Petz: Buscando NexGard Combo
2026-01-29 20:19:56,007 - scraper_base - INFO - ✅ Petz: 4 produto(s) encontrado(s) para NexGard Combo
2026-01-29 20:19:58,450 - scraper_base - INFO - 📦 [6/20] Processando Bravecto
2026-01-29 20:19:58,450 - scraper_base - INFO - 🔍 Petz: Buscando Bravecto
2026-01-29 20:20:00,295 - scraper_base - INFO - ✅ Petz: 16 produto(s) encontrado(s) para Bravecto
2026-01-29 20:20:03,195 - scraper_base - INFO - 📦 [7/20] Processando Frontline
2026-01-29 20:20:03,196 - scraper_base - INFO - 🔍 Petz: Buscando Frontline
2026-01-29 20:20:04,993 - scraper_base - INFO - ✅ Petz: 11 produto(s) encontrado(s) para Frontline
2026-01-29 20:20:07,402 - scraper_base - INFO - 📦 [8/20] Processando Advocate
2026-01-29 20:20:07,402 - scraper_base - INFO - 🔍 Petz: Buscando Advocate
2026-01-29 20:20:09,256 - scraper_base - INFO - ✅ Petz: 12 produto(s) encontrado(s) para Advocate
2026-01-29 20:20:11,232 - scraper_base - INFO - 📦 [9/20] Processando Drontal
2026-01-29 20:20:11,232 - scraper_base - INFO - 🔍 Petz: Buscando Drontal
2026-01-29 20:20:14,271 - scraper_base - INFO - ✅ Petz: 30 produto(s) encontrado(s) para Drontal
2026-01-29 20:20:15,437 - scraper_base - INFO - 📦 [10/20] Processando Milbemax
2026-01-29 20:20:15,437 - scraper_base - INFO - 🔍 Petz: Buscando Milbemax
2026-01-29 20:20:17,437 - scraper_base - INFO - ✅ Petz: 4 produto(s) encontrado(s) para Milbemax
2026-01-29 20:20:20,287 - scraper_base - INFO - 📦 [11/20] Processando Vermivet
2026-01-29 20:20:20,287 - scraper_base - INFO - 🔍 Petz: Buscando Vermivet
2026-01-29 20:20:22,051 - scraper_base - INFO - ✅ Petz: 5 produto(s) encontrado(s) para Vermivet
2026-01-29 20:20:23,368 - scraper_base - INFO - 📦 [12/20] Processando Rimadyl
2026-01-29 20:20:23,368 - scraper_base - INFO - 🔍 Petz: Buscando Rimadyl
2026-01-29 20:20:25,010 - scraper_base - INFO - ✅ Petz: 3 produto(s) encontrado(s) para Rimadyl
2026-01-29 20:20:27,972 - scraper_base - INFO - 📦 [13/20] Processando Onsior
2026-01-29 20:20:27,972 - scraper_base - INFO - 🔍 Petz: Buscando Onsior
2026-01-29 20:20:29,654 - scraper_base - INFO - ✅ Petz: 4 produto(s) encontrado(s) para Onsior
2026-01-29 20:20:32,302 - scraper_base - INFO - 📦 [14/20] Processando Maxicam
2026-01-29 20:20:32,302 - scraper_base - INFO - 🔍 Petz: Buscando Maxicam
2026-01-29 20:20:34,671 - scraper_base - INFO - ✅ Petz: 30 produto(s) encontrado(s) para Maxicam
2026-01-29 20:20:35,847 - scraper_base - INFO - 📦 [15/20] Processando Carproflan
2026-01-29 20:20:35,847 - scraper_base - INFO - 🔍 Petz: Buscando Carproflan
2026-01-29 20:20:37,706 - scraper_base - INFO - ✅ Petz: 3 produto(s) encontrado(s) para Carproflan
2026-01-29 20:20:39,687 - scraper_base - INFO - 📦 [16/20] Processando Previcox
2026-01-29 20:20:39,687 - scraper_base - INFO - 🔍 Petz: Buscando Previcox
2026-01-29 20:20:41,342 - scraper_base - INFO - ✅ Petz: 2 produto(s) encontrado(s) para Previcox
2026-01-29 20:20:43,024 - scraper_base - INFO - 📦 [17/20] Processando Apoquel
2026-01-29 20:20:43,024 - scraper_base - INFO - 🔍 Petz: Buscando Apoquel
2026-01-29 20:20:44,735 - scraper_base - INFO - ✅ Petz: 3 produto(s) encontrado(s) para Apoquel
2026-01-29 20:20:46,985 - scraper_base - INFO - 📦 [18/20] Processando Zenrelia
2026-01-29 20:20:46,986 - scraper_base - INFO - 🔍 Petz: Buscando Zenrelia
2026-01-29 20:20:48,531 - scraper_base - INFO - ✅ Petz: 4 produto(s) encontrado(s) para Zenrelia
2026-01-29 20:20:50,536 - scraper_base - INFO - 📦 [19/20] Processando Synulox
2026-01-29 20:20:50,536 - scraper_base - INFO - 🔍 Petz: Buscando Synulox
2026-01-29 20:20:51,943 - scraper_base - INFO - ✅ Petz: 2 produto(s) encontrado(s) para Synulox
2026-01-29 20:20:52,983 - scraper_base - INFO - 📦 [20/20] Processando Baytril
2026-01-29 20:20:52,983 - scraper_base - INFO - 🔍 Petz: Buscando Baytril
2026-01-29 20:20:54,724 - scraper_base - INFO - ✅ Petz: 9 produto(s) encontrado(s) para Baytril
2026-01-29 20:20:57,229 - scraper_base - INFO - 📊 Petz - Estatísticas finais:
2026-01-29 20:20:57,229 - scraper_base - INFO -    • Medicamentos processados: 20
2026-01-29 20:20:57,229 - scraper_base - INFO -    • Produtos encontrados: 210
2026-01-29 20:20:57,229 - scraper_base - INFO -    • Medicamentos sem resultado: 0
2026-01-29 20:20:57,229 - scraper_base - INFO -    • Tempo total: 84.5s
2026-01-29 20:20:57,229 - scraper_base - INFO -    • Tempo médio por medicamento: 4.2s
2026-01-29 20:20:57,327 - gerenciador_arquivos - INFO - Excel salvo: dados_coletados/petz_20260129_202057.xlsx (210 produtos)
2026-01-29 20:20:57,328 - gerenciador_principal - INFO - Petz: Arquivo individual salvo com sucesso
2026-01-29 20:20:57,328 - gerenciador_principal - INFO - Gerando relatório consolidado...
2026-01-29 20:20:57,544 - gerenciador_arquivos - INFO - Relatório consolidado salvo: dados_relatorios/relatorio_consolidado_20260129_202057.xlsx
2026-01-29 20:20:57,688 - gerenciador_conexoes - INFO - Chrome fechado
2026-01-29 20:20:57,688 - gerenciador_conexoes - INFO - Métodos utilizados - Requests: 33.3%, Selenium: 66.7%, Falhas: 0.0%
2026-01-29 20:20:57,688 - gerenciador_principal - INFO - ============================================================
2026-01-29 20:20:57,688 - gerenciador_principal - INFO - RELATORIO FINAL DE EXECUÇÃO
2026-01-29 20:20:57,688 - gerenciador_principal - INFO - ============================================================
2026-01-29 20:20:57,688 - gerenciador_principal - INFO - Sites processados: 3
2026-01-29 20:20:57,689 - gerenciador_principal - INFO - Sites com sucesso: 3
2026-01-29 20:20:57,689 - gerenciador_principal - INFO - Total de produtos coletados: 622
2026-01-29 20:20:57,689 - gerenciador_principal - INFO - Tempo total de execução: 262.7 segundos
2026-01-29 20:20:57,689 - gerenciador_principal - INFO - Estatísticas de conexão:
2026-01-29 20:20:57,689 - gerenciador_principal - INFO -   - Requests bem-sucedidos: 33.3%
2026-01-29 20:20:57,689 - gerenciador_principal - INFO -   - Selenium fallback: 66.7%
2026-01-29 20:20:57,689 - gerenciador_principal - INFO -   - Falhas totais: 0.0%
2026-01-29 20:20:57,691 - gerenciador_principal - INFO - Arquivos salvos na pasta: dados_coletados
2026-01-29 20:20:57,691 - gerenciador_principal - INFO - Total de arquivos: 352
2026-01-29 20:20:57,691 - gerenciador_principal - INFO - ============================================================
