2025-12-16 20:12:08,723 - configurador_logs - INFO - Sistema de logs configurado com sucesso
2025-12-16 20:12:08,723 - configurador_logs - INFO - 🚀 Logs configurados para MODO PRODUÇÃO
2025-12-16 20:12:08,723 - gerenciador_principal - INFO - Inicializando sistema - Modo: PRODUCAO
2025-12-16 20:12:08,724 - gerenciador_arquivos - INFO - Pasta dados_coletados preparada
2025-12-16 20:12:08,724 - gerenciador_principal - INFO - Sistema inicializado com 3 scrapers
2025-12-16 20:12:08,724 - gerenciador_principal - INFO - ============================================================
2025-12-16 20:12:08,724 - gerenciador_principal - INFO - INICIANDO SCRAPING COMPLETO - PRODUCAO
2025-12-16 20:12:08,724 - gerenciador_principal - INFO - ============================================================
2025-12-16 20:12:08,724 - gerenciador_principal - INFO - [1/3] Processando Cobasi
2025-12-16 20:12:08,724 - scraper_base - INFO - 🚀 Iniciando scraping completo - Cobasi
2025-12-16 20:12:09,478 - gerenciador_conexoes - INFO - Sessao estabelecida com cobasi.com.br
2025-12-16 20:12:09,478 - scraper_base - INFO - 📋 20 medicamentos para processar
2025-12-16 20:12:09,478 - scraper_base - INFO - 📦 [1/20] Processando Simparic
2025-12-16 20:12:09,478 - scraper_base - INFO - 🔍 Cobasi: Buscando Simparic
2025-12-16 20:12:10,317 - scraper_cobasi - INFO - Cobasi: Dados extraídos via JSON para Simparic
2025-12-16 20:12:10,317 - scraper_base - INFO - ✅ Cobasi: 12 produto(s) encontrado(s) para Simparic
2025-12-16 20:12:12,546 - scraper_base - INFO - 📦 [2/20] Processando Revolution
2025-12-16 20:12:12,546 - scraper_base - INFO - 🔍 Cobasi: Buscando Revolution
2025-12-16 20:12:15,624 - scraper_cobasi - INFO - Cobasi: Dados extraídos via JSON para Revolution
2025-12-16 20:12:15,624 - scraper_base - INFO - ✅ Cobasi: 18 produto(s) encontrado(s) para Revolution
2025-12-16 20:12:18,136 - scraper_base - INFO - 📦 [3/20] Processando NexGard
2025-12-16 20:12:18,136 - scraper_base - INFO - 🔍 Cobasi: Buscando NexGard
2025-12-16 20:12:20,703 - scraper_cobasi - INFO - Cobasi: Dados extraídos via JSON para NexGard
2025-12-16 20:12:20,703 - scraper_base - INFO - ✅ Cobasi: 22 produto(s) encontrado(s) para NexGard
2025-12-16 20:12:22,680 - scraper_base - INFO - 📦 [4/20] Processando NexGard Spectra
2025-12-16 20:12:22,680 - scraper_base - INFO - 🔍 Cobasi: Buscando NexGard Spectra
2025-12-16 20:12:24,809 - scraper_cobasi - INFO - Cobasi: Dados extraídos via JSON para NexGard Spectra
2025-12-16 20:12:24,809 - scraper_base - INFO - ✅ Cobasi: 10 produto(s) encontrado(s) para NexGard Spectra
2025-12-16 20:12:27,304 - scraper_base - INFO - 📦 [5/20] Processando NexGard Combo
2025-12-16 20:12:27,304 - scraper_base - INFO - 🔍 Cobasi: Buscando NexGard Combo
2025-12-16 20:12:29,184 - scraper_cobasi - INFO - Cobasi: Dados extraídos via JSON para NexGard Combo
2025-12-16 20:12:29,184 - scraper_base - INFO - ✅ Cobasi: 4 produto(s) encontrado(s) para NexGard Combo
2025-12-16 20:12:31,003 - scraper_base - INFO - 📦 [6/20] Processando Bravecto
2025-12-16 20:12:31,003 - scraper_base - INFO - 🔍 Cobasi: Buscando Bravecto
2025-12-16 20:12:33,746 - scraper_cobasi - INFO - Cobasi: Dados extraídos via JSON para Bravecto
2025-12-16 20:12:33,746 - scraper_base - INFO - ✅ Cobasi: 16 produto(s) encontrado(s) para Bravecto
2025-12-16 20:12:36,278 - scraper_base - INFO - 📦 [7/20] Processando Frontline
2025-12-16 20:12:36,279 - scraper_base - INFO - 🔍 Cobasi: Buscando Frontline
2025-12-16 20:12:39,364 - scraper_cobasi - INFO - Cobasi: Dados extraídos via JSON para Frontline
2025-12-16 20:12:39,364 - scraper_base - INFO - ✅ Cobasi: 10 produto(s) encontrado(s) para Frontline
2025-12-16 20:12:41,251 - scraper_base - INFO - 📦 [8/20] Processando Advocate
2025-12-16 20:12:41,252 - scraper_base - INFO - 🔍 Cobasi: Buscando Advocate
2025-12-16 20:12:43,553 - scraper_cobasi - INFO - Cobasi: Dados extraídos via JSON para Advocate
2025-12-16 20:12:43,553 - scraper_base - INFO - ✅ Cobasi: 12 produto(s) encontrado(s) para Advocate
2025-12-16 20:12:46,045 - scraper_base - INFO - 📦 [9/20] Processando Drontal
2025-12-16 20:12:46,045 - scraper_base - INFO - 🔍 Cobasi: Buscando Drontal
2025-12-16 20:12:48,562 - scraper_cobasi - INFO - Cobasi: Dados extraídos via JSON para Drontal
2025-12-16 20:12:48,562 - scraper_base - INFO - ✅ Cobasi: 8 produto(s) encontrado(s) para Drontal
2025-12-16 20:12:50,625 - scraper_base - INFO - 📦 [10/20] Processando Milbemax
2025-12-16 20:12:50,625 - scraper_base - INFO - 🔍 Cobasi: Buscando Milbemax
2025-12-16 20:12:52,546 - scraper_cobasi - INFO - Cobasi: Dados extraídos via JSON para Milbemax
2025-12-16 20:12:52,547 - scraper_base - INFO - ✅ Cobasi: 4 produto(s) encontrado(s) para Milbemax
2025-12-16 20:12:54,701 - scraper_base - INFO - 📦 [11/20] Processando Vermivet
2025-12-16 20:12:54,701 - scraper_base - INFO - 🔍 Cobasi: Buscando Vermivet
2025-12-16 20:12:57,750 - scraper_cobasi - INFO - Cobasi: Dados extraídos via JSON para Vermivet
2025-12-16 20:12:57,750 - scraper_base - INFO - ✅ Cobasi: 5 produto(s) encontrado(s) para Vermivet
2025-12-16 20:12:59,104 - scraper_base - INFO - 📦 [12/20] Processando Rimadyl
2025-12-16 20:12:59,104 - scraper_base - INFO - 🔍 Cobasi: Buscando Rimadyl
2025-12-16 20:13:00,695 - scraper_cobasi - INFO - Cobasi: Dados extraídos via JSON para Rimadyl
2025-12-16 20:13:00,696 - scraper_base - INFO - ✅ Cobasi: 3 produto(s) encontrado(s) para Rimadyl
2025-12-16 20:13:02,003 - scraper_base - INFO - 📦 [13/20] Processando Onsior
2025-12-16 20:13:02,003 - scraper_base - INFO - 🔍 Cobasi: Buscando Onsior
2025-12-16 20:13:03,904 - scraper_cobasi - INFO - Cobasi: Dados extraídos via JSON para Onsior
2025-12-16 20:13:03,904 - scraper_base - INFO - ✅ Cobasi: 4 produto(s) encontrado(s) para Onsior
2025-12-16 20:13:06,818 - scraper_base - INFO - 📦 [14/20] Processando Maxicam
2025-12-16 20:13:06,818 - scraper_base - INFO - 🔍 Cobasi: Buscando Maxicam
2025-12-16 20:13:09,608 - scraper_cobasi - INFO - Cobasi: Dados extraídos via JSON para Maxicam
2025-12-16 20:13:09,608 - scraper_base - INFO - ✅ Cobasi: 21 produto(s) encontrado(s) para Maxicam
2025-12-16 20:13:11,854 - scraper_base - INFO - 📦 [15/20] Processando Carproflan
2025-12-16 20:13:11,854 - scraper_base - INFO - 🔍 Cobasi: Buscando Carproflan
2025-12-16 20:13:13,538 - scraper_cobasi - INFO - Cobasi: Dados extraídos via JSON para Carproflan
2025-12-16 20:13:13,538 - scraper_base - INFO - ✅ Cobasi: 3 produto(s) encontrado(s) para Carproflan
2025-12-16 20:13:15,483 - scraper_base - INFO - 📦 [16/20] Processando Previcox
2025-12-16 20:13:15,483 - scraper_base - INFO - 🔍 Cobasi: Buscando Previcox
2025-12-16 20:13:17,291 - scraper_cobasi - INFO - Cobasi: Dados extraídos via JSON para Previcox
2025-12-16 20:13:17,291 - scraper_base - INFO - ✅ Cobasi: 2 produto(s) encontrado(s) para Previcox
2025-12-16 20:13:19,190 - scraper_base - INFO - 📦 [17/20] Processando Apoquel
2025-12-16 20:13:19,190 - scraper_base - INFO - 🔍 Cobasi: Buscando Apoquel
2025-12-16 20:13:21,137 - scraper_cobasi - INFO - Cobasi: Dados extraídos via JSON para Apoquel
2025-12-16 20:13:21,137 - scraper_base - INFO - ✅ Cobasi: 3 produto(s) encontrado(s) para Apoquel
2025-12-16 20:13:23,614 - scraper_base - INFO - 📦 [18/20] Processando Zenrelia
2025-12-16 20:13:23,614 - scraper_base - INFO - 🔍 Cobasi: Buscando Zenrelia
2025-12-16 20:13:25,390 - scraper_cobasi - INFO - Cobasi: Dados extraídos via JSON para Zenrelia
2025-12-16 20:13:25,390 - scraper_base - INFO - ✅ Cobasi: 4 produto(s) encontrado(s) para Zenrelia
2025-12-16 20:13:28,307 - scraper_base - INFO - 📦 [19/20] Processando Synulox
2025-12-16 20:13:28,307 - scraper_base - INFO - 🔍 Cobasi: Buscando Synulox
2025-12-16 20:13:29,798 - scraper_cobasi - INFO - Cobasi: Dados extraídos via JSON para Synulox
2025-12-16 20:13:29,799 - scraper_base - INFO - ✅ Cobasi: 2 produto(s) encontrado(s) para Synulox
2025-12-16 20:13:32,353 - scraper_base - INFO - 📦 [20/20] Processando Baytril
2025-12-16 20:13:32,353 - scraper_base - INFO - 🔍 Cobasi: Buscando Baytril
2025-12-16 20:13:34,180 - scraper_cobasi - INFO - Cobasi: Dados extraídos via JSON para Baytril
2025-12-16 20:13:34,180 - scraper_base - INFO - ✅ Cobasi: 4 produto(s) encontrado(s) para Baytril
2025-12-16 20:13:36,493 - scraper_base - INFO - 📊 Cobasi - Estatísticas finais:
2025-12-16 20:13:36,493 - scraper_base - INFO -    • Medicamentos processados: 20
2025-12-16 20:13:36,493 - scraper_base - INFO -    • Produtos encontrados: 167
2025-12-16 20:13:36,493 - scraper_base - INFO -    • Medicamentos sem resultado: 0
2025-12-16 20:13:36,494 - scraper_base - INFO -    • Tempo total: 87.8s
2025-12-16 20:13:36,494 - scraper_base - INFO -    • Tempo médio por medicamento: 4.4s
2025-12-16 20:13:36,606 - gerenciador_arquivos - INFO - Excel salvo: dados_coletados/cobasi_20251216_201336.xlsx (167 produtos)
2025-12-16 20:13:36,606 - gerenciador_principal - INFO - Cobasi: Arquivo individual salvo com sucesso
2025-12-16 20:13:36,606 - gerenciador_principal - INFO - Pausando entre sites...
2025-12-16 20:13:38,606 - gerenciador_principal - INFO - [2/3] Processando Petlove
2025-12-16 20:13:38,607 - scraper_base - INFO - 🚀 Iniciando scraping completo - Petlove
2025-12-16 20:13:38,841 - scraper_base - INFO - 📋 20 medicamentos para processar
2025-12-16 20:13:38,841 - scraper_base - INFO - 📦 [1/20] Processando Simparic
2025-12-16 20:13:38,841 - scraper_base - INFO - 🔍 Petlove: Buscando Simparic
2025-12-16 20:13:48,320 - gerenciador_conexoes - INFO - Chrome inicializado com otimizacoes de velocidade
2025-12-16 20:13:51,896 - scraper_base - INFO - ✅ Petlove: 15 produto(s) encontrado(s) para Simparic
2025-12-16 20:13:54,891 - scraper_base - INFO - 📦 [2/20] Processando Revolution
2025-12-16 20:13:54,891 - scraper_base - INFO - 🔍 Petlove: Buscando Revolution
2025-12-16 20:13:56,995 - scraper_base - INFO - ✅ Petlove: 14 produto(s) encontrado(s) para Revolution
2025-12-16 20:13:59,451 - scraper_base - INFO - 📦 [3/20] Processando NexGard
2025-12-16 20:13:59,451 - scraper_base - INFO - 🔍 Petlove: Buscando NexGard
2025-12-16 20:14:01,133 - scraper_base - INFO - ✅ Petlove: 17 produto(s) encontrado(s) para NexGard
2025-12-16 20:14:03,921 - scraper_base - INFO - 📦 [4/20] Processando NexGard Spectra
2025-12-16 20:14:03,921 - scraper_base - INFO - 🔍 Petlove: Buscando NexGard Spectra
2025-12-16 20:14:06,024 - scraper_base - INFO - ✅ Petlove: 8 produto(s) encontrado(s) para NexGard Spectra
2025-12-16 20:14:08,016 - scraper_base - INFO - 📦 [5/20] Processando NexGard Combo
2025-12-16 20:14:08,016 - scraper_base - INFO - 🔍 Petlove: Buscando NexGard Combo
2025-12-16 20:14:09,475 - scraper_base - INFO - ✅ Petlove: 2 produto(s) encontrado(s) para NexGard Combo
2025-12-16 20:14:11,283 - scraper_base - INFO - 📦 [6/20] Processando Bravecto
2025-12-16 20:14:11,283 - scraper_base - INFO - 🔍 Petlove: Buscando Bravecto
2025-12-16 20:14:13,100 - scraper_base - INFO - ✅ Petlove: 23 produto(s) encontrado(s) para Bravecto
2025-12-16 20:14:15,676 - scraper_base - INFO - 📦 [7/20] Processando Frontline
2025-12-16 20:14:15,676 - scraper_base - INFO - 🔍 Petlove: Buscando Frontline
2025-12-16 20:14:17,282 - scraper_base - INFO - ✅ Petlove: 11 produto(s) encontrado(s) para Frontline
2025-12-16 20:14:18,434 - scraper_base - INFO - 📦 [8/20] Processando Advocate
2025-12-16 20:14:18,434 - scraper_base - INFO - 🔍 Petlove: Buscando Advocate
2025-12-16 20:14:20,080 - scraper_base - INFO - ✅ Petlove: 10 produto(s) encontrado(s) para Advocate
2025-12-16 20:14:22,675 - scraper_base - INFO - 📦 [9/20] Processando Drontal
2025-12-16 20:14:22,675 - scraper_base - INFO - 🔍 Petlove: Buscando Drontal
2025-12-16 20:14:24,331 - scraper_base - INFO - ✅ Petlove: 17 produto(s) encontrado(s) para Drontal
2025-12-16 20:14:26,577 - scraper_base - INFO - 📦 [10/20] Processando Milbemax
2025-12-16 20:14:26,577 - scraper_base - INFO - 🔍 Petlove: Buscando Milbemax
2025-12-16 20:14:27,897 - scraper_base - INFO - ✅ Petlove: 4 produto(s) encontrado(s) para Milbemax
2025-12-16 20:14:30,428 - scraper_base - INFO - 📦 [11/20] Processando Vermivet
2025-12-16 20:14:30,428 - scraper_base - INFO - 🔍 Petlove: Buscando Vermivet
2025-12-16 20:14:32,527 - scraper_base - INFO - ✅ Petlove: 36 produto(s) encontrado(s) para Vermivet
2025-12-16 20:14:35,503 - scraper_base - INFO - 📦 [12/20] Processando Rimadyl
2025-12-16 20:14:35,503 - scraper_base - INFO - 🔍 Petlove: Buscando Rimadyl
2025-12-16 20:14:37,122 - scraper_base - INFO - ✅ Petlove: 1 produto(s) encontrado(s) para Rimadyl
2025-12-16 20:14:38,951 - scraper_base - INFO - 📦 [13/20] Processando Onsior
2025-12-16 20:14:38,951 - scraper_base - INFO - 🔍 Petlove: Buscando Onsior
2025-12-16 20:14:40,329 - scraper_base - INFO - ✅ Petlove: 4 produto(s) encontrado(s) para Onsior
2025-12-16 20:14:42,786 - scraper_base - INFO - 📦 [14/20] Processando Maxicam
2025-12-16 20:14:42,786 - scraper_base - INFO - 🔍 Petlove: Buscando Maxicam
2025-12-16 20:14:44,119 - scraper_base - INFO - ✅ Petlove: 4 produto(s) encontrado(s) para Maxicam
2025-12-16 20:14:45,502 - scraper_base - INFO - 📦 [15/20] Processando Carproflan
2025-12-16 20:14:45,502 - scraper_base - INFO - 🔍 Petlove: Buscando Carproflan
2025-12-16 20:14:46,765 - scraper_base - INFO - ✅ Petlove: 4 produto(s) encontrado(s) para Carproflan
2025-12-16 20:14:48,748 - scraper_base - INFO - 📦 [16/20] Processando Previcox
2025-12-16 20:14:48,748 - scraper_base - INFO - 🔍 Petlove: Buscando Previcox
2025-12-16 20:14:50,189 - scraper_base - INFO - ✅ Petlove: 4 produto(s) encontrado(s) para Previcox
2025-12-16 20:14:52,304 - scraper_base - INFO - 📦 [17/20] Processando Apoquel
2025-12-16 20:14:52,304 - scraper_base - INFO - 🔍 Petlove: Buscando Apoquel
2025-12-16 20:14:53,665 - scraper_base - INFO - ✅ Petlove: 16 produto(s) encontrado(s) para Apoquel
2025-12-16 20:14:54,944 - scraper_base - INFO - 📦 [18/20] Processando Zenrelia
2025-12-16 20:14:54,944 - scraper_base - INFO - 🔍 Petlove: Buscando Zenrelia
2025-12-16 20:14:56,367 - scraper_base - INFO - ✅ Petlove: 4 produto(s) encontrado(s) para Zenrelia
2025-12-16 20:14:59,092 - scraper_base - INFO - 📦 [19/20] Processando Synulox
2025-12-16 20:14:59,092 - scraper_base - INFO - 🔍 Petlove: Buscando Synulox
2025-12-16 20:15:00,566 - scraper_base - INFO - ✅ Petlove: 1 produto(s) encontrado(s) para Synulox
2025-12-16 20:15:02,829 - scraper_base - INFO - 📦 [20/20] Processando Baytril
2025-12-16 20:15:02,829 - scraper_base - INFO - 🔍 Petlove: Buscando Baytril
2025-12-16 20:15:04,694 - scraper_base - INFO - ✅ Petlove: 4 produto(s) encontrado(s) para Baytril
2025-12-16 20:15:06,391 - scraper_base - INFO - 📊 Petlove - Estatísticas finais:
2025-12-16 20:15:06,391 - scraper_base - INFO -    • Medicamentos processados: 20
2025-12-16 20:15:06,391 - scraper_base - INFO -    • Produtos encontrados: 199
2025-12-16 20:15:06,391 - scraper_base - INFO -    • Medicamentos sem resultado: 0
2025-12-16 20:15:06,391 - scraper_base - INFO -    • Tempo total: 87.8s
2025-12-16 20:15:06,391 - scraper_base - INFO -    • Tempo médio por medicamento: 4.4s
2025-12-16 20:15:06,430 - gerenciador_arquivos - INFO - Excel salvo: dados_coletados/petlove_20251216_201506.xlsx (199 produtos)
2025-12-16 20:15:06,430 - gerenciador_principal - INFO - Petlove: Arquivo individual salvo com sucesso
2025-12-16 20:15:06,430 - gerenciador_principal - INFO - Pausando entre sites...
2025-12-16 20:15:08,430 - gerenciador_principal - INFO - [3/3] Processando Petz
2025-12-16 20:15:08,430 - scraper_base - INFO - 🚀 Iniciando scraping completo - Petz
2025-12-16 20:15:08,806 - scraper_base - INFO - 📋 20 medicamentos para processar
2025-12-16 20:15:08,806 - scraper_base - INFO - 📦 [1/20] Processando Simparic
2025-12-16 20:15:08,806 - scraper_base - INFO - 🔍 Petz: Buscando Simparic
2025-12-16 20:15:14,878 - scraper_base - INFO - ✅ Petz: 12 produto(s) encontrado(s) para Simparic
2025-12-16 20:15:17,049 - scraper_base - INFO - 📦 [2/20] Processando Revolution
2025-12-16 20:15:17,049 - scraper_base - INFO - 🔍 Petz: Buscando Revolution
2025-12-16 20:15:20,268 - scraper_base - INFO - ✅ Petz: 26 produto(s) encontrado(s) para Revolution
2025-12-16 20:15:22,458 - scraper_base - INFO - 📦 [3/20] Processando NexGard
2025-12-16 20:15:22,459 - scraper_base - INFO - 🔍 Petz: Buscando NexGard
2025-12-16 20:15:24,237 - scraper_base - INFO - ✅ Petz: 22 produto(s) encontrado(s) para NexGard
2025-12-16 20:15:26,344 - scraper_base - INFO - 📦 [4/20] Processando NexGard Spectra
2025-12-16 20:15:26,344 - scraper_base - INFO - 🔍 Petz: Buscando NexGard Spectra
2025-12-16 20:15:28,092 - scraper_base - INFO - ✅ Petz: 10 produto(s) encontrado(s) para NexGard Spectra
2025-12-16 20:15:30,234 - scraper_base - INFO - 📦 [5/20] Processando NexGard Combo
2025-12-16 20:15:30,235 - scraper_base - INFO - 🔍 Petz: Buscando NexGard Combo
2025-12-16 20:15:32,055 - scraper_base - INFO - ✅ Petz: 4 produto(s) encontrado(s) para NexGard Combo
2025-12-16 20:15:34,693 - scraper_base - INFO - 📦 [6/20] Processando Bravecto
2025-12-16 20:15:34,693 - scraper_base - INFO - 🔍 Petz: Buscando Bravecto
2025-12-16 20:15:37,111 - scraper_base - INFO - ✅ Petz: 16 produto(s) encontrado(s) para Bravecto
2025-12-16 20:15:39,722 - scraper_base - INFO - 📦 [7/20] Processando Frontline
2025-12-16 20:15:39,722 - scraper_base - INFO - 🔍 Petz: Buscando Frontline
2025-12-16 20:15:41,836 - scraper_base - INFO - ✅ Petz: 11 produto(s) encontrado(s) para Frontline
2025-12-16 20:15:43,514 - scraper_base - INFO - 📦 [8/20] Processando Advocate
2025-12-16 20:15:43,514 - scraper_base - INFO - 🔍 Petz: Buscando Advocate
2025-12-16 20:15:45,632 - scraper_base - INFO - ✅ Petz: 12 produto(s) encontrado(s) para Advocate
2025-12-16 20:15:47,510 - scraper_base - INFO - 📦 [9/20] Processando Drontal
2025-12-16 20:15:47,510 - scraper_base - INFO - 🔍 Petz: Buscando Drontal
2025-12-16 20:15:50,060 - scraper_base - INFO - ✅ Petz: 29 produto(s) encontrado(s) para Drontal
2025-12-16 20:15:51,625 - scraper_base - INFO - 📦 [10/20] Processando Milbemax
2025-12-16 20:15:51,625 - scraper_base - INFO - 🔍 Petz: Buscando Milbemax
2025-12-16 20:15:53,275 - scraper_base - INFO - ✅ Petz: 4 produto(s) encontrado(s) para Milbemax
2025-12-16 20:15:54,486 - scraper_base - INFO - 📦 [11/20] Processando Vermivet
2025-12-16 20:15:54,486 - scraper_base - INFO - 🔍 Petz: Buscando Vermivet
2025-12-16 20:15:56,066 - scraper_base - INFO - ✅ Petz: 5 produto(s) encontrado(s) para Vermivet
2025-12-16 20:15:57,667 - scraper_base - INFO - 📦 [12/20] Processando Rimadyl
2025-12-16 20:15:57,668 - scraper_base - INFO - 🔍 Petz: Buscando Rimadyl
2025-12-16 20:15:59,197 - scraper_base - INFO - ✅ Petz: 3 produto(s) encontrado(s) para Rimadyl
2025-12-16 20:16:01,618 - scraper_base - INFO - 📦 [13/20] Processando Onsior
2025-12-16 20:16:01,618 - scraper_base - INFO - 🔍 Petz: Buscando Onsior
2025-12-16 20:16:03,268 - scraper_base - INFO - ✅ Petz: 4 produto(s) encontrado(s) para Onsior
2025-12-16 20:16:05,903 - scraper_base - INFO - 📦 [14/20] Processando Maxicam
2025-12-16 20:16:05,904 - scraper_base - INFO - 🔍 Petz: Buscando Maxicam
2025-12-16 20:16:08,293 - scraper_base - INFO - ✅ Petz: 30 produto(s) encontrado(s) para Maxicam
2025-12-16 20:16:11,033 - scraper_base - INFO - 📦 [15/20] Processando Carproflan
2025-12-16 20:16:11,033 - scraper_base - INFO - 🔍 Petz: Buscando Carproflan
2025-12-16 20:16:12,691 - scraper_base - INFO - ✅ Petz: 3 produto(s) encontrado(s) para Carproflan
2025-12-16 20:16:14,478 - scraper_base - INFO - 📦 [16/20] Processando Previcox
2025-12-16 20:16:14,478 - scraper_base - INFO - 🔍 Petz: Buscando Previcox
2025-12-16 20:16:16,217 - scraper_base - INFO - ✅ Petz: 2 produto(s) encontrado(s) para Previcox
2025-12-16 20:16:17,615 - scraper_base - INFO - 📦 [17/20] Processando Apoquel
2025-12-16 20:16:17,615 - scraper_base - INFO - 🔍 Petz: Buscando Apoquel
2025-12-16 20:16:19,266 - scraper_base - INFO - ✅ Petz: 3 produto(s) encontrado(s) para Apoquel
2025-12-16 20:16:22,106 - scraper_base - INFO - 📦 [18/20] Processando Zenrelia
2025-12-16 20:16:22,106 - scraper_base - INFO - 🔍 Petz: Buscando Zenrelia
2025-12-16 20:16:23,727 - scraper_base - INFO - ✅ Petz: 4 produto(s) encontrado(s) para Zenrelia
2025-12-16 20:16:25,025 - scraper_base - INFO - 📦 [19/20] Processando Synulox
2025-12-16 20:16:25,025 - scraper_base - INFO - 🔍 Petz: Buscando Synulox
2025-12-16 20:16:26,605 - scraper_base - INFO - ✅ Petz: 2 produto(s) encontrado(s) para Synulox
2025-12-16 20:16:28,065 - scraper_base - INFO - 📦 [20/20] Processando Baytril
2025-12-16 20:16:28,066 - scraper_base - INFO - 🔍 Petz: Buscando Baytril
2025-12-16 20:16:29,805 - scraper_base - INFO - ✅ Petz: 10 produto(s) encontrado(s) para Baytril
2025-12-16 20:16:32,316 - scraper_base - INFO - 📊 Petz - Estatísticas finais:
2025-12-16 20:16:32,316 - scraper_base - INFO -    • Medicamentos processados: 20
2025-12-16 20:16:32,316 - scraper_base - INFO -    • Produtos encontrados: 212
2025-12-16 20:16:32,316 - scraper_base - INFO -    • Medicamentos sem resultado: 0
2025-12-16 20:16:32,316 - scraper_base - INFO -    • Tempo total: 83.9s
2025-12-16 20:16:32,316 - scraper_base - INFO -    • Tempo médio por medicamento: 4.2s
2025-12-16 20:16:32,358 - gerenciador_arquivos - INFO - Excel salvo: dados_coletados/petz_20251216_201632.xlsx (212 produtos)
2025-12-16 20:16:32,359 - gerenciador_principal - INFO - Petz: Arquivo individual salvo com sucesso
2025-12-16 20:16:32,359 - gerenciador_principal - INFO - Gerando relatório consolidado...
2025-12-16 20:16:32,601 - gerenciador_arquivos - INFO - Relatório consolidado salvo: dados_relatorios/relatorio_consolidado_20251216_201632.xlsx
2025-12-16 20:16:32,729 - gerenciador_conexoes - INFO - Chrome fechado
2025-12-16 20:16:32,729 - gerenciador_conexoes - INFO - Métodos utilizados - Requests: 33.3%, Selenium: 66.7%, Falhas: 0.0%
2025-12-16 20:16:32,729 - gerenciador_principal - INFO - ============================================================
2025-12-16 20:16:32,729 - gerenciador_principal - INFO - RELATORIO FINAL DE EXECUÇÃO
2025-12-16 20:16:32,729 - gerenciador_principal - INFO - ============================================================
2025-12-16 20:16:32,729 - gerenciador_principal - INFO - Sites processados: 3
2025-12-16 20:16:32,730 - gerenciador_principal - INFO - Sites com sucesso: 3
2025-12-16 20:16:32,730 - gerenciador_principal - INFO - Total de produtos coletados: 578
2025-12-16 20:16:32,730 - gerenciador_principal - INFO - Tempo total de execução: 263.6 segundos
2025-12-16 20:16:32,730 - gerenciador_principal - INFO - Estatísticas de conexão:
2025-12-16 20:16:32,730 - gerenciador_principal - INFO -   - Requests bem-sucedidos: 33.3%
2025-12-16 20:16:32,730 - gerenciador_principal - INFO -   - Selenium fallback: 66.7%
2025-12-16 20:16:32,730 - gerenciador_principal - INFO -   - Falhas totais: 0.0%
2025-12-16 20:16:32,731 - gerenciador_principal - INFO - Arquivos salvos na pasta: dados_coletados
2025-12-16 20:16:32,732 - gerenciador_principal - INFO - Total de arquivos: 225
2025-12-16 20:16:32,732 - gerenciador_principal - INFO - ============================================================
