2026-01-10 20:10:39,212 - configurador_logs - INFO - Sistema de logs configurado com sucesso
2026-01-10 20:10:39,212 - configurador_logs - INFO - 🚀 Logs configurados para MODO PRODUÇÃO
2026-01-10 20:10:39,212 - gerenciador_principal - INFO - Inicializando sistema - Modo: PRODUCAO
2026-01-10 20:10:39,213 - gerenciador_arquivos - INFO - Pasta dados_coletados preparada
2026-01-10 20:10:39,213 - gerenciador_principal - INFO - Sistema inicializado com 3 scrapers
2026-01-10 20:10:39,213 - gerenciador_principal - INFO - ============================================================
2026-01-10 20:10:39,213 - gerenciador_principal - INFO - INICIANDO SCRAPING COMPLETO - PRODUCAO
2026-01-10 20:10:39,213 - gerenciador_principal - INFO - ============================================================
2026-01-10 20:10:39,213 - gerenciador_principal - INFO - [1/3] Processando Cobasi
2026-01-10 20:10:39,213 - scraper_base - INFO - 🚀 Iniciando scraping completo - Cobasi
2026-01-10 20:10:39,764 - gerenciador_conexoes - INFO - Sessao estabelecida com cobasi.com.br
2026-01-10 20:10:39,765 - scraper_base - INFO - 📋 20 medicamentos para processar
2026-01-10 20:10:39,765 - scraper_base - INFO - 📦 [1/20] Processando Simparic
2026-01-10 20:10:39,765 - scraper_base - INFO - 🔍 Cobasi: Buscando Simparic
2026-01-10 20:10:40,265 - scraper_cobasi - INFO - Cobasi: Dados extraídos via JSON para Simparic
2026-01-10 20:10:40,265 - scraper_base - INFO - ✅ Cobasi: 12 produto(s) encontrado(s) para Simparic
2026-01-10 20:10:41,616 - scraper_base - INFO - 📦 [2/20] Processando Revolution
2026-01-10 20:10:41,616 - scraper_base - INFO - 🔍 Cobasi: Buscando Revolution
2026-01-10 20:10:44,058 - scraper_cobasi - INFO - Cobasi: Dados extraídos via JSON para Revolution
2026-01-10 20:10:44,058 - scraper_base - INFO - ✅ Cobasi: 18 produto(s) encontrado(s) para Revolution
2026-01-10 20:10:46,689 - scraper_base - INFO - 📦 [3/20] Processando NexGard
2026-01-10 20:10:46,689 - scraper_base - INFO - 🔍 Cobasi: Buscando NexGard
2026-01-10 20:10:49,398 - scraper_cobasi - INFO - Cobasi: Dados extraídos via JSON para NexGard
2026-01-10 20:10:49,398 - scraper_base - INFO - ✅ Cobasi: 22 produto(s) encontrado(s) para NexGard
2026-01-10 20:10:51,152 - scraper_base - INFO - 📦 [4/20] Processando NexGard Spectra
2026-01-10 20:10:51,152 - scraper_base - INFO - 🔍 Cobasi: Buscando NexGard Spectra
2026-01-10 20:10:53,199 - scraper_cobasi - INFO - Cobasi: Dados extraídos via JSON para NexGard Spectra
2026-01-10 20:10:53,199 - scraper_base - INFO - ✅ Cobasi: 10 produto(s) encontrado(s) para NexGard Spectra
2026-01-10 20:10:54,381 - scraper_base - INFO - 📦 [5/20] Processando NexGard Combo
2026-01-10 20:10:54,381 - scraper_base - INFO - 🔍 Cobasi: Buscando NexGard Combo
2026-01-10 20:10:56,103 - scraper_cobasi - INFO - Cobasi: Dados extraídos via JSON para NexGard Combo
2026-01-10 20:10:56,103 - scraper_base - INFO - ✅ Cobasi: 4 produto(s) encontrado(s) para NexGard Combo
2026-01-10 20:10:57,954 - scraper_base - INFO - 📦 [6/20] Processando Bravecto
2026-01-10 20:10:57,954 - scraper_base - INFO - 🔍 Cobasi: Buscando Bravecto
2026-01-10 20:11:00,808 - scraper_cobasi - INFO - Cobasi: Dados extraídos via JSON para Bravecto
2026-01-10 20:11:00,808 - scraper_base - INFO - ✅ Cobasi: 16 produto(s) encontrado(s) para Bravecto
2026-01-10 20:11:02,226 - scraper_base - INFO - 📦 [7/20] Processando Frontline
2026-01-10 20:11:02,226 - scraper_base - INFO - 🔍 Cobasi: Buscando Frontline
2026-01-10 20:11:05,317 - scraper_cobasi - INFO - Cobasi: Dados extraídos via JSON para Frontline
2026-01-10 20:11:05,317 - scraper_base - INFO - ✅ Cobasi: 10 produto(s) encontrado(s) para Frontline
2026-01-10 20:11:07,378 - scraper_base - INFO - 📦 [8/20] Processando Advocate
2026-01-10 20:11:07,378 - scraper_base - INFO - 🔍 Cobasi: Buscando Advocate
2026-01-10 20:11:09,967 - scraper_cobasi - INFO - Cobasi: Dados extraídos via JSON para Advocate
2026-01-10 20:11:09,968 - scraper_base - INFO - ✅ Cobasi: 12 produto(s) encontrado(s) para Advocate
2026-01-10 20:11:11,213 - scraper_base - INFO - 📦 [9/20] Processando Drontal
2026-01-10 20:11:11,213 - scraper_base - INFO - 🔍 Cobasi: Buscando Drontal
2026-01-10 20:11:13,574 - scraper_cobasi - INFO - Cobasi: Dados extraídos via JSON para Drontal
2026-01-10 20:11:13,574 - scraper_base - INFO - ✅ Cobasi: 8 produto(s) encontrado(s) para Drontal
2026-01-10 20:11:16,176 - scraper_base - INFO - 📦 [10/20] Processando Milbemax
2026-01-10 20:11:16,176 - scraper_base - INFO - 🔍 Cobasi: Buscando Milbemax
2026-01-10 20:11:18,026 - scraper_cobasi - INFO - Cobasi: Dados extraídos via JSON para Milbemax
2026-01-10 20:11:18,027 - scraper_base - INFO - ✅ Cobasi: 4 produto(s) encontrado(s) para Milbemax
2026-01-10 20:11:20,057 - scraper_base - INFO - 📦 [11/20] Processando Vermivet
2026-01-10 20:11:20,057 - scraper_base - INFO - 🔍 Cobasi: Buscando Vermivet
2026-01-10 20:11:22,466 - scraper_cobasi - INFO - Cobasi: Dados extraídos via JSON para Vermivet
2026-01-10 20:11:22,466 - scraper_base - INFO - ✅ Cobasi: 5 produto(s) encontrado(s) para Vermivet
2026-01-10 20:11:23,484 - scraper_base - INFO - 📦 [12/20] Processando Rimadyl
2026-01-10 20:11:23,484 - scraper_base - INFO - 🔍 Cobasi: Buscando Rimadyl
2026-01-10 20:11:25,310 - scraper_cobasi - INFO - Cobasi: Dados extraídos via JSON para Rimadyl
2026-01-10 20:11:25,310 - scraper_base - INFO - ✅ Cobasi: 3 produto(s) encontrado(s) para Rimadyl
2026-01-10 20:11:27,828 - scraper_base - INFO - 📦 [13/20] Processando Onsior
2026-01-10 20:11:27,829 - scraper_base - INFO - 🔍 Cobasi: Buscando Onsior
2026-01-10 20:11:30,254 - scraper_cobasi - INFO - Cobasi: Dados extraídos via JSON para Onsior
2026-01-10 20:11:30,254 - scraper_base - INFO - ✅ Cobasi: 4 produto(s) encontrado(s) para Onsior
2026-01-10 20:11:31,579 - scraper_base - INFO - 📦 [14/20] Processando Maxicam
2026-01-10 20:11:31,579 - scraper_base - INFO - 🔍 Cobasi: Buscando Maxicam
2026-01-10 20:11:34,112 - scraper_cobasi - INFO - Cobasi: Dados extraídos via JSON para Maxicam
2026-01-10 20:11:34,112 - scraper_base - INFO - ✅ Cobasi: 21 produto(s) encontrado(s) para Maxicam
2026-01-10 20:11:36,872 - scraper_base - INFO - 📦 [15/20] Processando Carproflan
2026-01-10 20:11:36,872 - scraper_base - INFO - 🔍 Cobasi: Buscando Carproflan
2026-01-10 20:11:38,656 - scraper_cobasi - INFO - Cobasi: Dados extraídos via JSON para Carproflan
2026-01-10 20:11:38,657 - scraper_base - INFO - ✅ Cobasi: 3 produto(s) encontrado(s) para Carproflan
2026-01-10 20:11:40,527 - scraper_base - INFO - 📦 [16/20] Processando Previcox
2026-01-10 20:11:40,527 - scraper_base - INFO - 🔍 Cobasi: Buscando Previcox
2026-01-10 20:11:42,214 - scraper_cobasi - INFO - Cobasi: Dados extraídos via JSON para Previcox
2026-01-10 20:11:42,215 - scraper_base - INFO - ✅ Cobasi: 2 produto(s) encontrado(s) para Previcox
2026-01-10 20:11:43,220 - scraper_base - INFO - 📦 [17/20] Processando Apoquel
2026-01-10 20:11:43,220 - scraper_base - INFO - 🔍 Cobasi: Buscando Apoquel
2026-01-10 20:11:44,919 - scraper_cobasi - INFO - Cobasi: Dados extraídos via JSON para Apoquel
2026-01-10 20:11:44,919 - scraper_base - INFO - ✅ Cobasi: 3 produto(s) encontrado(s) para Apoquel
2026-01-10 20:11:46,906 - scraper_base - INFO - 📦 [18/20] Processando Zenrelia
2026-01-10 20:11:46,906 - scraper_base - INFO - 🔍 Cobasi: Buscando Zenrelia
2026-01-10 20:11:48,887 - scraper_cobasi - INFO - Cobasi: Dados extraídos via JSON para Zenrelia
2026-01-10 20:11:48,887 - scraper_base - INFO - ✅ Cobasi: 4 produto(s) encontrado(s) para Zenrelia
2026-01-10 20:11:49,963 - scraper_base - INFO - 📦 [19/20] Processando Synulox
2026-01-10 20:11:49,963 - scraper_base - INFO - 🔍 Cobasi: Buscando Synulox
2026-01-10 20:11:51,527 - scraper_cobasi - INFO - Cobasi: Dados extraídos via JSON para Synulox
2026-01-10 20:11:51,527 - scraper_base - INFO - ✅ Cobasi: 2 produto(s) encontrado(s) para Synulox
2026-01-10 20:11:52,546 - scraper_base - INFO - 📦 [20/20] Processando Baytril
2026-01-10 20:11:52,547 - scraper_base - INFO - 🔍 Cobasi: Buscando Baytril
2026-01-10 20:11:54,542 - scraper_cobasi - INFO - Cobasi: Dados extraídos via JSON para Baytril
2026-01-10 20:11:54,543 - scraper_base - INFO - ✅ Cobasi: 4 produto(s) encontrado(s) para Baytril
2026-01-10 20:11:55,958 - scraper_base - INFO - 📊 Cobasi - Estatísticas finais:
2026-01-10 20:11:55,958 - scraper_base - INFO -    • Medicamentos processados: 20
2026-01-10 20:11:55,958 - scraper_base - INFO -    • Produtos encontrados: 167
2026-01-10 20:11:55,958 - scraper_base - INFO -    • Medicamentos sem resultado: 0
2026-01-10 20:11:55,958 - scraper_base - INFO -    • Tempo total: 76.7s
2026-01-10 20:11:55,958 - scraper_base - INFO -    • Tempo médio por medicamento: 3.8s
2026-01-10 20:11:56,087 - gerenciador_arquivos - INFO - Excel salvo: dados_coletados/cobasi_20260110_201155.xlsx (167 produtos)
2026-01-10 20:11:56,088 - gerenciador_principal - INFO - Cobasi: Arquivo individual salvo com sucesso
2026-01-10 20:11:56,088 - gerenciador_principal - INFO - Pausando entre sites...
2026-01-10 20:11:58,088 - gerenciador_principal - INFO - [2/3] Processando Petlove
2026-01-10 20:11:58,088 - scraper_base - INFO - 🚀 Iniciando scraping completo - Petlove
2026-01-10 20:11:58,273 - scraper_base - INFO - 📋 20 medicamentos para processar
2026-01-10 20:11:58,274 - scraper_base - INFO - 📦 [1/20] Processando Simparic
2026-01-10 20:11:58,274 - scraper_base - INFO - 🔍 Petlove: Buscando Simparic
2026-01-10 20:12:04,334 - gerenciador_conexoes - INFO - Chrome inicializado com otimizacoes de velocidade
2026-01-10 20:12:08,086 - scraper_base - INFO - ✅ Petlove: 33 produto(s) encontrado(s) para Simparic
2026-01-10 20:12:09,512 - scraper_base - INFO - 📦 [2/20] Processando Revolution
2026-01-10 20:12:09,512 - scraper_base - INFO - 🔍 Petlove: Buscando Revolution
2026-01-10 20:12:11,090 - scraper_base - INFO - ✅ Petlove: 17 produto(s) encontrado(s) para Revolution
2026-01-10 20:12:13,688 - scraper_base - INFO - 📦 [3/20] Processando NexGard
2026-01-10 20:12:13,688 - scraper_base - INFO - 🔍 Petlove: Buscando NexGard
2026-01-10 20:12:15,280 - scraper_base - INFO - ✅ Petlove: 11 produto(s) encontrado(s) para NexGard
2026-01-10 20:12:17,913 - scraper_base - INFO - 📦 [4/20] Processando NexGard Spectra
2026-01-10 20:12:17,914 - scraper_base - INFO - 🔍 Petlove: Buscando NexGard Spectra
2026-01-10 20:12:19,076 - scraper_base - INFO - ✅ Petlove: 5 produto(s) encontrado(s) para NexGard Spectra
2026-01-10 20:12:21,209 - scraper_base - INFO - 📦 [5/20] Processando NexGard Combo
2026-01-10 20:12:21,209 - scraper_base - INFO - 🔍 Petlove: Buscando NexGard Combo
2026-01-10 20:12:22,482 - scraper_base - INFO - ✅ Petlove: 2 produto(s) encontrado(s) para NexGard Combo
2026-01-10 20:12:23,671 - scraper_base - INFO - 📦 [6/20] Processando Bravecto
2026-01-10 20:12:23,671 - scraper_base - INFO - 🔍 Petlove: Buscando Bravecto
2026-01-10 20:12:26,117 - scraper_base - INFO - ✅ Petlove: 23 produto(s) encontrado(s) para Bravecto
2026-01-10 20:12:28,076 - scraper_base - INFO - 📦 [7/20] Processando Frontline
2026-01-10 20:12:28,076 - scraper_base - INFO - 🔍 Petlove: Buscando Frontline
2026-01-10 20:12:29,736 - scraper_base - INFO - ✅ Petlove: 11 produto(s) encontrado(s) para Frontline
2026-01-10 20:12:31,825 - scraper_base - INFO - 📦 [8/20] Processando Advocate
2026-01-10 20:12:31,825 - scraper_base - INFO - 🔍 Petlove: Buscando Advocate
2026-01-10 20:12:33,596 - scraper_base - INFO - ✅ Petlove: 10 produto(s) encontrado(s) para Advocate
2026-01-10 20:12:35,018 - scraper_base - INFO - 📦 [9/20] Processando Drontal
2026-01-10 20:12:35,018 - scraper_base - INFO - 🔍 Petlove: Buscando Drontal
2026-01-10 20:12:36,819 - scraper_base - INFO - ✅ Petlove: 36 produto(s) encontrado(s) para Drontal
2026-01-10 20:12:38,671 - scraper_base - INFO - 📦 [10/20] Processando Milbemax
2026-01-10 20:12:38,672 - scraper_base - INFO - 🔍 Petlove: Buscando Milbemax
2026-01-10 20:12:40,099 - scraper_base - INFO - ✅ Petlove: 14 produto(s) encontrado(s) para Milbemax
2026-01-10 20:12:41,173 - scraper_base - INFO - 📦 [11/20] Processando Vermivet
2026-01-10 20:12:41,174 - scraper_base - INFO - 🔍 Petlove: Buscando Vermivet
2026-01-10 20:12:43,053 - scraper_base - INFO - ✅ Petlove: 36 produto(s) encontrado(s) para Vermivet
2026-01-10 20:12:44,167 - scraper_base - INFO - 📦 [12/20] Processando Rimadyl
2026-01-10 20:12:44,168 - scraper_base - INFO - 🔍 Petlove: Buscando Rimadyl
2026-01-10 20:12:46,244 - scraper_base - INFO - ✅ Petlove: 1 produto(s) encontrado(s) para Rimadyl
2026-01-10 20:12:48,774 - scraper_base - INFO - 📦 [13/20] Processando Onsior
2026-01-10 20:12:48,775 - scraper_base - INFO - 🔍 Petlove: Buscando Onsior
2026-01-10 20:12:49,929 - scraper_base - INFO - ✅ Petlove: 4 produto(s) encontrado(s) para Onsior
2026-01-10 20:12:51,135 - scraper_base - INFO - 📦 [14/20] Processando Maxicam
2026-01-10 20:12:51,135 - scraper_base - INFO - 🔍 Petlove: Buscando Maxicam
2026-01-10 20:12:52,504 - scraper_base - INFO - ✅ Petlove: 4 produto(s) encontrado(s) para Maxicam
2026-01-10 20:12:54,863 - scraper_base - INFO - 📦 [15/20] Processando Carproflan
2026-01-10 20:12:54,863 - scraper_base - INFO - 🔍 Petlove: Buscando Carproflan
2026-01-10 20:12:56,097 - scraper_base - INFO - ✅ Petlove: 8 produto(s) encontrado(s) para Carproflan
2026-01-10 20:12:57,302 - scraper_base - INFO - 📦 [16/20] Processando Previcox
2026-01-10 20:12:57,302 - scraper_base - INFO - 🔍 Petlove: Buscando Previcox
2026-01-10 20:12:58,473 - scraper_base - INFO - ✅ Petlove: 4 produto(s) encontrado(s) para Previcox
2026-01-10 20:13:00,040 - scraper_base - INFO - 📦 [17/20] Processando Apoquel
2026-01-10 20:13:00,040 - scraper_base - INFO - 🔍 Petlove: Buscando Apoquel
2026-01-10 20:13:01,743 - scraper_base - INFO - ✅ Petlove: 16 produto(s) encontrado(s) para Apoquel
2026-01-10 20:13:03,853 - scraper_base - INFO - 📦 [18/20] Processando Zenrelia
2026-01-10 20:13:03,853 - scraper_base - INFO - 🔍 Petlove: Buscando Zenrelia
2026-01-10 20:13:05,294 - scraper_base - INFO - ✅ Petlove: 4 produto(s) encontrado(s) para Zenrelia
2026-01-10 20:13:07,262 - scraper_base - INFO - 📦 [19/20] Processando Synulox
2026-01-10 20:13:07,262 - scraper_base - INFO - 🔍 Petlove: Buscando Synulox
2026-01-10 20:13:08,773 - scraper_base - INFO - ✅ Petlove: 1 produto(s) encontrado(s) para Synulox
2026-01-10 20:13:10,804 - scraper_base - INFO - 📦 [20/20] Processando Baytril
2026-01-10 20:13:10,804 - scraper_base - INFO - 🔍 Petlove: Buscando Baytril
2026-01-10 20:13:12,174 - scraper_base - INFO - ✅ Petlove: 4 produto(s) encontrado(s) para Baytril
2026-01-10 20:13:14,332 - scraper_base - INFO - 📊 Petlove - Estatísticas finais:
2026-01-10 20:13:14,332 - scraper_base - INFO -    • Medicamentos processados: 20
2026-01-10 20:13:14,332 - scraper_base - INFO -    • Produtos encontrados: 244
2026-01-10 20:13:14,332 - scraper_base - INFO -    • Medicamentos sem resultado: 0
2026-01-10 20:13:14,332 - scraper_base - INFO -    • Tempo total: 76.2s
2026-01-10 20:13:14,332 - scraper_base - INFO -    • Tempo médio por medicamento: 3.8s
2026-01-10 20:13:14,373 - gerenciador_arquivos - INFO - Excel salvo: dados_coletados/petlove_20260110_201314.xlsx (244 produtos)
2026-01-10 20:13:14,373 - gerenciador_principal - INFO - Petlove: Arquivo individual salvo com sucesso
2026-01-10 20:13:14,373 - gerenciador_principal - INFO - Pausando entre sites...
2026-01-10 20:13:16,373 - gerenciador_principal - INFO - [3/3] Processando Petz
2026-01-10 20:13:16,373 - scraper_base - INFO - 🚀 Iniciando scraping completo - Petz
2026-01-10 20:13:16,627 - scraper_base - INFO - 📋 20 medicamentos para processar
2026-01-10 20:13:16,627 - scraper_base - INFO - 📦 [1/20] Processando Simparic
2026-01-10 20:13:16,627 - scraper_base - INFO - 🔍 Petz: Buscando Simparic
2026-01-10 20:13:21,476 - scraper_base - INFO - ✅ Petz: 12 produto(s) encontrado(s) para Simparic
2026-01-10 20:13:22,511 - scraper_base - INFO - 📦 [2/20] Processando Revolution
2026-01-10 20:13:22,511 - scraper_base - INFO - 🔍 Petz: Buscando Revolution
2026-01-10 20:13:25,111 - scraper_base - INFO - ✅ Petz: 26 produto(s) encontrado(s) para Revolution
2026-01-10 20:13:27,618 - scraper_base - INFO - 📦 [3/20] Processando NexGard
2026-01-10 20:13:27,618 - scraper_base - INFO - 🔍 Petz: Buscando NexGard
2026-01-10 20:13:29,495 - scraper_base - INFO - ✅ Petz: 22 produto(s) encontrado(s) para NexGard
2026-01-10 20:13:32,161 - scraper_base - INFO - 📦 [4/20] Processando NexGard Spectra
2026-01-10 20:13:32,161 - scraper_base - INFO - 🔍 Petz: Buscando NexGard Spectra
2026-01-10 20:13:34,091 - scraper_base - INFO - ✅ Petz: 10 produto(s) encontrado(s) para NexGard Spectra
2026-01-10 20:13:35,522 - scraper_base - INFO - 📦 [5/20] Processando NexGard Combo
2026-01-10 20:13:35,522 - scraper_base - INFO - 🔍 Petz: Buscando NexGard Combo
2026-01-10 20:13:37,318 - scraper_base - INFO - ✅ Petz: 4 produto(s) encontrado(s) para NexGard Combo
2026-01-10 20:13:38,986 - scraper_base - INFO - 📦 [6/20] Processando Bravecto
2026-01-10 20:13:38,986 - scraper_base - INFO - 🔍 Petz: Buscando Bravecto
2026-01-10 20:13:41,056 - scraper_base - INFO - ✅ Petz: 16 produto(s) encontrado(s) para Bravecto
2026-01-10 20:13:43,942 - scraper_base - INFO - 📦 [7/20] Processando Frontline
2026-01-10 20:13:43,942 - scraper_base - INFO - 🔍 Petz: Buscando Frontline
2026-01-10 20:13:45,792 - scraper_base - INFO - ✅ Petz: 11 produto(s) encontrado(s) para Frontline
2026-01-10 20:13:48,180 - scraper_base - INFO - 📦 [8/20] Processando Advocate
2026-01-10 20:13:48,180 - scraper_base - INFO - 🔍 Petz: Buscando Advocate
2026-01-10 20:13:49,727 - scraper_base - INFO - ✅ Petz: 12 produto(s) encontrado(s) para Advocate
2026-01-10 20:13:52,413 - scraper_base - INFO - 📦 [9/20] Processando Drontal
2026-01-10 20:13:52,413 - scraper_base - INFO - 🔍 Petz: Buscando Drontal
2026-01-10 20:13:55,344 - scraper_base - INFO - ✅ Petz: 32 produto(s) encontrado(s) para Drontal
2026-01-10 20:13:57,481 - scraper_base - INFO - 📦 [10/20] Processando Milbemax
2026-01-10 20:13:57,481 - scraper_base - INFO - 🔍 Petz: Buscando Milbemax
2026-01-10 20:13:59,226 - scraper_base - INFO - ✅ Petz: 4 produto(s) encontrado(s) para Milbemax
2026-01-10 20:14:01,206 - scraper_base - INFO - 📦 [11/20] Processando Vermivet
2026-01-10 20:14:01,206 - scraper_base - INFO - 🔍 Petz: Buscando Vermivet
2026-01-10 20:14:03,173 - scraper_base - INFO - ✅ Petz: 5 produto(s) encontrado(s) para Vermivet
2026-01-10 20:14:05,854 - scraper_base - INFO - 📦 [12/20] Processando Rimadyl
2026-01-10 20:14:05,854 - scraper_base - INFO - 🔍 Petz: Buscando Rimadyl
2026-01-10 20:14:07,761 - scraper_base - INFO - ✅ Petz: 3 produto(s) encontrado(s) para Rimadyl
2026-01-10 20:14:09,542 - scraper_base - INFO - 📦 [13/20] Processando Onsior
2026-01-10 20:14:09,542 - scraper_base - INFO - 🔍 Petz: Buscando Onsior
2026-01-10 20:14:11,130 - scraper_base - INFO - ✅ Petz: 4 produto(s) encontrado(s) para Onsior
2026-01-10 20:14:12,321 - scraper_base - INFO - 📦 [14/20] Processando Maxicam
2026-01-10 20:14:12,321 - scraper_base - INFO - 🔍 Petz: Buscando Maxicam
2026-01-10 20:14:14,616 - scraper_base - INFO - ✅ Petz: 30 produto(s) encontrado(s) para Maxicam
2026-01-10 20:14:17,093 - scraper_base - INFO - 📦 [15/20] Processando Carproflan
2026-01-10 20:14:17,093 - scraper_base - INFO - 🔍 Petz: Buscando Carproflan
2026-01-10 20:14:18,643 - scraper_base - INFO - ✅ Petz: 3 produto(s) encontrado(s) para Carproflan
2026-01-10 20:14:21,417 - scraper_base - INFO - 📦 [16/20] Processando Previcox
2026-01-10 20:14:21,417 - scraper_base - INFO - 🔍 Petz: Buscando Previcox
2026-01-10 20:14:22,857 - scraper_base - INFO - ✅ Petz: 2 produto(s) encontrado(s) para Previcox
2026-01-10 20:14:24,366 - scraper_base - INFO - 📦 [17/20] Processando Apoquel
2026-01-10 20:14:24,366 - scraper_base - INFO - 🔍 Petz: Buscando Apoquel
2026-01-10 20:14:25,921 - scraper_base - INFO - ✅ Petz: 3 produto(s) encontrado(s) para Apoquel
2026-01-10 20:14:27,854 - scraper_base - INFO - 📦 [18/20] Processando Zenrelia
2026-01-10 20:14:27,854 - scraper_base - INFO - 🔍 Petz: Buscando Zenrelia
2026-01-10 20:14:29,281 - scraper_base - INFO - ✅ Petz: 4 produto(s) encontrado(s) para Zenrelia
2026-01-10 20:14:31,040 - scraper_base - INFO - 📦 [19/20] Processando Synulox
2026-01-10 20:14:31,040 - scraper_base - INFO - 🔍 Petz: Buscando Synulox
2026-01-10 20:14:32,529 - scraper_base - INFO - ✅ Petz: 2 produto(s) encontrado(s) para Synulox
2026-01-10 20:14:34,086 - scraper_base - INFO - 📦 [20/20] Processando Baytril
2026-01-10 20:14:34,086 - scraper_base - INFO - 🔍 Petz: Buscando Baytril
2026-01-10 20:14:35,836 - scraper_base - INFO - ✅ Petz: 10 produto(s) encontrado(s) para Baytril
2026-01-10 20:14:37,279 - scraper_base - INFO - 📊 Petz - Estatísticas finais:
2026-01-10 20:14:37,279 - scraper_base - INFO -    • Medicamentos processados: 20
2026-01-10 20:14:37,279 - scraper_base - INFO -    • Produtos encontrados: 215
2026-01-10 20:14:37,279 - scraper_base - INFO -    • Medicamentos sem resultado: 0
2026-01-10 20:14:37,279 - scraper_base - INFO -    • Tempo total: 80.9s
2026-01-10 20:14:37,279 - scraper_base - INFO -    • Tempo médio por medicamento: 4.0s
2026-01-10 20:14:37,319 - gerenciador_arquivos - INFO - Excel salvo: dados_coletados/petz_20260110_201437.xlsx (215 produtos)
2026-01-10 20:14:37,319 - gerenciador_principal - INFO - Petz: Arquivo individual salvo com sucesso
2026-01-10 20:14:37,319 - gerenciador_principal - INFO - Gerando relatório consolidado...
2026-01-10 20:14:37,515 - gerenciador_arquivos - INFO - Relatório consolidado salvo: dados_relatorios/relatorio_consolidado_20260110_201437.xlsx
2026-01-10 20:14:37,611 - gerenciador_conexoes - INFO - Chrome fechado
2026-01-10 20:14:37,611 - gerenciador_conexoes - INFO - Métodos utilizados - Requests: 33.3%, Selenium: 66.7%, Falhas: 0.0%
2026-01-10 20:14:37,611 - gerenciador_principal - INFO - ============================================================
2026-01-10 20:14:37,611 - gerenciador_principal - INFO - RELATORIO FINAL DE EXECUÇÃO
2026-01-10 20:14:37,611 - gerenciador_principal - INFO - ============================================================
2026-01-10 20:14:37,611 - gerenciador_principal - INFO - Sites processados: 3
2026-01-10 20:14:37,611 - gerenciador_principal - INFO - Sites com sucesso: 3
2026-01-10 20:14:37,611 - gerenciador_principal - INFO - Total de produtos coletados: 626
2026-01-10 20:14:37,611 - gerenciador_principal - INFO - Tempo total de execução: 238.1 segundos
2026-01-10 20:14:37,611 - gerenciador_principal - INFO - Estatísticas de conexão:
2026-01-10 20:14:37,612 - gerenciador_principal - INFO -   - Requests bem-sucedidos: 33.3%
2026-01-10 20:14:37,612 - gerenciador_principal - INFO -   - Selenium fallback: 66.7%
2026-01-10 20:14:37,612 - gerenciador_principal - INFO -   - Falhas totais: 0.0%
2026-01-10 20:14:37,613 - gerenciador_principal - INFO - Arquivos salvos na pasta: dados_coletados
2026-01-10 20:14:37,613 - gerenciador_principal - INFO - Total de arquivos: 296
2026-01-10 20:14:37,613 - gerenciador_principal - INFO - ============================================================
