2026-01-08 20:11:58,587 - configurador_logs - INFO - Sistema de logs configurado com sucesso
2026-01-08 20:11:58,587 - configurador_logs - INFO - 🚀 Logs configurados para MODO PRODUÇÃO
2026-01-08 20:11:58,587 - gerenciador_principal - INFO - Inicializando sistema - Modo: PRODUCAO
2026-01-08 20:11:58,587 - gerenciador_arquivos - INFO - Pasta dados_coletados preparada
2026-01-08 20:11:58,587 - gerenciador_principal - INFO - Sistema inicializado com 3 scrapers
2026-01-08 20:11:58,587 - gerenciador_principal - INFO - ============================================================
2026-01-08 20:11:58,587 - gerenciador_principal - INFO - INICIANDO SCRAPING COMPLETO - PRODUCAO
2026-01-08 20:11:58,587 - gerenciador_principal - INFO - ============================================================
2026-01-08 20:11:58,587 - gerenciador_principal - INFO - [1/3] Processando Cobasi
2026-01-08 20:11:58,588 - scraper_base - INFO - 🚀 Iniciando scraping completo - Cobasi
2026-01-08 20:11:59,023 - gerenciador_conexoes - INFO - Sessao estabelecida com cobasi.com.br
2026-01-08 20:11:59,023 - scraper_base - INFO - 📋 20 medicamentos para processar
2026-01-08 20:11:59,023 - scraper_base - INFO - 📦 [1/20] Processando Simparic
2026-01-08 20:11:59,023 - scraper_base - INFO - 🔍 Cobasi: Buscando Simparic
2026-01-08 20:12:01,624 - scraper_cobasi - INFO - Cobasi: Dados extraídos via JSON para Simparic
2026-01-08 20:12:01,624 - scraper_base - INFO - ✅ Cobasi: 12 produto(s) encontrado(s) para Simparic
2026-01-08 20:12:03,725 - scraper_base - INFO - 📦 [2/20] Processando Revolution
2026-01-08 20:12:03,725 - scraper_base - INFO - 🔍 Cobasi: Buscando Revolution
2026-01-08 20:12:06,265 - scraper_cobasi - INFO - Cobasi: Dados extraídos via JSON para Revolution
2026-01-08 20:12:06,265 - scraper_base - INFO - ✅ Cobasi: 18 produto(s) encontrado(s) para Revolution
2026-01-08 20:12:07,339 - scraper_base - INFO - 📦 [3/20] Processando NexGard
2026-01-08 20:12:07,339 - scraper_base - INFO - 🔍 Cobasi: Buscando NexGard
2026-01-08 20:12:09,647 - scraper_cobasi - INFO - Cobasi: Dados extraídos via JSON para NexGard
2026-01-08 20:12:09,648 - scraper_base - INFO - ✅ Cobasi: 22 produto(s) encontrado(s) para NexGard
2026-01-08 20:12:11,713 - scraper_base - INFO - 📦 [4/20] Processando NexGard Spectra
2026-01-08 20:12:11,713 - scraper_base - INFO - 🔍 Cobasi: Buscando NexGard Spectra
2026-01-08 20:12:13,534 - scraper_cobasi - INFO - Cobasi: Dados extraídos via JSON para NexGard Spectra
2026-01-08 20:12:13,535 - scraper_base - INFO - ✅ Cobasi: 10 produto(s) encontrado(s) para NexGard Spectra
2026-01-08 20:12:15,403 - scraper_base - INFO - 📦 [5/20] Processando NexGard Combo
2026-01-08 20:12:15,403 - scraper_base - INFO - 🔍 Cobasi: Buscando NexGard Combo
2026-01-08 20:12:17,207 - scraper_cobasi - INFO - Cobasi: Dados extraídos via JSON para NexGard Combo
2026-01-08 20:12:17,208 - scraper_base - INFO - ✅ Cobasi: 4 produto(s) encontrado(s) para NexGard Combo
2026-01-08 20:12:19,588 - scraper_base - INFO - 📦 [6/20] Processando Bravecto
2026-01-08 20:12:19,588 - scraper_base - INFO - 🔍 Cobasi: Buscando Bravecto
2026-01-08 20:12:19,655 - scraper_cobasi - INFO - Cobasi: Dados extraídos via JSON para Bravecto
2026-01-08 20:12:19,656 - scraper_base - INFO - ✅ Cobasi: 16 produto(s) encontrado(s) para Bravecto
2026-01-08 20:12:22,453 - scraper_base - INFO - 📦 [7/20] Processando Frontline
2026-01-08 20:12:22,454 - scraper_base - INFO - 🔍 Cobasi: Buscando Frontline
2026-01-08 20:12:25,435 - scraper_cobasi - INFO - Cobasi: Dados extraídos via JSON para Frontline
2026-01-08 20:12:25,435 - scraper_base - INFO - ✅ Cobasi: 10 produto(s) encontrado(s) para Frontline
2026-01-08 20:12:27,568 - scraper_base - INFO - 📦 [8/20] Processando Advocate
2026-01-08 20:12:27,568 - scraper_base - INFO - 🔍 Cobasi: Buscando Advocate
2026-01-08 20:12:29,794 - scraper_cobasi - INFO - Cobasi: Dados extraídos via JSON para Advocate
2026-01-08 20:12:29,794 - scraper_base - INFO - ✅ Cobasi: 12 produto(s) encontrado(s) para Advocate
2026-01-08 20:12:31,914 - scraper_base - INFO - 📦 [9/20] Processando Drontal
2026-01-08 20:12:31,914 - scraper_base - INFO - 🔍 Cobasi: Buscando Drontal
2026-01-08 20:12:34,373 - scraper_cobasi - INFO - Cobasi: Dados extraídos via JSON para Drontal
2026-01-08 20:12:34,373 - scraper_base - INFO - ✅ Cobasi: 8 produto(s) encontrado(s) para Drontal
2026-01-08 20:12:35,399 - scraper_base - INFO - 📦 [10/20] Processando Milbemax
2026-01-08 20:12:35,399 - scraper_base - INFO - 🔍 Cobasi: Buscando Milbemax
2026-01-08 20:12:37,362 - scraper_cobasi - INFO - Cobasi: Dados extraídos via JSON para Milbemax
2026-01-08 20:12:37,362 - scraper_base - INFO - ✅ Cobasi: 4 produto(s) encontrado(s) para Milbemax
2026-01-08 20:12:39,603 - scraper_base - INFO - 📦 [11/20] Processando Vermivet
2026-01-08 20:12:39,603 - scraper_base - INFO - 🔍 Cobasi: Buscando Vermivet
2026-01-08 20:12:41,448 - scraper_cobasi - INFO - Cobasi: Dados extraídos via JSON para Vermivet
2026-01-08 20:12:41,448 - scraper_base - INFO - ✅ Cobasi: 5 produto(s) encontrado(s) para Vermivet
2026-01-08 20:12:43,830 - scraper_base - INFO - 📦 [12/20] Processando Rimadyl
2026-01-08 20:12:43,831 - scraper_base - INFO - 🔍 Cobasi: Buscando Rimadyl
2026-01-08 20:12:45,421 - scraper_cobasi - INFO - Cobasi: Dados extraídos via JSON para Rimadyl
2026-01-08 20:12:45,422 - scraper_base - INFO - ✅ Cobasi: 3 produto(s) encontrado(s) para Rimadyl
2026-01-08 20:12:47,954 - scraper_base - INFO - 📦 [13/20] Processando Onsior
2026-01-08 20:12:47,955 - scraper_base - INFO - 🔍 Cobasi: Buscando Onsior
2026-01-08 20:12:49,748 - scraper_cobasi - INFO - Cobasi: Dados extraídos via JSON para Onsior
2026-01-08 20:12:49,748 - scraper_base - INFO - ✅ Cobasi: 4 produto(s) encontrado(s) para Onsior
2026-01-08 20:12:52,337 - scraper_base - INFO - 📦 [14/20] Processando Maxicam
2026-01-08 20:12:52,338 - scraper_base - INFO - 🔍 Cobasi: Buscando Maxicam
2026-01-08 20:12:55,386 - scraper_cobasi - INFO - Cobasi: Dados extraídos via JSON para Maxicam
2026-01-08 20:12:55,386 - scraper_base - INFO - ✅ Cobasi: 20 produto(s) encontrado(s) para Maxicam
2026-01-08 20:12:57,688 - scraper_base - INFO - 📦 [15/20] Processando Carproflan
2026-01-08 20:12:57,688 - scraper_base - INFO - 🔍 Cobasi: Buscando Carproflan
2026-01-08 20:12:59,187 - scraper_cobasi - INFO - Cobasi: Dados extraídos via JSON para Carproflan
2026-01-08 20:12:59,187 - scraper_base - INFO - ✅ Cobasi: 3 produto(s) encontrado(s) para Carproflan
2026-01-08 20:13:00,328 - scraper_base - INFO - 📦 [16/20] Processando Previcox
2026-01-08 20:13:00,328 - scraper_base - INFO - 🔍 Cobasi: Buscando Previcox
2026-01-08 20:13:03,005 - scraper_cobasi - INFO - Cobasi: Dados extraídos via JSON para Previcox
2026-01-08 20:13:03,005 - scraper_base - INFO - ✅ Cobasi: 2 produto(s) encontrado(s) para Previcox
2026-01-08 20:13:04,869 - scraper_base - INFO - 📦 [17/20] Processando Apoquel
2026-01-08 20:13:04,869 - scraper_base - INFO - 🔍 Cobasi: Buscando Apoquel
2026-01-08 20:13:04,910 - scraper_cobasi - INFO - Cobasi: Dados extraídos via JSON para Apoquel
2026-01-08 20:13:04,910 - scraper_base - INFO - ✅ Cobasi: 3 produto(s) encontrado(s) para Apoquel
2026-01-08 20:13:06,330 - scraper_base - INFO - 📦 [18/20] Processando Zenrelia
2026-01-08 20:13:06,330 - scraper_base - INFO - 🔍 Cobasi: Buscando Zenrelia
2026-01-08 20:13:08,195 - scraper_cobasi - INFO - Cobasi: Dados extraídos via JSON para Zenrelia
2026-01-08 20:13:08,195 - scraper_base - INFO - ✅ Cobasi: 4 produto(s) encontrado(s) para Zenrelia
2026-01-08 20:13:10,351 - scraper_base - INFO - 📦 [19/20] Processando Synulox
2026-01-08 20:13:10,351 - scraper_base - INFO - 🔍 Cobasi: Buscando Synulox
2026-01-08 20:13:12,178 - scraper_cobasi - INFO - Cobasi: Dados extraídos via JSON para Synulox
2026-01-08 20:13:12,178 - scraper_base - INFO - ✅ Cobasi: 2 produto(s) encontrado(s) para Synulox
2026-01-08 20:13:14,603 - scraper_base - INFO - 📦 [20/20] Processando Baytril
2026-01-08 20:13:14,603 - scraper_base - INFO - 🔍 Cobasi: Buscando Baytril
2026-01-08 20:13:16,423 - scraper_cobasi - INFO - Cobasi: Dados extraídos via JSON para Baytril
2026-01-08 20:13:16,423 - scraper_base - INFO - ✅ Cobasi: 4 produto(s) encontrado(s) para Baytril
2026-01-08 20:13:17,947 - scraper_base - INFO - 📊 Cobasi - Estatísticas finais:
2026-01-08 20:13:17,947 - scraper_base - INFO -    • Medicamentos processados: 20
2026-01-08 20:13:17,947 - scraper_base - INFO -    • Produtos encontrados: 166
2026-01-08 20:13:17,947 - scraper_base - INFO -    • Medicamentos sem resultado: 0
2026-01-08 20:13:17,947 - scraper_base - INFO -    • Tempo total: 79.4s
2026-01-08 20:13:17,947 - scraper_base - INFO -    • Tempo médio por medicamento: 4.0s
2026-01-08 20:13:18,103 - gerenciador_arquivos - INFO - Excel salvo: dados_coletados/cobasi_20260108_201317.xlsx (166 produtos)
2026-01-08 20:13:18,103 - gerenciador_principal - INFO - Cobasi: Arquivo individual salvo com sucesso
2026-01-08 20:13:18,103 - gerenciador_principal - INFO - Pausando entre sites...
2026-01-08 20:13:20,104 - gerenciador_principal - INFO - [2/3] Processando Petlove
2026-01-08 20:13:20,104 - scraper_base - INFO - 🚀 Iniciando scraping completo - Petlove
2026-01-08 20:13:20,302 - scraper_base - INFO - 📋 20 medicamentos para processar
2026-01-08 20:13:20,303 - scraper_base - INFO - 📦 [1/20] Processando Simparic
2026-01-08 20:13:20,303 - scraper_base - INFO - 🔍 Petlove: Buscando Simparic
2026-01-08 20:13:26,892 - gerenciador_conexoes - INFO - Chrome inicializado com otimizacoes de velocidade
2026-01-08 20:13:30,247 - scraper_base - INFO - ✅ Petlove: 33 produto(s) encontrado(s) para Simparic
2026-01-08 20:13:31,558 - scraper_base - INFO - 📦 [2/20] Processando Revolution
2026-01-08 20:13:31,559 - scraper_base - INFO - 🔍 Petlove: Buscando Revolution
2026-01-08 20:13:33,341 - scraper_base - INFO - ✅ Petlove: 17 produto(s) encontrado(s) para Revolution
2026-01-08 20:13:36,169 - scraper_base - INFO - 📦 [3/20] Processando NexGard
2026-01-08 20:13:36,169 - scraper_base - INFO - 🔍 Petlove: Buscando NexGard
2026-01-08 20:13:38,111 - scraper_base - INFO - ✅ Petlove: 11 produto(s) encontrado(s) para NexGard
2026-01-08 20:13:39,651 - scraper_base - INFO - 📦 [4/20] Processando NexGard Spectra
2026-01-08 20:13:39,651 - scraper_base - INFO - 🔍 Petlove: Buscando NexGard Spectra
2026-01-08 20:13:40,800 - scraper_base - INFO - ✅ Petlove: 5 produto(s) encontrado(s) para NexGard Spectra
2026-01-08 20:13:42,622 - scraper_base - INFO - 📦 [5/20] Processando NexGard Combo
2026-01-08 20:13:42,622 - scraper_base - INFO - 🔍 Petlove: Buscando NexGard Combo
2026-01-08 20:13:43,685 - scraper_base - INFO - ✅ Petlove: 2 produto(s) encontrado(s) para NexGard Combo
2026-01-08 20:13:46,453 - scraper_base - INFO - 📦 [6/20] Processando Bravecto
2026-01-08 20:13:46,453 - scraper_base - INFO - 🔍 Petlove: Buscando Bravecto
2026-01-08 20:13:49,525 - scraper_base - INFO - ✅ Petlove: 23 produto(s) encontrado(s) para Bravecto
2026-01-08 20:13:51,178 - scraper_base - INFO - 📦 [7/20] Processando Frontline
2026-01-08 20:13:51,178 - scraper_base - INFO - 🔍 Petlove: Buscando Frontline
2026-01-08 20:13:53,094 - scraper_base - INFO - ✅ Petlove: 11 produto(s) encontrado(s) para Frontline
2026-01-08 20:13:54,526 - scraper_base - INFO - 📦 [8/20] Processando Advocate
2026-01-08 20:13:54,526 - scraper_base - INFO - 🔍 Petlove: Buscando Advocate
2026-01-08 20:13:56,396 - scraper_base - INFO - ✅ Petlove: 10 produto(s) encontrado(s) para Advocate
2026-01-08 20:13:58,552 - scraper_base - INFO - 📦 [9/20] Processando Drontal
2026-01-08 20:13:58,552 - scraper_base - INFO - 🔍 Petlove: Buscando Drontal
2026-01-08 20:14:00,439 - scraper_base - INFO - ✅ Petlove: 36 produto(s) encontrado(s) para Drontal
2026-01-08 20:14:01,764 - scraper_base - INFO - 📦 [10/20] Processando Milbemax
2026-01-08 20:14:01,764 - scraper_base - INFO - 🔍 Petlove: Buscando Milbemax
2026-01-08 20:14:03,349 - scraper_base - INFO - ✅ Petlove: 14 produto(s) encontrado(s) para Milbemax
2026-01-08 20:14:04,857 - scraper_base - INFO - 📦 [11/20] Processando Vermivet
2026-01-08 20:14:04,857 - scraper_base - INFO - 🔍 Petlove: Buscando Vermivet
2026-01-08 20:14:06,835 - scraper_base - INFO - ✅ Petlove: 36 produto(s) encontrado(s) para Vermivet
2026-01-08 20:14:08,005 - scraper_base - INFO - 📦 [12/20] Processando Rimadyl
2026-01-08 20:14:08,006 - scraper_base - INFO - 🔍 Petlove: Buscando Rimadyl
2026-01-08 20:14:10,239 - scraper_base - INFO - ✅ Petlove: 1 produto(s) encontrado(s) para Rimadyl
2026-01-08 20:14:13,130 - scraper_base - INFO - 📦 [13/20] Processando Onsior
2026-01-08 20:14:13,131 - scraper_base - INFO - 🔍 Petlove: Buscando Onsior
2026-01-08 20:14:14,482 - scraper_base - INFO - ✅ Petlove: 4 produto(s) encontrado(s) para Onsior
2026-01-08 20:14:16,020 - scraper_base - INFO - 📦 [14/20] Processando Maxicam
2026-01-08 20:14:16,020 - scraper_base - INFO - 🔍 Petlove: Buscando Maxicam
2026-01-08 20:14:17,285 - scraper_base - INFO - ✅ Petlove: 4 produto(s) encontrado(s) para Maxicam
2026-01-08 20:14:19,697 - scraper_base - INFO - 📦 [15/20] Processando Carproflan
2026-01-08 20:14:19,697 - scraper_base - INFO - 🔍 Petlove: Buscando Carproflan
2026-01-08 20:14:21,341 - scraper_base - INFO - ✅ Petlove: 8 produto(s) encontrado(s) para Carproflan
2026-01-08 20:14:23,413 - scraper_base - INFO - 📦 [16/20] Processando Previcox
2026-01-08 20:14:23,413 - scraper_base - INFO - 🔍 Petlove: Buscando Previcox
2026-01-08 20:14:24,883 - scraper_base - INFO - ✅ Petlove: 4 produto(s) encontrado(s) para Previcox
2026-01-08 20:14:27,271 - scraper_base - INFO - 📦 [17/20] Processando Apoquel
2026-01-08 20:14:27,271 - scraper_base - INFO - 🔍 Petlove: Buscando Apoquel
2026-01-08 20:14:28,870 - scraper_base - INFO - ✅ Petlove: 16 produto(s) encontrado(s) para Apoquel
2026-01-08 20:14:31,032 - scraper_base - INFO - 📦 [18/20] Processando Zenrelia
2026-01-08 20:14:31,032 - scraper_base - INFO - 🔍 Petlove: Buscando Zenrelia
2026-01-08 20:14:32,383 - scraper_base - INFO - ✅ Petlove: 4 produto(s) encontrado(s) para Zenrelia
2026-01-08 20:14:35,003 - scraper_base - INFO - 📦 [19/20] Processando Synulox
2026-01-08 20:14:35,003 - scraper_base - INFO - 🔍 Petlove: Buscando Synulox
2026-01-08 20:14:36,265 - scraper_base - INFO - ✅ Petlove: 1 produto(s) encontrado(s) para Synulox
2026-01-08 20:14:38,189 - scraper_base - INFO - 📦 [20/20] Processando Baytril
2026-01-08 20:14:38,189 - scraper_base - INFO - 🔍 Petlove: Buscando Baytril
2026-01-08 20:14:39,715 - scraper_base - INFO - ✅ Petlove: 4 produto(s) encontrado(s) para Baytril
2026-01-08 20:14:41,124 - scraper_base - INFO - 📊 Petlove - Estatísticas finais:
2026-01-08 20:14:41,124 - scraper_base - INFO -    • Medicamentos processados: 20
2026-01-08 20:14:41,124 - scraper_base - INFO -    • Produtos encontrados: 244
2026-01-08 20:14:41,124 - scraper_base - INFO -    • Medicamentos sem resultado: 0
2026-01-08 20:14:41,124 - scraper_base - INFO -    • Tempo total: 81.0s
2026-01-08 20:14:41,125 - scraper_base - INFO -    • Tempo médio por medicamento: 4.1s
2026-01-08 20:14:41,172 - gerenciador_arquivos - INFO - Excel salvo: dados_coletados/petlove_20260108_201441.xlsx (244 produtos)
2026-01-08 20:14:41,172 - gerenciador_principal - INFO - Petlove: Arquivo individual salvo com sucesso
2026-01-08 20:14:41,172 - gerenciador_principal - INFO - Pausando entre sites...
2026-01-08 20:14:43,172 - gerenciador_principal - INFO - [3/3] Processando Petz
2026-01-08 20:14:43,173 - scraper_base - INFO - 🚀 Iniciando scraping completo - Petz
2026-01-08 20:14:43,427 - scraper_base - INFO - 📋 20 medicamentos para processar
2026-01-08 20:14:43,428 - scraper_base - INFO - 📦 [1/20] Processando Simparic
2026-01-08 20:14:43,428 - scraper_base - INFO - 🔍 Petz: Buscando Simparic
2026-01-08 20:14:47,204 - scraper_base - INFO - ✅ Petz: 12 produto(s) encontrado(s) para Simparic
2026-01-08 20:14:49,492 - scraper_base - INFO - 📦 [2/20] Processando Revolution
2026-01-08 20:14:49,492 - scraper_base - INFO - 🔍 Petz: Buscando Revolution
2026-01-08 20:14:51,366 - scraper_base - INFO - ✅ Petz: 26 produto(s) encontrado(s) para Revolution
2026-01-08 20:14:53,229 - scraper_base - INFO - 📦 [3/20] Processando NexGard
2026-01-08 20:14:53,229 - scraper_base - INFO - 🔍 Petz: Buscando NexGard
2026-01-08 20:14:55,119 - scraper_base - INFO - ✅ Petz: 22 produto(s) encontrado(s) para NexGard
2026-01-08 20:14:56,844 - scraper_base - INFO - 📦 [4/20] Processando NexGard Spectra
2026-01-08 20:14:56,844 - scraper_base - INFO - 🔍 Petz: Buscando NexGard Spectra
2026-01-08 20:14:58,549 - scraper_base - INFO - ✅ Petz: 10 produto(s) encontrado(s) para NexGard Spectra
2026-01-08 20:15:00,424 - scraper_base - INFO - 📦 [5/20] Processando NexGard Combo
2026-01-08 20:15:00,425 - scraper_base - INFO - 🔍 Petz: Buscando NexGard Combo
2026-01-08 20:15:01,969 - scraper_base - INFO - ✅ Petz: 4 produto(s) encontrado(s) para NexGard Combo
2026-01-08 20:15:03,253 - scraper_base - INFO - 📦 [6/20] Processando Bravecto
2026-01-08 20:15:03,253 - scraper_base - INFO - 🔍 Petz: Buscando Bravecto
2026-01-08 20:15:05,559 - scraper_base - INFO - ✅ Petz: 16 produto(s) encontrado(s) para Bravecto
2026-01-08 20:15:08,194 - scraper_base - INFO - 📦 [7/20] Processando Frontline
2026-01-08 20:15:08,194 - scraper_base - INFO - 🔍 Petz: Buscando Frontline
2026-01-08 20:15:09,867 - scraper_base - INFO - ✅ Petz: 11 produto(s) encontrado(s) para Frontline
2026-01-08 20:15:12,178 - scraper_base - INFO - 📦 [8/20] Processando Advocate
2026-01-08 20:15:12,179 - scraper_base - INFO - 🔍 Petz: Buscando Advocate
2026-01-08 20:15:14,185 - scraper_base - INFO - ✅ Petz: 12 produto(s) encontrado(s) para Advocate
2026-01-08 20:15:15,875 - scraper_base - INFO - 📦 [9/20] Processando Drontal
2026-01-08 20:15:15,876 - scraper_base - INFO - 🔍 Petz: Buscando Drontal
2026-01-08 20:15:18,797 - scraper_base - INFO - ✅ Petz: 32 produto(s) encontrado(s) para Drontal
2026-01-08 20:15:21,789 - scraper_base - INFO - 📦 [10/20] Processando Milbemax
2026-01-08 20:15:21,789 - scraper_base - INFO - 🔍 Petz: Buscando Milbemax
2026-01-08 20:15:23,393 - scraper_base - INFO - ✅ Petz: 4 produto(s) encontrado(s) para Milbemax
2026-01-08 20:15:25,785 - scraper_base - INFO - 📦 [11/20] Processando Vermivet
2026-01-08 20:15:25,785 - scraper_base - INFO - 🔍 Petz: Buscando Vermivet
2026-01-08 20:15:27,501 - scraper_base - INFO - ✅ Petz: 5 produto(s) encontrado(s) para Vermivet
2026-01-08 20:15:28,847 - scraper_base - INFO - 📦 [12/20] Processando Rimadyl
2026-01-08 20:15:28,847 - scraper_base - INFO - 🔍 Petz: Buscando Rimadyl
2026-01-08 20:15:30,338 - scraper_base - INFO - ✅ Petz: 3 produto(s) encontrado(s) para Rimadyl
2026-01-08 20:15:32,488 - scraper_base - INFO - 📦 [13/20] Processando Onsior
2026-01-08 20:15:32,488 - scraper_base - INFO - 🔍 Petz: Buscando Onsior
2026-01-08 20:15:34,675 - scraper_base - INFO - ✅ Petz: 4 produto(s) encontrado(s) para Onsior
2026-01-08 20:15:36,376 - scraper_base - INFO - 📦 [14/20] Processando Maxicam
2026-01-08 20:15:36,377 - scraper_base - INFO - 🔍 Petz: Buscando Maxicam
2026-01-08 20:15:38,910 - scraper_base - INFO - ✅ Petz: 31 produto(s) encontrado(s) para Maxicam
2026-01-08 20:15:40,659 - scraper_base - INFO - 📦 [15/20] Processando Carproflan
2026-01-08 20:15:40,659 - scraper_base - INFO - 🔍 Petz: Buscando Carproflan
2026-01-08 20:15:42,090 - scraper_base - INFO - ✅ Petz: 3 produto(s) encontrado(s) para Carproflan
2026-01-08 20:15:44,698 - scraper_base - INFO - 📦 [16/20] Processando Previcox
2026-01-08 20:15:44,698 - scraper_base - INFO - 🔍 Petz: Buscando Previcox
2026-01-08 20:15:46,572 - scraper_base - INFO - ✅ Petz: 2 produto(s) encontrado(s) para Previcox
2026-01-08 20:15:48,436 - scraper_base - INFO - 📦 [17/20] Processando Apoquel
2026-01-08 20:15:48,436 - scraper_base - INFO - 🔍 Petz: Buscando Apoquel
2026-01-08 20:15:50,073 - scraper_base - INFO - ✅ Petz: 3 produto(s) encontrado(s) para Apoquel
2026-01-08 20:15:52,753 - scraper_base - INFO - 📦 [18/20] Processando Zenrelia
2026-01-08 20:15:52,753 - scraper_base - INFO - 🔍 Petz: Buscando Zenrelia
2026-01-08 20:15:54,308 - scraper_base - INFO - ✅ Petz: 4 produto(s) encontrado(s) para Zenrelia
2026-01-08 20:15:56,886 - scraper_base - INFO - 📦 [19/20] Processando Synulox
2026-01-08 20:15:56,886 - scraper_base - INFO - 🔍 Petz: Buscando Synulox
2026-01-08 20:15:58,379 - scraper_base - INFO - ✅ Petz: 2 produto(s) encontrado(s) para Synulox
2026-01-08 20:16:01,175 - scraper_base - INFO - 📦 [20/20] Processando Baytril
2026-01-08 20:16:01,175 - scraper_base - INFO - 🔍 Petz: Buscando Baytril
2026-01-08 20:16:02,860 - scraper_base - INFO - ✅ Petz: 10 produto(s) encontrado(s) para Baytril
2026-01-08 20:16:05,189 - scraper_base - INFO - 📊 Petz - Estatísticas finais:
2026-01-08 20:16:05,190 - scraper_base - INFO -    • Medicamentos processados: 20
2026-01-08 20:16:05,190 - scraper_base - INFO -    • Produtos encontrados: 216
2026-01-08 20:16:05,190 - scraper_base - INFO -    • Medicamentos sem resultado: 0
2026-01-08 20:16:05,190 - scraper_base - INFO -    • Tempo total: 82.0s
2026-01-08 20:16:05,190 - scraper_base - INFO -    • Tempo médio por medicamento: 4.1s
2026-01-08 20:16:05,234 - gerenciador_arquivos - INFO - Excel salvo: dados_coletados/petz_20260108_201605.xlsx (216 produtos)
2026-01-08 20:16:05,234 - gerenciador_principal - INFO - Petz: Arquivo individual salvo com sucesso
2026-01-08 20:16:05,234 - gerenciador_principal - INFO - Gerando relatório consolidado...
2026-01-08 20:16:05,525 - gerenciador_arquivos - INFO - Relatório consolidado salvo: dados_relatorios/relatorio_consolidado_20260108_201605.xlsx
2026-01-08 20:16:05,629 - gerenciador_conexoes - INFO - Chrome fechado
2026-01-08 20:16:05,629 - gerenciador_conexoes - INFO - Métodos utilizados - Requests: 33.3%, Selenium: 66.7%, Falhas: 0.0%
2026-01-08 20:16:05,630 - gerenciador_principal - INFO - ============================================================
2026-01-08 20:16:05,630 - gerenciador_principal - INFO - RELATORIO FINAL DE EXECUÇÃO
2026-01-08 20:16:05,630 - gerenciador_principal - INFO - ============================================================
2026-01-08 20:16:05,630 - gerenciador_principal - INFO - Sites processados: 3
2026-01-08 20:16:05,630 - gerenciador_principal - INFO - Sites com sucesso: 3
2026-01-08 20:16:05,630 - gerenciador_principal - INFO - Total de produtos coletados: 626
2026-01-08 20:16:05,630 - gerenciador_principal - INFO - Tempo total de execução: 246.6 segundos
2026-01-08 20:16:05,630 - gerenciador_principal - INFO - Estatísticas de conexão:
2026-01-08 20:16:05,630 - gerenciador_principal - INFO -   - Requests bem-sucedidos: 33.3%
2026-01-08 20:16:05,630 - gerenciador_principal - INFO -   - Selenium fallback: 66.7%
2026-01-08 20:16:05,630 - gerenciador_principal - INFO -   - Falhas totais: 0.0%
2026-01-08 20:16:05,632 - gerenciador_principal - INFO - Arquivos salvos na pasta: dados_coletados
2026-01-08 20:16:05,632 - gerenciador_principal - INFO - Total de arquivos: 290
2026-01-08 20:16:05,632 - gerenciador_principal - INFO - ============================================================
