2026-02-04 20:20:35,366 - configurador_logs - INFO - Sistema de logs configurado com sucesso
2026-02-04 20:20:35,367 - configurador_logs - INFO - 🚀 Logs configurados para MODO PRODUÇÃO
2026-02-04 20:20:35,367 - gerenciador_principal - INFO - Inicializando sistema - Modo: PRODUCAO
2026-02-04 20:20:35,367 - gerenciador_arquivos - INFO - Pasta dados_coletados preparada
2026-02-04 20:20:35,367 - gerenciador_principal - INFO - Sistema inicializado com 3 scrapers
2026-02-04 20:20:35,367 - gerenciador_principal - INFO - ============================================================
2026-02-04 20:20:35,367 - gerenciador_principal - INFO - INICIANDO SCRAPING COMPLETO - PRODUCAO
2026-02-04 20:20:35,367 - gerenciador_principal - INFO - ============================================================
2026-02-04 20:20:35,367 - gerenciador_principal - INFO - [1/3] Processando Cobasi
2026-02-04 20:20:35,367 - scraper_base - INFO - 🚀 Iniciando scraping completo - Cobasi
2026-02-04 20:20:35,790 - gerenciador_conexoes - INFO - Sessao estabelecida com cobasi.com.br
2026-02-04 20:20:35,790 - scraper_base - INFO - 📋 20 medicamentos para processar
2026-02-04 20:20:35,790 - scraper_base - INFO - 📦 [1/20] Processando Simparic
2026-02-04 20:20:35,790 - scraper_base - INFO - 🔍 Cobasi: Buscando Simparic
2026-02-04 20:20:35,847 - scraper_cobasi - INFO - Cobasi: Dados extraídos via JSON para Simparic
2026-02-04 20:20:35,847 - scraper_base - INFO - ✅ Cobasi: 12 produto(s) encontrado(s) para Simparic
2026-02-04 20:20:37,863 - scraper_base - INFO - 📦 [2/20] Processando Revolution
2026-02-04 20:20:37,863 - scraper_base - INFO - 🔍 Cobasi: Buscando Revolution
2026-02-04 20:20:37,929 - scraper_cobasi - INFO - Cobasi: Dados extraídos via JSON para Revolution
2026-02-04 20:20:37,929 - scraper_base - INFO - ✅ Cobasi: 18 produto(s) encontrado(s) para Revolution
2026-02-04 20:20:40,010 - scraper_base - INFO - 📦 [3/20] Processando NexGard
2026-02-04 20:20:40,010 - scraper_base - INFO - 🔍 Cobasi: Buscando NexGard
2026-02-04 20:20:40,070 - scraper_cobasi - INFO - Cobasi: Dados extraídos via JSON para NexGard
2026-02-04 20:20:40,071 - scraper_base - INFO - ✅ Cobasi: 22 produto(s) encontrado(s) para NexGard
2026-02-04 20:20:41,343 - scraper_base - INFO - 📦 [4/20] Processando NexGard Spectra
2026-02-04 20:20:41,343 - scraper_base - INFO - 🔍 Cobasi: Buscando NexGard Spectra
2026-02-04 20:20:41,411 - scraper_cobasi - INFO - Cobasi: Dados extraídos via JSON para NexGard Spectra
2026-02-04 20:20:41,411 - scraper_base - INFO - ✅ Cobasi: 10 produto(s) encontrado(s) para NexGard Spectra
2026-02-04 20:20:43,032 - scraper_base - INFO - 📦 [5/20] Processando NexGard Combo
2026-02-04 20:20:43,032 - scraper_base - INFO - 🔍 Cobasi: Buscando NexGard Combo
2026-02-04 20:20:44,414 - scraper_cobasi - INFO - Cobasi: Dados extraídos via JSON para NexGard Combo
2026-02-04 20:20:44,414 - scraper_base - INFO - ✅ Cobasi: 4 produto(s) encontrado(s) para NexGard Combo
2026-02-04 20:20:46,394 - scraper_base - INFO - 📦 [6/20] Processando Bravecto
2026-02-04 20:20:46,394 - scraper_base - INFO - 🔍 Cobasi: Buscando Bravecto
2026-02-04 20:20:48,437 - scraper_cobasi - INFO - Cobasi: Dados extraídos via JSON para Bravecto
2026-02-04 20:20:48,438 - scraper_base - INFO - ✅ Cobasi: 16 produto(s) encontrado(s) para Bravecto
2026-02-04 20:20:51,409 - scraper_base - INFO - 📦 [7/20] Processando Frontline
2026-02-04 20:20:51,409 - scraper_base - INFO - 🔍 Cobasi: Buscando Frontline
2026-02-04 20:20:54,401 - scraper_cobasi - INFO - Cobasi: Dados extraídos via JSON para Frontline
2026-02-04 20:20:54,401 - scraper_base - INFO - ✅ Cobasi: 10 produto(s) encontrado(s) para Frontline
2026-02-04 20:20:56,342 - scraper_base - INFO - 📦 [8/20] Processando Advocate
2026-02-04 20:20:56,342 - scraper_base - INFO - 🔍 Cobasi: Buscando Advocate
2026-02-04 20:20:58,888 - scraper_cobasi - INFO - Cobasi: Dados extraídos via JSON para Advocate
2026-02-04 20:20:58,888 - scraper_base - INFO - ✅ Cobasi: 12 produto(s) encontrado(s) para Advocate
2026-02-04 20:21:01,580 - scraper_base - INFO - 📦 [9/20] Processando Drontal
2026-02-04 20:21:01,580 - scraper_base - INFO - 🔍 Cobasi: Buscando Drontal
2026-02-04 20:21:03,864 - scraper_cobasi - INFO - Cobasi: Dados extraídos via JSON para Drontal
2026-02-04 20:21:03,864 - scraper_base - INFO - ✅ Cobasi: 8 produto(s) encontrado(s) para Drontal
2026-02-04 20:21:06,629 - scraper_base - INFO - 📦 [10/20] Processando Milbemax
2026-02-04 20:21:06,629 - scraper_base - INFO - 🔍 Cobasi: Buscando Milbemax
2026-02-04 20:21:10,592 - scraper_cobasi - INFO - Cobasi: Dados extraídos via JSON para Milbemax
2026-02-04 20:21:10,592 - scraper_base - INFO - ✅ Cobasi: 4 produto(s) encontrado(s) para Milbemax
2026-02-04 20:21:12,135 - scraper_base - INFO - 📦 [11/20] Processando Vermivet
2026-02-04 20:21:12,135 - scraper_base - INFO - 🔍 Cobasi: Buscando Vermivet
2026-02-04 20:21:12,640 - scraper_cobasi - INFO - Cobasi: Dados extraídos via JSON para Vermivet
2026-02-04 20:21:12,640 - scraper_base - INFO - ✅ Cobasi: 5 produto(s) encontrado(s) para Vermivet
2026-02-04 20:21:15,313 - scraper_base - INFO - 📦 [12/20] Processando Rimadyl
2026-02-04 20:21:15,313 - scraper_base - INFO - 🔍 Cobasi: Buscando Rimadyl
2026-02-04 20:21:16,173 - scraper_cobasi - INFO - Cobasi: Dados extraídos via JSON para Rimadyl
2026-02-04 20:21:16,174 - scraper_base - INFO - ✅ Cobasi: 3 produto(s) encontrado(s) para Rimadyl
2026-02-04 20:21:18,313 - scraper_base - INFO - 📦 [13/20] Processando Onsior
2026-02-04 20:21:18,313 - scraper_base - INFO - 🔍 Cobasi: Buscando Onsior
2026-02-04 20:21:20,456 - scraper_cobasi - INFO - Cobasi: Dados extraídos via JSON para Onsior
2026-02-04 20:21:20,456 - scraper_base - INFO - ✅ Cobasi: 4 produto(s) encontrado(s) para Onsior
2026-02-04 20:21:21,963 - scraper_base - INFO - 📦 [14/20] Processando Maxicam
2026-02-04 20:21:21,964 - scraper_base - INFO - 🔍 Cobasi: Buscando Maxicam
2026-02-04 20:21:27,444 - scraper_cobasi - INFO - Cobasi: Dados extraídos via JSON para Maxicam
2026-02-04 20:21:27,444 - scraper_base - INFO - ✅ Cobasi: 21 produto(s) encontrado(s) para Maxicam
2026-02-04 20:21:28,598 - scraper_base - INFO - 📦 [15/20] Processando Carproflan
2026-02-04 20:21:28,598 - scraper_base - INFO - 🔍 Cobasi: Buscando Carproflan
2026-02-04 20:21:30,366 - scraper_cobasi - INFO - Cobasi: Dados extraídos via JSON para Carproflan
2026-02-04 20:21:30,366 - scraper_base - INFO - ✅ Cobasi: 3 produto(s) encontrado(s) para Carproflan
2026-02-04 20:21:32,014 - scraper_base - INFO - 📦 [16/20] Processando Previcox
2026-02-04 20:21:32,014 - scraper_base - INFO - 🔍 Cobasi: Buscando Previcox
2026-02-04 20:21:34,916 - scraper_cobasi - INFO - Cobasi: Dados extraídos via JSON para Previcox
2026-02-04 20:21:34,916 - scraper_base - INFO - ✅ Cobasi: 2 produto(s) encontrado(s) para Previcox
2026-02-04 20:21:36,710 - scraper_base - INFO - 📦 [17/20] Processando Apoquel
2026-02-04 20:21:36,710 - scraper_base - INFO - 🔍 Cobasi: Buscando Apoquel
2026-02-04 20:21:37,496 - scraper_cobasi - INFO - Cobasi: Dados extraídos via JSON para Apoquel
2026-02-04 20:21:37,496 - scraper_base - INFO - ✅ Cobasi: 3 produto(s) encontrado(s) para Apoquel
2026-02-04 20:21:39,725 - scraper_base - INFO - 📦 [18/20] Processando Zenrelia
2026-02-04 20:21:39,726 - scraper_base - INFO - 🔍 Cobasi: Buscando Zenrelia
2026-02-04 20:21:41,762 - scraper_cobasi - INFO - Cobasi: Dados extraídos via JSON para Zenrelia
2026-02-04 20:21:41,762 - scraper_base - INFO - ✅ Cobasi: 4 produto(s) encontrado(s) para Zenrelia
2026-02-04 20:21:43,771 - scraper_base - INFO - 📦 [19/20] Processando Synulox
2026-02-04 20:21:43,771 - scraper_base - INFO - 🔍 Cobasi: Buscando Synulox
2026-02-04 20:21:44,189 - scraper_cobasi - INFO - Cobasi: Dados extraídos via JSON para Synulox
2026-02-04 20:21:44,189 - scraper_base - INFO - ✅ Cobasi: 2 produto(s) encontrado(s) para Synulox
2026-02-04 20:21:46,440 - scraper_base - INFO - 📦 [20/20] Processando Baytril
2026-02-04 20:21:46,440 - scraper_base - INFO - 🔍 Cobasi: Buscando Baytril
2026-02-04 20:21:46,866 - scraper_cobasi - INFO - Cobasi: Dados extraídos via JSON para Baytril
2026-02-04 20:21:46,866 - scraper_base - INFO - ✅ Cobasi: 4 produto(s) encontrado(s) para Baytril
2026-02-04 20:21:49,769 - scraper_base - INFO - 📊 Cobasi - Estatísticas finais:
2026-02-04 20:21:49,769 - scraper_base - INFO -    • Medicamentos processados: 20
2026-02-04 20:21:49,769 - scraper_base - INFO -    • Produtos encontrados: 167
2026-02-04 20:21:49,769 - scraper_base - INFO -    • Medicamentos sem resultado: 0
2026-02-04 20:21:49,769 - scraper_base - INFO -    • Tempo total: 74.4s
2026-02-04 20:21:49,769 - scraper_base - INFO -    • Tempo médio por medicamento: 3.7s
2026-02-04 20:21:49,920 - gerenciador_arquivos - INFO - Excel salvo: dados_coletados/cobasi_20260204_202149.xlsx (167 produtos)
2026-02-04 20:21:49,920 - gerenciador_principal - INFO - Cobasi: Arquivo individual salvo com sucesso
2026-02-04 20:21:49,920 - gerenciador_principal - INFO - Pausando entre sites...
2026-02-04 20:21:51,920 - gerenciador_principal - INFO - [2/3] Processando Petlove
2026-02-04 20:21:51,920 - scraper_base - INFO - 🚀 Iniciando scraping completo - Petlove
2026-02-04 20:21:52,096 - scraper_base - INFO - 📋 20 medicamentos para processar
2026-02-04 20:21:52,096 - scraper_base - INFO - 📦 [1/20] Processando Simparic
2026-02-04 20:21:52,096 - scraper_base - INFO - 🔍 Petlove: Buscando Simparic
2026-02-04 20:21:58,948 - gerenciador_conexoes - INFO - Chrome inicializado com otimizacoes de velocidade
2026-02-04 20:21:59,730 - scraper_petlove - INFO - Petlove: Nenhum produto encontrado para Simparic
2026-02-04 20:21:59,730 - scraper_base - INFO - ⚪ Petlove: Nenhum produto encontrado para Simparic
2026-02-04 20:22:01,925 - scraper_base - INFO - 📦 [2/20] Processando Revolution
2026-02-04 20:22:01,925 - scraper_base - INFO - 🔍 Petlove: Buscando Revolution
2026-02-04 20:22:02,151 - scraper_petlove - INFO - Petlove: Nenhum produto encontrado para Revolution
2026-02-04 20:22:02,151 - scraper_base - INFO - ⚪ Petlove: Nenhum produto encontrado para Revolution
2026-02-04 20:22:03,386 - scraper_base - INFO - 📦 [3/20] Processando NexGard
2026-02-04 20:22:03,387 - scraper_base - INFO - 🔍 Petlove: Buscando NexGard
2026-02-04 20:22:03,631 - scraper_petlove - INFO - Petlove: Nenhum produto encontrado para NexGard
2026-02-04 20:22:03,631 - scraper_base - INFO - ⚪ Petlove: Nenhum produto encontrado para NexGard
2026-02-04 20:22:04,649 - scraper_base - INFO - 📦 [4/20] Processando NexGard Spectra
2026-02-04 20:22:04,649 - scraper_base - INFO - 🔍 Petlove: Buscando NexGard Spectra
2026-02-04 20:22:05,138 - scraper_petlove - INFO - Petlove: Nenhum produto encontrado para NexGard Spectra
2026-02-04 20:22:05,138 - scraper_base - INFO - ⚪ Petlove: Nenhum produto encontrado para NexGard Spectra
2026-02-04 20:22:07,383 - scraper_base - INFO - 📦 [5/20] Processando NexGard Combo
2026-02-04 20:22:07,383 - scraper_base - INFO - 🔍 Petlove: Buscando NexGard Combo
2026-02-04 20:22:09,432 - scraper_base - INFO - ✅ Petlove: 2 produto(s) encontrado(s) para NexGard Combo
2026-02-04 20:22:12,273 - scraper_base - INFO - 📦 [6/20] Processando Bravecto
2026-02-04 20:22:12,273 - scraper_base - INFO - 🔍 Petlove: Buscando Bravecto
2026-02-04 20:22:13,995 - scraper_base - INFO - ✅ Petlove: 23 produto(s) encontrado(s) para Bravecto
2026-02-04 20:22:16,409 - scraper_base - INFO - 📦 [7/20] Processando Frontline
2026-02-04 20:22:16,409 - scraper_base - INFO - 🔍 Petlove: Buscando Frontline
2026-02-04 20:22:17,780 - scraper_base - INFO - ✅ Petlove: 11 produto(s) encontrado(s) para Frontline
2026-02-04 20:22:19,835 - scraper_base - INFO - 📦 [8/20] Processando Advocate
2026-02-04 20:22:19,836 - scraper_base - INFO - 🔍 Petlove: Buscando Advocate
2026-02-04 20:22:21,399 - scraper_base - INFO - ✅ Petlove: 12 produto(s) encontrado(s) para Advocate
2026-02-04 20:22:22,591 - scraper_base - INFO - 📦 [9/20] Processando Drontal
2026-02-04 20:22:22,591 - scraper_base - INFO - 🔍 Petlove: Buscando Drontal
2026-02-04 20:22:24,121 - scraper_base - INFO - ✅ Petlove: 36 produto(s) encontrado(s) para Drontal
2026-02-04 20:22:25,528 - scraper_base - INFO - 📦 [10/20] Processando Milbemax
2026-02-04 20:22:25,528 - scraper_base - INFO - 🔍 Petlove: Buscando Milbemax
2026-02-04 20:22:28,409 - scraper_base - INFO - ✅ Petlove: 15 produto(s) encontrado(s) para Milbemax
2026-02-04 20:22:30,021 - scraper_base - INFO - 📦 [11/20] Processando Vermivet
2026-02-04 20:22:30,022 - scraper_base - INFO - 🔍 Petlove: Buscando Vermivet
2026-02-04 20:22:32,420 - scraper_base - INFO - ✅ Petlove: 36 produto(s) encontrado(s) para Vermivet
2026-02-04 20:22:34,644 - scraper_base - INFO - 📦 [12/20] Processando Rimadyl
2026-02-04 20:22:34,644 - scraper_base - INFO - 🔍 Petlove: Buscando Rimadyl
2026-02-04 20:22:36,196 - scraper_base - INFO - ✅ Petlove: 1 produto(s) encontrado(s) para Rimadyl
2026-02-04 20:22:37,772 - scraper_base - INFO - 📦 [13/20] Processando Onsior
2026-02-04 20:22:37,772 - scraper_base - INFO - 🔍 Petlove: Buscando Onsior
2026-02-04 20:22:39,302 - scraper_base - INFO - ✅ Petlove: 4 produto(s) encontrado(s) para Onsior
2026-02-04 20:22:42,094 - scraper_base - INFO - 📦 [14/20] Processando Maxicam
2026-02-04 20:22:42,094 - scraper_base - INFO - 🔍 Petlove: Buscando Maxicam
2026-02-04 20:22:43,291 - scraper_base - INFO - ✅ Petlove: 3 produto(s) encontrado(s) para Maxicam
2026-02-04 20:22:45,914 - scraper_base - INFO - 📦 [15/20] Processando Carproflan
2026-02-04 20:22:45,914 - scraper_base - INFO - 🔍 Petlove: Buscando Carproflan
2026-02-04 20:22:47,586 - scraper_base - INFO - ✅ Petlove: 8 produto(s) encontrado(s) para Carproflan
2026-02-04 20:22:49,861 - scraper_base - INFO - 📦 [16/20] Processando Previcox
2026-02-04 20:22:49,861 - scraper_base - INFO - 🔍 Petlove: Buscando Previcox
2026-02-04 20:22:52,014 - scraper_base - INFO - ✅ Petlove: 4 produto(s) encontrado(s) para Previcox
2026-02-04 20:22:53,429 - scraper_base - INFO - 📦 [17/20] Processando Apoquel
2026-02-04 20:22:53,429 - scraper_base - INFO - 🔍 Petlove: Buscando Apoquel
2026-02-04 20:22:54,772 - scraper_base - INFO - ✅ Petlove: 16 produto(s) encontrado(s) para Apoquel
2026-02-04 20:22:56,995 - scraper_base - INFO - 📦 [18/20] Processando Zenrelia
2026-02-04 20:22:56,995 - scraper_base - INFO - 🔍 Petlove: Buscando Zenrelia
2026-02-04 20:22:58,539 - scraper_base - INFO - ✅ Petlove: 4 produto(s) encontrado(s) para Zenrelia
2026-02-04 20:23:00,247 - scraper_base - INFO - 📦 [19/20] Processando Synulox
2026-02-04 20:23:00,247 - scraper_base - INFO - 🔍 Petlove: Buscando Synulox
2026-02-04 20:23:01,338 - scraper_base - INFO - ✅ Petlove: 1 produto(s) encontrado(s) para Synulox
2026-02-04 20:23:03,378 - scraper_base - INFO - 📦 [20/20] Processando Baytril
2026-02-04 20:23:03,378 - scraper_base - INFO - 🔍 Petlove: Buscando Baytril
2026-02-04 20:23:05,183 - scraper_base - INFO - ✅ Petlove: 4 produto(s) encontrado(s) para Baytril
2026-02-04 20:23:06,403 - scraper_base - INFO - 📊 Petlove - Estatísticas finais:
2026-02-04 20:23:06,404 - scraper_base - INFO -    • Medicamentos processados: 20
2026-02-04 20:23:06,404 - scraper_base - INFO -    • Produtos encontrados: 180
2026-02-04 20:23:06,404 - scraper_base - INFO -    • Medicamentos sem resultado: 4
2026-02-04 20:23:06,404 - scraper_base - INFO -    • Tempo total: 74.5s
2026-02-04 20:23:06,404 - scraper_base - INFO -    • Tempo médio por medicamento: 3.7s
2026-02-04 20:23:06,440 - gerenciador_arquivos - INFO - Excel salvo: dados_coletados/petlove_20260204_202306.xlsx (180 produtos)
2026-02-04 20:23:06,440 - gerenciador_principal - INFO - Petlove: Arquivo individual salvo com sucesso
2026-02-04 20:23:06,440 - gerenciador_principal - INFO - Pausando entre sites...
2026-02-04 20:23:08,441 - gerenciador_principal - INFO - [3/3] Processando Petz
2026-02-04 20:23:08,441 - scraper_base - INFO - 🚀 Iniciando scraping completo - Petz
2026-02-04 20:23:08,703 - scraper_base - INFO - 📋 20 medicamentos para processar
2026-02-04 20:23:08,704 - scraper_base - INFO - 📦 [1/20] Processando Simparic
2026-02-04 20:23:08,704 - scraper_base - INFO - 🔍 Petz: Buscando Simparic
2026-02-04 20:23:12,867 - scraper_base - INFO - ✅ Petz: 12 produto(s) encontrado(s) para Simparic
2026-02-04 20:23:14,664 - scraper_base - INFO - 📦 [2/20] Processando Revolution
2026-02-04 20:23:14,664 - scraper_base - INFO - 🔍 Petz: Buscando Revolution
2026-02-04 20:23:17,496 - scraper_base - INFO - ✅ Petz: 26 produto(s) encontrado(s) para Revolution
2026-02-04 20:23:18,515 - scraper_base - INFO - 📦 [3/20] Processando NexGard
2026-02-04 20:23:18,515 - scraper_base - INFO - 🔍 Petz: Buscando NexGard
2026-02-04 20:23:20,453 - scraper_base - INFO - ✅ Petz: 22 produto(s) encontrado(s) para NexGard
2026-02-04 20:23:23,250 - scraper_base - INFO - 📦 [4/20] Processando NexGard Spectra
2026-02-04 20:23:23,251 - scraper_base - INFO - 🔍 Petz: Buscando NexGard Spectra
2026-02-04 20:23:24,952 - scraper_base - INFO - ✅ Petz: 10 produto(s) encontrado(s) para NexGard Spectra
2026-02-04 20:23:26,757 - scraper_base - INFO - 📦 [5/20] Processando NexGard Combo
2026-02-04 20:23:26,757 - scraper_base - INFO - 🔍 Petz: Buscando NexGard Combo
2026-02-04 20:23:28,478 - scraper_base - INFO - ✅ Petz: 4 produto(s) encontrado(s) para NexGard Combo
2026-02-04 20:23:29,598 - scraper_base - INFO - 📦 [6/20] Processando Bravecto
2026-02-04 20:23:29,598 - scraper_base - INFO - 🔍 Petz: Buscando Bravecto
2026-02-04 20:23:32,101 - scraper_base - INFO - ✅ Petz: 16 produto(s) encontrado(s) para Bravecto
2026-02-04 20:23:33,702 - scraper_base - INFO - 📦 [7/20] Processando Frontline
2026-02-04 20:23:33,703 - scraper_base - INFO - 🔍 Petz: Buscando Frontline
2026-02-04 20:23:35,611 - scraper_base - INFO - ✅ Petz: 11 produto(s) encontrado(s) para Frontline
2026-02-04 20:23:37,829 - scraper_base - INFO - 📦 [8/20] Processando Advocate
2026-02-04 20:23:37,830 - scraper_base - INFO - 🔍 Petz: Buscando Advocate
2026-02-04 20:23:39,441 - scraper_base - INFO - ✅ Petz: 12 produto(s) encontrado(s) para Advocate
2026-02-04 20:23:40,465 - scraper_base - INFO - 📦 [9/20] Processando Drontal
2026-02-04 20:23:40,465 - scraper_base - INFO - 🔍 Petz: Buscando Drontal
2026-02-04 20:23:43,108 - scraper_base - INFO - ✅ Petz: 30 produto(s) encontrado(s) para Drontal
2026-02-04 20:23:45,913 - scraper_base - INFO - 📦 [10/20] Processando Milbemax
2026-02-04 20:23:45,913 - scraper_base - INFO - 🔍 Petz: Buscando Milbemax
2026-02-04 20:23:47,695 - scraper_base - INFO - ✅ Petz: 4 produto(s) encontrado(s) para Milbemax
2026-02-04 20:23:50,311 - scraper_base - INFO - 📦 [11/20] Processando Vermivet
2026-02-04 20:23:50,311 - scraper_base - INFO - 🔍 Petz: Buscando Vermivet
2026-02-04 20:23:51,964 - scraper_base - INFO - ✅ Petz: 5 produto(s) encontrado(s) para Vermivet
2026-02-04 20:23:53,262 - scraper_base - INFO - 📦 [12/20] Processando Rimadyl
2026-02-04 20:23:53,262 - scraper_base - INFO - 🔍 Petz: Buscando Rimadyl
2026-02-04 20:23:54,853 - scraper_base - INFO - ✅ Petz: 3 produto(s) encontrado(s) para Rimadyl
2026-02-04 20:23:57,749 - scraper_base - INFO - 📦 [13/20] Processando Onsior
2026-02-04 20:23:57,749 - scraper_base - INFO - 🔍 Petz: Buscando Onsior
2026-02-04 20:23:59,313 - scraper_base - INFO - ✅ Petz: 4 produto(s) encontrado(s) para Onsior
2026-02-04 20:24:00,922 - scraper_base - INFO - 📦 [14/20] Processando Maxicam
2026-02-04 20:24:00,922 - scraper_base - INFO - 🔍 Petz: Buscando Maxicam
2026-02-04 20:24:03,419 - scraper_base - INFO - ✅ Petz: 29 produto(s) encontrado(s) para Maxicam
2026-02-04 20:24:05,416 - scraper_base - INFO - 📦 [15/20] Processando Carproflan
2026-02-04 20:24:05,417 - scraper_base - INFO - 🔍 Petz: Buscando Carproflan
2026-02-04 20:24:06,922 - scraper_base - INFO - ✅ Petz: 3 produto(s) encontrado(s) para Carproflan
2026-02-04 20:24:08,633 - scraper_base - INFO - 📦 [16/20] Processando Previcox
2026-02-04 20:24:08,633 - scraper_base - INFO - 🔍 Petz: Buscando Previcox
2026-02-04 20:24:10,152 - scraper_base - INFO - ✅ Petz: 2 produto(s) encontrado(s) para Previcox
2026-02-04 20:24:11,621 - scraper_base - INFO - 📦 [17/20] Processando Apoquel
2026-02-04 20:24:11,621 - scraper_base - INFO - 🔍 Petz: Buscando Apoquel
2026-02-04 20:24:13,359 - scraper_base - INFO - ✅ Petz: 3 produto(s) encontrado(s) para Apoquel
2026-02-04 20:24:16,137 - scraper_base - INFO - 📦 [18/20] Processando Zenrelia
2026-02-04 20:24:16,137 - scraper_base - INFO - 🔍 Petz: Buscando Zenrelia
2026-02-04 20:24:17,708 - scraper_base - INFO - ✅ Petz: 4 produto(s) encontrado(s) para Zenrelia
2026-02-04 20:24:19,315 - scraper_base - INFO - 📦 [19/20] Processando Synulox
2026-02-04 20:24:19,315 - scraper_base - INFO - 🔍 Petz: Buscando Synulox
2026-02-04 20:24:21,256 - scraper_base - INFO - ✅ Petz: 2 produto(s) encontrado(s) para Synulox
2026-02-04 20:24:22,629 - scraper_base - INFO - 📦 [20/20] Processando Baytril
2026-02-04 20:24:22,629 - scraper_base - INFO - 🔍 Petz: Buscando Baytril
2026-02-04 20:24:24,292 - scraper_base - INFO - ✅ Petz: 9 produto(s) encontrado(s) para Baytril
2026-02-04 20:24:26,218 - scraper_base - INFO - 📊 Petz - Estatísticas finais:
2026-02-04 20:24:26,218 - scraper_base - INFO -    • Medicamentos processados: 20
2026-02-04 20:24:26,219 - scraper_base - INFO -    • Produtos encontrados: 211
2026-02-04 20:24:26,219 - scraper_base - INFO -    • Medicamentos sem resultado: 0
2026-02-04 20:24:26,219 - scraper_base - INFO -    • Tempo total: 77.8s
2026-02-04 20:24:26,219 - scraper_base - INFO -    • Tempo médio por medicamento: 3.9s
2026-02-04 20:24:26,263 - gerenciador_arquivos - INFO - Excel salvo: dados_coletados/petz_20260204_202426.xlsx (211 produtos)
2026-02-04 20:24:26,263 - gerenciador_principal - INFO - Petz: Arquivo individual salvo com sucesso
2026-02-04 20:24:26,263 - gerenciador_principal - INFO - Gerando relatório consolidado...
2026-02-04 20:24:26,456 - gerenciador_arquivos - INFO - Relatório consolidado salvo: dados_relatorios/relatorio_consolidado_20260204_202426.xlsx
2026-02-04 20:24:26,595 - gerenciador_conexoes - INFO - Chrome fechado
2026-02-04 20:24:26,595 - gerenciador_conexoes - INFO - Métodos utilizados - Requests: 33.3%, Selenium: 66.7%, Falhas: 0.0%
2026-02-04 20:24:26,595 - gerenciador_principal - INFO - ============================================================
2026-02-04 20:24:26,595 - gerenciador_principal - INFO - RELATORIO FINAL DE EXECUÇÃO
2026-02-04 20:24:26,595 - gerenciador_principal - INFO - ============================================================
2026-02-04 20:24:26,595 - gerenciador_principal - INFO - Sites processados: 3
2026-02-04 20:24:26,595 - gerenciador_principal - INFO - Sites com sucesso: 3
2026-02-04 20:24:26,595 - gerenciador_principal - INFO - Total de produtos coletados: 558
2026-02-04 20:24:26,595 - gerenciador_principal - INFO - Tempo total de execução: 230.9 segundos
2026-02-04 20:24:26,595 - gerenciador_principal - INFO - Estatísticas de conexão:
2026-02-04 20:24:26,595 - gerenciador_principal - INFO -   - Requests bem-sucedidos: 33.3%
2026-02-04 20:24:26,595 - gerenciador_principal - INFO -   - Selenium fallback: 66.7%
2026-02-04 20:24:26,595 - gerenciador_principal - INFO -   - Falhas totais: 0.0%
2026-02-04 20:24:26,597 - gerenciador_principal - INFO - Arquivos salvos na pasta: dados_coletados
2026-02-04 20:24:26,597 - gerenciador_principal - INFO - Total de arquivos: 367
2026-02-04 20:24:26,597 - gerenciador_principal - INFO - ============================================================
