2026-01-11 20:10:51,195 - configurador_logs - INFO - Sistema de logs configurado com sucesso
2026-01-11 20:10:51,195 - configurador_logs - INFO - 🚀 Logs configurados para MODO PRODUÇÃO
2026-01-11 20:10:51,196 - gerenciador_principal - INFO - Inicializando sistema - Modo: PRODUCAO
2026-01-11 20:10:51,196 - gerenciador_arquivos - INFO - Pasta dados_coletados preparada
2026-01-11 20:10:51,196 - gerenciador_principal - INFO - Sistema inicializado com 3 scrapers
2026-01-11 20:10:51,196 - gerenciador_principal - INFO - ============================================================
2026-01-11 20:10:51,196 - gerenciador_principal - INFO - INICIANDO SCRAPING COMPLETO - PRODUCAO
2026-01-11 20:10:51,196 - gerenciador_principal - INFO - ============================================================
2026-01-11 20:10:51,196 - gerenciador_principal - INFO - [1/3] Processando Cobasi
2026-01-11 20:10:51,196 - scraper_base - INFO - 🚀 Iniciando scraping completo - Cobasi
2026-01-11 20:10:51,885 - gerenciador_conexoes - INFO - Sessao estabelecida com cobasi.com.br
2026-01-11 20:10:51,885 - scraper_base - INFO - 📋 20 medicamentos para processar
2026-01-11 20:10:51,885 - scraper_base - INFO - 📦 [1/20] Processando Simparic
2026-01-11 20:10:51,885 - scraper_base - INFO - 🔍 Cobasi: Buscando Simparic
2026-01-11 20:10:53,831 - scraper_cobasi - INFO - Cobasi: Dados extraídos via JSON para Simparic
2026-01-11 20:10:53,831 - scraper_base - INFO - ✅ Cobasi: 12 produto(s) encontrado(s) para Simparic
2026-01-11 20:10:56,238 - scraper_base - INFO - 📦 [2/20] Processando Revolution
2026-01-11 20:10:56,239 - scraper_base - INFO - 🔍 Cobasi: Buscando Revolution
2026-01-11 20:10:58,436 - scraper_cobasi - INFO - Cobasi: Dados extraídos via JSON para Revolution
2026-01-11 20:10:58,436 - scraper_base - INFO - ✅ Cobasi: 18 produto(s) encontrado(s) para Revolution
2026-01-11 20:11:00,808 - scraper_base - INFO - 📦 [3/20] Processando NexGard
2026-01-11 20:11:00,808 - scraper_base - INFO - 🔍 Cobasi: Buscando NexGard
2026-01-11 20:11:03,326 - scraper_cobasi - INFO - Cobasi: Dados extraídos via JSON para NexGard
2026-01-11 20:11:03,326 - scraper_base - INFO - ✅ Cobasi: 22 produto(s) encontrado(s) para NexGard
2026-01-11 20:11:05,452 - scraper_base - INFO - 📦 [4/20] Processando NexGard Spectra
2026-01-11 20:11:05,452 - scraper_base - INFO - 🔍 Cobasi: Buscando NexGard Spectra
2026-01-11 20:11:06,086 - scraper_cobasi - INFO - Cobasi: Dados extraídos via JSON para NexGard Spectra
2026-01-11 20:11:06,086 - scraper_base - INFO - ✅ Cobasi: 10 produto(s) encontrado(s) para NexGard Spectra
2026-01-11 20:11:07,863 - scraper_base - INFO - 📦 [5/20] Processando NexGard Combo
2026-01-11 20:11:07,863 - scraper_base - INFO - 🔍 Cobasi: Buscando NexGard Combo
2026-01-11 20:11:09,449 - scraper_cobasi - INFO - Cobasi: Dados extraídos via JSON para NexGard Combo
2026-01-11 20:11:09,449 - scraper_base - INFO - ✅ Cobasi: 4 produto(s) encontrado(s) para NexGard Combo
2026-01-11 20:11:11,269 - scraper_base - INFO - 📦 [6/20] Processando Bravecto
2026-01-11 20:11:11,269 - scraper_base - INFO - 🔍 Cobasi: Buscando Bravecto
2026-01-11 20:11:11,906 - scraper_cobasi - INFO - Cobasi: Dados extraídos via JSON para Bravecto
2026-01-11 20:11:11,906 - scraper_base - INFO - ✅ Cobasi: 16 produto(s) encontrado(s) para Bravecto
2026-01-11 20:11:13,103 - scraper_base - INFO - 📦 [7/20] Processando Frontline
2026-01-11 20:11:13,103 - scraper_base - INFO - 🔍 Cobasi: Buscando Frontline
2026-01-11 20:11:15,636 - scraper_cobasi - INFO - Cobasi: Dados extraídos via JSON para Frontline
2026-01-11 20:11:15,636 - scraper_base - INFO - ✅ Cobasi: 10 produto(s) encontrado(s) para Frontline
2026-01-11 20:11:17,337 - scraper_base - INFO - 📦 [8/20] Processando Advocate
2026-01-11 20:11:17,337 - scraper_base - INFO - 🔍 Cobasi: Buscando Advocate
2026-01-11 20:11:19,491 - scraper_cobasi - INFO - Cobasi: Dados extraídos via JSON para Advocate
2026-01-11 20:11:19,491 - scraper_base - INFO - ✅ Cobasi: 12 produto(s) encontrado(s) para Advocate
2026-01-11 20:11:22,414 - scraper_base - INFO - 📦 [9/20] Processando Drontal
2026-01-11 20:11:22,414 - scraper_base - INFO - 🔍 Cobasi: Buscando Drontal
2026-01-11 20:11:24,645 - scraper_cobasi - INFO - Cobasi: Dados extraídos via JSON para Drontal
2026-01-11 20:11:24,646 - scraper_base - INFO - ✅ Cobasi: 8 produto(s) encontrado(s) para Drontal
2026-01-11 20:11:26,642 - scraper_base - INFO - 📦 [10/20] Processando Milbemax
2026-01-11 20:11:26,642 - scraper_base - INFO - 🔍 Cobasi: Buscando Milbemax
2026-01-11 20:11:28,754 - scraper_cobasi - INFO - Cobasi: Dados extraídos via JSON para Milbemax
2026-01-11 20:11:28,754 - scraper_base - INFO - ✅ Cobasi: 4 produto(s) encontrado(s) para Milbemax
2026-01-11 20:11:29,911 - scraper_base - INFO - 📦 [11/20] Processando Vermivet
2026-01-11 20:11:29,911 - scraper_base - INFO - 🔍 Cobasi: Buscando Vermivet
2026-01-11 20:11:32,455 - scraper_cobasi - INFO - Cobasi: Dados extraídos via JSON para Vermivet
2026-01-11 20:11:32,455 - scraper_base - INFO - ✅ Cobasi: 5 produto(s) encontrado(s) para Vermivet
2026-01-11 20:11:34,018 - scraper_base - INFO - 📦 [12/20] Processando Rimadyl
2026-01-11 20:11:34,018 - scraper_base - INFO - 🔍 Cobasi: Buscando Rimadyl
2026-01-11 20:11:36,252 - scraper_cobasi - INFO - Cobasi: Dados extraídos via JSON para Rimadyl
2026-01-11 20:11:36,252 - scraper_base - INFO - ✅ Cobasi: 3 produto(s) encontrado(s) para Rimadyl
2026-01-11 20:11:37,761 - scraper_base - INFO - 📦 [13/20] Processando Onsior
2026-01-11 20:11:37,761 - scraper_base - INFO - 🔍 Cobasi: Buscando Onsior
2026-01-11 20:11:39,822 - scraper_cobasi - INFO - Cobasi: Dados extraídos via JSON para Onsior
2026-01-11 20:11:39,822 - scraper_base - INFO - ✅ Cobasi: 4 produto(s) encontrado(s) para Onsior
2026-01-11 20:11:41,857 - scraper_base - INFO - 📦 [14/20] Processando Maxicam
2026-01-11 20:11:41,857 - scraper_base - INFO - 🔍 Cobasi: Buscando Maxicam
2026-01-11 20:11:44,262 - scraper_cobasi - INFO - Cobasi: Dados extraídos via JSON para Maxicam
2026-01-11 20:11:44,262 - scraper_base - INFO - ✅ Cobasi: 21 produto(s) encontrado(s) para Maxicam
2026-01-11 20:11:45,705 - scraper_base - INFO - 📦 [15/20] Processando Carproflan
2026-01-11 20:11:45,705 - scraper_base - INFO - 🔍 Cobasi: Buscando Carproflan
2026-01-11 20:11:47,531 - scraper_cobasi - INFO - Cobasi: Dados extraídos via JSON para Carproflan
2026-01-11 20:11:47,531 - scraper_base - INFO - ✅ Cobasi: 3 produto(s) encontrado(s) para Carproflan
2026-01-11 20:11:49,023 - scraper_base - INFO - 📦 [16/20] Processando Previcox
2026-01-11 20:11:49,024 - scraper_base - INFO - 🔍 Cobasi: Buscando Previcox
2026-01-11 20:11:50,737 - scraper_cobasi - INFO - Cobasi: Dados extraídos via JSON para Previcox
2026-01-11 20:11:50,737 - scraper_base - INFO - ✅ Cobasi: 2 produto(s) encontrado(s) para Previcox
2026-01-11 20:11:52,651 - scraper_base - INFO - 📦 [17/20] Processando Apoquel
2026-01-11 20:11:52,651 - scraper_base - INFO - 🔍 Cobasi: Buscando Apoquel
2026-01-11 20:11:54,893 - scraper_cobasi - INFO - Cobasi: Dados extraídos via JSON para Apoquel
2026-01-11 20:11:54,893 - scraper_base - INFO - ✅ Cobasi: 3 produto(s) encontrado(s) para Apoquel
2026-01-11 20:11:57,317 - scraper_base - INFO - 📦 [18/20] Processando Zenrelia
2026-01-11 20:11:57,317 - scraper_base - INFO - 🔍 Cobasi: Buscando Zenrelia
2026-01-11 20:11:59,384 - scraper_cobasi - INFO - Cobasi: Dados extraídos via JSON para Zenrelia
2026-01-11 20:11:59,384 - scraper_base - INFO - ✅ Cobasi: 4 produto(s) encontrado(s) para Zenrelia
2026-01-11 20:12:02,221 - scraper_base - INFO - 📦 [19/20] Processando Synulox
2026-01-11 20:12:02,222 - scraper_base - INFO - 🔍 Cobasi: Buscando Synulox
2026-01-11 20:12:03,984 - scraper_cobasi - INFO - Cobasi: Dados extraídos via JSON para Synulox
2026-01-11 20:12:03,984 - scraper_base - INFO - ✅ Cobasi: 2 produto(s) encontrado(s) para Synulox
2026-01-11 20:12:06,440 - scraper_base - INFO - 📦 [20/20] Processando Baytril
2026-01-11 20:12:06,440 - scraper_base - INFO - 🔍 Cobasi: Buscando Baytril
2026-01-11 20:12:08,448 - scraper_cobasi - INFO - Cobasi: Dados extraídos via JSON para Baytril
2026-01-11 20:12:08,448 - scraper_base - INFO - ✅ Cobasi: 4 produto(s) encontrado(s) para Baytril
2026-01-11 20:12:10,584 - scraper_base - INFO - 📊 Cobasi - Estatísticas finais:
2026-01-11 20:12:10,584 - scraper_base - INFO -    • Medicamentos processados: 20
2026-01-11 20:12:10,584 - scraper_base - INFO -    • Produtos encontrados: 167
2026-01-11 20:12:10,584 - scraper_base - INFO -    • Medicamentos sem resultado: 0
2026-01-11 20:12:10,584 - scraper_base - INFO -    • Tempo total: 79.4s
2026-01-11 20:12:10,584 - scraper_base - INFO -    • Tempo médio por medicamento: 4.0s
2026-01-11 20:12:10,746 - gerenciador_arquivos - INFO - Excel salvo: dados_coletados/cobasi_20260111_201210.xlsx (167 produtos)
2026-01-11 20:12:10,747 - gerenciador_principal - INFO - Cobasi: Arquivo individual salvo com sucesso
2026-01-11 20:12:10,747 - gerenciador_principal - INFO - Pausando entre sites...
2026-01-11 20:12:12,747 - gerenciador_principal - INFO - [2/3] Processando Petlove
2026-01-11 20:12:12,747 - scraper_base - INFO - 🚀 Iniciando scraping completo - Petlove
2026-01-11 20:12:12,971 - scraper_base - INFO - 📋 20 medicamentos para processar
2026-01-11 20:12:12,972 - scraper_base - INFO - 📦 [1/20] Processando Simparic
2026-01-11 20:12:12,972 - scraper_base - INFO - 🔍 Petlove: Buscando Simparic
2026-01-11 20:12:14,897 - gerenciador_conexoes - INFO - Chrome inicializado com otimizacoes de velocidade
2026-01-11 20:12:17,934 - scraper_base - INFO - ✅ Petlove: 33 produto(s) encontrado(s) para Simparic
2026-01-11 20:12:19,733 - scraper_base - INFO - 📦 [2/20] Processando Revolution
2026-01-11 20:12:19,733 - scraper_base - INFO - 🔍 Petlove: Buscando Revolution
2026-01-11 20:12:21,247 - scraper_base - INFO - ✅ Petlove: 17 produto(s) encontrado(s) para Revolution
2026-01-11 20:12:22,909 - scraper_base - INFO - 📦 [3/20] Processando NexGard
2026-01-11 20:12:22,909 - scraper_base - INFO - 🔍 Petlove: Buscando NexGard
2026-01-11 20:12:24,445 - scraper_base - INFO - ✅ Petlove: 11 produto(s) encontrado(s) para NexGard
2026-01-11 20:12:26,925 - scraper_base - INFO - 📦 [4/20] Processando NexGard Spectra
2026-01-11 20:12:26,925 - scraper_base - INFO - 🔍 Petlove: Buscando NexGard Spectra
2026-01-11 20:12:28,310 - scraper_base - INFO - ✅ Petlove: 5 produto(s) encontrado(s) para NexGard Spectra
2026-01-11 20:12:30,683 - scraper_base - INFO - 📦 [5/20] Processando NexGard Combo
2026-01-11 20:12:30,683 - scraper_base - INFO - 🔍 Petlove: Buscando NexGard Combo
2026-01-11 20:12:31,959 - scraper_base - INFO - ✅ Petlove: 2 produto(s) encontrado(s) para NexGard Combo
2026-01-11 20:12:34,053 - scraper_base - INFO - 📦 [6/20] Processando Bravecto
2026-01-11 20:12:34,053 - scraper_base - INFO - 🔍 Petlove: Buscando Bravecto
2026-01-11 20:12:36,714 - scraper_base - INFO - ✅ Petlove: 23 produto(s) encontrado(s) para Bravecto
2026-01-11 20:12:37,860 - scraper_base - INFO - 📦 [7/20] Processando Frontline
2026-01-11 20:12:37,860 - scraper_base - INFO - 🔍 Petlove: Buscando Frontline
2026-01-11 20:12:39,514 - scraper_base - INFO - ✅ Petlove: 11 produto(s) encontrado(s) para Frontline
2026-01-11 20:12:40,554 - scraper_base - INFO - 📦 [8/20] Processando Advocate
2026-01-11 20:12:40,555 - scraper_base - INFO - 🔍 Petlove: Buscando Advocate
2026-01-11 20:12:42,081 - scraper_base - INFO - ✅ Petlove: 10 produto(s) encontrado(s) para Advocate
2026-01-11 20:12:44,612 - scraper_base - INFO - 📦 [9/20] Processando Drontal
2026-01-11 20:12:44,612 - scraper_base - INFO - 🔍 Petlove: Buscando Drontal
2026-01-11 20:12:46,619 - scraper_base - INFO - ✅ Petlove: 36 produto(s) encontrado(s) para Drontal
2026-01-11 20:12:48,302 - scraper_base - INFO - 📦 [10/20] Processando Milbemax
2026-01-11 20:12:48,302 - scraper_base - INFO - 🔍 Petlove: Buscando Milbemax
2026-01-11 20:12:49,886 - scraper_base - INFO - ✅ Petlove: 14 produto(s) encontrado(s) para Milbemax
2026-01-11 20:12:52,457 - scraper_base - INFO - 📦 [11/20] Processando Vermivet
2026-01-11 20:12:52,457 - scraper_base - INFO - 🔍 Petlove: Buscando Vermivet
2026-01-11 20:12:54,581 - scraper_base - INFO - ✅ Petlove: 36 produto(s) encontrado(s) para Vermivet
2026-01-11 20:12:55,843 - scraper_base - INFO - 📦 [12/20] Processando Rimadyl
2026-01-11 20:12:55,843 - scraper_base - INFO - 🔍 Petlove: Buscando Rimadyl
2026-01-11 20:12:58,164 - scraper_base - INFO - ✅ Petlove: 1 produto(s) encontrado(s) para Rimadyl
2026-01-11 20:13:00,105 - scraper_base - INFO - 📦 [13/20] Processando Onsior
2026-01-11 20:13:00,105 - scraper_base - INFO - 🔍 Petlove: Buscando Onsior
2026-01-11 20:13:01,586 - scraper_base - INFO - ✅ Petlove: 4 produto(s) encontrado(s) para Onsior
2026-01-11 20:13:04,405 - scraper_base - INFO - 📦 [14/20] Processando Maxicam
2026-01-11 20:13:04,406 - scraper_base - INFO - 🔍 Petlove: Buscando Maxicam
2026-01-11 20:13:05,752 - scraper_base - INFO - ✅ Petlove: 4 produto(s) encontrado(s) para Maxicam
2026-01-11 20:13:08,734 - scraper_base - INFO - 📦 [15/20] Processando Carproflan
2026-01-11 20:13:08,734 - scraper_base - INFO - 🔍 Petlove: Buscando Carproflan
2026-01-11 20:13:10,217 - scraper_base - INFO - ✅ Petlove: 8 produto(s) encontrado(s) para Carproflan
2026-01-11 20:13:12,564 - scraper_base - INFO - 📦 [16/20] Processando Previcox
2026-01-11 20:13:12,565 - scraper_base - INFO - 🔍 Petlove: Buscando Previcox
2026-01-11 20:13:14,065 - scraper_base - INFO - ✅ Petlove: 4 produto(s) encontrado(s) para Previcox
2026-01-11 20:13:16,427 - scraper_base - INFO - 📦 [17/20] Processando Apoquel
2026-01-11 20:13:16,427 - scraper_base - INFO - 🔍 Petlove: Buscando Apoquel
2026-01-11 20:13:17,854 - scraper_base - INFO - ✅ Petlove: 16 produto(s) encontrado(s) para Apoquel
2026-01-11 20:13:20,804 - scraper_base - INFO - 📦 [18/20] Processando Zenrelia
2026-01-11 20:13:20,804 - scraper_base - INFO - 🔍 Petlove: Buscando Zenrelia
2026-01-11 20:13:22,857 - scraper_base - INFO - ✅ Petlove: 4 produto(s) encontrado(s) para Zenrelia
2026-01-11 20:13:25,278 - scraper_base - INFO - 📦 [19/20] Processando Synulox
2026-01-11 20:13:25,278 - scraper_base - INFO - 🔍 Petlove: Buscando Synulox
2026-01-11 20:13:26,790 - scraper_base - INFO - ✅ Petlove: 1 produto(s) encontrado(s) para Synulox
2026-01-11 20:13:29,195 - scraper_base - INFO - 📦 [20/20] Processando Baytril
2026-01-11 20:13:29,195 - scraper_base - INFO - 🔍 Petlove: Buscando Baytril
2026-01-11 20:13:30,587 - scraper_base - INFO - ✅ Petlove: 4 produto(s) encontrado(s) para Baytril
2026-01-11 20:13:32,176 - scraper_base - INFO - 📊 Petlove - Estatísticas finais:
2026-01-11 20:13:32,177 - scraper_base - INFO -    • Medicamentos processados: 20
2026-01-11 20:13:32,177 - scraper_base - INFO -    • Produtos encontrados: 244
2026-01-11 20:13:32,177 - scraper_base - INFO -    • Medicamentos sem resultado: 0
2026-01-11 20:13:32,177 - scraper_base - INFO -    • Tempo total: 79.4s
2026-01-11 20:13:32,177 - scraper_base - INFO -    • Tempo médio por medicamento: 4.0s
2026-01-11 20:13:32,221 - gerenciador_arquivos - INFO - Excel salvo: dados_coletados/petlove_20260111_201332.xlsx (244 produtos)
2026-01-11 20:13:32,222 - gerenciador_principal - INFO - Petlove: Arquivo individual salvo com sucesso
2026-01-11 20:13:32,222 - gerenciador_principal - INFO - Pausando entre sites...
2026-01-11 20:13:34,222 - gerenciador_principal - INFO - [3/3] Processando Petz
2026-01-11 20:13:34,222 - scraper_base - INFO - 🚀 Iniciando scraping completo - Petz
2026-01-11 20:13:34,653 - scraper_base - INFO - 📋 20 medicamentos para processar
2026-01-11 20:13:34,653 - scraper_base - INFO - 📦 [1/20] Processando Simparic
2026-01-11 20:13:34,653 - scraper_base - INFO - 🔍 Petz: Buscando Simparic
2026-01-11 20:13:40,052 - scraper_base - INFO - ✅ Petz: 12 produto(s) encontrado(s) para Simparic
2026-01-11 20:13:41,756 - scraper_base - INFO - 📦 [2/20] Processando Revolution
2026-01-11 20:13:41,756 - scraper_base - INFO - 🔍 Petz: Buscando Revolution
2026-01-11 20:13:44,506 - scraper_base - INFO - ✅ Petz: 26 produto(s) encontrado(s) para Revolution
2026-01-11 20:13:46,118 - scraper_base - INFO - 📦 [3/20] Processando NexGard
2026-01-11 20:13:46,118 - scraper_base - INFO - 🔍 Petz: Buscando NexGard
2026-01-11 20:13:48,327 - scraper_base - INFO - ✅ Petz: 22 produto(s) encontrado(s) para NexGard
2026-01-11 20:13:49,663 - scraper_base - INFO - 📦 [4/20] Processando NexGard Spectra
2026-01-11 20:13:49,663 - scraper_base - INFO - 🔍 Petz: Buscando NexGard Spectra
2026-01-11 20:13:51,880 - scraper_base - INFO - ✅ Petz: 10 produto(s) encontrado(s) para NexGard Spectra
2026-01-11 20:13:53,978 - scraper_base - INFO - 📦 [5/20] Processando NexGard Combo
2026-01-11 20:13:53,978 - scraper_base - INFO - 🔍 Petz: Buscando NexGard Combo
2026-01-11 20:13:56,123 - scraper_base - INFO - ✅ Petz: 4 produto(s) encontrado(s) para NexGard Combo
2026-01-11 20:13:58,981 - scraper_base - INFO - 📦 [6/20] Processando Bravecto
2026-01-11 20:13:58,982 - scraper_base - INFO - 🔍 Petz: Buscando Bravecto
2026-01-11 20:14:01,365 - scraper_base - INFO - ✅ Petz: 16 produto(s) encontrado(s) para Bravecto
2026-01-11 20:14:02,934 - scraper_base - INFO - 📦 [7/20] Processando Frontline
2026-01-11 20:14:02,934 - scraper_base - INFO - 🔍 Petz: Buscando Frontline
2026-01-11 20:14:04,951 - scraper_base - INFO - ✅ Petz: 11 produto(s) encontrado(s) para Frontline
2026-01-11 20:14:06,881 - scraper_base - INFO - 📦 [8/20] Processando Advocate
2026-01-11 20:14:06,882 - scraper_base - INFO - 🔍 Petz: Buscando Advocate
2026-01-11 20:14:09,040 - scraper_base - INFO - ✅ Petz: 12 produto(s) encontrado(s) para Advocate
2026-01-11 20:14:10,544 - scraper_base - INFO - 📦 [9/20] Processando Drontal
2026-01-11 20:14:10,544 - scraper_base - INFO - 🔍 Petz: Buscando Drontal
2026-01-11 20:14:13,792 - scraper_base - INFO - ✅ Petz: 32 produto(s) encontrado(s) para Drontal
2026-01-11 20:14:15,474 - scraper_base - INFO - 📦 [10/20] Processando Milbemax
2026-01-11 20:14:15,474 - scraper_base - INFO - 🔍 Petz: Buscando Milbemax
2026-01-11 20:14:17,435 - scraper_base - INFO - ✅ Petz: 4 produto(s) encontrado(s) para Milbemax
2026-01-11 20:14:19,095 - scraper_base - INFO - 📦 [11/20] Processando Vermivet
2026-01-11 20:14:19,095 - scraper_base - INFO - 🔍 Petz: Buscando Vermivet
2026-01-11 20:14:21,112 - scraper_base - INFO - ✅ Petz: 5 produto(s) encontrado(s) para Vermivet
2026-01-11 20:14:24,021 - scraper_base - INFO - 📦 [12/20] Processando Rimadyl
2026-01-11 20:14:24,021 - scraper_base - INFO - 🔍 Petz: Buscando Rimadyl
2026-01-11 20:14:25,828 - scraper_base - INFO - ✅ Petz: 3 produto(s) encontrado(s) para Rimadyl
2026-01-11 20:14:28,114 - scraper_base - INFO - 📦 [13/20] Processando Onsior
2026-01-11 20:14:28,114 - scraper_base - INFO - 🔍 Petz: Buscando Onsior
2026-01-11 20:14:30,155 - scraper_base - INFO - ✅ Petz: 4 produto(s) encontrado(s) para Onsior
2026-01-11 20:14:32,451 - scraper_base - INFO - 📦 [14/20] Processando Maxicam
2026-01-11 20:14:32,451 - scraper_base - INFO - 🔍 Petz: Buscando Maxicam
2026-01-11 20:14:34,857 - scraper_base - INFO - ✅ Petz: 29 produto(s) encontrado(s) para Maxicam
2026-01-11 20:14:37,063 - scraper_base - INFO - 📦 [15/20] Processando Carproflan
2026-01-11 20:14:37,063 - scraper_base - INFO - 🔍 Petz: Buscando Carproflan
2026-01-11 20:14:39,222 - scraper_base - INFO - ✅ Petz: 3 produto(s) encontrado(s) para Carproflan
2026-01-11 20:14:41,995 - scraper_base - INFO - 📦 [16/20] Processando Previcox
2026-01-11 20:14:41,995 - scraper_base - INFO - 🔍 Petz: Buscando Previcox
2026-01-11 20:14:43,748 - scraper_base - INFO - ✅ Petz: 2 produto(s) encontrado(s) para Previcox
2026-01-11 20:14:46,528 - scraper_base - INFO - 📦 [17/20] Processando Apoquel
2026-01-11 20:14:46,528 - scraper_base - INFO - 🔍 Petz: Buscando Apoquel
2026-01-11 20:14:48,376 - scraper_base - INFO - ✅ Petz: 3 produto(s) encontrado(s) para Apoquel
2026-01-11 20:14:50,083 - scraper_base - INFO - 📦 [18/20] Processando Zenrelia
2026-01-11 20:14:50,083 - scraper_base - INFO - 🔍 Petz: Buscando Zenrelia
2026-01-11 20:14:52,148 - scraper_base - INFO - ✅ Petz: 4 produto(s) encontrado(s) para Zenrelia
2026-01-11 20:14:53,655 - scraper_base - INFO - 📦 [19/20] Processando Synulox
2026-01-11 20:14:53,655 - scraper_base - INFO - 🔍 Petz: Buscando Synulox
2026-01-11 20:14:55,233 - scraper_base - INFO - ✅ Petz: 2 produto(s) encontrado(s) para Synulox
2026-01-11 20:14:57,308 - scraper_base - INFO - 📦 [20/20] Processando Baytril
2026-01-11 20:14:57,308 - scraper_base - INFO - 🔍 Petz: Buscando Baytril
2026-01-11 20:14:59,654 - scraper_base - INFO - ✅ Petz: 9 produto(s) encontrado(s) para Baytril
2026-01-11 20:15:01,601 - scraper_base - INFO - 📊 Petz - Estatísticas finais:
2026-01-11 20:15:01,601 - scraper_base - INFO -    • Medicamentos processados: 20
2026-01-11 20:15:01,601 - scraper_base - INFO -    • Produtos encontrados: 213
2026-01-11 20:15:01,601 - scraper_base - INFO -    • Medicamentos sem resultado: 0
2026-01-11 20:15:01,601 - scraper_base - INFO -    • Tempo total: 87.4s
2026-01-11 20:15:01,601 - scraper_base - INFO -    • Tempo médio por medicamento: 4.4s
2026-01-11 20:15:01,708 - gerenciador_arquivos - INFO - Excel salvo: dados_coletados/petz_20260111_201501.xlsx (213 produtos)
2026-01-11 20:15:01,708 - gerenciador_principal - INFO - Petz: Arquivo individual salvo com sucesso
2026-01-11 20:15:01,708 - gerenciador_principal - INFO - Gerando relatório consolidado...
2026-01-11 20:15:01,929 - gerenciador_arquivos - INFO - Relatório consolidado salvo: dados_relatorios/relatorio_consolidado_20260111_201501.xlsx
2026-01-11 20:15:02,064 - gerenciador_conexoes - INFO - Chrome fechado
2026-01-11 20:15:02,064 - gerenciador_conexoes - INFO - Métodos utilizados - Requests: 33.3%, Selenium: 66.7%, Falhas: 0.0%
2026-01-11 20:15:02,064 - gerenciador_principal - INFO - ============================================================
2026-01-11 20:15:02,064 - gerenciador_principal - INFO - RELATORIO FINAL DE EXECUÇÃO
2026-01-11 20:15:02,064 - gerenciador_principal - INFO - ============================================================
2026-01-11 20:15:02,064 - gerenciador_principal - INFO - Sites processados: 3
2026-01-11 20:15:02,064 - gerenciador_principal - INFO - Sites com sucesso: 3
2026-01-11 20:15:02,064 - gerenciador_principal - INFO - Total de produtos coletados: 624
2026-01-11 20:15:02,064 - gerenciador_principal - INFO - Tempo total de execução: 250.5 segundos
2026-01-11 20:15:02,064 - gerenciador_principal - INFO - Estatísticas de conexão:
2026-01-11 20:15:02,065 - gerenciador_principal - INFO -   - Requests bem-sucedidos: 33.3%
2026-01-11 20:15:02,065 - gerenciador_principal - INFO -   - Selenium fallback: 66.7%
2026-01-11 20:15:02,065 - gerenciador_principal - INFO -   - Falhas totais: 0.0%
2026-01-11 20:15:02,066 - gerenciador_principal - INFO - Arquivos salvos na pasta: dados_coletados
2026-01-11 20:15:02,066 - gerenciador_principal - INFO - Total de arquivos: 299
2026-01-11 20:15:02,066 - gerenciador_principal - INFO - ============================================================
