2025-12-30 20:11:14,349 - configurador_logs - INFO - Sistema de logs configurado com sucesso
2025-12-30 20:11:14,349 - configurador_logs - INFO - 🚀 Logs configurados para MODO PRODUÇÃO
2025-12-30 20:11:14,349 - gerenciador_principal - INFO - Inicializando sistema - Modo: PRODUCAO
2025-12-30 20:11:14,350 - gerenciador_arquivos - INFO - Pasta dados_coletados preparada
2025-12-30 20:11:14,350 - gerenciador_principal - INFO - Sistema inicializado com 3 scrapers
2025-12-30 20:11:14,350 - gerenciador_principal - INFO - ============================================================
2025-12-30 20:11:14,350 - gerenciador_principal - INFO - INICIANDO SCRAPING COMPLETO - PRODUCAO
2025-12-30 20:11:14,350 - gerenciador_principal - INFO - ============================================================
2025-12-30 20:11:14,350 - gerenciador_principal - INFO - [1/3] Processando Cobasi
2025-12-30 20:11:14,350 - scraper_base - INFO - 🚀 Iniciando scraping completo - Cobasi
2025-12-30 20:11:15,825 - gerenciador_conexoes - INFO - Sessao estabelecida com cobasi.com.br
2025-12-30 20:11:15,825 - scraper_base - INFO - 📋 20 medicamentos para processar
2025-12-30 20:11:15,826 - scraper_base - INFO - 📦 [1/20] Processando Simparic
2025-12-30 20:11:15,826 - scraper_base - INFO - 🔍 Cobasi: Buscando Simparic
2025-12-30 20:11:18,186 - scraper_cobasi - INFO - Cobasi: Dados extraídos via JSON para Simparic
2025-12-30 20:11:18,186 - scraper_base - INFO - ✅ Cobasi: 12 produto(s) encontrado(s) para Simparic
2025-12-30 20:11:19,709 - scraper_base - INFO - 📦 [2/20] Processando Revolution
2025-12-30 20:11:19,710 - scraper_base - INFO - 🔍 Cobasi: Buscando Revolution
2025-12-30 20:11:22,203 - scraper_cobasi - INFO - Cobasi: Dados extraídos via JSON para Revolution
2025-12-30 20:11:22,203 - scraper_base - INFO - ✅ Cobasi: 18 produto(s) encontrado(s) para Revolution
2025-12-30 20:11:23,584 - scraper_base - INFO - 📦 [3/20] Processando NexGard
2025-12-30 20:11:23,584 - scraper_base - INFO - 🔍 Cobasi: Buscando NexGard
2025-12-30 20:11:26,368 - scraper_cobasi - INFO - Cobasi: Dados extraídos via JSON para NexGard
2025-12-30 20:11:26,368 - scraper_base - INFO - ✅ Cobasi: 22 produto(s) encontrado(s) para NexGard
2025-12-30 20:11:29,170 - scraper_base - INFO - 📦 [4/20] Processando NexGard Spectra
2025-12-30 20:11:29,170 - scraper_base - INFO - 🔍 Cobasi: Buscando NexGard Spectra
2025-12-30 20:11:31,228 - scraper_cobasi - INFO - Cobasi: Dados extraídos via JSON para NexGard Spectra
2025-12-30 20:11:31,228 - scraper_base - INFO - ✅ Cobasi: 10 produto(s) encontrado(s) para NexGard Spectra
2025-12-30 20:11:34,182 - scraper_base - INFO - 📦 [5/20] Processando NexGard Combo
2025-12-30 20:11:34,183 - scraper_base - INFO - 🔍 Cobasi: Buscando NexGard Combo
2025-12-30 20:11:34,718 - scraper_cobasi - INFO - Cobasi: Dados extraídos via JSON para NexGard Combo
2025-12-30 20:11:34,718 - scraper_base - INFO - ✅ Cobasi: 4 produto(s) encontrado(s) para NexGard Combo
2025-12-30 20:11:36,244 - scraper_base - INFO - 📦 [6/20] Processando Bravecto
2025-12-30 20:11:36,245 - scraper_base - INFO - 🔍 Cobasi: Buscando Bravecto
2025-12-30 20:11:39,211 - scraper_cobasi - INFO - Cobasi: Dados extraídos via JSON para Bravecto
2025-12-30 20:11:39,211 - scraper_base - INFO - ✅ Cobasi: 16 produto(s) encontrado(s) para Bravecto
2025-12-30 20:11:40,813 - scraper_base - INFO - 📦 [7/20] Processando Frontline
2025-12-30 20:11:40,813 - scraper_base - INFO - 🔍 Cobasi: Buscando Frontline
2025-12-30 20:11:41,343 - scraper_cobasi - INFO - Cobasi: Dados extraídos via JSON para Frontline
2025-12-30 20:11:41,344 - scraper_base - INFO - ✅ Cobasi: 10 produto(s) encontrado(s) para Frontline
2025-12-30 20:11:43,740 - scraper_base - INFO - 📦 [8/20] Processando Advocate
2025-12-30 20:11:43,740 - scraper_base - INFO - 🔍 Cobasi: Buscando Advocate
2025-12-30 20:11:45,844 - scraper_cobasi - INFO - Cobasi: Dados extraídos via JSON para Advocate
2025-12-30 20:11:45,844 - scraper_base - INFO - ✅ Cobasi: 12 produto(s) encontrado(s) para Advocate
2025-12-30 20:11:47,361 - scraper_base - INFO - 📦 [9/20] Processando Drontal
2025-12-30 20:11:47,361 - scraper_base - INFO - 🔍 Cobasi: Buscando Drontal
2025-12-30 20:11:49,676 - scraper_cobasi - INFO - Cobasi: Dados extraídos via JSON para Drontal
2025-12-30 20:11:49,676 - scraper_base - INFO - ✅ Cobasi: 8 produto(s) encontrado(s) para Drontal
2025-12-30 20:11:50,880 - scraper_base - INFO - 📦 [10/20] Processando Milbemax
2025-12-30 20:11:50,880 - scraper_base - INFO - 🔍 Cobasi: Buscando Milbemax
2025-12-30 20:11:51,905 - scraper_cobasi - INFO - Cobasi: Dados extraídos via JSON para Milbemax
2025-12-30 20:11:51,905 - scraper_base - INFO - ✅ Cobasi: 4 produto(s) encontrado(s) para Milbemax
2025-12-30 20:11:54,832 - scraper_base - INFO - 📦 [11/20] Processando Vermivet
2025-12-30 20:11:54,832 - scraper_base - INFO - 🔍 Cobasi: Buscando Vermivet
2025-12-30 20:11:55,349 - scraper_cobasi - INFO - Cobasi: Dados extraídos via JSON para Vermivet
2025-12-30 20:11:55,349 - scraper_base - INFO - ✅ Cobasi: 5 produto(s) encontrado(s) para Vermivet
2025-12-30 20:11:56,530 - scraper_base - INFO - 📦 [12/20] Processando Rimadyl
2025-12-30 20:11:56,530 - scraper_base - INFO - 🔍 Cobasi: Buscando Rimadyl
2025-12-30 20:11:58,392 - scraper_cobasi - INFO - Cobasi: Dados extraídos via JSON para Rimadyl
2025-12-30 20:11:58,392 - scraper_base - INFO - ✅ Cobasi: 3 produto(s) encontrado(s) para Rimadyl
2025-12-30 20:12:01,126 - scraper_base - INFO - 📦 [13/20] Processando Onsior
2025-12-30 20:12:01,127 - scraper_base - INFO - 🔍 Cobasi: Buscando Onsior
2025-12-30 20:12:03,288 - scraper_cobasi - INFO - Cobasi: Dados extraídos via JSON para Onsior
2025-12-30 20:12:03,288 - scraper_base - INFO - ✅ Cobasi: 4 produto(s) encontrado(s) para Onsior
2025-12-30 20:12:06,010 - scraper_base - INFO - 📦 [14/20] Processando Maxicam
2025-12-30 20:12:06,010 - scraper_base - INFO - 🔍 Cobasi: Buscando Maxicam
2025-12-30 20:12:10,755 - scraper_cobasi - INFO - Cobasi: Dados extraídos via JSON para Maxicam
2025-12-30 20:12:10,755 - scraper_base - INFO - ✅ Cobasi: 20 produto(s) encontrado(s) para Maxicam
2025-12-30 20:12:13,696 - scraper_base - INFO - 📦 [15/20] Processando Carproflan
2025-12-30 20:12:13,696 - scraper_base - INFO - 🔍 Cobasi: Buscando Carproflan
2025-12-30 20:12:15,688 - scraper_cobasi - INFO - Cobasi: Dados extraídos via JSON para Carproflan
2025-12-30 20:12:15,688 - scraper_base - INFO - ✅ Cobasi: 3 produto(s) encontrado(s) para Carproflan
2025-12-30 20:12:18,240 - scraper_base - INFO - 📦 [16/20] Processando Previcox
2025-12-30 20:12:18,240 - scraper_base - INFO - 🔍 Cobasi: Buscando Previcox
2025-12-30 20:12:19,875 - scraper_cobasi - INFO - Cobasi: Dados extraídos via JSON para Previcox
2025-12-30 20:12:19,875 - scraper_base - INFO - ✅ Cobasi: 2 produto(s) encontrado(s) para Previcox
2025-12-30 20:12:21,533 - scraper_base - INFO - 📦 [17/20] Processando Apoquel
2025-12-30 20:12:21,533 - scraper_base - INFO - 🔍 Cobasi: Buscando Apoquel
2025-12-30 20:12:22,549 - scraper_cobasi - INFO - Cobasi: Dados extraídos via JSON para Apoquel
2025-12-30 20:12:22,550 - scraper_base - INFO - ✅ Cobasi: 3 produto(s) encontrado(s) para Apoquel
2025-12-30 20:12:23,806 - scraper_base - INFO - 📦 [18/20] Processando Zenrelia
2025-12-30 20:12:23,807 - scraper_base - INFO - 🔍 Cobasi: Buscando Zenrelia
2025-12-30 20:12:24,380 - scraper_cobasi - INFO - Cobasi: Dados extraídos via JSON para Zenrelia
2025-12-30 20:12:24,380 - scraper_base - INFO - ✅ Cobasi: 4 produto(s) encontrado(s) para Zenrelia
2025-12-30 20:12:26,621 - scraper_base - INFO - 📦 [19/20] Processando Synulox
2025-12-30 20:12:26,621 - scraper_base - INFO - 🔍 Cobasi: Buscando Synulox
2025-12-30 20:12:28,451 - scraper_cobasi - INFO - Cobasi: Dados extraídos via JSON para Synulox
2025-12-30 20:12:28,451 - scraper_base - INFO - ✅ Cobasi: 2 produto(s) encontrado(s) para Synulox
2025-12-30 20:12:29,728 - scraper_base - INFO - 📦 [20/20] Processando Baytril
2025-12-30 20:12:29,728 - scraper_base - INFO - 🔍 Cobasi: Buscando Baytril
2025-12-30 20:12:31,740 - scraper_cobasi - INFO - Cobasi: Dados extraídos via JSON para Baytril
2025-12-30 20:12:31,740 - scraper_base - INFO - ✅ Cobasi: 4 produto(s) encontrado(s) para Baytril
2025-12-30 20:12:33,143 - scraper_base - INFO - 📊 Cobasi - Estatísticas finais:
2025-12-30 20:12:33,143 - scraper_base - INFO -    • Medicamentos processados: 20
2025-12-30 20:12:33,143 - scraper_base - INFO -    • Produtos encontrados: 166
2025-12-30 20:12:33,143 - scraper_base - INFO -    • Medicamentos sem resultado: 0
2025-12-30 20:12:33,143 - scraper_base - INFO -    • Tempo total: 78.8s
2025-12-30 20:12:33,143 - scraper_base - INFO -    • Tempo médio por medicamento: 3.9s
2025-12-30 20:12:33,296 - gerenciador_arquivos - INFO - Excel salvo: dados_coletados/cobasi_20251230_201233.xlsx (166 produtos)
2025-12-30 20:12:33,296 - gerenciador_principal - INFO - Cobasi: Arquivo individual salvo com sucesso
2025-12-30 20:12:33,296 - gerenciador_principal - INFO - Pausando entre sites...
2025-12-30 20:12:35,296 - gerenciador_principal - INFO - [2/3] Processando Petlove
2025-12-30 20:12:35,296 - scraper_base - INFO - 🚀 Iniciando scraping completo - Petlove
2025-12-30 20:12:35,601 - scraper_base - INFO - 📋 20 medicamentos para processar
2025-12-30 20:12:35,601 - scraper_base - INFO - 📦 [1/20] Processando Simparic
2025-12-30 20:12:35,601 - scraper_base - INFO - 🔍 Petlove: Buscando Simparic
2025-12-30 20:12:42,621 - gerenciador_conexoes - INFO - Chrome inicializado com otimizacoes de velocidade
2025-12-30 20:12:45,754 - scraper_base - INFO - ✅ Petlove: 15 produto(s) encontrado(s) para Simparic
2025-12-30 20:12:48,525 - scraper_base - INFO - 📦 [2/20] Processando Revolution
2025-12-30 20:12:48,525 - scraper_base - INFO - 🔍 Petlove: Buscando Revolution
2025-12-30 20:12:50,493 - scraper_base - INFO - ✅ Petlove: 14 produto(s) encontrado(s) para Revolution
2025-12-30 20:12:53,070 - scraper_base - INFO - 📦 [3/20] Processando NexGard
2025-12-30 20:12:53,071 - scraper_base - INFO - 🔍 Petlove: Buscando NexGard
2025-12-30 20:12:54,794 - scraper_base - INFO - ✅ Petlove: 11 produto(s) encontrado(s) para NexGard
2025-12-30 20:12:57,670 - scraper_base - INFO - 📦 [4/20] Processando NexGard Spectra
2025-12-30 20:12:57,670 - scraper_base - INFO - 🔍 Petlove: Buscando NexGard Spectra
2025-12-30 20:12:59,099 - scraper_base - INFO - ✅ Petlove: 5 produto(s) encontrado(s) para NexGard Spectra
2025-12-30 20:13:00,532 - scraper_base - INFO - 📦 [5/20] Processando NexGard Combo
2025-12-30 20:13:00,533 - scraper_base - INFO - 🔍 Petlove: Buscando NexGard Combo
2025-12-30 20:13:01,851 - scraper_base - INFO - ✅ Petlove: 2 produto(s) encontrado(s) para NexGard Combo
2025-12-30 20:13:03,133 - scraper_base - INFO - 📦 [6/20] Processando Bravecto
2025-12-30 20:13:03,133 - scraper_base - INFO - 🔍 Petlove: Buscando Bravecto
2025-12-30 20:13:04,820 - scraper_base - INFO - ✅ Petlove: 23 produto(s) encontrado(s) para Bravecto
2025-12-30 20:13:07,637 - scraper_base - INFO - 📦 [7/20] Processando Frontline
2025-12-30 20:13:07,637 - scraper_base - INFO - 🔍 Petlove: Buscando Frontline
2025-12-30 20:13:09,238 - scraper_base - INFO - ✅ Petlove: 11 produto(s) encontrado(s) para Frontline
2025-12-30 20:13:10,929 - scraper_base - INFO - 📦 [8/20] Processando Advocate
2025-12-30 20:13:10,929 - scraper_base - INFO - 🔍 Petlove: Buscando Advocate
2025-12-30 20:13:12,455 - scraper_base - INFO - ✅ Petlove: 9 produto(s) encontrado(s) para Advocate
2025-12-30 20:13:14,433 - scraper_base - INFO - 📦 [9/20] Processando Drontal
2025-12-30 20:13:14,433 - scraper_base - INFO - 🔍 Petlove: Buscando Drontal
2025-12-30 20:13:16,006 - scraper_base - INFO - ✅ Petlove: 18 produto(s) encontrado(s) para Drontal
2025-12-30 20:13:17,547 - scraper_base - INFO - 📦 [10/20] Processando Milbemax
2025-12-30 20:13:17,547 - scraper_base - INFO - 🔍 Petlove: Buscando Milbemax
2025-12-30 20:13:19,020 - scraper_base - INFO - ✅ Petlove: 4 produto(s) encontrado(s) para Milbemax
2025-12-30 20:13:20,238 - scraper_base - INFO - 📦 [11/20] Processando Vermivet
2025-12-30 20:13:20,238 - scraper_base - INFO - 🔍 Petlove: Buscando Vermivet
2025-12-30 20:13:22,345 - scraper_base - INFO - ✅ Petlove: 36 produto(s) encontrado(s) para Vermivet
2025-12-30 20:13:23,495 - scraper_base - INFO - 📦 [12/20] Processando Rimadyl
2025-12-30 20:13:23,495 - scraper_base - INFO - 🔍 Petlove: Buscando Rimadyl
2025-12-30 20:13:25,213 - scraper_base - INFO - ✅ Petlove: 1 produto(s) encontrado(s) para Rimadyl
2025-12-30 20:13:26,657 - scraper_base - INFO - 📦 [13/20] Processando Onsior
2025-12-30 20:13:26,658 - scraper_base - INFO - 🔍 Petlove: Buscando Onsior
2025-12-30 20:13:28,102 - scraper_base - INFO - ✅ Petlove: 4 produto(s) encontrado(s) para Onsior
2025-12-30 20:13:29,454 - scraper_base - INFO - 📦 [14/20] Processando Maxicam
2025-12-30 20:13:29,454 - scraper_base - INFO - 🔍 Petlove: Buscando Maxicam
2025-12-30 20:13:30,835 - scraper_base - INFO - ✅ Petlove: 4 produto(s) encontrado(s) para Maxicam
2025-12-30 20:13:32,367 - scraper_base - INFO - 📦 [15/20] Processando Carproflan
2025-12-30 20:13:32,367 - scraper_base - INFO - 🔍 Petlove: Buscando Carproflan
2025-12-30 20:13:33,708 - scraper_base - INFO - ✅ Petlove: 4 produto(s) encontrado(s) para Carproflan
2025-12-30 20:13:34,831 - scraper_base - INFO - 📦 [16/20] Processando Previcox
2025-12-30 20:13:34,831 - scraper_base - INFO - 🔍 Petlove: Buscando Previcox
2025-12-30 20:13:36,146 - scraper_base - INFO - ✅ Petlove: 4 produto(s) encontrado(s) para Previcox
2025-12-30 20:13:38,468 - scraper_base - INFO - 📦 [17/20] Processando Apoquel
2025-12-30 20:13:38,468 - scraper_base - INFO - 🔍 Petlove: Buscando Apoquel
2025-12-30 20:13:39,940 - scraper_base - INFO - ✅ Petlove: 16 produto(s) encontrado(s) para Apoquel
2025-12-30 20:13:42,499 - scraper_base - INFO - 📦 [18/20] Processando Zenrelia
2025-12-30 20:13:42,499 - scraper_base - INFO - 🔍 Petlove: Buscando Zenrelia
2025-12-30 20:13:43,859 - scraper_base - INFO - ✅ Petlove: 4 produto(s) encontrado(s) para Zenrelia
2025-12-30 20:13:45,187 - scraper_base - INFO - 📦 [19/20] Processando Synulox
2025-12-30 20:13:45,187 - scraper_base - INFO - 🔍 Petlove: Buscando Synulox
2025-12-30 20:13:46,683 - scraper_base - INFO - ✅ Petlove: 1 produto(s) encontrado(s) para Synulox
2025-12-30 20:13:48,685 - scraper_base - INFO - 📦 [20/20] Processando Baytril
2025-12-30 20:13:48,685 - scraper_base - INFO - 🔍 Petlove: Buscando Baytril
2025-12-30 20:13:50,274 - scraper_base - INFO - ✅ Petlove: 4 produto(s) encontrado(s) para Baytril
2025-12-30 20:13:52,102 - scraper_base - INFO - 📊 Petlove - Estatísticas finais:
2025-12-30 20:13:52,102 - scraper_base - INFO -    • Medicamentos processados: 20
2025-12-30 20:13:52,102 - scraper_base - INFO -    • Produtos encontrados: 190
2025-12-30 20:13:52,103 - scraper_base - INFO -    • Medicamentos sem resultado: 0
2025-12-30 20:13:52,103 - scraper_base - INFO -    • Tempo total: 76.8s
2025-12-30 20:13:52,103 - scraper_base - INFO -    • Tempo médio por medicamento: 3.8s
2025-12-30 20:13:52,141 - gerenciador_arquivos - INFO - Excel salvo: dados_coletados/petlove_20251230_201352.xlsx (190 produtos)
2025-12-30 20:13:52,141 - gerenciador_principal - INFO - Petlove: Arquivo individual salvo com sucesso
2025-12-30 20:13:52,141 - gerenciador_principal - INFO - Pausando entre sites...
2025-12-30 20:13:54,142 - gerenciador_principal - INFO - [3/3] Processando Petz
2025-12-30 20:13:54,142 - scraper_base - INFO - 🚀 Iniciando scraping completo - Petz
2025-12-30 20:13:54,455 - scraper_base - INFO - 📋 20 medicamentos para processar
2025-12-30 20:13:54,455 - scraper_base - INFO - 📦 [1/20] Processando Simparic
2025-12-30 20:13:54,455 - scraper_base - INFO - 🔍 Petz: Buscando Simparic
2025-12-30 20:13:59,483 - scraper_base - INFO - ✅ Petz: 12 produto(s) encontrado(s) para Simparic
2025-12-30 20:14:02,260 - scraper_base - INFO - 📦 [2/20] Processando Revolution
2025-12-30 20:14:02,260 - scraper_base - INFO - 🔍 Petz: Buscando Revolution
2025-12-30 20:14:04,914 - scraper_base - INFO - ✅ Petz: 26 produto(s) encontrado(s) para Revolution
2025-12-30 20:14:07,120 - scraper_base - INFO - 📦 [3/20] Processando NexGard
2025-12-30 20:14:07,121 - scraper_base - INFO - 🔍 Petz: Buscando NexGard
2025-12-30 20:14:09,521 - scraper_base - INFO - ✅ Petz: 22 produto(s) encontrado(s) para NexGard
2025-12-30 20:14:11,378 - scraper_base - INFO - 📦 [4/20] Processando NexGard Spectra
2025-12-30 20:14:11,379 - scraper_base - INFO - 🔍 Petz: Buscando NexGard Spectra
2025-12-30 20:14:13,485 - scraper_base - INFO - ✅ Petz: 10 produto(s) encontrado(s) para NexGard Spectra
2025-12-30 20:14:14,995 - scraper_base - INFO - 📦 [5/20] Processando NexGard Combo
2025-12-30 20:14:14,995 - scraper_base - INFO - 🔍 Petz: Buscando NexGard Combo
2025-12-30 20:14:16,824 - scraper_base - INFO - ✅ Petz: 4 produto(s) encontrado(s) para NexGard Combo
2025-12-30 20:14:19,495 - scraper_base - INFO - 📦 [6/20] Processando Bravecto
2025-12-30 20:14:19,495 - scraper_base - INFO - 🔍 Petz: Buscando Bravecto
2025-12-30 20:14:21,915 - scraper_base - INFO - ✅ Petz: 16 produto(s) encontrado(s) para Bravecto
2025-12-30 20:14:24,075 - scraper_base - INFO - 📦 [7/20] Processando Frontline
2025-12-30 20:14:24,076 - scraper_base - INFO - 🔍 Petz: Buscando Frontline
2025-12-30 20:14:25,995 - scraper_base - INFO - ✅ Petz: 11 produto(s) encontrado(s) para Frontline
2025-12-30 20:14:27,174 - scraper_base - INFO - 📦 [8/20] Processando Advocate
2025-12-30 20:14:27,174 - scraper_base - INFO - 🔍 Petz: Buscando Advocate
2025-12-30 20:14:29,057 - scraper_base - INFO - ✅ Petz: 12 produto(s) encontrado(s) para Advocate
2025-12-30 20:14:30,895 - scraper_base - INFO - 📦 [9/20] Processando Drontal
2025-12-30 20:14:30,895 - scraper_base - INFO - 🔍 Petz: Buscando Drontal
2025-12-30 20:14:34,210 - scraper_base - INFO - ✅ Petz: 28 produto(s) encontrado(s) para Drontal
2025-12-30 20:14:36,735 - scraper_base - INFO - 📦 [10/20] Processando Milbemax
2025-12-30 20:14:36,735 - scraper_base - INFO - 🔍 Petz: Buscando Milbemax
2025-12-30 20:14:38,450 - scraper_base - INFO - ✅ Petz: 4 produto(s) encontrado(s) para Milbemax
2025-12-30 20:14:40,848 - scraper_base - INFO - 📦 [11/20] Processando Vermivet
2025-12-30 20:14:40,848 - scraper_base - INFO - 🔍 Petz: Buscando Vermivet
2025-12-30 20:14:42,735 - scraper_base - INFO - ✅ Petz: 5 produto(s) encontrado(s) para Vermivet
2025-12-30 20:14:44,911 - scraper_base - INFO - 📦 [12/20] Processando Rimadyl
2025-12-30 20:14:44,911 - scraper_base - INFO - 🔍 Petz: Buscando Rimadyl
2025-12-30 20:14:46,531 - scraper_base - INFO - ✅ Petz: 3 produto(s) encontrado(s) para Rimadyl
2025-12-30 20:14:49,131 - scraper_base - INFO - 📦 [13/20] Processando Onsior
2025-12-30 20:14:49,131 - scraper_base - INFO - 🔍 Petz: Buscando Onsior
2025-12-30 20:14:50,726 - scraper_base - INFO - ✅ Petz: 4 produto(s) encontrado(s) para Onsior
2025-12-30 20:14:52,789 - scraper_base - INFO - 📦 [14/20] Processando Maxicam
2025-12-30 20:14:52,789 - scraper_base - INFO - 🔍 Petz: Buscando Maxicam
2025-12-30 20:14:55,308 - scraper_base - INFO - ✅ Petz: 31 produto(s) encontrado(s) para Maxicam
2025-12-30 20:14:57,041 - scraper_base - INFO - 📦 [15/20] Processando Carproflan
2025-12-30 20:14:57,041 - scraper_base - INFO - 🔍 Petz: Buscando Carproflan
2025-12-30 20:14:58,865 - scraper_base - INFO - ✅ Petz: 3 produto(s) encontrado(s) para Carproflan
2025-12-30 20:15:01,621 - scraper_base - INFO - 📦 [16/20] Processando Previcox
2025-12-30 20:15:01,621 - scraper_base - INFO - 🔍 Petz: Buscando Previcox
2025-12-30 20:15:03,314 - scraper_base - INFO - ✅ Petz: 2 produto(s) encontrado(s) para Previcox
2025-12-30 20:15:05,194 - scraper_base - INFO - 📦 [17/20] Processando Apoquel
2025-12-30 20:15:05,194 - scraper_base - INFO - 🔍 Petz: Buscando Apoquel
2025-12-30 20:15:06,826 - scraper_base - INFO - ✅ Petz: 3 produto(s) encontrado(s) para Apoquel
2025-12-30 20:15:09,547 - scraper_base - INFO - 📦 [18/20] Processando Zenrelia
2025-12-30 20:15:09,547 - scraper_base - INFO - 🔍 Petz: Buscando Zenrelia
2025-12-30 20:15:11,296 - scraper_base - INFO - ✅ Petz: 4 produto(s) encontrado(s) para Zenrelia
2025-12-30 20:15:13,986 - scraper_base - INFO - 📦 [19/20] Processando Synulox
2025-12-30 20:15:13,987 - scraper_base - INFO - 🔍 Petz: Buscando Synulox
2025-12-30 20:15:15,718 - scraper_base - INFO - ✅ Petz: 2 produto(s) encontrado(s) para Synulox
2025-12-30 20:15:18,210 - scraper_base - INFO - 📦 [20/20] Processando Baytril
2025-12-30 20:15:18,210 - scraper_base - INFO - 🔍 Petz: Buscando Baytril
2025-12-30 20:15:20,235 - scraper_base - INFO - ✅ Petz: 10 produto(s) encontrado(s) para Baytril
2025-12-30 20:15:22,378 - scraper_base - INFO - 📊 Petz - Estatísticas finais:
2025-12-30 20:15:22,378 - scraper_base - INFO -    • Medicamentos processados: 20
2025-12-30 20:15:22,378 - scraper_base - INFO -    • Produtos encontrados: 212
2025-12-30 20:15:22,379 - scraper_base - INFO -    • Medicamentos sem resultado: 0
2025-12-30 20:15:22,379 - scraper_base - INFO -    • Tempo total: 88.2s
2025-12-30 20:15:22,379 - scraper_base - INFO -    • Tempo médio por medicamento: 4.4s
2025-12-30 20:15:22,422 - gerenciador_arquivos - INFO - Excel salvo: dados_coletados/petz_20251230_201522.xlsx (212 produtos)
2025-12-30 20:15:22,422 - gerenciador_principal - INFO - Petz: Arquivo individual salvo com sucesso
2025-12-30 20:15:22,423 - gerenciador_principal - INFO - Gerando relatório consolidado...
2025-12-30 20:15:22,682 - gerenciador_arquivos - INFO - Relatório consolidado salvo: dados_relatorios/relatorio_consolidado_20251230_201522.xlsx
2025-12-30 20:15:22,812 - gerenciador_conexoes - INFO - Chrome fechado
2025-12-30 20:15:22,812 - gerenciador_conexoes - INFO - Métodos utilizados - Requests: 33.3%, Selenium: 66.7%, Falhas: 0.0%
2025-12-30 20:15:22,813 - gerenciador_principal - INFO - ============================================================
2025-12-30 20:15:22,813 - gerenciador_principal - INFO - RELATORIO FINAL DE EXECUÇÃO
2025-12-30 20:15:22,813 - gerenciador_principal - INFO - ============================================================
2025-12-30 20:15:22,813 - gerenciador_principal - INFO - Sites processados: 3
2025-12-30 20:15:22,813 - gerenciador_principal - INFO - Sites com sucesso: 3
2025-12-30 20:15:22,813 - gerenciador_principal - INFO - Total de produtos coletados: 568
2025-12-30 20:15:22,813 - gerenciador_principal - INFO - Tempo total de execução: 248.1 segundos
2025-12-30 20:15:22,813 - gerenciador_principal - INFO - Estatísticas de conexão:
2025-12-30 20:15:22,813 - gerenciador_principal - INFO -   - Requests bem-sucedidos: 33.3%
2025-12-30 20:15:22,813 - gerenciador_principal - INFO -   - Selenium fallback: 66.7%
2025-12-30 20:15:22,813 - gerenciador_principal - INFO -   - Falhas totais: 0.0%
2025-12-30 20:15:22,815 - gerenciador_principal - INFO - Arquivos salvos na pasta: dados_coletados
2025-12-30 20:15:22,815 - gerenciador_principal - INFO - Total de arquivos: 264
2025-12-30 20:15:22,815 - gerenciador_principal - INFO - ============================================================
