2026-02-15 20:12:44,453 - configurador_logs - INFO - Sistema de logs configurado com sucesso
2026-02-15 20:12:44,453 - configurador_logs - INFO - 🚀 Logs configurados para MODO PRODUÇÃO
2026-02-15 20:12:44,453 - gerenciador_principal - INFO - Inicializando sistema - Modo: PRODUCAO
2026-02-15 20:12:44,453 - gerenciador_arquivos - INFO - Pasta dados_coletados preparada
2026-02-15 20:12:44,453 - gerenciador_principal - INFO - Sistema inicializado com 3 scrapers
2026-02-15 20:12:44,453 - gerenciador_principal - INFO - ============================================================
2026-02-15 20:12:44,453 - gerenciador_principal - INFO - INICIANDO SCRAPING COMPLETO - PRODUCAO
2026-02-15 20:12:44,453 - gerenciador_principal - INFO - ============================================================
2026-02-15 20:12:44,453 - gerenciador_principal - INFO - [1/3] Processando Cobasi
2026-02-15 20:12:44,454 - scraper_base - INFO - 🚀 Iniciando scraping completo - Cobasi
2026-02-15 20:12:44,803 - gerenciador_conexoes - INFO - Sessao estabelecida com cobasi.com.br
2026-02-15 20:12:44,803 - scraper_base - INFO - 📋 20 medicamentos para processar
2026-02-15 20:12:44,803 - scraper_base - INFO - 📦 [1/20] Processando Simparic
2026-02-15 20:12:44,804 - scraper_base - INFO - 🔍 Cobasi: Buscando Simparic
2026-02-15 20:12:47,450 - scraper_cobasi - INFO - Cobasi: Dados extraídos via JSON para Simparic
2026-02-15 20:12:47,450 - scraper_base - INFO - ✅ Cobasi: 12 produto(s) encontrado(s) para Simparic
2026-02-15 20:12:48,519 - scraper_base - INFO - 📦 [2/20] Processando Revolution
2026-02-15 20:12:48,519 - scraper_base - INFO - 🔍 Cobasi: Buscando Revolution
2026-02-15 20:12:50,632 - scraper_cobasi - INFO - Cobasi: Dados extraídos via JSON para Revolution
2026-02-15 20:12:50,632 - scraper_base - INFO - ✅ Cobasi: 18 produto(s) encontrado(s) para Revolution
2026-02-15 20:12:52,864 - scraper_base - INFO - 📦 [3/20] Processando NexGard
2026-02-15 20:12:52,864 - scraper_base - INFO - 🔍 Cobasi: Buscando NexGard
2026-02-15 20:12:55,308 - scraper_cobasi - INFO - Cobasi: Dados extraídos via JSON para NexGard
2026-02-15 20:12:55,308 - scraper_base - INFO - ✅ Cobasi: 22 produto(s) encontrado(s) para NexGard
2026-02-15 20:12:57,448 - scraper_base - INFO - 📦 [4/20] Processando NexGard Spectra
2026-02-15 20:12:57,448 - scraper_base - INFO - 🔍 Cobasi: Buscando NexGard Spectra
2026-02-15 20:12:59,438 - scraper_cobasi - INFO - Cobasi: Dados extraídos via JSON para NexGard Spectra
2026-02-15 20:12:59,438 - scraper_base - INFO - ✅ Cobasi: 10 produto(s) encontrado(s) para NexGard Spectra
2026-02-15 20:13:00,596 - scraper_base - INFO - 📦 [5/20] Processando NexGard Combo
2026-02-15 20:13:00,596 - scraper_base - INFO - 🔍 Cobasi: Buscando NexGard Combo
2026-02-15 20:13:02,289 - scraper_cobasi - INFO - Cobasi: Dados extraídos via JSON para NexGard Combo
2026-02-15 20:13:02,289 - scraper_base - INFO - ✅ Cobasi: 4 produto(s) encontrado(s) para NexGard Combo
2026-02-15 20:13:03,634 - scraper_base - INFO - 📦 [6/20] Processando Bravecto
2026-02-15 20:13:03,634 - scraper_base - INFO - 🔍 Cobasi: Buscando Bravecto
2026-02-15 20:13:06,409 - scraper_cobasi - INFO - Cobasi: Dados extraídos via JSON para Bravecto
2026-02-15 20:13:06,410 - scraper_base - INFO - ✅ Cobasi: 16 produto(s) encontrado(s) para Bravecto
2026-02-15 20:13:07,988 - scraper_base - INFO - 📦 [7/20] Processando Frontline
2026-02-15 20:13:07,988 - scraper_base - INFO - 🔍 Cobasi: Buscando Frontline
2026-02-15 20:13:10,656 - scraper_cobasi - INFO - Cobasi: Dados extraídos via JSON para Frontline
2026-02-15 20:13:10,656 - scraper_base - INFO - ✅ Cobasi: 10 produto(s) encontrado(s) para Frontline
2026-02-15 20:13:13,378 - scraper_base - INFO - 📦 [8/20] Processando Advocate
2026-02-15 20:13:13,378 - scraper_base - INFO - 🔍 Cobasi: Buscando Advocate
2026-02-15 20:13:16,071 - scraper_cobasi - INFO - Cobasi: Dados extraídos via JSON para Advocate
2026-02-15 20:13:16,071 - scraper_base - INFO - ✅ Cobasi: 12 produto(s) encontrado(s) para Advocate
2026-02-15 20:13:18,023 - scraper_base - INFO - 📦 [9/20] Processando Drontal
2026-02-15 20:13:18,023 - scraper_base - INFO - 🔍 Cobasi: Buscando Drontal
2026-02-15 20:13:19,980 - scraper_cobasi - INFO - Cobasi: Dados extraídos via JSON para Drontal
2026-02-15 20:13:19,981 - scraper_base - INFO - ✅ Cobasi: 8 produto(s) encontrado(s) para Drontal
2026-02-15 20:13:22,011 - scraper_base - INFO - 📦 [10/20] Processando Milbemax
2026-02-15 20:13:22,012 - scraper_base - INFO - 🔍 Cobasi: Buscando Milbemax
2026-02-15 20:13:23,868 - scraper_cobasi - INFO - Cobasi: Dados extraídos via JSON para Milbemax
2026-02-15 20:13:23,868 - scraper_base - INFO - ✅ Cobasi: 4 produto(s) encontrado(s) para Milbemax
2026-02-15 20:13:26,858 - scraper_base - INFO - 📦 [11/20] Processando Vermivet
2026-02-15 20:13:26,859 - scraper_base - INFO - 🔍 Cobasi: Buscando Vermivet
2026-02-15 20:13:28,959 - scraper_cobasi - INFO - Cobasi: Dados extraídos via JSON para Vermivet
2026-02-15 20:13:28,960 - scraper_base - INFO - ✅ Cobasi: 5 produto(s) encontrado(s) para Vermivet
2026-02-15 20:13:31,209 - scraper_base - INFO - 📦 [12/20] Processando Rimadyl
2026-02-15 20:13:31,209 - scraper_base - INFO - 🔍 Cobasi: Buscando Rimadyl
2026-02-15 20:13:33,128 - scraper_cobasi - INFO - Cobasi: Dados extraídos via JSON para Rimadyl
2026-02-15 20:13:33,128 - scraper_base - INFO - ✅ Cobasi: 3 produto(s) encontrado(s) para Rimadyl
2026-02-15 20:13:35,423 - scraper_base - INFO - 📦 [13/20] Processando Onsior
2026-02-15 20:13:35,423 - scraper_base - INFO - 🔍 Cobasi: Buscando Onsior
2026-02-15 20:13:37,832 - scraper_cobasi - INFO - Cobasi: Dados extraídos via JSON para Onsior
2026-02-15 20:13:37,832 - scraper_base - INFO - ✅ Cobasi: 4 produto(s) encontrado(s) para Onsior
2026-02-15 20:13:40,081 - scraper_base - INFO - 📦 [14/20] Processando Maxicam
2026-02-15 20:13:40,082 - scraper_base - INFO - 🔍 Cobasi: Buscando Maxicam
2026-02-15 20:13:43,502 - scraper_cobasi - INFO - Cobasi: Dados extraídos via JSON para Maxicam
2026-02-15 20:13:43,502 - scraper_base - INFO - ✅ Cobasi: 21 produto(s) encontrado(s) para Maxicam
2026-02-15 20:13:44,862 - scraper_base - INFO - 📦 [15/20] Processando Carproflan
2026-02-15 20:13:44,862 - scraper_base - INFO - 🔍 Cobasi: Buscando Carproflan
2026-02-15 20:13:46,590 - scraper_cobasi - INFO - Cobasi: Dados extraídos via JSON para Carproflan
2026-02-15 20:13:46,590 - scraper_base - INFO - ✅ Cobasi: 3 produto(s) encontrado(s) para Carproflan
2026-02-15 20:13:49,250 - scraper_base - INFO - 📦 [16/20] Processando Previcox
2026-02-15 20:13:49,250 - scraper_base - INFO - 🔍 Cobasi: Buscando Previcox
2026-02-15 20:13:50,830 - scraper_cobasi - INFO - Cobasi: Dados extraídos via JSON para Previcox
2026-02-15 20:13:50,831 - scraper_base - INFO - ✅ Cobasi: 2 produto(s) encontrado(s) para Previcox
2026-02-15 20:13:53,099 - scraper_base - INFO - 📦 [17/20] Processando Apoquel
2026-02-15 20:13:53,099 - scraper_base - INFO - 🔍 Cobasi: Buscando Apoquel
2026-02-15 20:13:54,820 - scraper_cobasi - INFO - Cobasi: Dados extraídos via JSON para Apoquel
2026-02-15 20:13:54,821 - scraper_base - INFO - ✅ Cobasi: 3 produto(s) encontrado(s) para Apoquel
2026-02-15 20:13:55,966 - scraper_base - INFO - 📦 [18/20] Processando Zenrelia
2026-02-15 20:13:55,966 - scraper_base - INFO - 🔍 Cobasi: Buscando Zenrelia
2026-02-15 20:13:58,054 - scraper_cobasi - INFO - Cobasi: Dados extraídos via JSON para Zenrelia
2026-02-15 20:13:58,054 - scraper_base - INFO - ✅ Cobasi: 4 produto(s) encontrado(s) para Zenrelia
2026-02-15 20:13:59,306 - scraper_base - INFO - 📦 [19/20] Processando Synulox
2026-02-15 20:13:59,306 - scraper_base - INFO - 🔍 Cobasi: Buscando Synulox
2026-02-15 20:14:01,009 - scraper_cobasi - INFO - Cobasi: Dados extraídos via JSON para Synulox
2026-02-15 20:14:01,009 - scraper_base - INFO - ✅ Cobasi: 2 produto(s) encontrado(s) para Synulox
2026-02-15 20:14:02,289 - scraper_base - INFO - 📦 [20/20] Processando Baytril
2026-02-15 20:14:02,289 - scraper_base - INFO - 🔍 Cobasi: Buscando Baytril
2026-02-15 20:14:04,260 - scraper_cobasi - INFO - Cobasi: Dados extraídos via JSON para Baytril
2026-02-15 20:14:04,260 - scraper_base - INFO - ✅ Cobasi: 4 produto(s) encontrado(s) para Baytril
2026-02-15 20:14:05,679 - scraper_base - INFO - 📊 Cobasi - Estatísticas finais:
2026-02-15 20:14:05,680 - scraper_base - INFO -    • Medicamentos processados: 20
2026-02-15 20:14:05,680 - scraper_base - INFO -    • Produtos encontrados: 167
2026-02-15 20:14:05,680 - scraper_base - INFO -    • Medicamentos sem resultado: 0
2026-02-15 20:14:05,680 - scraper_base - INFO -    • Tempo total: 81.2s
2026-02-15 20:14:05,680 - scraper_base - INFO -    • Tempo médio por medicamento: 4.1s
2026-02-15 20:14:05,822 - gerenciador_arquivos - INFO - Excel salvo: dados_coletados/cobasi_20260215_201405.xlsx (167 produtos)
2026-02-15 20:14:05,822 - gerenciador_principal - INFO - Cobasi: Arquivo individual salvo com sucesso
2026-02-15 20:14:05,822 - gerenciador_principal - INFO - Pausando entre sites...
2026-02-15 20:14:07,822 - gerenciador_principal - INFO - [2/3] Processando Petlove
2026-02-15 20:14:07,823 - scraper_base - INFO - 🚀 Iniciando scraping completo - Petlove
2026-02-15 20:14:08,026 - scraper_base - INFO - 📋 20 medicamentos para processar
2026-02-15 20:14:08,026 - scraper_base - INFO - 📦 [1/20] Processando Simparic
2026-02-15 20:14:08,026 - scraper_base - INFO - 🔍 Petlove: Buscando Simparic
2026-02-15 20:14:14,337 - gerenciador_conexoes - INFO - Chrome inicializado com otimizacoes de velocidade
2026-02-15 20:14:17,321 - scraper_base - INFO - ✅ Petlove: 36 produto(s) encontrado(s) para Simparic
2026-02-15 20:14:20,291 - scraper_base - INFO - 📦 [2/20] Processando Revolution
2026-02-15 20:14:20,291 - scraper_base - INFO - 🔍 Petlove: Buscando Revolution
2026-02-15 20:14:25,684 - scraper_base - INFO - ✅ Petlove: 19 produto(s) encontrado(s) para Revolution
2026-02-15 20:14:27,000 - scraper_base - INFO - 📦 [3/20] Processando NexGard
2026-02-15 20:14:27,000 - scraper_base - INFO - 🔍 Petlove: Buscando NexGard
2026-02-15 20:14:28,526 - scraper_base - INFO - ✅ Petlove: 11 produto(s) encontrado(s) para NexGard
2026-02-15 20:14:29,646 - scraper_base - INFO - 📦 [4/20] Processando NexGard Spectra
2026-02-15 20:14:29,646 - scraper_base - INFO - 🔍 Petlove: Buscando NexGard Spectra
2026-02-15 20:14:30,923 - scraper_base - INFO - ✅ Petlove: 5 produto(s) encontrado(s) para NexGard Spectra
2026-02-15 20:14:32,664 - scraper_base - INFO - 📦 [5/20] Processando NexGard Combo
2026-02-15 20:14:32,664 - scraper_base - INFO - 🔍 Petlove: Buscando NexGard Combo
2026-02-15 20:14:33,830 - scraper_base - INFO - ✅ Petlove: 2 produto(s) encontrado(s) para NexGard Combo
2026-02-15 20:14:36,268 - scraper_base - INFO - 📦 [6/20] Processando Bravecto
2026-02-15 20:14:36,268 - scraper_base - INFO - 🔍 Petlove: Buscando Bravecto
2026-02-15 20:14:37,958 - scraper_base - INFO - ✅ Petlove: 23 produto(s) encontrado(s) para Bravecto
2026-02-15 20:14:40,096 - scraper_base - INFO - 📦 [7/20] Processando Frontline
2026-02-15 20:14:40,096 - scraper_base - INFO - 🔍 Petlove: Buscando Frontline
2026-02-15 20:14:41,752 - scraper_base - INFO - ✅ Petlove: 11 produto(s) encontrado(s) para Frontline
2026-02-15 20:14:44,446 - scraper_base - INFO - 📦 [8/20] Processando Advocate
2026-02-15 20:14:44,446 - scraper_base - INFO - 🔍 Petlove: Buscando Advocate
2026-02-15 20:14:46,183 - scraper_base - INFO - ✅ Petlove: 12 produto(s) encontrado(s) para Advocate
2026-02-15 20:14:49,052 - scraper_base - INFO - 📦 [9/20] Processando Drontal
2026-02-15 20:14:49,052 - scraper_base - INFO - 🔍 Petlove: Buscando Drontal
2026-02-15 20:14:50,644 - scraper_base - INFO - ✅ Petlove: 36 produto(s) encontrado(s) para Drontal
2026-02-15 20:14:52,118 - scraper_base - INFO - 📦 [10/20] Processando Milbemax
2026-02-15 20:14:52,118 - scraper_base - INFO - 🔍 Petlove: Buscando Milbemax
2026-02-15 20:14:53,773 - scraper_base - INFO - ✅ Petlove: 14 produto(s) encontrado(s) para Milbemax
2026-02-15 20:14:56,124 - scraper_base - INFO - 📦 [11/20] Processando Vermivet
2026-02-15 20:14:56,124 - scraper_base - INFO - 🔍 Petlove: Buscando Vermivet
2026-02-15 20:14:58,072 - scraper_base - INFO - ✅ Petlove: 36 produto(s) encontrado(s) para Vermivet
2026-02-15 20:14:59,823 - scraper_base - INFO - 📦 [12/20] Processando Rimadyl
2026-02-15 20:14:59,823 - scraper_base - INFO - 🔍 Petlove: Buscando Rimadyl
2026-02-15 20:15:01,093 - scraper_base - INFO - ✅ Petlove: 1 produto(s) encontrado(s) para Rimadyl
2026-02-15 20:15:03,580 - scraper_base - INFO - 📦 [13/20] Processando Onsior
2026-02-15 20:15:03,580 - scraper_base - INFO - 🔍 Petlove: Buscando Onsior
2026-02-15 20:15:04,956 - scraper_base - INFO - ✅ Petlove: 4 produto(s) encontrado(s) para Onsior
2026-02-15 20:15:07,811 - scraper_base - INFO - 📦 [14/20] Processando Maxicam
2026-02-15 20:15:07,811 - scraper_base - INFO - 🔍 Petlove: Buscando Maxicam
2026-02-15 20:15:09,194 - scraper_base - INFO - ✅ Petlove: 3 produto(s) encontrado(s) para Maxicam
2026-02-15 20:15:11,979 - scraper_base - INFO - 📦 [15/20] Processando Carproflan
2026-02-15 20:15:11,980 - scraper_base - INFO - 🔍 Petlove: Buscando Carproflan
2026-02-15 20:15:13,258 - scraper_base - INFO - ✅ Petlove: 8 produto(s) encontrado(s) para Carproflan
2026-02-15 20:15:15,752 - scraper_base - INFO - 📦 [16/20] Processando Previcox
2026-02-15 20:15:15,752 - scraper_base - INFO - 🔍 Petlove: Buscando Previcox
2026-02-15 20:15:17,187 - scraper_base - INFO - ✅ Petlove: 4 produto(s) encontrado(s) para Previcox
2026-02-15 20:15:18,531 - scraper_base - INFO - 📦 [17/20] Processando Apoquel
2026-02-15 20:15:18,531 - scraper_base - INFO - 🔍 Petlove: Buscando Apoquel
2026-02-15 20:15:20,081 - scraper_base - INFO - ✅ Petlove: 16 produto(s) encontrado(s) para Apoquel
2026-02-15 20:15:22,060 - scraper_base - INFO - 📦 [18/20] Processando Zenrelia
2026-02-15 20:15:22,060 - scraper_base - INFO - 🔍 Petlove: Buscando Zenrelia
2026-02-15 20:15:23,428 - scraper_base - INFO - ✅ Petlove: 4 produto(s) encontrado(s) para Zenrelia
2026-02-15 20:15:25,320 - scraper_base - INFO - 📦 [19/20] Processando Synulox
2026-02-15 20:15:25,320 - scraper_base - INFO - 🔍 Petlove: Buscando Synulox
2026-02-15 20:15:26,570 - scraper_base - INFO - ✅ Petlove: 1 produto(s) encontrado(s) para Synulox
2026-02-15 20:15:29,434 - scraper_base - INFO - 📦 [20/20] Processando Baytril
2026-02-15 20:15:29,434 - scraper_base - INFO - 🔍 Petlove: Buscando Baytril
2026-02-15 20:15:30,642 - scraper_base - INFO - ✅ Petlove: 4 produto(s) encontrado(s) para Baytril
2026-02-15 20:15:33,454 - scraper_base - INFO - 📊 Petlove - Estatísticas finais:
2026-02-15 20:15:33,454 - scraper_base - INFO -    • Medicamentos processados: 20
2026-02-15 20:15:33,455 - scraper_base - INFO -    • Produtos encontrados: 250
2026-02-15 20:15:33,455 - scraper_base - INFO -    • Medicamentos sem resultado: 0
2026-02-15 20:15:33,455 - scraper_base - INFO -    • Tempo total: 85.6s
2026-02-15 20:15:33,455 - scraper_base - INFO -    • Tempo médio por medicamento: 4.3s
2026-02-15 20:15:33,500 - gerenciador_arquivos - INFO - Excel salvo: dados_coletados/petlove_20260215_201533.xlsx (250 produtos)
2026-02-15 20:15:33,500 - gerenciador_principal - INFO - Petlove: Arquivo individual salvo com sucesso
2026-02-15 20:15:33,500 - gerenciador_principal - INFO - Pausando entre sites...
2026-02-15 20:15:35,500 - gerenciador_principal - INFO - [3/3] Processando Petz
2026-02-15 20:15:35,500 - scraper_base - INFO - 🚀 Iniciando scraping completo - Petz
2026-02-15 20:15:35,767 - scraper_base - INFO - 📋 20 medicamentos para processar
2026-02-15 20:15:35,767 - scraper_base - INFO - 📦 [1/20] Processando Simparic
2026-02-15 20:15:35,767 - scraper_base - INFO - 🔍 Petz: Buscando Simparic
2026-02-15 20:15:39,959 - scraper_base - INFO - ✅ Petz: 12 produto(s) encontrado(s) para Simparic
2026-02-15 20:15:41,311 - scraper_base - INFO - 📦 [2/20] Processando Revolution
2026-02-15 20:15:41,311 - scraper_base - INFO - 🔍 Petz: Buscando Revolution
2026-02-15 20:15:44,070 - scraper_base - INFO - ✅ Petz: 26 produto(s) encontrado(s) para Revolution
2026-02-15 20:15:46,614 - scraper_base - INFO - 📦 [3/20] Processando NexGard
2026-02-15 20:15:46,614 - scraper_base - INFO - 🔍 Petz: Buscando NexGard
2026-02-15 20:15:49,267 - scraper_base - INFO - ✅ Petz: 22 produto(s) encontrado(s) para NexGard
2026-02-15 20:15:52,166 - scraper_base - INFO - 📦 [4/20] Processando NexGard Spectra
2026-02-15 20:15:52,166 - scraper_base - INFO - 🔍 Petz: Buscando NexGard Spectra
2026-02-15 20:15:54,659 - scraper_base - INFO - ✅ Petz: 10 produto(s) encontrado(s) para NexGard Spectra
2026-02-15 20:15:56,558 - scraper_base - INFO - 📦 [5/20] Processando NexGard Combo
2026-02-15 20:15:56,559 - scraper_base - INFO - 🔍 Petz: Buscando NexGard Combo
2026-02-15 20:15:58,249 - scraper_base - INFO - ✅ Petz: 4 produto(s) encontrado(s) para NexGard Combo
2026-02-15 20:15:59,521 - scraper_base - INFO - 📦 [6/20] Processando Bravecto
2026-02-15 20:15:59,522 - scraper_base - INFO - 🔍 Petz: Buscando Bravecto
2026-02-15 20:16:02,016 - scraper_base - INFO - ✅ Petz: 16 produto(s) encontrado(s) para Bravecto
2026-02-15 20:16:03,640 - scraper_base - INFO - 📦 [7/20] Processando Frontline
2026-02-15 20:16:03,640 - scraper_base - INFO - 🔍 Petz: Buscando Frontline
2026-02-15 20:16:05,410 - scraper_base - INFO - ✅ Petz: 11 produto(s) encontrado(s) para Frontline
2026-02-15 20:16:08,305 - scraper_base - INFO - 📦 [8/20] Processando Advocate
2026-02-15 20:16:08,305 - scraper_base - INFO - 🔍 Petz: Buscando Advocate
2026-02-15 20:16:10,186 - scraper_base - INFO - ✅ Petz: 12 produto(s) encontrado(s) para Advocate
2026-02-15 20:16:12,052 - scraper_base - INFO - 📦 [9/20] Processando Drontal
2026-02-15 20:16:12,053 - scraper_base - INFO - 🔍 Petz: Buscando Drontal
2026-02-15 20:16:15,770 - scraper_base - INFO - ✅ Petz: 30 produto(s) encontrado(s) para Drontal
2026-02-15 20:16:18,119 - scraper_base - INFO - 📦 [10/20] Processando Milbemax
2026-02-15 20:16:18,119 - scraper_base - INFO - 🔍 Petz: Buscando Milbemax
2026-02-15 20:16:20,137 - scraper_base - INFO - ✅ Petz: 4 produto(s) encontrado(s) para Milbemax
2026-02-15 20:16:21,906 - scraper_base - INFO - 📦 [11/20] Processando Vermivet
2026-02-15 20:16:21,906 - scraper_base - INFO - 🔍 Petz: Buscando Vermivet
2026-02-15 20:16:23,539 - scraper_base - INFO - ✅ Petz: 5 produto(s) encontrado(s) para Vermivet
2026-02-15 20:16:26,171 - scraper_base - INFO - 📦 [12/20] Processando Rimadyl
2026-02-15 20:16:26,171 - scraper_base - INFO - 🔍 Petz: Buscando Rimadyl
2026-02-15 20:16:27,652 - scraper_base - INFO - ✅ Petz: 3 produto(s) encontrado(s) para Rimadyl
2026-02-15 20:16:29,064 - scraper_base - INFO - 📦 [13/20] Processando Onsior
2026-02-15 20:16:29,064 - scraper_base - INFO - 🔍 Petz: Buscando Onsior
2026-02-15 20:16:30,855 - scraper_base - INFO - ✅ Petz: 4 produto(s) encontrado(s) para Onsior
2026-02-15 20:16:33,494 - scraper_base - INFO - 📦 [14/20] Processando Maxicam
2026-02-15 20:16:33,494 - scraper_base - INFO - 🔍 Petz: Buscando Maxicam
2026-02-15 20:16:35,908 - scraper_base - INFO - ✅ Petz: 29 produto(s) encontrado(s) para Maxicam
2026-02-15 20:16:37,251 - scraper_base - INFO - 📦 [15/20] Processando Carproflan
2026-02-15 20:16:37,251 - scraper_base - INFO - 🔍 Petz: Buscando Carproflan
2026-02-15 20:16:38,848 - scraper_base - INFO - ✅ Petz: 3 produto(s) encontrado(s) para Carproflan
2026-02-15 20:16:40,476 - scraper_base - INFO - 📦 [16/20] Processando Previcox
2026-02-15 20:16:40,476 - scraper_base - INFO - 🔍 Petz: Buscando Previcox
2026-02-15 20:16:42,259 - scraper_base - INFO - ✅ Petz: 2 produto(s) encontrado(s) para Previcox
2026-02-15 20:16:44,426 - scraper_base - INFO - 📦 [17/20] Processando Apoquel
2026-02-15 20:16:44,427 - scraper_base - INFO - 🔍 Petz: Buscando Apoquel
2026-02-15 20:16:45,890 - scraper_base - INFO - ✅ Petz: 3 produto(s) encontrado(s) para Apoquel
2026-02-15 20:16:48,752 - scraper_base - INFO - 📦 [18/20] Processando Zenrelia
2026-02-15 20:16:48,752 - scraper_base - INFO - 🔍 Petz: Buscando Zenrelia
2026-02-15 20:16:50,394 - scraper_base - INFO - ✅ Petz: 4 produto(s) encontrado(s) para Zenrelia
2026-02-15 20:16:51,415 - scraper_base - INFO - 📦 [19/20] Processando Synulox
2026-02-15 20:16:51,415 - scraper_base - INFO - 🔍 Petz: Buscando Synulox
2026-02-15 20:16:52,916 - scraper_base - INFO - ✅ Petz: 2 produto(s) encontrado(s) para Synulox
2026-02-15 20:16:55,469 - scraper_base - INFO - 📦 [20/20] Processando Baytril
2026-02-15 20:16:55,469 - scraper_base - INFO - 🔍 Petz: Buscando Baytril
2026-02-15 20:16:57,264 - scraper_base - INFO - ✅ Petz: 9 produto(s) encontrado(s) para Baytril
2026-02-15 20:16:59,591 - scraper_base - INFO - 📊 Petz - Estatísticas finais:
2026-02-15 20:16:59,591 - scraper_base - INFO -    • Medicamentos processados: 20
2026-02-15 20:16:59,591 - scraper_base - INFO -    • Produtos encontrados: 211
2026-02-15 20:16:59,591 - scraper_base - INFO -    • Medicamentos sem resultado: 0
2026-02-15 20:16:59,592 - scraper_base - INFO -    • Tempo total: 84.1s
2026-02-15 20:16:59,592 - scraper_base - INFO -    • Tempo médio por medicamento: 4.2s
2026-02-15 20:16:59,687 - gerenciador_arquivos - INFO - Excel salvo: dados_coletados/petz_20260215_201659.xlsx (211 produtos)
2026-02-15 20:16:59,687 - gerenciador_principal - INFO - Petz: Arquivo individual salvo com sucesso
2026-02-15 20:16:59,687 - gerenciador_principal - INFO - Gerando relatório consolidado...
2026-02-15 20:16:59,902 - gerenciador_arquivos - INFO - Relatório consolidado salvo: dados_relatorios/relatorio_consolidado_20260215_201659.xlsx
2026-02-15 20:17:00,042 - gerenciador_conexoes - INFO - Chrome fechado
2026-02-15 20:17:00,042 - gerenciador_conexoes - INFO - Métodos utilizados - Requests: 33.3%, Selenium: 66.7%, Falhas: 0.0%
2026-02-15 20:17:00,042 - gerenciador_principal - INFO - ============================================================
2026-02-15 20:17:00,042 - gerenciador_principal - INFO - RELATORIO FINAL DE EXECUÇÃO
2026-02-15 20:17:00,042 - gerenciador_principal - INFO - ============================================================
2026-02-15 20:17:00,042 - gerenciador_principal - INFO - Sites processados: 3
2026-02-15 20:17:00,042 - gerenciador_principal - INFO - Sites com sucesso: 3
2026-02-15 20:17:00,042 - gerenciador_principal - INFO - Total de produtos coletados: 628
2026-02-15 20:17:00,042 - gerenciador_principal - INFO - Tempo total de execução: 255.2 segundos
2026-02-15 20:17:00,042 - gerenciador_principal - INFO - Estatísticas de conexão:
2026-02-15 20:17:00,042 - gerenciador_principal - INFO -   - Requests bem-sucedidos: 33.3%
2026-02-15 20:17:00,042 - gerenciador_principal - INFO -   - Selenium fallback: 66.7%
2026-02-15 20:17:00,043 - gerenciador_principal - INFO -   - Falhas totais: 0.0%
2026-02-15 20:17:00,045 - gerenciador_principal - INFO - Arquivos salvos na pasta: dados_coletados
2026-02-15 20:17:00,045 - gerenciador_principal - INFO - Total de arquivos: 397
2026-02-15 20:17:00,045 - gerenciador_principal - INFO - ============================================================
