2026-01-16 20:11:16,343 - configurador_logs - INFO - Sistema de logs configurado com sucesso
2026-01-16 20:11:16,344 - configurador_logs - INFO - 🚀 Logs configurados para MODO PRODUÇÃO
2026-01-16 20:11:16,344 - gerenciador_principal - INFO - Inicializando sistema - Modo: PRODUCAO
2026-01-16 20:11:16,344 - gerenciador_arquivos - INFO - Pasta dados_coletados preparada
2026-01-16 20:11:16,344 - gerenciador_principal - INFO - Sistema inicializado com 3 scrapers
2026-01-16 20:11:16,344 - gerenciador_principal - INFO - ============================================================
2026-01-16 20:11:16,344 - gerenciador_principal - INFO - INICIANDO SCRAPING COMPLETO - PRODUCAO
2026-01-16 20:11:16,344 - gerenciador_principal - INFO - ============================================================
2026-01-16 20:11:16,344 - gerenciador_principal - INFO - [1/3] Processando Cobasi
2026-01-16 20:11:16,344 - scraper_base - INFO - 🚀 Iniciando scraping completo - Cobasi
2026-01-16 20:11:16,742 - gerenciador_conexoes - INFO - Sessao estabelecida com cobasi.com.br
2026-01-16 20:11:16,742 - scraper_base - INFO - 📋 20 medicamentos para processar
2026-01-16 20:11:16,742 - scraper_base - INFO - 📦 [1/20] Processando Simparic
2026-01-16 20:11:16,742 - scraper_base - INFO - 🔍 Cobasi: Buscando Simparic
2026-01-16 20:11:19,020 - scraper_cobasi - INFO - Cobasi: Dados extraídos via JSON para Simparic
2026-01-16 20:11:19,020 - scraper_base - INFO - ✅ Cobasi: 12 produto(s) encontrado(s) para Simparic
2026-01-16 20:11:21,988 - scraper_base - INFO - 📦 [2/20] Processando Revolution
2026-01-16 20:11:21,988 - scraper_base - INFO - 🔍 Cobasi: Buscando Revolution
2026-01-16 20:11:22,366 - scraper_cobasi - INFO - Cobasi: Dados extraídos via JSON para Revolution
2026-01-16 20:11:22,367 - scraper_base - INFO - ✅ Cobasi: 18 produto(s) encontrado(s) para Revolution
2026-01-16 20:11:24,252 - scraper_base - INFO - 📦 [3/20] Processando NexGard
2026-01-16 20:11:24,252 - scraper_base - INFO - 🔍 Cobasi: Buscando NexGard
2026-01-16 20:11:26,694 - scraper_cobasi - INFO - Cobasi: Dados extraídos via JSON para NexGard
2026-01-16 20:11:26,694 - scraper_base - INFO - ✅ Cobasi: 22 produto(s) encontrado(s) para NexGard
2026-01-16 20:11:28,070 - scraper_base - INFO - 📦 [4/20] Processando NexGard Spectra
2026-01-16 20:11:28,070 - scraper_base - INFO - 🔍 Cobasi: Buscando NexGard Spectra
2026-01-16 20:11:30,080 - scraper_cobasi - INFO - Cobasi: Dados extraídos via JSON para NexGard Spectra
2026-01-16 20:11:30,080 - scraper_base - INFO - ✅ Cobasi: 10 produto(s) encontrado(s) para NexGard Spectra
2026-01-16 20:11:32,058 - scraper_base - INFO - 📦 [5/20] Processando NexGard Combo
2026-01-16 20:11:32,059 - scraper_base - INFO - 🔍 Cobasi: Buscando NexGard Combo
2026-01-16 20:11:34,112 - scraper_cobasi - INFO - Cobasi: Dados extraídos via JSON para NexGard Combo
2026-01-16 20:11:34,112 - scraper_base - INFO - ✅ Cobasi: 4 produto(s) encontrado(s) para NexGard Combo
2026-01-16 20:11:36,107 - scraper_base - INFO - 📦 [6/20] Processando Bravecto
2026-01-16 20:11:36,107 - scraper_base - INFO - 🔍 Cobasi: Buscando Bravecto
2026-01-16 20:11:36,508 - scraper_cobasi - INFO - Cobasi: Dados extraídos via JSON para Bravecto
2026-01-16 20:11:36,508 - scraper_base - INFO - ✅ Cobasi: 16 produto(s) encontrado(s) para Bravecto
2026-01-16 20:11:38,480 - scraper_base - INFO - 📦 [7/20] Processando Frontline
2026-01-16 20:11:38,480 - scraper_base - INFO - 🔍 Cobasi: Buscando Frontline
2026-01-16 20:11:40,862 - scraper_cobasi - INFO - Cobasi: Dados extraídos via JSON para Frontline
2026-01-16 20:11:40,862 - scraper_base - INFO - ✅ Cobasi: 10 produto(s) encontrado(s) para Frontline
2026-01-16 20:11:43,480 - scraper_base - INFO - 📦 [8/20] Processando Advocate
2026-01-16 20:11:43,480 - scraper_base - INFO - 🔍 Cobasi: Buscando Advocate
2026-01-16 20:11:45,853 - scraper_cobasi - INFO - Cobasi: Dados extraídos via JSON para Advocate
2026-01-16 20:11:45,853 - scraper_base - INFO - ✅ Cobasi: 12 produto(s) encontrado(s) para Advocate
2026-01-16 20:11:48,045 - scraper_base - INFO - 📦 [9/20] Processando Drontal
2026-01-16 20:11:48,045 - scraper_base - INFO - 🔍 Cobasi: Buscando Drontal
2026-01-16 20:11:50,070 - scraper_cobasi - INFO - Cobasi: Dados extraídos via JSON para Drontal
2026-01-16 20:11:50,070 - scraper_base - INFO - ✅ Cobasi: 8 produto(s) encontrado(s) para Drontal
2026-01-16 20:11:52,039 - scraper_base - INFO - 📦 [10/20] Processando Milbemax
2026-01-16 20:11:52,039 - scraper_base - INFO - 🔍 Cobasi: Buscando Milbemax
2026-01-16 20:11:52,406 - scraper_cobasi - INFO - Cobasi: Dados extraídos via JSON para Milbemax
2026-01-16 20:11:52,406 - scraper_base - INFO - ✅ Cobasi: 4 produto(s) encontrado(s) para Milbemax
2026-01-16 20:11:55,164 - scraper_base - INFO - 📦 [11/20] Processando Vermivet
2026-01-16 20:11:55,164 - scraper_base - INFO - 🔍 Cobasi: Buscando Vermivet
2026-01-16 20:11:57,463 - scraper_cobasi - INFO - Cobasi: Dados extraídos via JSON para Vermivet
2026-01-16 20:11:57,463 - scraper_base - INFO - ✅ Cobasi: 5 produto(s) encontrado(s) para Vermivet
2026-01-16 20:11:59,807 - scraper_base - INFO - 📦 [12/20] Processando Rimadyl
2026-01-16 20:11:59,807 - scraper_base - INFO - 🔍 Cobasi: Buscando Rimadyl
2026-01-16 20:12:01,555 - scraper_cobasi - INFO - Cobasi: Dados extraídos via JSON para Rimadyl
2026-01-16 20:12:01,555 - scraper_base - INFO - ✅ Cobasi: 3 produto(s) encontrado(s) para Rimadyl
2026-01-16 20:12:03,077 - scraper_base - INFO - 📦 [13/20] Processando Onsior
2026-01-16 20:12:03,078 - scraper_base - INFO - 🔍 Cobasi: Buscando Onsior
2026-01-16 20:12:05,291 - scraper_cobasi - INFO - Cobasi: Dados extraídos via JSON para Onsior
2026-01-16 20:12:05,292 - scraper_base - INFO - ✅ Cobasi: 4 produto(s) encontrado(s) para Onsior
2026-01-16 20:12:06,352 - scraper_base - INFO - 📦 [14/20] Processando Maxicam
2026-01-16 20:12:06,352 - scraper_base - INFO - 🔍 Cobasi: Buscando Maxicam
2026-01-16 20:12:09,624 - scraper_cobasi - INFO - Cobasi: Dados extraídos via JSON para Maxicam
2026-01-16 20:12:09,624 - scraper_base - INFO - ✅ Cobasi: 21 produto(s) encontrado(s) para Maxicam
2026-01-16 20:12:10,769 - scraper_base - INFO - 📦 [15/20] Processando Carproflan
2026-01-16 20:12:10,769 - scraper_base - INFO - 🔍 Cobasi: Buscando Carproflan
2026-01-16 20:12:12,503 - scraper_cobasi - INFO - Cobasi: Dados extraídos via JSON para Carproflan
2026-01-16 20:12:12,503 - scraper_base - INFO - ✅ Cobasi: 3 produto(s) encontrado(s) para Carproflan
2026-01-16 20:12:14,211 - scraper_base - INFO - 📦 [16/20] Processando Previcox
2026-01-16 20:12:14,211 - scraper_base - INFO - 🔍 Cobasi: Buscando Previcox
2026-01-16 20:12:15,666 - scraper_cobasi - INFO - Cobasi: Dados extraídos via JSON para Previcox
2026-01-16 20:12:15,666 - scraper_base - INFO - ✅ Cobasi: 2 produto(s) encontrado(s) para Previcox
2026-01-16 20:12:18,484 - scraper_base - INFO - 📦 [17/20] Processando Apoquel
2026-01-16 20:12:18,484 - scraper_base - INFO - 🔍 Cobasi: Buscando Apoquel
2026-01-16 20:12:20,182 - scraper_cobasi - INFO - Cobasi: Dados extraídos via JSON para Apoquel
2026-01-16 20:12:20,183 - scraper_base - INFO - ✅ Cobasi: 3 produto(s) encontrado(s) para Apoquel
2026-01-16 20:12:22,925 - scraper_base - INFO - 📦 [18/20] Processando Zenrelia
2026-01-16 20:12:22,925 - scraper_base - INFO - 🔍 Cobasi: Buscando Zenrelia
2026-01-16 20:12:24,871 - scraper_cobasi - INFO - Cobasi: Dados extraídos via JSON para Zenrelia
2026-01-16 20:12:24,871 - scraper_base - INFO - ✅ Cobasi: 4 produto(s) encontrado(s) para Zenrelia
2026-01-16 20:12:27,051 - scraper_base - INFO - 📦 [19/20] Processando Synulox
2026-01-16 20:12:27,051 - scraper_base - INFO - 🔍 Cobasi: Buscando Synulox
2026-01-16 20:12:28,993 - scraper_cobasi - INFO - Cobasi: Dados extraídos via JSON para Synulox
2026-01-16 20:12:28,993 - scraper_base - INFO - ✅ Cobasi: 2 produto(s) encontrado(s) para Synulox
2026-01-16 20:12:31,771 - scraper_base - INFO - 📦 [20/20] Processando Baytril
2026-01-16 20:12:31,771 - scraper_base - INFO - 🔍 Cobasi: Buscando Baytril
2026-01-16 20:12:33,657 - scraper_cobasi - INFO - Cobasi: Dados extraídos via JSON para Baytril
2026-01-16 20:12:33,657 - scraper_base - INFO - ✅ Cobasi: 4 produto(s) encontrado(s) para Baytril
2026-01-16 20:12:36,525 - scraper_base - INFO - 📊 Cobasi - Estatísticas finais:
2026-01-16 20:12:36,525 - scraper_base - INFO -    • Medicamentos processados: 20
2026-01-16 20:12:36,525 - scraper_base - INFO -    • Produtos encontrados: 167
2026-01-16 20:12:36,526 - scraper_base - INFO -    • Medicamentos sem resultado: 0
2026-01-16 20:12:36,526 - scraper_base - INFO -    • Tempo total: 80.2s
2026-01-16 20:12:36,526 - scraper_base - INFO -    • Tempo médio por medicamento: 4.0s
2026-01-16 20:12:36,674 - gerenciador_arquivos - INFO - Excel salvo: dados_coletados/cobasi_20260116_201236.xlsx (167 produtos)
2026-01-16 20:12:36,674 - gerenciador_principal - INFO - Cobasi: Arquivo individual salvo com sucesso
2026-01-16 20:12:36,675 - gerenciador_principal - INFO - Pausando entre sites...
2026-01-16 20:12:38,675 - gerenciador_principal - INFO - [2/3] Processando Petlove
2026-01-16 20:12:38,675 - scraper_base - INFO - 🚀 Iniciando scraping completo - Petlove
2026-01-16 20:12:38,951 - scraper_base - INFO - 📋 20 medicamentos para processar
2026-01-16 20:12:38,951 - scraper_base - INFO - 📦 [1/20] Processando Simparic
2026-01-16 20:12:38,951 - scraper_base - INFO - 🔍 Petlove: Buscando Simparic
2026-01-16 20:12:51,155 - gerenciador_conexoes - INFO - Chrome inicializado com otimizacoes de velocidade
2026-01-16 20:12:56,282 - scraper_base - INFO - ✅ Petlove: 34 produto(s) encontrado(s) para Simparic
2026-01-16 20:12:57,422 - scraper_base - INFO - 📦 [2/20] Processando Revolution
2026-01-16 20:12:57,422 - scraper_base - INFO - 🔍 Petlove: Buscando Revolution
2026-01-16 20:12:59,125 - scraper_base - INFO - ✅ Petlove: 17 produto(s) encontrado(s) para Revolution
2026-01-16 20:13:01,717 - scraper_base - INFO - 📦 [3/20] Processando NexGard
2026-01-16 20:13:01,717 - scraper_base - INFO - 🔍 Petlove: Buscando NexGard
2026-01-16 20:13:03,590 - scraper_base - INFO - ✅ Petlove: 11 produto(s) encontrado(s) para NexGard
2026-01-16 20:13:05,701 - scraper_base - INFO - 📦 [4/20] Processando NexGard Spectra
2026-01-16 20:13:05,701 - scraper_base - INFO - 🔍 Petlove: Buscando NexGard Spectra
2026-01-16 20:13:06,782 - scraper_base - INFO - ✅ Petlove: 5 produto(s) encontrado(s) para NexGard Spectra
2026-01-16 20:13:09,187 - scraper_base - INFO - 📦 [5/20] Processando NexGard Combo
2026-01-16 20:13:09,188 - scraper_base - INFO - 🔍 Petlove: Buscando NexGard Combo
2026-01-16 20:13:10,430 - scraper_base - INFO - ✅ Petlove: 2 produto(s) encontrado(s) para NexGard Combo
2026-01-16 20:13:13,372 - scraper_base - INFO - 📦 [6/20] Processando Bravecto
2026-01-16 20:13:13,372 - scraper_base - INFO - 🔍 Petlove: Buscando Bravecto
2026-01-16 20:13:15,283 - scraper_base - INFO - ✅ Petlove: 23 produto(s) encontrado(s) para Bravecto
2026-01-16 20:13:17,378 - scraper_base - INFO - 📦 [7/20] Processando Frontline
2026-01-16 20:13:17,378 - scraper_base - INFO - 🔍 Petlove: Buscando Frontline
2026-01-16 20:13:20,261 - scraper_base - INFO - ✅ Petlove: 11 produto(s) encontrado(s) para Frontline
2026-01-16 20:13:22,248 - scraper_base - INFO - 📦 [8/20] Processando Advocate
2026-01-16 20:13:22,248 - scraper_base - INFO - 🔍 Petlove: Buscando Advocate
2026-01-16 20:13:25,364 - scraper_base - INFO - ✅ Petlove: 10 produto(s) encontrado(s) para Advocate
2026-01-16 20:13:26,704 - scraper_base - INFO - 📦 [9/20] Processando Drontal
2026-01-16 20:13:26,704 - scraper_base - INFO - 🔍 Petlove: Buscando Drontal
2026-01-16 20:13:28,430 - scraper_base - INFO - ✅ Petlove: 36 produto(s) encontrado(s) para Drontal
2026-01-16 20:13:30,434 - scraper_base - INFO - 📦 [10/20] Processando Milbemax
2026-01-16 20:13:30,434 - scraper_base - INFO - 🔍 Petlove: Buscando Milbemax
2026-01-16 20:13:32,283 - scraper_base - INFO - ✅ Petlove: 14 produto(s) encontrado(s) para Milbemax
2026-01-16 20:13:34,458 - scraper_base - INFO - 📦 [11/20] Processando Vermivet
2026-01-16 20:13:34,458 - scraper_base - INFO - 🔍 Petlove: Buscando Vermivet
2026-01-16 20:13:36,328 - scraper_base - INFO - ✅ Petlove: 36 produto(s) encontrado(s) para Vermivet
2026-01-16 20:13:37,610 - scraper_base - INFO - 📦 [12/20] Processando Rimadyl
2026-01-16 20:13:37,610 - scraper_base - INFO - 🔍 Petlove: Buscando Rimadyl
2026-01-16 20:13:39,220 - scraper_base - INFO - ✅ Petlove: 1 produto(s) encontrado(s) para Rimadyl
2026-01-16 20:13:40,850 - scraper_base - INFO - 📦 [13/20] Processando Onsior
2026-01-16 20:13:40,850 - scraper_base - INFO - 🔍 Petlove: Buscando Onsior
2026-01-16 20:13:42,144 - scraper_base - INFO - ✅ Petlove: 4 produto(s) encontrado(s) para Onsior
2026-01-16 20:13:43,848 - scraper_base - INFO - 📦 [14/20] Processando Maxicam
2026-01-16 20:13:43,849 - scraper_base - INFO - 🔍 Petlove: Buscando Maxicam
2026-01-16 20:13:45,431 - scraper_base - INFO - ✅ Petlove: 3 produto(s) encontrado(s) para Maxicam
2026-01-16 20:13:47,263 - scraper_base - INFO - 📦 [15/20] Processando Carproflan
2026-01-16 20:13:47,263 - scraper_base - INFO - 🔍 Petlove: Buscando Carproflan
2026-01-16 20:13:48,693 - scraper_base - INFO - ✅ Petlove: 8 produto(s) encontrado(s) para Carproflan
2026-01-16 20:13:51,329 - scraper_base - INFO - 📦 [16/20] Processando Previcox
2026-01-16 20:13:51,329 - scraper_base - INFO - 🔍 Petlove: Buscando Previcox
2026-01-16 20:13:52,562 - scraper_base - INFO - ✅ Petlove: 4 produto(s) encontrado(s) para Previcox
2026-01-16 20:13:54,596 - scraper_base - INFO - 📦 [17/20] Processando Apoquel
2026-01-16 20:13:54,596 - scraper_base - INFO - 🔍 Petlove: Buscando Apoquel
2026-01-16 20:13:56,044 - scraper_base - INFO - ✅ Petlove: 16 produto(s) encontrado(s) para Apoquel
2026-01-16 20:13:58,456 - scraper_base - INFO - 📦 [18/20] Processando Zenrelia
2026-01-16 20:13:58,456 - scraper_base - INFO - 🔍 Petlove: Buscando Zenrelia
2026-01-16 20:13:59,819 - scraper_base - INFO - ✅ Petlove: 4 produto(s) encontrado(s) para Zenrelia
2026-01-16 20:14:01,847 - scraper_base - INFO - 📦 [19/20] Processando Synulox
2026-01-16 20:14:01,847 - scraper_base - INFO - 🔍 Petlove: Buscando Synulox
2026-01-16 20:14:03,199 - scraper_base - INFO - ✅ Petlove: 1 produto(s) encontrado(s) para Synulox
2026-01-16 20:14:05,879 - scraper_base - INFO - 📦 [20/20] Processando Baytril
2026-01-16 20:14:05,879 - scraper_base - INFO - 🔍 Petlove: Buscando Baytril
2026-01-16 20:14:07,498 - scraper_base - INFO - ✅ Petlove: 4 produto(s) encontrado(s) para Baytril
2026-01-16 20:14:09,393 - scraper_base - INFO - 📊 Petlove - Estatísticas finais:
2026-01-16 20:14:09,393 - scraper_base - INFO -    • Medicamentos processados: 20
2026-01-16 20:14:09,393 - scraper_base - INFO -    • Produtos encontrados: 244
2026-01-16 20:14:09,393 - scraper_base - INFO -    • Medicamentos sem resultado: 0
2026-01-16 20:14:09,393 - scraper_base - INFO -    • Tempo total: 90.7s
2026-01-16 20:14:09,393 - scraper_base - INFO -    • Tempo médio por medicamento: 4.5s
2026-01-16 20:14:09,437 - gerenciador_arquivos - INFO - Excel salvo: dados_coletados/petlove_20260116_201409.xlsx (244 produtos)
2026-01-16 20:14:09,438 - gerenciador_principal - INFO - Petlove: Arquivo individual salvo com sucesso
2026-01-16 20:14:09,438 - gerenciador_principal - INFO - Pausando entre sites...
2026-01-16 20:14:11,438 - gerenciador_principal - INFO - [3/3] Processando Petz
2026-01-16 20:14:11,438 - scraper_base - INFO - 🚀 Iniciando scraping completo - Petz
2026-01-16 20:14:11,919 - scraper_base - INFO - 📋 20 medicamentos para processar
2026-01-16 20:14:11,919 - scraper_base - INFO - 📦 [1/20] Processando Simparic
2026-01-16 20:14:11,919 - scraper_base - INFO - 🔍 Petz: Buscando Simparic
2026-01-16 20:14:17,036 - scraper_base - INFO - ✅ Petz: 12 produto(s) encontrado(s) para Simparic
2026-01-16 20:14:19,175 - scraper_base - INFO - 📦 [2/20] Processando Revolution
2026-01-16 20:14:19,175 - scraper_base - INFO - 🔍 Petz: Buscando Revolution
2026-01-16 20:14:21,646 - scraper_base - INFO - ✅ Petz: 24 produto(s) encontrado(s) para Revolution
2026-01-16 20:14:22,712 - scraper_base - INFO - 📦 [3/20] Processando NexGard
2026-01-16 20:14:22,712 - scraper_base - INFO - 🔍 Petz: Buscando NexGard
2026-01-16 20:14:25,239 - scraper_base - INFO - ✅ Petz: 22 produto(s) encontrado(s) para NexGard
2026-01-16 20:14:28,116 - scraper_base - INFO - 📦 [4/20] Processando NexGard Spectra
2026-01-16 20:14:28,116 - scraper_base - INFO - 🔍 Petz: Buscando NexGard Spectra
2026-01-16 20:14:29,951 - scraper_base - INFO - ✅ Petz: 10 produto(s) encontrado(s) para NexGard Spectra
2026-01-16 20:14:31,323 - scraper_base - INFO - 📦 [5/20] Processando NexGard Combo
2026-01-16 20:14:31,323 - scraper_base - INFO - 🔍 Petz: Buscando NexGard Combo
2026-01-16 20:14:33,330 - scraper_base - INFO - ✅ Petz: 4 produto(s) encontrado(s) para NexGard Combo
2026-01-16 20:14:36,049 - scraper_base - INFO - 📦 [6/20] Processando Bravecto
2026-01-16 20:14:36,049 - scraper_base - INFO - 🔍 Petz: Buscando Bravecto
2026-01-16 20:14:38,017 - scraper_base - INFO - ✅ Petz: 16 produto(s) encontrado(s) para Bravecto
2026-01-16 20:14:40,213 - scraper_base - INFO - 📦 [7/20] Processando Frontline
2026-01-16 20:14:40,214 - scraper_base - INFO - 🔍 Petz: Buscando Frontline
2026-01-16 20:14:42,117 - scraper_base - INFO - ✅ Petz: 11 produto(s) encontrado(s) para Frontline
2026-01-16 20:14:43,690 - scraper_base - INFO - 📦 [8/20] Processando Advocate
2026-01-16 20:14:43,691 - scraper_base - INFO - 🔍 Petz: Buscando Advocate
2026-01-16 20:14:45,558 - scraper_base - INFO - ✅ Petz: 12 produto(s) encontrado(s) para Advocate
2026-01-16 20:14:47,003 - scraper_base - INFO - 📦 [9/20] Processando Drontal
2026-01-16 20:14:47,003 - scraper_base - INFO - 🔍 Petz: Buscando Drontal
2026-01-16 20:14:49,764 - scraper_base - INFO - ✅ Petz: 29 produto(s) encontrado(s) para Drontal
2026-01-16 20:14:51,294 - scraper_base - INFO - 📦 [10/20] Processando Milbemax
2026-01-16 20:14:51,294 - scraper_base - INFO - 🔍 Petz: Buscando Milbemax
2026-01-16 20:14:52,803 - scraper_base - INFO - ✅ Petz: 4 produto(s) encontrado(s) para Milbemax
2026-01-16 20:14:55,314 - scraper_base - INFO - 📦 [11/20] Processando Vermivet
2026-01-16 20:14:55,314 - scraper_base - INFO - 🔍 Petz: Buscando Vermivet
2026-01-16 20:14:56,861 - scraper_base - INFO - ✅ Petz: 5 produto(s) encontrado(s) para Vermivet
2026-01-16 20:14:58,665 - scraper_base - INFO - 📦 [12/20] Processando Rimadyl
2026-01-16 20:14:58,665 - scraper_base - INFO - 🔍 Petz: Buscando Rimadyl
2026-01-16 20:15:00,198 - scraper_base - INFO - ✅ Petz: 3 produto(s) encontrado(s) para Rimadyl
2026-01-16 20:15:02,041 - scraper_base - INFO - 📦 [13/20] Processando Onsior
2026-01-16 20:15:02,041 - scraper_base - INFO - 🔍 Petz: Buscando Onsior
2026-01-16 20:15:03,681 - scraper_base - INFO - ✅ Petz: 4 produto(s) encontrado(s) para Onsior
2026-01-16 20:15:06,133 - scraper_base - INFO - 📦 [14/20] Processando Maxicam
2026-01-16 20:15:06,134 - scraper_base - INFO - 🔍 Petz: Buscando Maxicam
2026-01-16 20:15:08,394 - scraper_base - INFO - ✅ Petz: 31 produto(s) encontrado(s) para Maxicam
2026-01-16 20:15:10,637 - scraper_base - INFO - 📦 [15/20] Processando Carproflan
2026-01-16 20:15:10,637 - scraper_base - INFO - 🔍 Petz: Buscando Carproflan
2026-01-16 20:15:12,195 - scraper_base - INFO - ✅ Petz: 3 produto(s) encontrado(s) para Carproflan
2026-01-16 20:15:14,904 - scraper_base - INFO - 📦 [16/20] Processando Previcox
2026-01-16 20:15:14,904 - scraper_base - INFO - 🔍 Petz: Buscando Previcox
2026-01-16 20:15:16,397 - scraper_base - INFO - ✅ Petz: 2 produto(s) encontrado(s) para Previcox
2026-01-16 20:15:17,756 - scraper_base - INFO - 📦 [17/20] Processando Apoquel
2026-01-16 20:15:17,756 - scraper_base - INFO - 🔍 Petz: Buscando Apoquel
2026-01-16 20:15:19,506 - scraper_base - INFO - ✅ Petz: 3 produto(s) encontrado(s) para Apoquel
2026-01-16 20:15:22,150 - scraper_base - INFO - 📦 [18/20] Processando Zenrelia
2026-01-16 20:15:22,151 - scraper_base - INFO - 🔍 Petz: Buscando Zenrelia
2026-01-16 20:15:23,896 - scraper_base - INFO - ✅ Petz: 4 produto(s) encontrado(s) para Zenrelia
2026-01-16 20:15:25,334 - scraper_base - INFO - 📦 [19/20] Processando Synulox
2026-01-16 20:15:25,334 - scraper_base - INFO - 🔍 Petz: Buscando Synulox
2026-01-16 20:15:26,827 - scraper_base - INFO - ✅ Petz: 2 produto(s) encontrado(s) para Synulox
2026-01-16 20:15:29,372 - scraper_base - INFO - 📦 [20/20] Processando Baytril
2026-01-16 20:15:29,372 - scraper_base - INFO - 🔍 Petz: Buscando Baytril
2026-01-16 20:15:31,055 - scraper_base - INFO - ✅ Petz: 9 produto(s) encontrado(s) para Baytril
2026-01-16 20:15:32,947 - scraper_base - INFO - 📊 Petz - Estatísticas finais:
2026-01-16 20:15:32,947 - scraper_base - INFO -    • Medicamentos processados: 20
2026-01-16 20:15:32,947 - scraper_base - INFO -    • Produtos encontrados: 210
2026-01-16 20:15:32,947 - scraper_base - INFO -    • Medicamentos sem resultado: 0
2026-01-16 20:15:32,947 - scraper_base - INFO -    • Tempo total: 81.5s
2026-01-16 20:15:32,947 - scraper_base - INFO -    • Tempo médio por medicamento: 4.1s
2026-01-16 20:15:32,990 - gerenciador_arquivos - INFO - Excel salvo: dados_coletados/petz_20260116_201532.xlsx (210 produtos)
2026-01-16 20:15:32,990 - gerenciador_principal - INFO - Petz: Arquivo individual salvo com sucesso
2026-01-16 20:15:32,990 - gerenciador_principal - INFO - Gerando relatório consolidado...
2026-01-16 20:15:33,200 - gerenciador_arquivos - INFO - Relatório consolidado salvo: dados_relatorios/relatorio_consolidado_20260116_201532.xlsx
2026-01-16 20:15:33,318 - gerenciador_conexoes - INFO - Chrome fechado
2026-01-16 20:15:33,318 - gerenciador_conexoes - INFO - Métodos utilizados - Requests: 33.3%, Selenium: 66.7%, Falhas: 0.0%
2026-01-16 20:15:33,319 - gerenciador_principal - INFO - ============================================================
2026-01-16 20:15:33,319 - gerenciador_principal - INFO - RELATORIO FINAL DE EXECUÇÃO
2026-01-16 20:15:33,319 - gerenciador_principal - INFO - ============================================================
2026-01-16 20:15:33,319 - gerenciador_principal - INFO - Sites processados: 3
2026-01-16 20:15:33,319 - gerenciador_principal - INFO - Sites com sucesso: 3
2026-01-16 20:15:33,319 - gerenciador_principal - INFO - Total de produtos coletados: 621
2026-01-16 20:15:33,319 - gerenciador_principal - INFO - Tempo total de execução: 256.6 segundos
2026-01-16 20:15:33,319 - gerenciador_principal - INFO - Estatísticas de conexão:
2026-01-16 20:15:33,319 - gerenciador_principal - INFO -   - Requests bem-sucedidos: 33.3%
2026-01-16 20:15:33,319 - gerenciador_principal - INFO -   - Selenium fallback: 66.7%
2026-01-16 20:15:33,319 - gerenciador_principal - INFO -   - Falhas totais: 0.0%
2026-01-16 20:15:33,321 - gerenciador_principal - INFO - Arquivos salvos na pasta: dados_coletados
2026-01-16 20:15:33,321 - gerenciador_principal - INFO - Total de arquivos: 314
2026-01-16 20:15:33,321 - gerenciador_principal - INFO - ============================================================
