2026-02-05 20:19:49,359 - configurador_logs - INFO - Sistema de logs configurado com sucesso
2026-02-05 20:19:49,359 - configurador_logs - INFO - 🚀 Logs configurados para MODO PRODUÇÃO
2026-02-05 20:19:49,359 - gerenciador_principal - INFO - Inicializando sistema - Modo: PRODUCAO
2026-02-05 20:19:49,359 - gerenciador_arquivos - INFO - Pasta dados_coletados preparada
2026-02-05 20:19:49,359 - gerenciador_principal - INFO - Sistema inicializado com 3 scrapers
2026-02-05 20:19:49,360 - gerenciador_principal - INFO - ============================================================
2026-02-05 20:19:49,360 - gerenciador_principal - INFO - INICIANDO SCRAPING COMPLETO - PRODUCAO
2026-02-05 20:19:49,360 - gerenciador_principal - INFO - ============================================================
2026-02-05 20:19:49,360 - gerenciador_principal - INFO - [1/3] Processando Cobasi
2026-02-05 20:19:49,360 - scraper_base - INFO - 🚀 Iniciando scraping completo - Cobasi
2026-02-05 20:19:50,329 - gerenciador_conexoes - INFO - Sessao estabelecida com cobasi.com.br
2026-02-05 20:19:50,330 - scraper_base - INFO - 📋 20 medicamentos para processar
2026-02-05 20:19:50,330 - scraper_base - INFO - 📦 [1/20] Processando Simparic
2026-02-05 20:19:50,330 - scraper_base - INFO - 🔍 Cobasi: Buscando Simparic
2026-02-05 20:19:50,407 - scraper_cobasi - INFO - Cobasi: Dados extraídos via JSON para Simparic
2026-02-05 20:19:50,408 - scraper_base - INFO - ✅ Cobasi: 12 produto(s) encontrado(s) para Simparic
2026-02-05 20:19:53,149 - scraper_base - INFO - 📦 [2/20] Processando Revolution
2026-02-05 20:19:53,149 - scraper_base - INFO - 🔍 Cobasi: Buscando Revolution
2026-02-05 20:19:53,264 - scraper_cobasi - INFO - Cobasi: Dados extraídos via JSON para Revolution
2026-02-05 20:19:53,264 - scraper_base - INFO - ✅ Cobasi: 18 produto(s) encontrado(s) para Revolution
2026-02-05 20:19:55,404 - scraper_base - INFO - 📦 [3/20] Processando NexGard
2026-02-05 20:19:55,405 - scraper_base - INFO - 🔍 Cobasi: Buscando NexGard
2026-02-05 20:19:55,523 - scraper_cobasi - INFO - Cobasi: Dados extraídos via JSON para NexGard
2026-02-05 20:19:55,523 - scraper_base - INFO - ✅ Cobasi: 22 produto(s) encontrado(s) para NexGard
2026-02-05 20:19:58,403 - scraper_base - INFO - 📦 [4/20] Processando NexGard Spectra
2026-02-05 20:19:58,403 - scraper_base - INFO - 🔍 Cobasi: Buscando NexGard Spectra
2026-02-05 20:19:58,538 - scraper_cobasi - INFO - Cobasi: Dados extraídos via JSON para NexGard Spectra
2026-02-05 20:19:58,538 - scraper_base - INFO - ✅ Cobasi: 10 produto(s) encontrado(s) para NexGard Spectra
2026-02-05 20:19:59,763 - scraper_base - INFO - 📦 [5/20] Processando NexGard Combo
2026-02-05 20:19:59,763 - scraper_base - INFO - 🔍 Cobasi: Buscando NexGard Combo
2026-02-05 20:20:00,950 - scraper_cobasi - INFO - Cobasi: Dados extraídos via JSON para NexGard Combo
2026-02-05 20:20:00,950 - scraper_base - INFO - ✅ Cobasi: 4 produto(s) encontrado(s) para NexGard Combo
2026-02-05 20:20:02,563 - scraper_base - INFO - 📦 [6/20] Processando Bravecto
2026-02-05 20:20:02,563 - scraper_base - INFO - 🔍 Cobasi: Buscando Bravecto
2026-02-05 20:20:06,506 - scraper_cobasi - INFO - Cobasi: Dados extraídos via JSON para Bravecto
2026-02-05 20:20:06,506 - scraper_base - INFO - ✅ Cobasi: 16 produto(s) encontrado(s) para Bravecto
2026-02-05 20:20:08,491 - scraper_base - INFO - 📦 [7/20] Processando Frontline
2026-02-05 20:20:08,491 - scraper_base - INFO - 🔍 Cobasi: Buscando Frontline
2026-02-05 20:20:11,405 - scraper_cobasi - INFO - Cobasi: Dados extraídos via JSON para Frontline
2026-02-05 20:20:11,405 - scraper_base - INFO - ✅ Cobasi: 10 produto(s) encontrado(s) para Frontline
2026-02-05 20:20:13,199 - scraper_base - INFO - 📦 [8/20] Processando Advocate
2026-02-05 20:20:13,199 - scraper_base - INFO - 🔍 Cobasi: Buscando Advocate
2026-02-05 20:20:15,486 - scraper_cobasi - INFO - Cobasi: Dados extraídos via JSON para Advocate
2026-02-05 20:20:15,486 - scraper_base - INFO - ✅ Cobasi: 12 produto(s) encontrado(s) para Advocate
2026-02-05 20:20:17,496 - scraper_base - INFO - 📦 [9/20] Processando Drontal
2026-02-05 20:20:17,496 - scraper_base - INFO - 🔍 Cobasi: Buscando Drontal
2026-02-05 20:20:19,605 - scraper_cobasi - INFO - Cobasi: Dados extraídos via JSON para Drontal
2026-02-05 20:20:19,605 - scraper_base - INFO - ✅ Cobasi: 8 produto(s) encontrado(s) para Drontal
2026-02-05 20:20:21,514 - scraper_base - INFO - 📦 [10/20] Processando Milbemax
2026-02-05 20:20:21,515 - scraper_base - INFO - 🔍 Cobasi: Buscando Milbemax
2026-02-05 20:20:23,119 - scraper_cobasi - INFO - Cobasi: Dados extraídos via JSON para Milbemax
2026-02-05 20:20:23,119 - scraper_base - INFO - ✅ Cobasi: 4 produto(s) encontrado(s) para Milbemax
2026-02-05 20:20:25,191 - scraper_base - INFO - 📦 [11/20] Processando Vermivet
2026-02-05 20:20:25,192 - scraper_base - INFO - 🔍 Cobasi: Buscando Vermivet
2026-02-05 20:20:26,801 - scraper_cobasi - INFO - Cobasi: Dados extraídos via JSON para Vermivet
2026-02-05 20:20:26,801 - scraper_base - INFO - ✅ Cobasi: 5 produto(s) encontrado(s) para Vermivet
2026-02-05 20:20:27,958 - scraper_base - INFO - 📦 [12/20] Processando Rimadyl
2026-02-05 20:20:27,958 - scraper_base - INFO - 🔍 Cobasi: Buscando Rimadyl
2026-02-05 20:20:30,303 - scraper_cobasi - INFO - Cobasi: Dados extraídos via JSON para Rimadyl
2026-02-05 20:20:30,303 - scraper_base - INFO - ✅ Cobasi: 3 produto(s) encontrado(s) para Rimadyl
2026-02-05 20:20:32,029 - scraper_base - INFO - 📦 [13/20] Processando Onsior
2026-02-05 20:20:32,029 - scraper_base - INFO - 🔍 Cobasi: Buscando Onsior
2026-02-05 20:20:34,133 - scraper_cobasi - INFO - Cobasi: Dados extraídos via JSON para Onsior
2026-02-05 20:20:34,133 - scraper_base - INFO - ✅ Cobasi: 4 produto(s) encontrado(s) para Onsior
2026-02-05 20:20:35,512 - scraper_base - INFO - 📦 [14/20] Processando Maxicam
2026-02-05 20:20:35,512 - scraper_base - INFO - 🔍 Cobasi: Buscando Maxicam
2026-02-05 20:20:38,644 - scraper_cobasi - INFO - Cobasi: Dados extraídos via JSON para Maxicam
2026-02-05 20:20:38,644 - scraper_base - INFO - ✅ Cobasi: 21 produto(s) encontrado(s) para Maxicam
2026-02-05 20:20:40,871 - scraper_base - INFO - 📦 [15/20] Processando Carproflan
2026-02-05 20:20:40,871 - scraper_base - INFO - 🔍 Cobasi: Buscando Carproflan
2026-02-05 20:20:41,974 - scraper_cobasi - INFO - Cobasi: Dados extraídos via JSON para Carproflan
2026-02-05 20:20:41,974 - scraper_base - INFO - ✅ Cobasi: 3 produto(s) encontrado(s) para Carproflan
2026-02-05 20:20:44,950 - scraper_base - INFO - 📦 [16/20] Processando Previcox
2026-02-05 20:20:44,951 - scraper_base - INFO - 🔍 Cobasi: Buscando Previcox
2026-02-05 20:20:46,054 - scraper_cobasi - INFO - Cobasi: Dados extraídos via JSON para Previcox
2026-02-05 20:20:46,054 - scraper_base - INFO - ✅ Cobasi: 2 produto(s) encontrado(s) para Previcox
2026-02-05 20:20:47,444 - scraper_base - INFO - 📦 [17/20] Processando Apoquel
2026-02-05 20:20:47,444 - scraper_base - INFO - 🔍 Cobasi: Buscando Apoquel
2026-02-05 20:20:49,298 - scraper_cobasi - INFO - Cobasi: Dados extraídos via JSON para Apoquel
2026-02-05 20:20:49,298 - scraper_base - INFO - ✅ Cobasi: 3 produto(s) encontrado(s) para Apoquel
2026-02-05 20:20:51,205 - scraper_base - INFO - 📦 [18/20] Processando Zenrelia
2026-02-05 20:20:51,205 - scraper_base - INFO - 🔍 Cobasi: Buscando Zenrelia
2026-02-05 20:20:53,811 - scraper_cobasi - INFO - Cobasi: Dados extraídos via JSON para Zenrelia
2026-02-05 20:20:53,811 - scraper_base - INFO - ✅ Cobasi: 4 produto(s) encontrado(s) para Zenrelia
2026-02-05 20:20:54,886 - scraper_base - INFO - 📦 [19/20] Processando Synulox
2026-02-05 20:20:54,886 - scraper_base - INFO - 🔍 Cobasi: Buscando Synulox
2026-02-05 20:20:58,571 - scraper_cobasi - INFO - Cobasi: Dados extraídos via JSON para Synulox
2026-02-05 20:20:58,572 - scraper_base - INFO - ✅ Cobasi: 2 produto(s) encontrado(s) para Synulox
2026-02-05 20:21:01,220 - scraper_base - INFO - 📦 [20/20] Processando Baytril
2026-02-05 20:21:01,221 - scraper_base - INFO - 🔍 Cobasi: Buscando Baytril
2026-02-05 20:21:06,054 - scraper_cobasi - INFO - Cobasi: Dados extraídos via JSON para Baytril
2026-02-05 20:21:06,054 - scraper_base - INFO - ✅ Cobasi: 4 produto(s) encontrado(s) para Baytril
2026-02-05 20:21:08,592 - scraper_base - INFO - 📊 Cobasi - Estatísticas finais:
2026-02-05 20:21:08,592 - scraper_base - INFO -    • Medicamentos processados: 20
2026-02-05 20:21:08,592 - scraper_base - INFO -    • Produtos encontrados: 167
2026-02-05 20:21:08,592 - scraper_base - INFO -    • Medicamentos sem resultado: 0
2026-02-05 20:21:08,592 - scraper_base - INFO -    • Tempo total: 79.2s
2026-02-05 20:21:08,592 - scraper_base - INFO -    • Tempo médio por medicamento: 4.0s
2026-02-05 20:21:08,737 - gerenciador_arquivos - INFO - Excel salvo: dados_coletados/cobasi_20260205_202108.xlsx (167 produtos)
2026-02-05 20:21:08,738 - gerenciador_principal - INFO - Cobasi: Arquivo individual salvo com sucesso
2026-02-05 20:21:08,738 - gerenciador_principal - INFO - Pausando entre sites...
2026-02-05 20:21:10,738 - gerenciador_principal - INFO - [2/3] Processando Petlove
2026-02-05 20:21:10,738 - scraper_base - INFO - 🚀 Iniciando scraping completo - Petlove
2026-02-05 20:21:11,020 - scraper_base - INFO - 📋 20 medicamentos para processar
2026-02-05 20:21:11,021 - scraper_base - INFO - 📦 [1/20] Processando Simparic
2026-02-05 20:21:11,021 - scraper_base - INFO - 🔍 Petlove: Buscando Simparic
2026-02-05 20:21:16,508 - gerenciador_conexoes - INFO - Chrome inicializado com otimizacoes de velocidade
2026-02-05 20:21:19,794 - scraper_base - INFO - ✅ Petlove: 34 produto(s) encontrado(s) para Simparic
2026-02-05 20:21:21,938 - scraper_base - INFO - 📦 [2/20] Processando Revolution
2026-02-05 20:21:21,938 - scraper_base - INFO - 🔍 Petlove: Buscando Revolution
2026-02-05 20:21:23,635 - scraper_base - INFO - ✅ Petlove: 18 produto(s) encontrado(s) para Revolution
2026-02-05 20:21:24,671 - scraper_base - INFO - 📦 [3/20] Processando NexGard
2026-02-05 20:21:24,672 - scraper_base - INFO - 🔍 Petlove: Buscando NexGard
2026-02-05 20:21:26,343 - scraper_base - INFO - ✅ Petlove: 11 produto(s) encontrado(s) para NexGard
2026-02-05 20:21:27,367 - scraper_base - INFO - 📦 [4/20] Processando NexGard Spectra
2026-02-05 20:21:27,367 - scraper_base - INFO - 🔍 Petlove: Buscando NexGard Spectra
2026-02-05 20:21:29,671 - scraper_base - INFO - ✅ Petlove: 5 produto(s) encontrado(s) para NexGard Spectra
2026-02-05 20:21:30,734 - scraper_base - INFO - 📦 [5/20] Processando NexGard Combo
2026-02-05 20:21:30,734 - scraper_base - INFO - 🔍 Petlove: Buscando NexGard Combo
2026-02-05 20:21:32,841 - scraper_base - INFO - ✅ Petlove: 2 produto(s) encontrado(s) para NexGard Combo
2026-02-05 20:21:34,182 - scraper_base - INFO - 📦 [6/20] Processando Bravecto
2026-02-05 20:21:34,183 - scraper_base - INFO - 🔍 Petlove: Buscando Bravecto
2026-02-05 20:21:36,568 - scraper_base - INFO - ✅ Petlove: 23 produto(s) encontrado(s) para Bravecto
2026-02-05 20:21:39,487 - scraper_base - INFO - 📦 [7/20] Processando Frontline
2026-02-05 20:21:39,487 - scraper_base - INFO - 🔍 Petlove: Buscando Frontline
2026-02-05 20:21:41,054 - scraper_base - INFO - ✅ Petlove: 11 produto(s) encontrado(s) para Frontline
2026-02-05 20:21:43,743 - scraper_base - INFO - 📦 [8/20] Processando Advocate
2026-02-05 20:21:43,743 - scraper_base - INFO - 🔍 Petlove: Buscando Advocate
2026-02-05 20:21:45,479 - scraper_base - INFO - ✅ Petlove: 12 produto(s) encontrado(s) para Advocate
2026-02-05 20:21:47,791 - scraper_base - INFO - 📦 [9/20] Processando Drontal
2026-02-05 20:21:47,791 - scraper_base - INFO - 🔍 Petlove: Buscando Drontal
2026-02-05 20:21:49,621 - scraper_base - INFO - ✅ Petlove: 36 produto(s) encontrado(s) para Drontal
2026-02-05 20:21:51,530 - scraper_base - INFO - 📦 [10/20] Processando Milbemax
2026-02-05 20:21:51,530 - scraper_base - INFO - 🔍 Petlove: Buscando Milbemax
2026-02-05 20:21:53,273 - scraper_base - INFO - ✅ Petlove: 15 produto(s) encontrado(s) para Milbemax
2026-02-05 20:21:56,032 - scraper_base - INFO - 📦 [11/20] Processando Vermivet
2026-02-05 20:21:56,032 - scraper_base - INFO - 🔍 Petlove: Buscando Vermivet
2026-02-05 20:21:57,935 - scraper_base - INFO - ✅ Petlove: 36 produto(s) encontrado(s) para Vermivet
2026-02-05 20:21:59,589 - scraper_base - INFO - 📦 [12/20] Processando Rimadyl
2026-02-05 20:21:59,589 - scraper_base - INFO - 🔍 Petlove: Buscando Rimadyl
2026-02-05 20:22:01,703 - scraper_base - INFO - ✅ Petlove: 1 produto(s) encontrado(s) para Rimadyl
2026-02-05 20:22:03,837 - scraper_base - INFO - 📦 [13/20] Processando Onsior
2026-02-05 20:22:03,838 - scraper_base - INFO - 🔍 Petlove: Buscando Onsior
2026-02-05 20:22:05,363 - scraper_base - INFO - ✅ Petlove: 4 produto(s) encontrado(s) para Onsior
2026-02-05 20:22:08,361 - scraper_base - INFO - 📦 [14/20] Processando Maxicam
2026-02-05 20:22:08,361 - scraper_base - INFO - 🔍 Petlove: Buscando Maxicam
2026-02-05 20:22:09,869 - scraper_base - INFO - ✅ Petlove: 3 produto(s) encontrado(s) para Maxicam
2026-02-05 20:22:12,110 - scraper_base - INFO - 📦 [15/20] Processando Carproflan
2026-02-05 20:22:12,110 - scraper_base - INFO - 🔍 Petlove: Buscando Carproflan
2026-02-05 20:22:14,087 - scraper_base - INFO - ✅ Petlove: 8 produto(s) encontrado(s) para Carproflan
2026-02-05 20:22:16,999 - scraper_base - INFO - 📦 [16/20] Processando Previcox
2026-02-05 20:22:16,999 - scraper_base - INFO - 🔍 Petlove: Buscando Previcox
2026-02-05 20:22:18,923 - scraper_base - INFO - ✅ Petlove: 4 produto(s) encontrado(s) para Previcox
2026-02-05 20:22:21,619 - scraper_base - INFO - 📦 [17/20] Processando Apoquel
2026-02-05 20:22:21,619 - scraper_base - INFO - 🔍 Petlove: Buscando Apoquel
2026-02-05 20:22:23,416 - scraper_base - INFO - ✅ Petlove: 16 produto(s) encontrado(s) para Apoquel
2026-02-05 20:22:25,800 - scraper_base - INFO - 📦 [18/20] Processando Zenrelia
2026-02-05 20:22:25,800 - scraper_base - INFO - 🔍 Petlove: Buscando Zenrelia
2026-02-05 20:22:27,352 - scraper_base - INFO - ✅ Petlove: 4 produto(s) encontrado(s) para Zenrelia
2026-02-05 20:22:29,615 - scraper_base - INFO - 📦 [19/20] Processando Synulox
2026-02-05 20:22:29,615 - scraper_base - INFO - 🔍 Petlove: Buscando Synulox
2026-02-05 20:22:31,091 - scraper_base - INFO - ✅ Petlove: 1 produto(s) encontrado(s) para Synulox
2026-02-05 20:22:34,044 - scraper_base - INFO - 📦 [20/20] Processando Baytril
2026-02-05 20:22:34,045 - scraper_base - INFO - 🔍 Petlove: Buscando Baytril
2026-02-05 20:22:35,536 - scraper_base - INFO - ✅ Petlove: 4 produto(s) encontrado(s) para Baytril
2026-02-05 20:22:36,874 - scraper_base - INFO - 📊 Petlove - Estatísticas finais:
2026-02-05 20:22:36,874 - scraper_base - INFO -    • Medicamentos processados: 20
2026-02-05 20:22:36,874 - scraper_base - INFO -    • Produtos encontrados: 248
2026-02-05 20:22:36,874 - scraper_base - INFO -    • Medicamentos sem resultado: 0
2026-02-05 20:22:36,874 - scraper_base - INFO -    • Tempo total: 86.1s
2026-02-05 20:22:36,874 - scraper_base - INFO -    • Tempo médio por medicamento: 4.3s
2026-02-05 20:22:36,920 - gerenciador_arquivos - INFO - Excel salvo: dados_coletados/petlove_20260205_202236.xlsx (248 produtos)
2026-02-05 20:22:36,921 - gerenciador_principal - INFO - Petlove: Arquivo individual salvo com sucesso
2026-02-05 20:22:36,921 - gerenciador_principal - INFO - Pausando entre sites...
2026-02-05 20:22:38,921 - gerenciador_principal - INFO - [3/3] Processando Petz
2026-02-05 20:22:38,921 - scraper_base - INFO - 🚀 Iniciando scraping completo - Petz
2026-02-05 20:22:39,289 - scraper_base - INFO - 📋 20 medicamentos para processar
2026-02-05 20:22:39,289 - scraper_base - INFO - 📦 [1/20] Processando Simparic
2026-02-05 20:22:39,289 - scraper_base - INFO - 🔍 Petz: Buscando Simparic
2026-02-05 20:22:39,470 - scraper_petz - INFO - Petz: Nenhum product-card encontrado para Simparic
2026-02-05 20:22:39,470 - scraper_base - INFO - ⚪ Petz: Nenhum produto encontrado para Simparic
2026-02-05 20:22:42,112 - scraper_base - INFO - 📦 [2/20] Processando Revolution
2026-02-05 20:22:42,113 - scraper_base - INFO - 🔍 Petz: Buscando Revolution
2026-02-05 20:22:42,234 - scraper_petz - INFO - Petz: Nenhum product-card encontrado para Revolution
2026-02-05 20:22:42,234 - scraper_base - INFO - ⚪ Petz: Nenhum produto encontrado para Revolution
2026-02-05 20:22:45,040 - scraper_base - INFO - 📦 [3/20] Processando NexGard
2026-02-05 20:22:45,040 - scraper_base - INFO - 🔍 Petz: Buscando NexGard
2026-02-05 20:22:45,157 - scraper_petz - INFO - Petz: Nenhum product-card encontrado para NexGard
2026-02-05 20:22:45,157 - scraper_base - INFO - ⚪ Petz: Nenhum produto encontrado para NexGard
2026-02-05 20:22:46,799 - scraper_base - INFO - 📦 [4/20] Processando NexGard Spectra
2026-02-05 20:22:46,800 - scraper_base - INFO - 🔍 Petz: Buscando NexGard Spectra
2026-02-05 20:22:46,909 - scraper_petz - INFO - Petz: Nenhum product-card encontrado para NexGard Spectra
2026-02-05 20:22:46,909 - scraper_base - INFO - ⚪ Petz: Nenhum produto encontrado para NexGard Spectra
2026-02-05 20:22:48,811 - scraper_base - INFO - 📦 [5/20] Processando NexGard Combo
2026-02-05 20:22:48,811 - scraper_base - INFO - 🔍 Petz: Buscando NexGard Combo
2026-02-05 20:22:48,924 - scraper_petz - INFO - Petz: Nenhum product-card encontrado para NexGard Combo
2026-02-05 20:22:48,924 - scraper_base - INFO - ⚪ Petz: Nenhum produto encontrado para NexGard Combo
2026-02-05 20:22:51,222 - scraper_base - INFO - 📦 [6/20] Processando Bravecto
2026-02-05 20:22:51,222 - scraper_base - INFO - 🔍 Petz: Buscando Bravecto
2026-02-05 20:22:51,342 - scraper_petz - INFO - Petz: Nenhum product-card encontrado para Bravecto
2026-02-05 20:22:51,342 - scraper_base - INFO - ⚪ Petz: Nenhum produto encontrado para Bravecto
2026-02-05 20:22:52,701 - scraper_base - INFO - 📦 [7/20] Processando Frontline
2026-02-05 20:22:52,701 - scraper_base - INFO - 🔍 Petz: Buscando Frontline
2026-02-05 20:22:52,809 - scraper_petz - INFO - Petz: Nenhum product-card encontrado para Frontline
2026-02-05 20:22:52,809 - scraper_base - INFO - ⚪ Petz: Nenhum produto encontrado para Frontline
2026-02-05 20:22:54,255 - scraper_base - INFO - 📦 [8/20] Processando Advocate
2026-02-05 20:22:54,255 - scraper_base - INFO - 🔍 Petz: Buscando Advocate
2026-02-05 20:22:54,364 - scraper_petz - INFO - Petz: Nenhum product-card encontrado para Advocate
2026-02-05 20:22:54,365 - scraper_base - INFO - ⚪ Petz: Nenhum produto encontrado para Advocate
2026-02-05 20:22:55,517 - scraper_base - INFO - 📦 [9/20] Processando Drontal
2026-02-05 20:22:55,517 - scraper_base - INFO - 🔍 Petz: Buscando Drontal
2026-02-05 20:22:55,641 - scraper_petz - INFO - Petz: Nenhum product-card encontrado para Drontal
2026-02-05 20:22:55,641 - scraper_base - INFO - ⚪ Petz: Nenhum produto encontrado para Drontal
2026-02-05 20:22:57,126 - scraper_base - INFO - 📦 [10/20] Processando Milbemax
2026-02-05 20:22:57,126 - scraper_base - INFO - 🔍 Petz: Buscando Milbemax
2026-02-05 20:22:57,236 - scraper_petz - INFO - Petz: Nenhum product-card encontrado para Milbemax
2026-02-05 20:22:57,236 - scraper_base - INFO - ⚪ Petz: Nenhum produto encontrado para Milbemax
2026-02-05 20:22:59,385 - scraper_base - INFO - 📦 [11/20] Processando Vermivet
2026-02-05 20:22:59,385 - scraper_base - INFO - 🔍 Petz: Buscando Vermivet
2026-02-05 20:22:59,685 - scraper_petz - INFO - Petz: Nenhum product-card encontrado para Vermivet
2026-02-05 20:22:59,685 - scraper_base - INFO - ⚪ Petz: Nenhum produto encontrado para Vermivet
2026-02-05 20:23:01,714 - scraper_base - INFO - 📦 [12/20] Processando Rimadyl
2026-02-05 20:23:01,714 - scraper_base - INFO - 🔍 Petz: Buscando Rimadyl
2026-02-05 20:23:01,853 - scraper_petz - INFO - Petz: Nenhum product-card encontrado para Rimadyl
2026-02-05 20:23:01,853 - scraper_base - INFO - ⚪ Petz: Nenhum produto encontrado para Rimadyl
2026-02-05 20:23:04,638 - scraper_base - INFO - 📦 [13/20] Processando Onsior
2026-02-05 20:23:04,638 - scraper_base - INFO - 🔍 Petz: Buscando Onsior
2026-02-05 20:23:04,751 - scraper_petz - INFO - Petz: Nenhum product-card encontrado para Onsior
2026-02-05 20:23:04,751 - scraper_base - INFO - ⚪ Petz: Nenhum produto encontrado para Onsior
2026-02-05 20:23:06,645 - scraper_base - INFO - 📦 [14/20] Processando Maxicam
2026-02-05 20:23:06,645 - scraper_base - INFO - 🔍 Petz: Buscando Maxicam
2026-02-05 20:23:06,757 - scraper_petz - INFO - Petz: Nenhum product-card encontrado para Maxicam
2026-02-05 20:23:06,757 - scraper_base - INFO - ⚪ Petz: Nenhum produto encontrado para Maxicam
2026-02-05 20:23:09,309 - scraper_base - INFO - 📦 [15/20] Processando Carproflan
2026-02-05 20:23:09,310 - scraper_base - INFO - 🔍 Petz: Buscando Carproflan
2026-02-05 20:23:09,419 - scraper_petz - INFO - Petz: Nenhum product-card encontrado para Carproflan
2026-02-05 20:23:09,419 - scraper_base - INFO - ⚪ Petz: Nenhum produto encontrado para Carproflan
2026-02-05 20:23:11,075 - scraper_base - INFO - 📦 [16/20] Processando Previcox
2026-02-05 20:23:11,075 - scraper_base - INFO - 🔍 Petz: Buscando Previcox
2026-02-05 20:23:11,207 - scraper_petz - INFO - Petz: Nenhum product-card encontrado para Previcox
2026-02-05 20:23:11,208 - scraper_base - INFO - ⚪ Petz: Nenhum produto encontrado para Previcox
2026-02-05 20:23:13,023 - scraper_base - INFO - 📦 [17/20] Processando Apoquel
2026-02-05 20:23:13,023 - scraper_base - INFO - 🔍 Petz: Buscando Apoquel
2026-02-05 20:23:13,136 - scraper_petz - INFO - Petz: Nenhum product-card encontrado para Apoquel
2026-02-05 20:23:13,136 - scraper_base - INFO - ⚪ Petz: Nenhum produto encontrado para Apoquel
2026-02-05 20:23:14,311 - scraper_base - INFO - 📦 [18/20] Processando Zenrelia
2026-02-05 20:23:14,311 - scraper_base - INFO - 🔍 Petz: Buscando Zenrelia
2026-02-05 20:23:14,422 - scraper_petz - INFO - Petz: Nenhum product-card encontrado para Zenrelia
2026-02-05 20:23:14,422 - scraper_base - INFO - ⚪ Petz: Nenhum produto encontrado para Zenrelia
2026-02-05 20:23:16,665 - scraper_base - INFO - 📦 [19/20] Processando Synulox
2026-02-05 20:23:16,666 - scraper_base - INFO - 🔍 Petz: Buscando Synulox
2026-02-05 20:23:16,782 - scraper_petz - INFO - Petz: Nenhum product-card encontrado para Synulox
2026-02-05 20:23:16,782 - scraper_base - INFO - ⚪ Petz: Nenhum produto encontrado para Synulox
2026-02-05 20:23:18,011 - scraper_base - INFO - 📦 [20/20] Processando Baytril
2026-02-05 20:23:18,011 - scraper_base - INFO - 🔍 Petz: Buscando Baytril
2026-02-05 20:23:18,140 - scraper_petz - INFO - Petz: Nenhum product-card encontrado para Baytril
2026-02-05 20:23:18,140 - scraper_base - INFO - ⚪ Petz: Nenhum produto encontrado para Baytril
2026-02-05 20:23:19,959 - scraper_base - INFO - 📊 Petz - Estatísticas finais:
2026-02-05 20:23:19,959 - scraper_base - INFO -    • Medicamentos processados: 20
2026-02-05 20:23:19,959 - scraper_base - INFO -    • Produtos encontrados: 0
2026-02-05 20:23:19,959 - scraper_base - INFO -    • Medicamentos sem resultado: 20
2026-02-05 20:23:19,960 - scraper_base - INFO -    • Tempo total: 41.0s
2026-02-05 20:23:19,960 - scraper_base - INFO -    • Tempo médio por medicamento: 2.1s
2026-02-05 20:23:19,960 - gerenciador_principal - WARNING - Petz: Nenhum produto coletado
2026-02-05 20:23:19,960 - gerenciador_principal - INFO - Gerando relatório consolidado...
2026-02-05 20:23:20,090 - gerenciador_arquivos - INFO - Relatório consolidado salvo: dados_relatorios/relatorio_consolidado_20260205_202319.xlsx
2026-02-05 20:23:20,176 - gerenciador_conexoes - INFO - Chrome fechado
2026-02-05 20:23:20,176 - gerenciador_conexoes - INFO - Métodos utilizados - Requests: 33.3%, Selenium: 66.7%, Falhas: 0.0%
2026-02-05 20:23:20,176 - gerenciador_principal - INFO - ============================================================
2026-02-05 20:23:20,176 - gerenciador_principal - INFO - RELATORIO FINAL DE EXECUÇÃO
2026-02-05 20:23:20,176 - gerenciador_principal - INFO - ============================================================
2026-02-05 20:23:20,176 - gerenciador_principal - INFO - Sites processados: 3
2026-02-05 20:23:20,176 - gerenciador_principal - INFO - Sites com sucesso: 2
2026-02-05 20:23:20,176 - gerenciador_principal - INFO - Total de produtos coletados: 415
2026-02-05 20:23:20,176 - gerenciador_principal - WARNING - Sites com falhas: Petz
2026-02-05 20:23:20,176 - gerenciador_principal - INFO - Tempo total de execução: 210.6 segundos
2026-02-05 20:23:20,176 - gerenciador_principal - INFO - Estatísticas de conexão:
2026-02-05 20:23:20,176 - gerenciador_principal - INFO -   - Requests bem-sucedidos: 33.3%
2026-02-05 20:23:20,176 - gerenciador_principal - INFO -   - Selenium fallback: 66.7%
2026-02-05 20:23:20,176 - gerenciador_principal - INFO -   - Falhas totais: 0.0%
2026-02-05 20:23:20,178 - gerenciador_principal - INFO - Arquivos salvos na pasta: dados_coletados
2026-02-05 20:23:20,178 - gerenciador_principal - INFO - Total de arquivos: 369
2026-02-05 20:23:20,178 - gerenciador_principal - INFO - ============================================================
