2026-02-20 20:17:07,984 - configurador_logs - INFO - Sistema de logs configurado com sucesso
2026-02-20 20:17:07,984 - configurador_logs - INFO - 🚀 Logs configurados para MODO PRODUÇÃO
2026-02-20 20:17:07,984 - gerenciador_principal - INFO - Inicializando sistema - Modo: PRODUCAO
2026-02-20 20:17:07,984 - gerenciador_arquivos - INFO - Pasta dados_coletados preparada
2026-02-20 20:17:07,984 - gerenciador_principal - INFO - Sistema inicializado com 3 scrapers
2026-02-20 20:17:07,984 - gerenciador_principal - INFO - ============================================================
2026-02-20 20:17:07,984 - gerenciador_principal - INFO - INICIANDO SCRAPING COMPLETO - PRODUCAO
2026-02-20 20:17:07,984 - gerenciador_principal - INFO - ============================================================
2026-02-20 20:17:07,984 - gerenciador_principal - INFO - [1/3] Processando Cobasi
2026-02-20 20:17:07,985 - scraper_base - INFO - 🚀 Iniciando scraping completo - Cobasi
2026-02-20 20:17:08,514 - gerenciador_conexoes - INFO - Sessao estabelecida com cobasi.com.br
2026-02-20 20:17:08,514 - scraper_base - INFO - 📋 20 medicamentos para processar
2026-02-20 20:17:08,514 - scraper_base - INFO - 📦 [1/20] Processando Simparic
2026-02-20 20:17:08,514 - scraper_base - INFO - 🔍 Cobasi: Buscando Simparic
2026-02-20 20:17:08,595 - scraper_cobasi - INFO - Cobasi: Dados extraídos via JSON para Simparic
2026-02-20 20:17:08,595 - scraper_base - INFO - ✅ Cobasi: 12 produto(s) encontrado(s) para Simparic
2026-02-20 20:17:09,900 - scraper_base - INFO - 📦 [2/20] Processando Revolution
2026-02-20 20:17:09,901 - scraper_base - INFO - 🔍 Cobasi: Buscando Revolution
2026-02-20 20:17:09,979 - scraper_cobasi - INFO - Cobasi: Dados extraídos via JSON para Revolution
2026-02-20 20:17:09,979 - scraper_base - INFO - ✅ Cobasi: 18 produto(s) encontrado(s) para Revolution
2026-02-20 20:17:11,648 - scraper_base - INFO - 📦 [3/20] Processando NexGard
2026-02-20 20:17:11,648 - scraper_base - INFO - 🔍 Cobasi: Buscando NexGard
2026-02-20 20:17:11,738 - scraper_cobasi - INFO - Cobasi: Dados extraídos via JSON para NexGard
2026-02-20 20:17:11,738 - scraper_base - INFO - ✅ Cobasi: 22 produto(s) encontrado(s) para NexGard
2026-02-20 20:17:13,082 - scraper_base - INFO - 📦 [4/20] Processando NexGard Spectra
2026-02-20 20:17:13,082 - scraper_base - INFO - 🔍 Cobasi: Buscando NexGard Spectra
2026-02-20 20:17:13,155 - scraper_cobasi - INFO - Cobasi: Dados extraídos via JSON para NexGard Spectra
2026-02-20 20:17:13,155 - scraper_base - INFO - ✅ Cobasi: 10 produto(s) encontrado(s) para NexGard Spectra
2026-02-20 20:17:15,626 - scraper_base - INFO - 📦 [5/20] Processando NexGard Combo
2026-02-20 20:17:15,627 - scraper_base - INFO - 🔍 Cobasi: Buscando NexGard Combo
2026-02-20 20:17:15,698 - scraper_cobasi - INFO - Cobasi: Dados extraídos via JSON para NexGard Combo
2026-02-20 20:17:15,698 - scraper_base - INFO - ✅ Cobasi: 4 produto(s) encontrado(s) para NexGard Combo
2026-02-20 20:17:17,685 - scraper_base - INFO - 📦 [6/20] Processando Bravecto
2026-02-20 20:17:17,685 - scraper_base - INFO - 🔍 Cobasi: Buscando Bravecto
2026-02-20 20:17:17,797 - scraper_cobasi - INFO - Cobasi: Dados extraídos via JSON para Bravecto
2026-02-20 20:17:17,797 - scraper_base - INFO - ✅ Cobasi: 16 produto(s) encontrado(s) para Bravecto
2026-02-20 20:17:19,478 - scraper_base - INFO - 📦 [7/20] Processando Frontline
2026-02-20 20:17:19,478 - scraper_base - INFO - 🔍 Cobasi: Buscando Frontline
2026-02-20 20:17:19,562 - scraper_cobasi - INFO - Cobasi: Dados extraídos via JSON para Frontline
2026-02-20 20:17:19,563 - scraper_base - INFO - ✅ Cobasi: 10 produto(s) encontrado(s) para Frontline
2026-02-20 20:17:22,366 - scraper_base - INFO - 📦 [8/20] Processando Advocate
2026-02-20 20:17:22,366 - scraper_base - INFO - 🔍 Cobasi: Buscando Advocate
2026-02-20 20:17:22,443 - scraper_cobasi - INFO - Cobasi: Dados extraídos via JSON para Advocate
2026-02-20 20:17:22,443 - scraper_base - INFO - ✅ Cobasi: 12 produto(s) encontrado(s) para Advocate
2026-02-20 20:17:24,911 - scraper_base - INFO - 📦 [9/20] Processando Drontal
2026-02-20 20:17:24,911 - scraper_base - INFO - 🔍 Cobasi: Buscando Drontal
2026-02-20 20:17:26,844 - scraper_cobasi - INFO - Cobasi: Dados extraídos via JSON para Drontal
2026-02-20 20:17:26,844 - scraper_base - INFO - ✅ Cobasi: 8 produto(s) encontrado(s) para Drontal
2026-02-20 20:17:28,927 - scraper_base - INFO - 📦 [10/20] Processando Milbemax
2026-02-20 20:17:28,927 - scraper_base - INFO - 🔍 Cobasi: Buscando Milbemax
2026-02-20 20:17:32,473 - scraper_cobasi - INFO - Cobasi: Dados extraídos via JSON para Milbemax
2026-02-20 20:17:32,473 - scraper_base - INFO - ✅ Cobasi: 4 produto(s) encontrado(s) para Milbemax
2026-02-20 20:17:34,315 - scraper_base - INFO - 📦 [11/20] Processando Vermivet
2026-02-20 20:17:34,315 - scraper_base - INFO - 🔍 Cobasi: Buscando Vermivet
2026-02-20 20:17:38,021 - scraper_cobasi - INFO - Cobasi: Dados extraídos via JSON para Vermivet
2026-02-20 20:17:38,021 - scraper_base - INFO - ✅ Cobasi: 5 produto(s) encontrado(s) para Vermivet
2026-02-20 20:17:39,176 - scraper_base - INFO - 📦 [12/20] Processando Rimadyl
2026-02-20 20:17:39,176 - scraper_base - INFO - 🔍 Cobasi: Buscando Rimadyl
2026-02-20 20:17:40,824 - scraper_cobasi - INFO - Cobasi: Dados extraídos via JSON para Rimadyl
2026-02-20 20:17:40,824 - scraper_base - INFO - ✅ Cobasi: 3 produto(s) encontrado(s) para Rimadyl
2026-02-20 20:17:42,683 - scraper_base - INFO - 📦 [13/20] Processando Onsior
2026-02-20 20:17:42,683 - scraper_base - INFO - 🔍 Cobasi: Buscando Onsior
2026-02-20 20:17:46,235 - scraper_cobasi - INFO - Cobasi: Dados extraídos via JSON para Onsior
2026-02-20 20:17:46,235 - scraper_base - INFO - ✅ Cobasi: 4 produto(s) encontrado(s) para Onsior
2026-02-20 20:17:47,917 - scraper_base - INFO - 📦 [14/20] Processando Maxicam
2026-02-20 20:17:47,917 - scraper_base - INFO - 🔍 Cobasi: Buscando Maxicam
2026-02-20 20:17:50,412 - scraper_cobasi - INFO - Cobasi: Dados extraídos via JSON para Maxicam
2026-02-20 20:17:50,412 - scraper_base - INFO - ✅ Cobasi: 21 produto(s) encontrado(s) para Maxicam
2026-02-20 20:17:52,007 - scraper_base - INFO - 📦 [15/20] Processando Carproflan
2026-02-20 20:17:52,008 - scraper_base - INFO - 🔍 Cobasi: Buscando Carproflan
2026-02-20 20:17:54,064 - scraper_cobasi - INFO - Cobasi: Dados extraídos via JSON para Carproflan
2026-02-20 20:17:54,064 - scraper_base - INFO - ✅ Cobasi: 3 produto(s) encontrado(s) para Carproflan
2026-02-20 20:17:56,958 - scraper_base - INFO - 📦 [16/20] Processando Previcox
2026-02-20 20:17:56,958 - scraper_base - INFO - 🔍 Cobasi: Buscando Previcox
2026-02-20 20:17:59,061 - scraper_cobasi - INFO - Cobasi: Dados extraídos via JSON para Previcox
2026-02-20 20:17:59,061 - scraper_base - INFO - ✅ Cobasi: 2 produto(s) encontrado(s) para Previcox
2026-02-20 20:18:00,316 - scraper_base - INFO - 📦 [17/20] Processando Apoquel
2026-02-20 20:18:00,316 - scraper_base - INFO - 🔍 Cobasi: Buscando Apoquel
2026-02-20 20:18:02,019 - scraper_cobasi - INFO - Cobasi: Dados extraídos via JSON para Apoquel
2026-02-20 20:18:02,019 - scraper_base - INFO - ✅ Cobasi: 3 produto(s) encontrado(s) para Apoquel
2026-02-20 20:18:03,914 - scraper_base - INFO - 📦 [18/20] Processando Zenrelia
2026-02-20 20:18:03,914 - scraper_base - INFO - 🔍 Cobasi: Buscando Zenrelia
2026-02-20 20:18:05,972 - scraper_cobasi - INFO - Cobasi: Dados extraídos via JSON para Zenrelia
2026-02-20 20:18:05,972 - scraper_base - INFO - ✅ Cobasi: 4 produto(s) encontrado(s) para Zenrelia
2026-02-20 20:18:08,658 - scraper_base - INFO - 📦 [19/20] Processando Synulox
2026-02-20 20:18:08,658 - scraper_base - INFO - 🔍 Cobasi: Buscando Synulox
2026-02-20 20:18:09,546 - scraper_cobasi - INFO - Cobasi: Dados extraídos via JSON para Synulox
2026-02-20 20:18:09,546 - scraper_base - INFO - ✅ Cobasi: 2 produto(s) encontrado(s) para Synulox
2026-02-20 20:18:11,107 - scraper_base - INFO - 📦 [20/20] Processando Baytril
2026-02-20 20:18:11,108 - scraper_base - INFO - 🔍 Cobasi: Buscando Baytril
2026-02-20 20:18:13,080 - scraper_cobasi - INFO - Cobasi: Dados extraídos via JSON para Baytril
2026-02-20 20:18:13,080 - scraper_base - INFO - ✅ Cobasi: 4 produto(s) encontrado(s) para Baytril
2026-02-20 20:18:15,293 - scraper_base - INFO - 📊 Cobasi - Estatísticas finais:
2026-02-20 20:18:15,293 - scraper_base - INFO -    • Medicamentos processados: 20
2026-02-20 20:18:15,293 - scraper_base - INFO -    • Produtos encontrados: 167
2026-02-20 20:18:15,293 - scraper_base - INFO -    • Medicamentos sem resultado: 0
2026-02-20 20:18:15,293 - scraper_base - INFO -    • Tempo total: 67.3s
2026-02-20 20:18:15,293 - scraper_base - INFO -    • Tempo médio por medicamento: 3.4s
2026-02-20 20:18:15,486 - gerenciador_arquivos - INFO - Excel salvo: dados_coletados/cobasi_20260220_201815.xlsx (167 produtos)
2026-02-20 20:18:15,486 - gerenciador_principal - INFO - Cobasi: Arquivo individual salvo com sucesso
2026-02-20 20:18:15,486 - gerenciador_principal - INFO - Pausando entre sites...
2026-02-20 20:18:17,487 - gerenciador_principal - INFO - [2/3] Processando Petlove
2026-02-20 20:18:17,487 - scraper_base - INFO - 🚀 Iniciando scraping completo - Petlove
2026-02-20 20:18:17,753 - scraper_base - INFO - 📋 20 medicamentos para processar
2026-02-20 20:18:17,753 - scraper_base - INFO - 📦 [1/20] Processando Simparic
2026-02-20 20:18:17,753 - scraper_base - INFO - 🔍 Petlove: Buscando Simparic
2026-02-20 20:18:25,704 - gerenciador_conexoes - INFO - Chrome inicializado com otimizacoes de velocidade
2026-02-20 20:18:29,098 - scraper_base - INFO - ✅ Petlove: 36 produto(s) encontrado(s) para Simparic
2026-02-20 20:18:31,702 - scraper_base - INFO - 📦 [2/20] Processando Revolution
2026-02-20 20:18:31,702 - scraper_base - INFO - 🔍 Petlove: Buscando Revolution
2026-02-20 20:18:33,525 - scraper_base - INFO - ✅ Petlove: 18 produto(s) encontrado(s) para Revolution
2026-02-20 20:18:34,599 - scraper_base - INFO - 📦 [3/20] Processando NexGard
2026-02-20 20:18:34,600 - scraper_base - INFO - 🔍 Petlove: Buscando NexGard
2026-02-20 20:18:36,777 - scraper_base - INFO - ✅ Petlove: 11 produto(s) encontrado(s) para NexGard
2026-02-20 20:18:38,933 - scraper_base - INFO - 📦 [4/20] Processando NexGard Spectra
2026-02-20 20:18:38,933 - scraper_base - INFO - 🔍 Petlove: Buscando NexGard Spectra
2026-02-20 20:18:40,445 - scraper_base - INFO - ✅ Petlove: 5 produto(s) encontrado(s) para NexGard Spectra
2026-02-20 20:18:42,013 - scraper_base - INFO - 📦 [5/20] Processando NexGard Combo
2026-02-20 20:18:42,013 - scraper_base - INFO - 🔍 Petlove: Buscando NexGard Combo
2026-02-20 20:18:43,303 - scraper_base - INFO - ✅ Petlove: 2 produto(s) encontrado(s) para NexGard Combo
2026-02-20 20:18:45,605 - scraper_base - INFO - 📦 [6/20] Processando Bravecto
2026-02-20 20:18:45,605 - scraper_base - INFO - 🔍 Petlove: Buscando Bravecto
2026-02-20 20:18:47,351 - scraper_base - INFO - ✅ Petlove: 23 produto(s) encontrado(s) para Bravecto
2026-02-20 20:18:48,899 - scraper_base - INFO - 📦 [7/20] Processando Frontline
2026-02-20 20:18:48,899 - scraper_base - INFO - 🔍 Petlove: Buscando Frontline
2026-02-20 20:18:50,739 - scraper_base - INFO - ✅ Petlove: 11 produto(s) encontrado(s) para Frontline
2026-02-20 20:18:52,279 - scraper_base - INFO - 📦 [8/20] Processando Advocate
2026-02-20 20:18:52,279 - scraper_base - INFO - 🔍 Petlove: Buscando Advocate
2026-02-20 20:18:54,026 - scraper_base - INFO - ✅ Petlove: 12 produto(s) encontrado(s) para Advocate
2026-02-20 20:18:56,123 - scraper_base - INFO - 📦 [9/20] Processando Drontal
2026-02-20 20:18:56,123 - scraper_base - INFO - 🔍 Petlove: Buscando Drontal
2026-02-20 20:18:58,124 - scraper_base - INFO - ✅ Petlove: 36 produto(s) encontrado(s) para Drontal
2026-02-20 20:18:59,177 - scraper_base - INFO - 📦 [10/20] Processando Milbemax
2026-02-20 20:18:59,177 - scraper_base - INFO - 🔍 Petlove: Buscando Milbemax
2026-02-20 20:19:00,862 - scraper_base - INFO - ✅ Petlove: 14 produto(s) encontrado(s) para Milbemax
2026-02-20 20:19:03,102 - scraper_base - INFO - 📦 [11/20] Processando Vermivet
2026-02-20 20:19:03,102 - scraper_base - INFO - 🔍 Petlove: Buscando Vermivet
2026-02-20 20:19:04,718 - scraper_base - INFO - ✅ Petlove: 36 produto(s) encontrado(s) para Vermivet
2026-02-20 20:19:07,688 - scraper_base - INFO - 📦 [12/20] Processando Rimadyl
2026-02-20 20:19:07,688 - scraper_base - INFO - 🔍 Petlove: Buscando Rimadyl
2026-02-20 20:19:09,297 - scraper_base - INFO - ✅ Petlove: 1 produto(s) encontrado(s) para Rimadyl
2026-02-20 20:19:11,406 - scraper_base - INFO - 📦 [13/20] Processando Onsior
2026-02-20 20:19:11,406 - scraper_base - INFO - 🔍 Petlove: Buscando Onsior
2026-02-20 20:19:13,904 - scraper_base - INFO - ✅ Petlove: 4 produto(s) encontrado(s) para Onsior
2026-02-20 20:19:15,058 - scraper_base - INFO - 📦 [14/20] Processando Maxicam
2026-02-20 20:19:15,058 - scraper_base - INFO - 🔍 Petlove: Buscando Maxicam
2026-02-20 20:19:16,526 - scraper_base - INFO - ✅ Petlove: 3 produto(s) encontrado(s) para Maxicam
2026-02-20 20:19:17,694 - scraper_base - INFO - 📦 [15/20] Processando Carproflan
2026-02-20 20:19:17,694 - scraper_base - INFO - 🔍 Petlove: Buscando Carproflan
2026-02-20 20:19:19,117 - scraper_base - INFO - ✅ Petlove: 7 produto(s) encontrado(s) para Carproflan
2026-02-20 20:19:21,772 - scraper_base - INFO - 📦 [16/20] Processando Previcox
2026-02-20 20:19:21,773 - scraper_base - INFO - 🔍 Petlove: Buscando Previcox
2026-02-20 20:19:23,095 - scraper_base - INFO - ✅ Petlove: 4 produto(s) encontrado(s) para Previcox
2026-02-20 20:19:25,021 - scraper_base - INFO - 📦 [17/20] Processando Apoquel
2026-02-20 20:19:25,021 - scraper_base - INFO - 🔍 Petlove: Buscando Apoquel
2026-02-20 20:19:26,443 - scraper_base - INFO - ✅ Petlove: 16 produto(s) encontrado(s) para Apoquel
2026-02-20 20:19:28,464 - scraper_base - INFO - 📦 [18/20] Processando Zenrelia
2026-02-20 20:19:28,464 - scraper_base - INFO - 🔍 Petlove: Buscando Zenrelia
2026-02-20 20:19:29,848 - scraper_base - INFO - ✅ Petlove: 4 produto(s) encontrado(s) para Zenrelia
2026-02-20 20:19:31,329 - scraper_base - INFO - 📦 [19/20] Processando Synulox
2026-02-20 20:19:31,329 - scraper_base - INFO - 🔍 Petlove: Buscando Synulox
2026-02-20 20:19:32,848 - scraper_base - INFO - ✅ Petlove: 1 produto(s) encontrado(s) para Synulox
2026-02-20 20:19:35,159 - scraper_base - INFO - 📦 [20/20] Processando Baytril
2026-02-20 20:19:35,159 - scraper_base - INFO - 🔍 Petlove: Buscando Baytril
2026-02-20 20:19:36,509 - scraper_base - INFO - ✅ Petlove: 4 produto(s) encontrado(s) para Baytril
2026-02-20 20:19:38,615 - scraper_base - INFO - 📊 Petlove - Estatísticas finais:
2026-02-20 20:19:38,615 - scraper_base - INFO -    • Medicamentos processados: 20
2026-02-20 20:19:38,615 - scraper_base - INFO -    • Produtos encontrados: 248
2026-02-20 20:19:38,615 - scraper_base - INFO -    • Medicamentos sem resultado: 0
2026-02-20 20:19:38,615 - scraper_base - INFO -    • Tempo total: 81.1s
2026-02-20 20:19:38,615 - scraper_base - INFO -    • Tempo médio por medicamento: 4.1s
2026-02-20 20:19:38,662 - gerenciador_arquivos - INFO - Excel salvo: dados_coletados/petlove_20260220_201938.xlsx (248 produtos)
2026-02-20 20:19:38,662 - gerenciador_principal - INFO - Petlove: Arquivo individual salvo com sucesso
2026-02-20 20:19:38,662 - gerenciador_principal - INFO - Pausando entre sites...
2026-02-20 20:19:40,662 - gerenciador_principal - INFO - [3/3] Processando Petz
2026-02-20 20:19:40,663 - scraper_base - INFO - 🚀 Iniciando scraping completo - Petz
2026-02-20 20:19:41,134 - scraper_base - INFO - 📋 20 medicamentos para processar
2026-02-20 20:19:41,135 - scraper_base - INFO - 📦 [1/20] Processando Simparic
2026-02-20 20:19:41,135 - scraper_base - INFO - 🔍 Petz: Buscando Simparic
2026-02-20 20:19:46,511 - scraper_base - INFO - ✅ Petz: 12 produto(s) encontrado(s) para Simparic
2026-02-20 20:19:48,758 - scraper_base - INFO - 📦 [2/20] Processando Revolution
2026-02-20 20:19:48,758 - scraper_base - INFO - 🔍 Petz: Buscando Revolution
2026-02-20 20:19:51,164 - scraper_base - INFO - ✅ Petz: 26 produto(s) encontrado(s) para Revolution
2026-02-20 20:19:53,724 - scraper_base - INFO - 📦 [3/20] Processando NexGard
2026-02-20 20:19:53,725 - scraper_base - INFO - 🔍 Petz: Buscando NexGard
2026-02-20 20:19:56,430 - scraper_base - INFO - ✅ Petz: 22 produto(s) encontrado(s) para NexGard
2026-02-20 20:19:58,889 - scraper_base - INFO - 📦 [4/20] Processando NexGard Spectra
2026-02-20 20:19:58,889 - scraper_base - INFO - 🔍 Petz: Buscando NexGard Spectra
2026-02-20 20:20:01,221 - scraper_base - INFO - ✅ Petz: 10 produto(s) encontrado(s) para NexGard Spectra
2026-02-20 20:20:03,507 - scraper_base - INFO - 📦 [5/20] Processando NexGard Combo
2026-02-20 20:20:03,507 - scraper_base - INFO - 🔍 Petz: Buscando NexGard Combo
2026-02-20 20:20:05,590 - scraper_base - INFO - ✅ Petz: 4 produto(s) encontrado(s) para NexGard Combo
2026-02-20 20:20:07,957 - scraper_base - INFO - 📦 [6/20] Processando Bravecto
2026-02-20 20:20:07,957 - scraper_base - INFO - 🔍 Petz: Buscando Bravecto
2026-02-20 20:20:10,509 - scraper_base - INFO - ✅ Petz: 16 produto(s) encontrado(s) para Bravecto
2026-02-20 20:20:11,722 - scraper_base - INFO - 📦 [7/20] Processando Frontline
2026-02-20 20:20:11,722 - scraper_base - INFO - 🔍 Petz: Buscando Frontline
2026-02-20 20:20:14,182 - scraper_base - INFO - ✅ Petz: 11 produto(s) encontrado(s) para Frontline
2026-02-20 20:20:16,209 - scraper_base - INFO - 📦 [8/20] Processando Advocate
2026-02-20 20:20:16,209 - scraper_base - INFO - 🔍 Petz: Buscando Advocate
2026-02-20 20:20:18,536 - scraper_base - INFO - ✅ Petz: 12 produto(s) encontrado(s) para Advocate
2026-02-20 20:20:19,643 - scraper_base - INFO - 📦 [9/20] Processando Drontal
2026-02-20 20:20:19,643 - scraper_base - INFO - 🔍 Petz: Buscando Drontal
2026-02-20 20:20:22,465 - scraper_base - INFO - ✅ Petz: 30 produto(s) encontrado(s) para Drontal
2026-02-20 20:20:23,627 - scraper_base - INFO - 📦 [10/20] Processando Milbemax
2026-02-20 20:20:23,627 - scraper_base - INFO - 🔍 Petz: Buscando Milbemax
2026-02-20 20:20:25,484 - scraper_base - INFO - ✅ Petz: 4 produto(s) encontrado(s) para Milbemax
2026-02-20 20:20:27,412 - scraper_base - INFO - 📦 [11/20] Processando Vermivet
2026-02-20 20:20:27,412 - scraper_base - INFO - 🔍 Petz: Buscando Vermivet
2026-02-20 20:20:29,552 - scraper_base - INFO - ✅ Petz: 5 produto(s) encontrado(s) para Vermivet
2026-02-20 20:20:31,324 - scraper_base - INFO - 📦 [12/20] Processando Rimadyl
2026-02-20 20:20:31,324 - scraper_base - INFO - 🔍 Petz: Buscando Rimadyl
2026-02-20 20:20:33,142 - scraper_base - INFO - ✅ Petz: 3 produto(s) encontrado(s) para Rimadyl
2026-02-20 20:20:35,349 - scraper_base - INFO - 📦 [13/20] Processando Onsior
2026-02-20 20:20:35,349 - scraper_base - INFO - 🔍 Petz: Buscando Onsior
2026-02-20 20:20:37,244 - scraper_base - INFO - ✅ Petz: 4 produto(s) encontrado(s) para Onsior
2026-02-20 20:20:39,314 - scraper_base - INFO - 📦 [14/20] Processando Maxicam
2026-02-20 20:20:39,314 - scraper_base - INFO - 🔍 Petz: Buscando Maxicam
2026-02-20 20:20:41,770 - scraper_base - INFO - ✅ Petz: 29 produto(s) encontrado(s) para Maxicam
2026-02-20 20:20:42,992 - scraper_base - INFO - 📦 [15/20] Processando Carproflan
2026-02-20 20:20:42,992 - scraper_base - INFO - 🔍 Petz: Buscando Carproflan
2026-02-20 20:20:44,680 - scraper_base - INFO - ✅ Petz: 3 produto(s) encontrado(s) para Carproflan
2026-02-20 20:20:47,649 - scraper_base - INFO - 📦 [16/20] Processando Previcox
2026-02-20 20:20:47,649 - scraper_base - INFO - 🔍 Petz: Buscando Previcox
2026-02-20 20:20:49,798 - scraper_base - INFO - ✅ Petz: 2 produto(s) encontrado(s) para Previcox
2026-02-20 20:20:51,312 - scraper_base - INFO - 📦 [17/20] Processando Apoquel
2026-02-20 20:20:51,313 - scraper_base - INFO - 🔍 Petz: Buscando Apoquel
2026-02-20 20:20:52,917 - scraper_base - INFO - ✅ Petz: 3 produto(s) encontrado(s) para Apoquel
2026-02-20 20:20:54,966 - scraper_base - INFO - 📦 [18/20] Processando Zenrelia
2026-02-20 20:20:54,966 - scraper_base - INFO - 🔍 Petz: Buscando Zenrelia
2026-02-20 20:20:56,817 - scraper_base - INFO - ✅ Petz: 4 produto(s) encontrado(s) para Zenrelia
2026-02-20 20:20:58,830 - scraper_base - INFO - 📦 [19/20] Processando Synulox
2026-02-20 20:20:58,830 - scraper_base - INFO - 🔍 Petz: Buscando Synulox
2026-02-20 20:21:00,500 - scraper_base - INFO - ✅ Petz: 2 produto(s) encontrado(s) para Synulox
2026-02-20 20:21:02,782 - scraper_base - INFO - 📦 [20/20] Processando Baytril
2026-02-20 20:21:02,783 - scraper_base - INFO - 🔍 Petz: Buscando Baytril
2026-02-20 20:21:04,744 - scraper_base - INFO - ✅ Petz: 9 produto(s) encontrado(s) para Baytril
2026-02-20 20:21:07,713 - scraper_base - INFO - 📊 Petz - Estatísticas finais:
2026-02-20 20:21:07,714 - scraper_base - INFO -    • Medicamentos processados: 20
2026-02-20 20:21:07,714 - scraper_base - INFO -    • Produtos encontrados: 211
2026-02-20 20:21:07,714 - scraper_base - INFO -    • Medicamentos sem resultado: 0
2026-02-20 20:21:07,714 - scraper_base - INFO -    • Tempo total: 87.1s
2026-02-20 20:21:07,714 - scraper_base - INFO -    • Tempo médio por medicamento: 4.4s
2026-02-20 20:21:07,757 - gerenciador_arquivos - INFO - Excel salvo: dados_coletados/petz_20260220_202107.xlsx (211 produtos)
2026-02-20 20:21:07,757 - gerenciador_principal - INFO - Petz: Arquivo individual salvo com sucesso
2026-02-20 20:21:07,757 - gerenciador_principal - INFO - Gerando relatório consolidado...
2026-02-20 20:21:08,022 - gerenciador_arquivos - INFO - Relatório consolidado salvo: dados_relatorios/relatorio_consolidado_20260220_202107.xlsx
2026-02-20 20:21:08,167 - gerenciador_conexoes - INFO - Chrome fechado
2026-02-20 20:21:08,167 - gerenciador_conexoes - INFO - Métodos utilizados - Requests: 33.3%, Selenium: 66.7%, Falhas: 0.0%
2026-02-20 20:21:08,167 - gerenciador_principal - INFO - ============================================================
2026-02-20 20:21:08,167 - gerenciador_principal - INFO - RELATORIO FINAL DE EXECUÇÃO
2026-02-20 20:21:08,167 - gerenciador_principal - INFO - ============================================================
2026-02-20 20:21:08,167 - gerenciador_principal - INFO - Sites processados: 3
2026-02-20 20:21:08,167 - gerenciador_principal - INFO - Sites com sucesso: 3
2026-02-20 20:21:08,167 - gerenciador_principal - INFO - Total de produtos coletados: 626
2026-02-20 20:21:08,167 - gerenciador_principal - INFO - Tempo total de execução: 239.8 segundos
2026-02-20 20:21:08,167 - gerenciador_principal - INFO - Estatísticas de conexão:
2026-02-20 20:21:08,168 - gerenciador_principal - INFO -   - Requests bem-sucedidos: 33.3%
2026-02-20 20:21:08,168 - gerenciador_principal - INFO -   - Selenium fallback: 66.7%
2026-02-20 20:21:08,168 - gerenciador_principal - INFO -   - Falhas totais: 0.0%
2026-02-20 20:21:08,169 - gerenciador_principal - INFO - Arquivos salvos na pasta: dados_coletados
2026-02-20 20:21:08,170 - gerenciador_principal - INFO - Total de arquivos: 412
2026-02-20 20:21:08,170 - gerenciador_principal - INFO - ============================================================
