2025-12-19 20:11:09,425 - configurador_logs - INFO - Sistema de logs configurado com sucesso
2025-12-19 20:11:09,425 - configurador_logs - INFO - 🚀 Logs configurados para MODO PRODUÇÃO
2025-12-19 20:11:09,425 - gerenciador_principal - INFO - Inicializando sistema - Modo: PRODUCAO
2025-12-19 20:11:09,425 - gerenciador_arquivos - INFO - Pasta dados_coletados preparada
2025-12-19 20:11:09,426 - gerenciador_principal - INFO - Sistema inicializado com 3 scrapers
2025-12-19 20:11:09,426 - gerenciador_principal - INFO - ============================================================
2025-12-19 20:11:09,426 - gerenciador_principal - INFO - INICIANDO SCRAPING COMPLETO - PRODUCAO
2025-12-19 20:11:09,426 - gerenciador_principal - INFO - ============================================================
2025-12-19 20:11:09,426 - gerenciador_principal - INFO - [1/3] Processando Cobasi
2025-12-19 20:11:09,426 - scraper_base - INFO - 🚀 Iniciando scraping completo - Cobasi
2025-12-19 20:11:09,979 - gerenciador_conexoes - INFO - Sessao estabelecida com cobasi.com.br
2025-12-19 20:11:09,979 - scraper_base - INFO - 📋 20 medicamentos para processar
2025-12-19 20:11:09,979 - scraper_base - INFO - 📦 [1/20] Processando Simparic
2025-12-19 20:11:09,980 - scraper_base - INFO - 🔍 Cobasi: Buscando Simparic
2025-12-19 20:11:12,061 - scraper_cobasi - INFO - Cobasi: Dados extraídos via JSON para Simparic
2025-12-19 20:11:12,061 - scraper_base - INFO - ✅ Cobasi: 12 produto(s) encontrado(s) para Simparic
2025-12-19 20:11:14,130 - scraper_base - INFO - 📦 [2/20] Processando Revolution
2025-12-19 20:11:14,130 - scraper_base - INFO - 🔍 Cobasi: Buscando Revolution
2025-12-19 20:11:16,465 - scraper_cobasi - INFO - Cobasi: Dados extraídos via JSON para Revolution
2025-12-19 20:11:16,465 - scraper_base - INFO - ✅ Cobasi: 18 produto(s) encontrado(s) para Revolution
2025-12-19 20:11:18,522 - scraper_base - INFO - 📦 [3/20] Processando NexGard
2025-12-19 20:11:18,522 - scraper_base - INFO - 🔍 Cobasi: Buscando NexGard
2025-12-19 20:11:21,236 - scraper_cobasi - INFO - Cobasi: Dados extraídos via JSON para NexGard
2025-12-19 20:11:21,236 - scraper_base - INFO - ✅ Cobasi: 22 produto(s) encontrado(s) para NexGard
2025-12-19 20:11:22,717 - scraper_base - INFO - 📦 [4/20] Processando NexGard Spectra
2025-12-19 20:11:22,717 - scraper_base - INFO - 🔍 Cobasi: Buscando NexGard Spectra
2025-12-19 20:11:24,778 - scraper_cobasi - INFO - Cobasi: Dados extraídos via JSON para NexGard Spectra
2025-12-19 20:11:24,778 - scraper_base - INFO - ✅ Cobasi: 10 produto(s) encontrado(s) para NexGard Spectra
2025-12-19 20:11:26,480 - scraper_base - INFO - 📦 [5/20] Processando NexGard Combo
2025-12-19 20:11:26,480 - scraper_base - INFO - 🔍 Cobasi: Buscando NexGard Combo
2025-12-19 20:11:28,773 - scraper_cobasi - INFO - Cobasi: Dados extraídos via JSON para NexGard Combo
2025-12-19 20:11:28,773 - scraper_base - INFO - ✅ Cobasi: 4 produto(s) encontrado(s) para NexGard Combo
2025-12-19 20:11:31,387 - scraper_base - INFO - 📦 [6/20] Processando Bravecto
2025-12-19 20:11:31,387 - scraper_base - INFO - 🔍 Cobasi: Buscando Bravecto
2025-12-19 20:11:31,969 - scraper_cobasi - INFO - Cobasi: Dados extraídos via JSON para Bravecto
2025-12-19 20:11:31,969 - scraper_base - INFO - ✅ Cobasi: 16 produto(s) encontrado(s) para Bravecto
2025-12-19 20:11:34,512 - scraper_base - INFO - 📦 [7/20] Processando Frontline
2025-12-19 20:11:34,512 - scraper_base - INFO - 🔍 Cobasi: Buscando Frontline
2025-12-19 20:11:34,970 - scraper_cobasi - INFO - Cobasi: Dados extraídos via JSON para Frontline
2025-12-19 20:11:34,970 - scraper_base - INFO - ✅ Cobasi: 10 produto(s) encontrado(s) para Frontline
2025-12-19 20:11:37,641 - scraper_base - INFO - 📦 [8/20] Processando Advocate
2025-12-19 20:11:37,641 - scraper_base - INFO - 🔍 Cobasi: Buscando Advocate
2025-12-19 20:11:39,770 - scraper_cobasi - INFO - Cobasi: Dados extraídos via JSON para Advocate
2025-12-19 20:11:39,770 - scraper_base - INFO - ✅ Cobasi: 12 produto(s) encontrado(s) para Advocate
2025-12-19 20:11:41,649 - scraper_base - INFO - 📦 [9/20] Processando Drontal
2025-12-19 20:11:41,649 - scraper_base - INFO - 🔍 Cobasi: Buscando Drontal
2025-12-19 20:11:42,110 - scraper_cobasi - INFO - Cobasi: Dados extraídos via JSON para Drontal
2025-12-19 20:11:42,110 - scraper_base - INFO - ✅ Cobasi: 8 produto(s) encontrado(s) para Drontal
2025-12-19 20:11:43,979 - scraper_base - INFO - 📦 [10/20] Processando Milbemax
2025-12-19 20:11:43,979 - scraper_base - INFO - 🔍 Cobasi: Buscando Milbemax
2025-12-19 20:11:45,958 - scraper_cobasi - INFO - Cobasi: Dados extraídos via JSON para Milbemax
2025-12-19 20:11:45,958 - scraper_base - INFO - ✅ Cobasi: 4 produto(s) encontrado(s) para Milbemax
2025-12-19 20:11:47,873 - scraper_base - INFO - 📦 [11/20] Processando Vermivet
2025-12-19 20:11:47,873 - scraper_base - INFO - 🔍 Cobasi: Buscando Vermivet
2025-12-19 20:11:50,382 - scraper_cobasi - INFO - Cobasi: Dados extraídos via JSON para Vermivet
2025-12-19 20:11:50,382 - scraper_base - INFO - ✅ Cobasi: 5 produto(s) encontrado(s) para Vermivet
2025-12-19 20:11:52,731 - scraper_base - INFO - 📦 [12/20] Processando Rimadyl
2025-12-19 20:11:52,731 - scraper_base - INFO - 🔍 Cobasi: Buscando Rimadyl
2025-12-19 20:11:54,504 - scraper_cobasi - INFO - Cobasi: Dados extraídos via JSON para Rimadyl
2025-12-19 20:11:54,504 - scraper_base - INFO - ✅ Cobasi: 3 produto(s) encontrado(s) para Rimadyl
2025-12-19 20:11:57,397 - scraper_base - INFO - 📦 [13/20] Processando Onsior
2025-12-19 20:11:57,397 - scraper_base - INFO - 🔍 Cobasi: Buscando Onsior
2025-12-19 20:11:59,444 - scraper_cobasi - INFO - Cobasi: Dados extraídos via JSON para Onsior
2025-12-19 20:11:59,444 - scraper_base - INFO - ✅ Cobasi: 4 produto(s) encontrado(s) para Onsior
2025-12-19 20:12:01,305 - scraper_base - INFO - 📦 [14/20] Processando Maxicam
2025-12-19 20:12:01,305 - scraper_base - INFO - 🔍 Cobasi: Buscando Maxicam
2025-12-19 20:12:03,856 - scraper_cobasi - INFO - Cobasi: Dados extraídos via JSON para Maxicam
2025-12-19 20:12:03,856 - scraper_base - INFO - ✅ Cobasi: 21 produto(s) encontrado(s) para Maxicam
2025-12-19 20:12:04,931 - scraper_base - INFO - 📦 [15/20] Processando Carproflan
2025-12-19 20:12:04,931 - scraper_base - INFO - 🔍 Cobasi: Buscando Carproflan
2025-12-19 20:12:06,771 - scraper_cobasi - INFO - Cobasi: Dados extraídos via JSON para Carproflan
2025-12-19 20:12:06,771 - scraper_base - INFO - ✅ Cobasi: 3 produto(s) encontrado(s) para Carproflan
2025-12-19 20:12:08,277 - scraper_base - INFO - 📦 [16/20] Processando Previcox
2025-12-19 20:12:08,277 - scraper_base - INFO - 🔍 Cobasi: Buscando Previcox
2025-12-19 20:12:10,189 - scraper_cobasi - INFO - Cobasi: Dados extraídos via JSON para Previcox
2025-12-19 20:12:10,189 - scraper_base - INFO - ✅ Cobasi: 2 produto(s) encontrado(s) para Previcox
2025-12-19 20:12:12,626 - scraper_base - INFO - 📦 [17/20] Processando Apoquel
2025-12-19 20:12:12,626 - scraper_base - INFO - 🔍 Cobasi: Buscando Apoquel
2025-12-19 20:12:14,335 - scraper_cobasi - INFO - Cobasi: Dados extraídos via JSON para Apoquel
2025-12-19 20:12:14,335 - scraper_base - INFO - ✅ Cobasi: 3 produto(s) encontrado(s) para Apoquel
2025-12-19 20:12:15,379 - scraper_base - INFO - 📦 [18/20] Processando Zenrelia
2025-12-19 20:12:15,379 - scraper_base - INFO - 🔍 Cobasi: Buscando Zenrelia
2025-12-19 20:12:17,456 - scraper_cobasi - INFO - Cobasi: Dados extraídos via JSON para Zenrelia
2025-12-19 20:12:17,456 - scraper_base - INFO - ✅ Cobasi: 4 produto(s) encontrado(s) para Zenrelia
2025-12-19 20:12:19,171 - scraper_base - INFO - 📦 [19/20] Processando Synulox
2025-12-19 20:12:19,171 - scraper_base - INFO - 🔍 Cobasi: Buscando Synulox
2025-12-19 20:12:20,929 - scraper_cobasi - INFO - Cobasi: Dados extraídos via JSON para Synulox
2025-12-19 20:12:20,929 - scraper_base - INFO - ✅ Cobasi: 2 produto(s) encontrado(s) para Synulox
2025-12-19 20:12:22,038 - scraper_base - INFO - 📦 [20/20] Processando Baytril
2025-12-19 20:12:22,038 - scraper_base - INFO - 🔍 Cobasi: Buscando Baytril
2025-12-19 20:12:24,141 - scraper_cobasi - INFO - Cobasi: Dados extraídos via JSON para Baytril
2025-12-19 20:12:24,141 - scraper_base - INFO - ✅ Cobasi: 4 produto(s) encontrado(s) para Baytril
2025-12-19 20:12:26,445 - scraper_base - INFO - 📊 Cobasi - Estatísticas finais:
2025-12-19 20:12:26,445 - scraper_base - INFO -    • Medicamentos processados: 20
2025-12-19 20:12:26,445 - scraper_base - INFO -    • Produtos encontrados: 167
2025-12-19 20:12:26,445 - scraper_base - INFO -    • Medicamentos sem resultado: 0
2025-12-19 20:12:26,445 - scraper_base - INFO -    • Tempo total: 77.0s
2025-12-19 20:12:26,446 - scraper_base - INFO -    • Tempo médio por medicamento: 3.9s
2025-12-19 20:12:26,597 - gerenciador_arquivos - INFO - Excel salvo: dados_coletados/cobasi_20251219_201226.xlsx (167 produtos)
2025-12-19 20:12:26,597 - gerenciador_principal - INFO - Cobasi: Arquivo individual salvo com sucesso
2025-12-19 20:12:26,597 - gerenciador_principal - INFO - Pausando entre sites...
2025-12-19 20:12:28,598 - gerenciador_principal - INFO - [2/3] Processando Petlove
2025-12-19 20:12:28,598 - scraper_base - INFO - 🚀 Iniciando scraping completo - Petlove
2025-12-19 20:12:28,859 - scraper_base - INFO - 📋 20 medicamentos para processar
2025-12-19 20:12:28,859 - scraper_base - INFO - 📦 [1/20] Processando Simparic
2025-12-19 20:12:28,859 - scraper_base - INFO - 🔍 Petlove: Buscando Simparic
2025-12-19 20:12:35,896 - gerenciador_conexoes - INFO - Chrome inicializado com otimizacoes de velocidade
2025-12-19 20:12:38,780 - scraper_base - INFO - ✅ Petlove: 15 produto(s) encontrado(s) para Simparic
2025-12-19 20:12:40,399 - scraper_base - INFO - 📦 [2/20] Processando Revolution
2025-12-19 20:12:40,399 - scraper_base - INFO - 🔍 Petlove: Buscando Revolution
2025-12-19 20:12:42,234 - scraper_base - INFO - ✅ Petlove: 14 produto(s) encontrado(s) para Revolution
2025-12-19 20:12:43,404 - scraper_base - INFO - 📦 [3/20] Processando NexGard
2025-12-19 20:12:43,404 - scraper_base - INFO - 🔍 Petlove: Buscando NexGard
2025-12-19 20:12:44,989 - scraper_base - INFO - ✅ Petlove: 11 produto(s) encontrado(s) para NexGard
2025-12-19 20:12:46,233 - scraper_base - INFO - 📦 [4/20] Processando NexGard Spectra
2025-12-19 20:12:46,233 - scraper_base - INFO - 🔍 Petlove: Buscando NexGard Spectra
2025-12-19 20:12:47,711 - scraper_base - INFO - ✅ Petlove: 5 produto(s) encontrado(s) para NexGard Spectra
2025-12-19 20:12:49,641 - scraper_base - INFO - 📦 [5/20] Processando NexGard Combo
2025-12-19 20:12:49,642 - scraper_base - INFO - 🔍 Petlove: Buscando NexGard Combo
2025-12-19 20:12:51,744 - scraper_base - INFO - ✅ Petlove: 2 produto(s) encontrado(s) para NexGard Combo
2025-12-19 20:12:54,664 - scraper_base - INFO - 📦 [6/20] Processando Bravecto
2025-12-19 20:12:54,664 - scraper_base - INFO - 🔍 Petlove: Buscando Bravecto
2025-12-19 20:12:57,356 - scraper_base - INFO - ✅ Petlove: 23 produto(s) encontrado(s) para Bravecto
2025-12-19 20:12:58,780 - scraper_base - INFO - 📦 [7/20] Processando Frontline
2025-12-19 20:12:58,780 - scraper_base - INFO - 🔍 Petlove: Buscando Frontline
2025-12-19 20:13:00,629 - scraper_base - INFO - ✅ Petlove: 11 produto(s) encontrado(s) para Frontline
2025-12-19 20:13:02,523 - scraper_base - INFO - 📦 [8/20] Processando Advocate
2025-12-19 20:13:02,523 - scraper_base - INFO - 🔍 Petlove: Buscando Advocate
2025-12-19 20:13:04,249 - scraper_base - INFO - ✅ Petlove: 10 produto(s) encontrado(s) para Advocate
2025-12-19 20:13:06,355 - scraper_base - INFO - 📦 [9/20] Processando Drontal
2025-12-19 20:13:06,355 - scraper_base - INFO - 🔍 Petlove: Buscando Drontal
2025-12-19 20:13:08,073 - scraper_base - INFO - ✅ Petlove: 19 produto(s) encontrado(s) para Drontal
2025-12-19 20:13:10,230 - scraper_base - INFO - 📦 [10/20] Processando Milbemax
2025-12-19 20:13:10,230 - scraper_base - INFO - 🔍 Petlove: Buscando Milbemax
2025-12-19 20:13:11,829 - scraper_base - INFO - ✅ Petlove: 4 produto(s) encontrado(s) para Milbemax
2025-12-19 20:13:14,821 - scraper_base - INFO - 📦 [11/20] Processando Vermivet
2025-12-19 20:13:14,821 - scraper_base - INFO - 🔍 Petlove: Buscando Vermivet
2025-12-19 20:13:16,704 - scraper_base - INFO - ✅ Petlove: 36 produto(s) encontrado(s) para Vermivet
2025-12-19 20:13:19,251 - scraper_base - INFO - 📦 [12/20] Processando Rimadyl
2025-12-19 20:13:19,251 - scraper_base - INFO - 🔍 Petlove: Buscando Rimadyl
2025-12-19 20:13:21,202 - scraper_base - INFO - ✅ Petlove: 1 produto(s) encontrado(s) para Rimadyl
2025-12-19 20:13:23,572 - scraper_base - INFO - 📦 [13/20] Processando Onsior
2025-12-19 20:13:23,572 - scraper_base - INFO - 🔍 Petlove: Buscando Onsior
2025-12-19 20:13:25,076 - scraper_base - INFO - ✅ Petlove: 4 produto(s) encontrado(s) para Onsior
2025-12-19 20:13:26,985 - scraper_base - INFO - 📦 [14/20] Processando Maxicam
2025-12-19 20:13:26,986 - scraper_base - INFO - 🔍 Petlove: Buscando Maxicam
2025-12-19 20:13:28,567 - scraper_base - INFO - ✅ Petlove: 4 produto(s) encontrado(s) para Maxicam
2025-12-19 20:13:30,799 - scraper_base - INFO - 📦 [15/20] Processando Carproflan
2025-12-19 20:13:30,799 - scraper_base - INFO - 🔍 Petlove: Buscando Carproflan
2025-12-19 20:13:32,320 - scraper_base - INFO - ✅ Petlove: 4 produto(s) encontrado(s) para Carproflan
2025-12-19 20:13:34,064 - scraper_base - INFO - 📦 [16/20] Processando Previcox
2025-12-19 20:13:34,064 - scraper_base - INFO - 🔍 Petlove: Buscando Previcox
2025-12-19 20:13:35,551 - scraper_base - INFO - ✅ Petlove: 4 produto(s) encontrado(s) para Previcox
2025-12-19 20:13:37,629 - scraper_base - INFO - 📦 [17/20] Processando Apoquel
2025-12-19 20:13:37,629 - scraper_base - INFO - 🔍 Petlove: Buscando Apoquel
2025-12-19 20:13:39,424 - scraper_base - INFO - ✅ Petlove: 16 produto(s) encontrado(s) para Apoquel
2025-12-19 20:13:40,954 - scraper_base - INFO - 📦 [18/20] Processando Zenrelia
2025-12-19 20:13:40,954 - scraper_base - INFO - 🔍 Petlove: Buscando Zenrelia
2025-12-19 20:13:42,479 - scraper_base - INFO - ✅ Petlove: 4 produto(s) encontrado(s) para Zenrelia
2025-12-19 20:13:43,549 - scraper_base - INFO - 📦 [19/20] Processando Synulox
2025-12-19 20:13:43,549 - scraper_base - INFO - 🔍 Petlove: Buscando Synulox
2025-12-19 20:13:44,954 - scraper_base - INFO - ✅ Petlove: 1 produto(s) encontrado(s) para Synulox
2025-12-19 20:13:46,287 - scraper_base - INFO - 📦 [20/20] Processando Baytril
2025-12-19 20:13:46,287 - scraper_base - INFO - 🔍 Petlove: Buscando Baytril
2025-12-19 20:13:48,006 - scraper_base - INFO - ✅ Petlove: 4 produto(s) encontrado(s) para Baytril
2025-12-19 20:13:50,389 - scraper_base - INFO - 📊 Petlove - Estatísticas finais:
2025-12-19 20:13:50,389 - scraper_base - INFO -    • Medicamentos processados: 20
2025-12-19 20:13:50,389 - scraper_base - INFO -    • Produtos encontrados: 192
2025-12-19 20:13:50,389 - scraper_base - INFO -    • Medicamentos sem resultado: 0
2025-12-19 20:13:50,389 - scraper_base - INFO -    • Tempo total: 81.8s
2025-12-19 20:13:50,389 - scraper_base - INFO -    • Tempo médio por medicamento: 4.1s
2025-12-19 20:13:50,426 - gerenciador_arquivos - INFO - Excel salvo: dados_coletados/petlove_20251219_201350.xlsx (192 produtos)
2025-12-19 20:13:50,426 - gerenciador_principal - INFO - Petlove: Arquivo individual salvo com sucesso
2025-12-19 20:13:50,426 - gerenciador_principal - INFO - Pausando entre sites...
2025-12-19 20:13:52,426 - gerenciador_principal - INFO - [3/3] Processando Petz
2025-12-19 20:13:52,426 - scraper_base - INFO - 🚀 Iniciando scraping completo - Petz
2025-12-19 20:13:52,799 - scraper_base - INFO - 📋 20 medicamentos para processar
2025-12-19 20:13:52,800 - scraper_base - INFO - 📦 [1/20] Processando Simparic
2025-12-19 20:13:52,800 - scraper_base - INFO - 🔍 Petz: Buscando Simparic
2025-12-19 20:13:53,083 - scraper_petz - INFO - Petz: Nenhum product-card encontrado para Simparic
2025-12-19 20:13:53,083 - scraper_base - INFO - ⚪ Petz: Nenhum produto encontrado para Simparic
2025-12-19 20:13:54,183 - scraper_base - INFO - 📦 [2/20] Processando Revolution
2025-12-19 20:13:54,183 - scraper_base - INFO - 🔍 Petz: Buscando Revolution
2025-12-19 20:13:54,315 - scraper_petz - INFO - Petz: Nenhum product-card encontrado para Revolution
2025-12-19 20:13:54,316 - scraper_base - INFO - ⚪ Petz: Nenhum produto encontrado para Revolution
2025-12-19 20:13:56,507 - scraper_base - INFO - 📦 [3/20] Processando NexGard
2025-12-19 20:13:56,507 - scraper_base - INFO - 🔍 Petz: Buscando NexGard
2025-12-19 20:13:56,649 - scraper_petz - INFO - Petz: Nenhum product-card encontrado para NexGard
2025-12-19 20:13:56,649 - scraper_base - INFO - ⚪ Petz: Nenhum produto encontrado para NexGard
2025-12-19 20:13:58,509 - scraper_base - INFO - 📦 [4/20] Processando NexGard Spectra
2025-12-19 20:13:58,510 - scraper_base - INFO - 🔍 Petz: Buscando NexGard Spectra
2025-12-19 20:13:58,663 - scraper_petz - INFO - Petz: Nenhum product-card encontrado para NexGard Spectra
2025-12-19 20:13:58,663 - scraper_base - INFO - ⚪ Petz: Nenhum produto encontrado para NexGard Spectra
2025-12-19 20:14:00,299 - scraper_base - INFO - 📦 [5/20] Processando NexGard Combo
2025-12-19 20:14:00,299 - scraper_base - INFO - 🔍 Petz: Buscando NexGard Combo
2025-12-19 20:14:00,452 - scraper_petz - INFO - Petz: Nenhum product-card encontrado para NexGard Combo
2025-12-19 20:14:00,452 - scraper_base - INFO - ⚪ Petz: Nenhum produto encontrado para NexGard Combo
2025-12-19 20:14:03,435 - scraper_base - INFO - 📦 [6/20] Processando Bravecto
2025-12-19 20:14:03,435 - scraper_base - INFO - 🔍 Petz: Buscando Bravecto
2025-12-19 20:14:03,594 - scraper_petz - INFO - Petz: Nenhum product-card encontrado para Bravecto
2025-12-19 20:14:03,595 - scraper_base - INFO - ⚪ Petz: Nenhum produto encontrado para Bravecto
2025-12-19 20:14:06,569 - scraper_base - INFO - 📦 [7/20] Processando Frontline
2025-12-19 20:14:06,569 - scraper_base - INFO - 🔍 Petz: Buscando Frontline
2025-12-19 20:14:06,709 - scraper_petz - INFO - Petz: Nenhum product-card encontrado para Frontline
2025-12-19 20:14:06,709 - scraper_base - INFO - ⚪ Petz: Nenhum produto encontrado para Frontline
2025-12-19 20:14:09,037 - scraper_base - INFO - 📦 [8/20] Processando Advocate
2025-12-19 20:14:09,037 - scraper_base - INFO - 🔍 Petz: Buscando Advocate
2025-12-19 20:14:09,187 - scraper_petz - INFO - Petz: Nenhum product-card encontrado para Advocate
2025-12-19 20:14:09,187 - scraper_base - INFO - ⚪ Petz: Nenhum produto encontrado para Advocate
2025-12-19 20:14:10,226 - scraper_base - INFO - 📦 [9/20] Processando Drontal
2025-12-19 20:14:10,226 - scraper_base - INFO - 🔍 Petz: Buscando Drontal
2025-12-19 20:14:10,387 - scraper_petz - INFO - Petz: Nenhum product-card encontrado para Drontal
2025-12-19 20:14:10,387 - scraper_base - INFO - ⚪ Petz: Nenhum produto encontrado para Drontal
2025-12-19 20:14:13,269 - scraper_base - INFO - 📦 [10/20] Processando Milbemax
2025-12-19 20:14:13,269 - scraper_base - INFO - 🔍 Petz: Buscando Milbemax
2025-12-19 20:14:13,739 - scraper_petz - INFO - Petz: Nenhum product-card encontrado para Milbemax
2025-12-19 20:14:13,739 - scraper_base - INFO - ⚪ Petz: Nenhum produto encontrado para Milbemax
2025-12-19 20:14:16,348 - scraper_base - INFO - 📦 [11/20] Processando Vermivet
2025-12-19 20:14:16,348 - scraper_base - INFO - 🔍 Petz: Buscando Vermivet
2025-12-19 20:14:16,487 - scraper_petz - INFO - Petz: Nenhum product-card encontrado para Vermivet
2025-12-19 20:14:16,487 - scraper_base - INFO - ⚪ Petz: Nenhum produto encontrado para Vermivet
2025-12-19 20:14:17,556 - scraper_base - INFO - 📦 [12/20] Processando Rimadyl
2025-12-19 20:14:17,557 - scraper_base - INFO - 🔍 Petz: Buscando Rimadyl
2025-12-19 20:14:17,703 - scraper_petz - INFO - Petz: Nenhum product-card encontrado para Rimadyl
2025-12-19 20:14:17,703 - scraper_base - INFO - ⚪ Petz: Nenhum produto encontrado para Rimadyl
2025-12-19 20:14:19,107 - scraper_base - INFO - 📦 [13/20] Processando Onsior
2025-12-19 20:14:19,107 - scraper_base - INFO - 🔍 Petz: Buscando Onsior
2025-12-19 20:14:19,253 - scraper_petz - INFO - Petz: Nenhum product-card encontrado para Onsior
2025-12-19 20:14:19,253 - scraper_base - INFO - ⚪ Petz: Nenhum produto encontrado para Onsior
2025-12-19 20:14:20,619 - scraper_base - INFO - 📦 [14/20] Processando Maxicam
2025-12-19 20:14:20,619 - scraper_base - INFO - 🔍 Petz: Buscando Maxicam
2025-12-19 20:14:20,756 - scraper_petz - INFO - Petz: Nenhum product-card encontrado para Maxicam
2025-12-19 20:14:20,756 - scraper_base - INFO - ⚪ Petz: Nenhum produto encontrado para Maxicam
2025-12-19 20:14:21,951 - scraper_base - INFO - 📦 [15/20] Processando Carproflan
2025-12-19 20:14:21,951 - scraper_base - INFO - 🔍 Petz: Buscando Carproflan
2025-12-19 20:14:22,084 - scraper_petz - INFO - Petz: Nenhum product-card encontrado para Carproflan
2025-12-19 20:14:22,085 - scraper_base - INFO - ⚪ Petz: Nenhum produto encontrado para Carproflan
2025-12-19 20:14:23,129 - scraper_base - INFO - 📦 [16/20] Processando Previcox
2025-12-19 20:14:23,130 - scraper_base - INFO - 🔍 Petz: Buscando Previcox
2025-12-19 20:14:23,260 - scraper_petz - INFO - Petz: Nenhum product-card encontrado para Previcox
2025-12-19 20:14:23,260 - scraper_base - INFO - ⚪ Petz: Nenhum produto encontrado para Previcox
2025-12-19 20:14:24,716 - scraper_base - INFO - 📦 [17/20] Processando Apoquel
2025-12-19 20:14:24,716 - scraper_base - INFO - 🔍 Petz: Buscando Apoquel
2025-12-19 20:14:24,849 - scraper_petz - INFO - Petz: Nenhum product-card encontrado para Apoquel
2025-12-19 20:14:24,849 - scraper_base - INFO - ⚪ Petz: Nenhum produto encontrado para Apoquel
2025-12-19 20:14:26,060 - scraper_base - INFO - 📦 [18/20] Processando Zenrelia
2025-12-19 20:14:26,060 - scraper_base - INFO - 🔍 Petz: Buscando Zenrelia
2025-12-19 20:14:26,189 - scraper_petz - INFO - Petz: Nenhum product-card encontrado para Zenrelia
2025-12-19 20:14:26,189 - scraper_base - INFO - ⚪ Petz: Nenhum produto encontrado para Zenrelia
2025-12-19 20:14:27,482 - scraper_base - INFO - 📦 [19/20] Processando Synulox
2025-12-19 20:14:27,482 - scraper_base - INFO - 🔍 Petz: Buscando Synulox
2025-12-19 20:14:27,624 - scraper_petz - INFO - Petz: Nenhum product-card encontrado para Synulox
2025-12-19 20:14:27,624 - scraper_base - INFO - ⚪ Petz: Nenhum produto encontrado para Synulox
2025-12-19 20:14:29,103 - scraper_base - INFO - 📦 [20/20] Processando Baytril
2025-12-19 20:14:29,103 - scraper_base - INFO - 🔍 Petz: Buscando Baytril
2025-12-19 20:14:29,236 - scraper_petz - INFO - Petz: Nenhum product-card encontrado para Baytril
2025-12-19 20:14:29,236 - scraper_base - INFO - ⚪ Petz: Nenhum produto encontrado para Baytril
2025-12-19 20:14:32,057 - scraper_base - INFO - 📊 Petz - Estatísticas finais:
2025-12-19 20:14:32,057 - scraper_base - INFO -    • Medicamentos processados: 20
2025-12-19 20:14:32,057 - scraper_base - INFO -    • Produtos encontrados: 0
2025-12-19 20:14:32,057 - scraper_base - INFO -    • Medicamentos sem resultado: 20
2025-12-19 20:14:32,057 - scraper_base - INFO -    • Tempo total: 39.6s
2025-12-19 20:14:32,057 - scraper_base - INFO -    • Tempo médio por medicamento: 2.0s
2025-12-19 20:14:32,057 - gerenciador_principal - WARNING - Petz: Nenhum produto coletado
2025-12-19 20:14:32,057 - gerenciador_principal - INFO - Gerando relatório consolidado...
2025-12-19 20:14:32,186 - gerenciador_arquivos - INFO - Relatório consolidado salvo: dados_relatorios/relatorio_consolidado_20251219_201432.xlsx
2025-12-19 20:14:32,292 - gerenciador_conexoes - INFO - Chrome fechado
2025-12-19 20:14:32,292 - gerenciador_conexoes - INFO - Métodos utilizados - Requests: 33.3%, Selenium: 66.7%, Falhas: 0.0%
2025-12-19 20:14:32,292 - gerenciador_principal - INFO - ============================================================
2025-12-19 20:14:32,292 - gerenciador_principal - INFO - RELATORIO FINAL DE EXECUÇÃO
2025-12-19 20:14:32,292 - gerenciador_principal - INFO - ============================================================
2025-12-19 20:14:32,292 - gerenciador_principal - INFO - Sites processados: 3
2025-12-19 20:14:32,292 - gerenciador_principal - INFO - Sites com sucesso: 2
2025-12-19 20:14:32,292 - gerenciador_principal - INFO - Total de produtos coletados: 359
2025-12-19 20:14:32,293 - gerenciador_principal - WARNING - Sites com falhas: Petz
2025-12-19 20:14:32,293 - gerenciador_principal - INFO - Tempo total de execução: 202.6 segundos
2025-12-19 20:14:32,293 - gerenciador_principal - INFO - Estatísticas de conexão:
2025-12-19 20:14:32,293 - gerenciador_principal - INFO -   - Requests bem-sucedidos: 33.3%
2025-12-19 20:14:32,293 - gerenciador_principal - INFO -   - Selenium fallback: 66.7%
2025-12-19 20:14:32,293 - gerenciador_principal - INFO -   - Falhas totais: 0.0%
2025-12-19 20:14:32,294 - gerenciador_principal - INFO - Arquivos salvos na pasta: dados_coletados
2025-12-19 20:14:32,294 - gerenciador_principal - INFO - Total de arquivos: 233
2025-12-19 20:14:32,294 - gerenciador_principal - INFO - ============================================================
