2025-12-31 20:10:49,175 - configurador_logs - INFO - Sistema de logs configurado com sucesso
2025-12-31 20:10:49,175 - configurador_logs - INFO - 🚀 Logs configurados para MODO PRODUÇÃO
2025-12-31 20:10:49,175 - gerenciador_principal - INFO - Inicializando sistema - Modo: PRODUCAO
2025-12-31 20:10:49,175 - gerenciador_arquivos - INFO - Pasta dados_coletados preparada
2025-12-31 20:10:49,175 - gerenciador_principal - INFO - Sistema inicializado com 3 scrapers
2025-12-31 20:10:49,175 - gerenciador_principal - INFO - ============================================================
2025-12-31 20:10:49,176 - gerenciador_principal - INFO - INICIANDO SCRAPING COMPLETO - PRODUCAO
2025-12-31 20:10:49,176 - gerenciador_principal - INFO - ============================================================
2025-12-31 20:10:49,176 - gerenciador_principal - INFO - [1/3] Processando Cobasi
2025-12-31 20:10:49,176 - scraper_base - INFO - 🚀 Iniciando scraping completo - Cobasi
2025-12-31 20:10:49,779 - gerenciador_conexoes - INFO - Sessao estabelecida com cobasi.com.br
2025-12-31 20:10:49,779 - scraper_base - INFO - 📋 20 medicamentos para processar
2025-12-31 20:10:49,779 - scraper_base - INFO - 📦 [1/20] Processando Simparic
2025-12-31 20:10:49,779 - scraper_base - INFO - 🔍 Cobasi: Buscando Simparic
2025-12-31 20:10:49,833 - scraper_cobasi - INFO - Cobasi: Dados extraídos via JSON para Simparic
2025-12-31 20:10:49,833 - scraper_base - INFO - ✅ Cobasi: 12 produto(s) encontrado(s) para Simparic
2025-12-31 20:10:51,126 - scraper_base - INFO - 📦 [2/20] Processando Revolution
2025-12-31 20:10:51,126 - scraper_base - INFO - 🔍 Cobasi: Buscando Revolution
2025-12-31 20:10:51,185 - scraper_cobasi - INFO - Cobasi: Dados extraídos via JSON para Revolution
2025-12-31 20:10:51,185 - scraper_base - INFO - ✅ Cobasi: 18 produto(s) encontrado(s) para Revolution
2025-12-31 20:10:52,483 - scraper_base - INFO - 📦 [3/20] Processando NexGard
2025-12-31 20:10:52,483 - scraper_base - INFO - 🔍 Cobasi: Buscando NexGard
2025-12-31 20:10:52,550 - scraper_cobasi - INFO - Cobasi: Dados extraídos via JSON para NexGard
2025-12-31 20:10:52,550 - scraper_base - INFO - ✅ Cobasi: 22 produto(s) encontrado(s) para NexGard
2025-12-31 20:10:53,630 - scraper_base - INFO - 📦 [4/20] Processando NexGard Spectra
2025-12-31 20:10:53,630 - scraper_base - INFO - 🔍 Cobasi: Buscando NexGard Spectra
2025-12-31 20:10:56,047 - scraper_cobasi - INFO - Cobasi: Dados extraídos via JSON para NexGard Spectra
2025-12-31 20:10:56,047 - scraper_base - INFO - ✅ Cobasi: 10 produto(s) encontrado(s) para NexGard Spectra
2025-12-31 20:10:59,046 - scraper_base - INFO - 📦 [5/20] Processando NexGard Combo
2025-12-31 20:10:59,046 - scraper_base - INFO - 🔍 Cobasi: Buscando NexGard Combo
2025-12-31 20:10:59,090 - scraper_cobasi - INFO - Cobasi: Dados extraídos via JSON para NexGard Combo
2025-12-31 20:10:59,090 - scraper_base - INFO - ✅ Cobasi: 4 produto(s) encontrado(s) para NexGard Combo
2025-12-31 20:11:01,139 - scraper_base - INFO - 📦 [6/20] Processando Bravecto
2025-12-31 20:11:01,139 - scraper_base - INFO - 🔍 Cobasi: Buscando Bravecto
2025-12-31 20:11:04,872 - scraper_cobasi - INFO - Cobasi: Dados extraídos via JSON para Bravecto
2025-12-31 20:11:04,873 - scraper_base - INFO - ✅ Cobasi: 16 produto(s) encontrado(s) para Bravecto
2025-12-31 20:11:07,064 - scraper_base - INFO - 📦 [7/20] Processando Frontline
2025-12-31 20:11:07,064 - scraper_base - INFO - 🔍 Cobasi: Buscando Frontline
2025-12-31 20:11:09,993 - scraper_cobasi - INFO - Cobasi: Dados extraídos via JSON para Frontline
2025-12-31 20:11:09,993 - scraper_base - INFO - ✅ Cobasi: 10 produto(s) encontrado(s) para Frontline
2025-12-31 20:11:12,987 - scraper_base - INFO - 📦 [8/20] Processando Advocate
2025-12-31 20:11:12,987 - scraper_base - INFO - 🔍 Cobasi: Buscando Advocate
2025-12-31 20:11:13,954 - scraper_cobasi - INFO - Cobasi: Dados extraídos via JSON para Advocate
2025-12-31 20:11:13,954 - scraper_base - INFO - ✅ Cobasi: 12 produto(s) encontrado(s) para Advocate
2025-12-31 20:11:15,893 - scraper_base - INFO - 📦 [9/20] Processando Drontal
2025-12-31 20:11:15,893 - scraper_base - INFO - 🔍 Cobasi: Buscando Drontal
2025-12-31 20:11:15,957 - scraper_cobasi - INFO - Cobasi: Dados extraídos via JSON para Drontal
2025-12-31 20:11:15,957 - scraper_base - INFO - ✅ Cobasi: 8 produto(s) encontrado(s) para Drontal
2025-12-31 20:11:18,647 - scraper_base - INFO - 📦 [10/20] Processando Milbemax
2025-12-31 20:11:18,647 - scraper_base - INFO - 🔍 Cobasi: Buscando Milbemax
2025-12-31 20:11:20,435 - scraper_cobasi - INFO - Cobasi: Dados extraídos via JSON para Milbemax
2025-12-31 20:11:20,435 - scraper_base - INFO - ✅ Cobasi: 4 produto(s) encontrado(s) para Milbemax
2025-12-31 20:11:21,943 - scraper_base - INFO - 📦 [11/20] Processando Vermivet
2025-12-31 20:11:21,943 - scraper_base - INFO - 🔍 Cobasi: Buscando Vermivet
2025-12-31 20:11:24,388 - scraper_cobasi - INFO - Cobasi: Dados extraídos via JSON para Vermivet
2025-12-31 20:11:24,389 - scraper_base - INFO - ✅ Cobasi: 5 produto(s) encontrado(s) para Vermivet
2025-12-31 20:11:26,308 - scraper_base - INFO - 📦 [12/20] Processando Rimadyl
2025-12-31 20:11:26,308 - scraper_base - INFO - 🔍 Cobasi: Buscando Rimadyl
2025-12-31 20:11:28,025 - scraper_cobasi - INFO - Cobasi: Dados extraídos via JSON para Rimadyl
2025-12-31 20:11:28,025 - scraper_base - INFO - ✅ Cobasi: 3 produto(s) encontrado(s) para Rimadyl
2025-12-31 20:11:29,257 - scraper_base - INFO - 📦 [13/20] Processando Onsior
2025-12-31 20:11:29,257 - scraper_base - INFO - 🔍 Cobasi: Buscando Onsior
2025-12-31 20:11:31,693 - scraper_cobasi - INFO - Cobasi: Dados extraídos via JSON para Onsior
2025-12-31 20:11:31,693 - scraper_base - INFO - ✅ Cobasi: 4 produto(s) encontrado(s) para Onsior
2025-12-31 20:11:34,332 - scraper_base - INFO - 📦 [14/20] Processando Maxicam
2025-12-31 20:11:34,332 - scraper_base - INFO - 🔍 Cobasi: Buscando Maxicam
2025-12-31 20:11:36,780 - scraper_cobasi - INFO - Cobasi: Dados extraídos via JSON para Maxicam
2025-12-31 20:11:36,780 - scraper_base - INFO - ✅ Cobasi: 21 produto(s) encontrado(s) para Maxicam
2025-12-31 20:11:39,098 - scraper_base - INFO - 📦 [15/20] Processando Carproflan
2025-12-31 20:11:39,098 - scraper_base - INFO - 🔍 Cobasi: Buscando Carproflan
2025-12-31 20:11:40,819 - scraper_cobasi - INFO - Cobasi: Dados extraídos via JSON para Carproflan
2025-12-31 20:11:40,819 - scraper_base - INFO - ✅ Cobasi: 3 produto(s) encontrado(s) para Carproflan
2025-12-31 20:11:43,333 - scraper_base - INFO - 📦 [16/20] Processando Previcox
2025-12-31 20:11:43,333 - scraper_base - INFO - 🔍 Cobasi: Buscando Previcox
2025-12-31 20:11:45,263 - scraper_cobasi - INFO - Cobasi: Dados extraídos via JSON para Previcox
2025-12-31 20:11:45,264 - scraper_base - INFO - ✅ Cobasi: 2 produto(s) encontrado(s) para Previcox
2025-12-31 20:11:46,772 - scraper_base - INFO - 📦 [17/20] Processando Apoquel
2025-12-31 20:11:46,772 - scraper_base - INFO - 🔍 Cobasi: Buscando Apoquel
2025-12-31 20:11:48,877 - scraper_cobasi - INFO - Cobasi: Dados extraídos via JSON para Apoquel
2025-12-31 20:11:48,878 - scraper_base - INFO - ✅ Cobasi: 3 produto(s) encontrado(s) para Apoquel
2025-12-31 20:11:51,401 - scraper_base - INFO - 📦 [18/20] Processando Zenrelia
2025-12-31 20:11:51,401 - scraper_base - INFO - 🔍 Cobasi: Buscando Zenrelia
2025-12-31 20:11:51,487 - scraper_cobasi - INFO - Cobasi: Dados extraídos via JSON para Zenrelia
2025-12-31 20:11:51,487 - scraper_base - INFO - ✅ Cobasi: 4 produto(s) encontrado(s) para Zenrelia
2025-12-31 20:11:53,596 - scraper_base - INFO - 📦 [19/20] Processando Synulox
2025-12-31 20:11:53,596 - scraper_base - INFO - 🔍 Cobasi: Buscando Synulox
2025-12-31 20:11:56,130 - scraper_cobasi - INFO - Cobasi: Dados extraídos via JSON para Synulox
2025-12-31 20:11:56,130 - scraper_base - INFO - ✅ Cobasi: 2 produto(s) encontrado(s) para Synulox
2025-12-31 20:11:57,330 - scraper_base - INFO - 📦 [20/20] Processando Baytril
2025-12-31 20:11:57,330 - scraper_base - INFO - 🔍 Cobasi: Buscando Baytril
2025-12-31 20:11:59,200 - scraper_cobasi - INFO - Cobasi: Dados extraídos via JSON para Baytril
2025-12-31 20:11:59,201 - scraper_base - INFO - ✅ Cobasi: 4 produto(s) encontrado(s) para Baytril
2025-12-31 20:12:01,852 - scraper_base - INFO - 📊 Cobasi - Estatísticas finais:
2025-12-31 20:12:01,852 - scraper_base - INFO -    • Medicamentos processados: 20
2025-12-31 20:12:01,852 - scraper_base - INFO -    • Produtos encontrados: 167
2025-12-31 20:12:01,852 - scraper_base - INFO -    • Medicamentos sem resultado: 0
2025-12-31 20:12:01,852 - scraper_base - INFO -    • Tempo total: 72.7s
2025-12-31 20:12:01,852 - scraper_base - INFO -    • Tempo médio por medicamento: 3.6s
2025-12-31 20:12:02,013 - gerenciador_arquivos - INFO - Excel salvo: dados_coletados/cobasi_20251231_201201.xlsx (167 produtos)
2025-12-31 20:12:02,013 - gerenciador_principal - INFO - Cobasi: Arquivo individual salvo com sucesso
2025-12-31 20:12:02,013 - gerenciador_principal - INFO - Pausando entre sites...
2025-12-31 20:12:04,014 - gerenciador_principal - INFO - [2/3] Processando Petlove
2025-12-31 20:12:04,014 - scraper_base - INFO - 🚀 Iniciando scraping completo - Petlove
2025-12-31 20:12:04,204 - scraper_base - INFO - 📋 20 medicamentos para processar
2025-12-31 20:12:04,204 - scraper_base - INFO - 📦 [1/20] Processando Simparic
2025-12-31 20:12:04,204 - scraper_base - INFO - 🔍 Petlove: Buscando Simparic
2025-12-31 20:12:05,587 - gerenciador_conexoes - INFO - Chrome inicializado com otimizacoes de velocidade
2025-12-31 20:12:08,054 - scraper_base - INFO - ✅ Petlove: 15 produto(s) encontrado(s) para Simparic
2025-12-31 20:12:09,363 - scraper_base - INFO - 📦 [2/20] Processando Revolution
2025-12-31 20:12:09,363 - scraper_base - INFO - 🔍 Petlove: Buscando Revolution
2025-12-31 20:12:11,068 - scraper_base - INFO - ✅ Petlove: 14 produto(s) encontrado(s) para Revolution
2025-12-31 20:12:12,603 - scraper_base - INFO - 📦 [3/20] Processando NexGard
2025-12-31 20:12:12,604 - scraper_base - INFO - 🔍 Petlove: Buscando NexGard
2025-12-31 20:12:14,069 - scraper_base - INFO - ✅ Petlove: 11 produto(s) encontrado(s) para NexGard
2025-12-31 20:12:16,038 - scraper_base - INFO - 📦 [4/20] Processando NexGard Spectra
2025-12-31 20:12:16,038 - scraper_base - INFO - 🔍 Petlove: Buscando NexGard Spectra
2025-12-31 20:12:17,088 - scraper_base - INFO - ✅ Petlove: 5 produto(s) encontrado(s) para NexGard Spectra
2025-12-31 20:12:18,888 - scraper_base - INFO - 📦 [5/20] Processando NexGard Combo
2025-12-31 20:12:18,888 - scraper_base - INFO - 🔍 Petlove: Buscando NexGard Combo
2025-12-31 20:12:19,970 - scraper_base - INFO - ✅ Petlove: 2 produto(s) encontrado(s) para NexGard Combo
2025-12-31 20:12:21,510 - scraper_base - INFO - 📦 [6/20] Processando Bravecto
2025-12-31 20:12:21,510 - scraper_base - INFO - 🔍 Petlove: Buscando Bravecto
2025-12-31 20:12:23,240 - scraper_base - INFO - ✅ Petlove: 23 produto(s) encontrado(s) para Bravecto
2025-12-31 20:12:25,328 - scraper_base - INFO - 📦 [7/20] Processando Frontline
2025-12-31 20:12:25,328 - scraper_base - INFO - 🔍 Petlove: Buscando Frontline
2025-12-31 20:12:27,361 - scraper_base - INFO - ✅ Petlove: 11 produto(s) encontrado(s) para Frontline
2025-12-31 20:12:29,349 - scraper_base - INFO - 📦 [8/20] Processando Advocate
2025-12-31 20:12:29,349 - scraper_base - INFO - 🔍 Petlove: Buscando Advocate
2025-12-31 20:12:30,993 - scraper_base - INFO - ✅ Petlove: 9 produto(s) encontrado(s) para Advocate
2025-12-31 20:12:32,200 - scraper_base - INFO - 📦 [9/20] Processando Drontal
2025-12-31 20:12:32,200 - scraper_base - INFO - 🔍 Petlove: Buscando Drontal
2025-12-31 20:12:33,564 - scraper_base - INFO - ✅ Petlove: 18 produto(s) encontrado(s) para Drontal
2025-12-31 20:12:36,527 - scraper_base - INFO - 📦 [10/20] Processando Milbemax
2025-12-31 20:12:36,527 - scraper_base - INFO - 🔍 Petlove: Buscando Milbemax
2025-12-31 20:12:37,749 - scraper_base - INFO - ✅ Petlove: 4 produto(s) encontrado(s) para Milbemax
2025-12-31 20:12:40,452 - scraper_base - INFO - 📦 [11/20] Processando Vermivet
2025-12-31 20:12:40,453 - scraper_base - INFO - 🔍 Petlove: Buscando Vermivet
2025-12-31 20:12:42,681 - scraper_base - INFO - ✅ Petlove: 36 produto(s) encontrado(s) para Vermivet
2025-12-31 20:12:44,694 - scraper_base - INFO - 📦 [12/20] Processando Rimadyl
2025-12-31 20:12:44,694 - scraper_base - INFO - 🔍 Petlove: Buscando Rimadyl
2025-12-31 20:12:46,398 - scraper_base - INFO - ✅ Petlove: 1 produto(s) encontrado(s) para Rimadyl
2025-12-31 20:12:48,232 - scraper_base - INFO - 📦 [13/20] Processando Onsior
2025-12-31 20:12:48,232 - scraper_base - INFO - 🔍 Petlove: Buscando Onsior
2025-12-31 20:12:49,482 - scraper_base - INFO - ✅ Petlove: 4 produto(s) encontrado(s) para Onsior
2025-12-31 20:12:51,555 - scraper_base - INFO - 📦 [14/20] Processando Maxicam
2025-12-31 20:12:51,555 - scraper_base - INFO - 🔍 Petlove: Buscando Maxicam
2025-12-31 20:12:52,735 - scraper_base - INFO - ✅ Petlove: 4 produto(s) encontrado(s) para Maxicam
2025-12-31 20:12:55,382 - scraper_base - INFO - 📦 [15/20] Processando Carproflan
2025-12-31 20:12:55,383 - scraper_base - INFO - 🔍 Petlove: Buscando Carproflan
2025-12-31 20:12:56,751 - scraper_base - INFO - ✅ Petlove: 4 produto(s) encontrado(s) para Carproflan
2025-12-31 20:12:58,063 - scraper_base - INFO - 📦 [16/20] Processando Previcox
2025-12-31 20:12:58,063 - scraper_base - INFO - 🔍 Petlove: Buscando Previcox
2025-12-31 20:12:59,234 - scraper_base - INFO - ✅ Petlove: 4 produto(s) encontrado(s) para Previcox
2025-12-31 20:13:00,954 - scraper_base - INFO - 📦 [17/20] Processando Apoquel
2025-12-31 20:13:00,954 - scraper_base - INFO - 🔍 Petlove: Buscando Apoquel
2025-12-31 20:13:02,311 - scraper_base - INFO - ✅ Petlove: 16 produto(s) encontrado(s) para Apoquel
2025-12-31 20:13:04,495 - scraper_base - INFO - 📦 [18/20] Processando Zenrelia
2025-12-31 20:13:04,495 - scraper_base - INFO - 🔍 Petlove: Buscando Zenrelia
2025-12-31 20:13:05,705 - scraper_base - INFO - ✅ Petlove: 4 produto(s) encontrado(s) para Zenrelia
2025-12-31 20:13:08,420 - scraper_base - INFO - 📦 [19/20] Processando Synulox
2025-12-31 20:13:08,420 - scraper_base - INFO - 🔍 Petlove: Buscando Synulox
2025-12-31 20:13:09,828 - scraper_base - INFO - ✅ Petlove: 1 produto(s) encontrado(s) para Synulox
2025-12-31 20:13:12,296 - scraper_base - INFO - 📦 [20/20] Processando Baytril
2025-12-31 20:13:12,297 - scraper_base - INFO - 🔍 Petlove: Buscando Baytril
2025-12-31 20:13:13,955 - scraper_base - INFO - ✅ Petlove: 4 produto(s) encontrado(s) para Baytril
2025-12-31 20:13:15,757 - scraper_base - INFO - 📊 Petlove - Estatísticas finais:
2025-12-31 20:13:15,758 - scraper_base - INFO -    • Medicamentos processados: 20
2025-12-31 20:13:15,758 - scraper_base - INFO -    • Produtos encontrados: 190
2025-12-31 20:13:15,758 - scraper_base - INFO -    • Medicamentos sem resultado: 0
2025-12-31 20:13:15,758 - scraper_base - INFO -    • Tempo total: 71.7s
2025-12-31 20:13:15,758 - scraper_base - INFO -    • Tempo médio por medicamento: 3.6s
2025-12-31 20:13:15,795 - gerenciador_arquivos - INFO - Excel salvo: dados_coletados/petlove_20251231_201315.xlsx (190 produtos)
2025-12-31 20:13:15,795 - gerenciador_principal - INFO - Petlove: Arquivo individual salvo com sucesso
2025-12-31 20:13:15,795 - gerenciador_principal - INFO - Pausando entre sites...
2025-12-31 20:13:17,795 - gerenciador_principal - INFO - [3/3] Processando Petz
2025-12-31 20:13:17,795 - scraper_base - INFO - 🚀 Iniciando scraping completo - Petz
2025-12-31 20:13:18,057 - scraper_base - INFO - 📋 20 medicamentos para processar
2025-12-31 20:13:18,057 - scraper_base - INFO - 📦 [1/20] Processando Simparic
2025-12-31 20:13:18,057 - scraper_base - INFO - 🔍 Petz: Buscando Simparic
2025-12-31 20:13:21,714 - scraper_base - INFO - ✅ Petz: 12 produto(s) encontrado(s) para Simparic
2025-12-31 20:13:22,843 - scraper_base - INFO - 📦 [2/20] Processando Revolution
2025-12-31 20:13:22,843 - scraper_base - INFO - 🔍 Petz: Buscando Revolution
2025-12-31 20:13:25,544 - scraper_base - INFO - ✅ Petz: 26 produto(s) encontrado(s) para Revolution
2025-12-31 20:13:27,369 - scraper_base - INFO - 📦 [3/20] Processando NexGard
2025-12-31 20:13:27,370 - scraper_base - INFO - 🔍 Petz: Buscando NexGard
2025-12-31 20:13:29,961 - scraper_base - INFO - ✅ Petz: 22 produto(s) encontrado(s) para NexGard
2025-12-31 20:13:31,508 - scraper_base - INFO - 📦 [4/20] Processando NexGard Spectra
2025-12-31 20:13:31,508 - scraper_base - INFO - 🔍 Petz: Buscando NexGard Spectra
2025-12-31 20:13:34,107 - scraper_base - INFO - ✅ Petz: 10 produto(s) encontrado(s) para NexGard Spectra
2025-12-31 20:13:36,146 - scraper_base - INFO - 📦 [5/20] Processando NexGard Combo
2025-12-31 20:13:36,146 - scraper_base - INFO - 🔍 Petz: Buscando NexGard Combo
2025-12-31 20:13:38,265 - scraper_base - INFO - ✅ Petz: 4 produto(s) encontrado(s) para NexGard Combo
2025-12-31 20:13:40,205 - scraper_base - INFO - 📦 [6/20] Processando Bravecto
2025-12-31 20:13:40,205 - scraper_base - INFO - 🔍 Petz: Buscando Bravecto
2025-12-31 20:13:42,770 - scraper_base - INFO - ✅ Petz: 16 produto(s) encontrado(s) para Bravecto
2025-12-31 20:13:44,198 - scraper_base - INFO - 📦 [7/20] Processando Frontline
2025-12-31 20:13:44,198 - scraper_base - INFO - 🔍 Petz: Buscando Frontline
2025-12-31 20:13:49,783 - scraper_base - INFO - ✅ Petz: 11 produto(s) encontrado(s) para Frontline
2025-12-31 20:13:51,054 - scraper_base - INFO - 📦 [8/20] Processando Advocate
2025-12-31 20:13:51,054 - scraper_base - INFO - 🔍 Petz: Buscando Advocate
2025-12-31 20:14:00,500 - scraper_base - INFO - ✅ Petz: 12 produto(s) encontrado(s) para Advocate
2025-12-31 20:14:01,654 - scraper_base - INFO - 📦 [9/20] Processando Drontal
2025-12-31 20:14:01,655 - scraper_base - INFO - 🔍 Petz: Buscando Drontal
2025-12-31 20:14:05,380 - scraper_base - INFO - ✅ Petz: 30 produto(s) encontrado(s) para Drontal
2025-12-31 20:14:07,290 - scraper_base - INFO - 📦 [10/20] Processando Milbemax
2025-12-31 20:14:07,290 - scraper_base - INFO - 🔍 Petz: Buscando Milbemax
2025-12-31 20:14:10,490 - scraper_base - INFO - ✅ Petz: 4 produto(s) encontrado(s) para Milbemax
2025-12-31 20:14:11,901 - scraper_base - INFO - 📦 [11/20] Processando Vermivet
2025-12-31 20:14:11,901 - scraper_base - INFO - 🔍 Petz: Buscando Vermivet
2025-12-31 20:14:14,578 - scraper_base - INFO - ✅ Petz: 5 produto(s) encontrado(s) para Vermivet
2025-12-31 20:14:16,082 - scraper_base - INFO - 📦 [12/20] Processando Rimadyl
2025-12-31 20:14:16,082 - scraper_base - INFO - 🔍 Petz: Buscando Rimadyl
2025-12-31 20:14:18,399 - scraper_base - INFO - ✅ Petz: 3 produto(s) encontrado(s) para Rimadyl
2025-12-31 20:14:20,420 - scraper_base - INFO - 📦 [13/20] Processando Onsior
2025-12-31 20:14:20,420 - scraper_base - INFO - 🔍 Petz: Buscando Onsior
2025-12-31 20:14:22,856 - scraper_base - INFO - ✅ Petz: 4 produto(s) encontrado(s) para Onsior
2025-12-31 20:14:24,352 - scraper_base - INFO - 📦 [14/20] Processando Maxicam
2025-12-31 20:14:24,352 - scraper_base - INFO - 🔍 Petz: Buscando Maxicam
2025-12-31 20:14:27,299 - scraper_base - INFO - ✅ Petz: 31 produto(s) encontrado(s) para Maxicam
2025-12-31 20:14:28,492 - scraper_base - INFO - 📦 [15/20] Processando Carproflan
2025-12-31 20:14:28,492 - scraper_base - INFO - 🔍 Petz: Buscando Carproflan
2025-12-31 20:14:30,578 - scraper_base - INFO - ✅ Petz: 3 produto(s) encontrado(s) para Carproflan
2025-12-31 20:14:33,214 - scraper_base - INFO - 📦 [16/20] Processando Previcox
2025-12-31 20:14:33,215 - scraper_base - INFO - 🔍 Petz: Buscando Previcox
2025-12-31 20:14:35,037 - scraper_base - INFO - ✅ Petz: 2 produto(s) encontrado(s) para Previcox
2025-12-31 20:14:36,845 - scraper_base - INFO - 📦 [17/20] Processando Apoquel
2025-12-31 20:14:36,845 - scraper_base - INFO - 🔍 Petz: Buscando Apoquel
2025-12-31 20:14:40,916 - scraper_base - INFO - ✅ Petz: 3 produto(s) encontrado(s) para Apoquel
2025-12-31 20:14:43,242 - scraper_base - INFO - 📦 [18/20] Processando Zenrelia
2025-12-31 20:14:43,242 - scraper_base - INFO - 🔍 Petz: Buscando Zenrelia
2025-12-31 20:14:45,954 - scraper_base - INFO - ✅ Petz: 4 produto(s) encontrado(s) para Zenrelia
2025-12-31 20:14:48,104 - scraper_base - INFO - 📦 [19/20] Processando Synulox
2025-12-31 20:14:48,104 - scraper_base - INFO - 🔍 Petz: Buscando Synulox
2025-12-31 20:14:51,292 - scraper_base - INFO - ✅ Petz: 2 produto(s) encontrado(s) para Synulox
2025-12-31 20:14:53,524 - scraper_base - INFO - 📦 [20/20] Processando Baytril
2025-12-31 20:14:53,524 - scraper_base - INFO - 🔍 Petz: Buscando Baytril
2025-12-31 20:14:57,538 - scraper_base - INFO - ✅ Petz: 10 produto(s) encontrado(s) para Baytril
2025-12-31 20:14:58,627 - scraper_base - INFO - 📊 Petz - Estatísticas finais:
2025-12-31 20:14:58,627 - scraper_base - INFO -    • Medicamentos processados: 20
2025-12-31 20:14:58,627 - scraper_base - INFO -    • Produtos encontrados: 214
2025-12-31 20:14:58,628 - scraper_base - INFO -    • Medicamentos sem resultado: 0
2025-12-31 20:14:58,628 - scraper_base - INFO -    • Tempo total: 100.8s
2025-12-31 20:14:58,628 - scraper_base - INFO -    • Tempo médio por medicamento: 5.0s
2025-12-31 20:14:58,671 - gerenciador_arquivos - INFO - Excel salvo: dados_coletados/petz_20251231_201458.xlsx (214 produtos)
2025-12-31 20:14:58,672 - gerenciador_principal - INFO - Petz: Arquivo individual salvo com sucesso
2025-12-31 20:14:58,672 - gerenciador_principal - INFO - Gerando relatório consolidado...
2025-12-31 20:14:58,927 - gerenciador_arquivos - INFO - Relatório consolidado salvo: dados_relatorios/relatorio_consolidado_20251231_201458.xlsx
2025-12-31 20:14:59,054 - gerenciador_conexoes - INFO - Chrome fechado
2025-12-31 20:14:59,055 - gerenciador_conexoes - INFO - Métodos utilizados - Requests: 33.3%, Selenium: 66.7%, Falhas: 0.0%
2025-12-31 20:14:59,055 - gerenciador_principal - INFO - ============================================================
2025-12-31 20:14:59,055 - gerenciador_principal - INFO - RELATORIO FINAL DE EXECUÇÃO
2025-12-31 20:14:59,055 - gerenciador_principal - INFO - ============================================================
2025-12-31 20:14:59,055 - gerenciador_principal - INFO - Sites processados: 3
2025-12-31 20:14:59,055 - gerenciador_principal - INFO - Sites com sucesso: 3
2025-12-31 20:14:59,055 - gerenciador_principal - INFO - Total de produtos coletados: 571
2025-12-31 20:14:59,055 - gerenciador_principal - INFO - Tempo total de execução: 249.5 segundos
2025-12-31 20:14:59,055 - gerenciador_principal - INFO - Estatísticas de conexão:
2025-12-31 20:14:59,055 - gerenciador_principal - INFO -   - Requests bem-sucedidos: 33.3%
2025-12-31 20:14:59,055 - gerenciador_principal - INFO -   - Selenium fallback: 66.7%
2025-12-31 20:14:59,055 - gerenciador_principal - INFO -   - Falhas totais: 0.0%
2025-12-31 20:14:59,057 - gerenciador_principal - INFO - Arquivos salvos na pasta: dados_coletados
2025-12-31 20:14:59,057 - gerenciador_principal - INFO - Total de arquivos: 267
2025-12-31 20:14:59,057 - gerenciador_principal - INFO - ============================================================
