2026-01-20 20:37:21,076 - configurador_logs - INFO - Sistema de logs configurado com sucesso
2026-01-20 20:37:21,076 - configurador_logs - INFO - 🚀 Logs configurados para MODO PRODUÇÃO
2026-01-20 20:37:21,076 - gerenciador_principal - INFO - Inicializando sistema - Modo: PRODUCAO
2026-01-20 20:37:21,076 - gerenciador_arquivos - INFO - Pasta dados_coletados preparada
2026-01-20 20:37:21,077 - gerenciador_principal - INFO - Sistema inicializado com 3 scrapers
2026-01-20 20:37:21,077 - gerenciador_principal - INFO - ============================================================
2026-01-20 20:37:21,077 - gerenciador_principal - INFO - INICIANDO SCRAPING COMPLETO - PRODUCAO
2026-01-20 20:37:21,077 - gerenciador_principal - INFO - ============================================================
2026-01-20 20:37:21,077 - gerenciador_principal - INFO - [1/3] Processando Cobasi
2026-01-20 20:37:21,077 - scraper_base - INFO - 🚀 Iniciando scraping completo - Cobasi
2026-01-20 20:37:21,308 - gerenciador_conexoes - INFO - Sessao estabelecida com cobasi.com.br
2026-01-20 20:37:21,308 - scraper_base - INFO - 📋 20 medicamentos para processar
2026-01-20 20:37:21,308 - scraper_base - INFO - 📦 [1/20] Processando Simparic
2026-01-20 20:37:21,308 - scraper_base - INFO - 🔍 Cobasi: Buscando Simparic
2026-01-20 20:37:23,645 - scraper_cobasi - INFO - Cobasi: Dados extraídos via JSON para Simparic
2026-01-20 20:37:23,645 - scraper_base - INFO - ✅ Cobasi: 12 produto(s) encontrado(s) para Simparic
2026-01-20 20:37:25,791 - scraper_base - INFO - 📦 [2/20] Processando Revolution
2026-01-20 20:37:25,791 - scraper_base - INFO - 🔍 Cobasi: Buscando Revolution
2026-01-20 20:37:28,696 - scraper_cobasi - INFO - Cobasi: Dados extraídos via JSON para Revolution
2026-01-20 20:37:28,697 - scraper_base - INFO - ✅ Cobasi: 18 produto(s) encontrado(s) para Revolution
2026-01-20 20:37:31,599 - scraper_base - INFO - 📦 [3/20] Processando NexGard
2026-01-20 20:37:31,599 - scraper_base - INFO - 🔍 Cobasi: Buscando NexGard
2026-01-20 20:37:34,140 - scraper_cobasi - INFO - Cobasi: Dados extraídos via JSON para NexGard
2026-01-20 20:37:34,140 - scraper_base - INFO - ✅ Cobasi: 22 produto(s) encontrado(s) para NexGard
2026-01-20 20:37:35,249 - scraper_base - INFO - 📦 [4/20] Processando NexGard Spectra
2026-01-20 20:37:35,249 - scraper_base - INFO - 🔍 Cobasi: Buscando NexGard Spectra
2026-01-20 20:37:37,413 - scraper_cobasi - INFO - Cobasi: Dados extraídos via JSON para NexGard Spectra
2026-01-20 20:37:37,413 - scraper_base - INFO - ✅ Cobasi: 10 produto(s) encontrado(s) para NexGard Spectra
2026-01-20 20:37:38,634 - scraper_base - INFO - 📦 [5/20] Processando NexGard Combo
2026-01-20 20:37:38,634 - scraper_base - INFO - 🔍 Cobasi: Buscando NexGard Combo
2026-01-20 20:37:40,333 - scraper_cobasi - INFO - Cobasi: Dados extraídos via JSON para NexGard Combo
2026-01-20 20:37:40,333 - scraper_base - INFO - ✅ Cobasi: 4 produto(s) encontrado(s) para NexGard Combo
2026-01-20 20:37:41,583 - scraper_base - INFO - 📦 [6/20] Processando Bravecto
2026-01-20 20:37:41,583 - scraper_base - INFO - 🔍 Cobasi: Buscando Bravecto
2026-01-20 20:37:44,316 - scraper_cobasi - INFO - Cobasi: Dados extraídos via JSON para Bravecto
2026-01-20 20:37:44,316 - scraper_base - INFO - ✅ Cobasi: 16 produto(s) encontrado(s) para Bravecto
2026-01-20 20:37:46,403 - scraper_base - INFO - 📦 [7/20] Processando Frontline
2026-01-20 20:37:46,404 - scraper_base - INFO - 🔍 Cobasi: Buscando Frontline
2026-01-20 20:37:49,413 - scraper_cobasi - INFO - Cobasi: Dados extraídos via JSON para Frontline
2026-01-20 20:37:49,413 - scraper_base - INFO - ✅ Cobasi: 10 produto(s) encontrado(s) para Frontline
2026-01-20 20:37:51,685 - scraper_base - INFO - 📦 [8/20] Processando Advocate
2026-01-20 20:37:51,685 - scraper_base - INFO - 🔍 Cobasi: Buscando Advocate
2026-01-20 20:37:53,938 - scraper_cobasi - INFO - Cobasi: Dados extraídos via JSON para Advocate
2026-01-20 20:37:53,938 - scraper_base - INFO - ✅ Cobasi: 12 produto(s) encontrado(s) para Advocate
2026-01-20 20:37:56,333 - scraper_base - INFO - 📦 [9/20] Processando Drontal
2026-01-20 20:37:56,334 - scraper_base - INFO - 🔍 Cobasi: Buscando Drontal
2026-01-20 20:37:58,648 - scraper_cobasi - INFO - Cobasi: Dados extraídos via JSON para Drontal
2026-01-20 20:37:58,648 - scraper_base - INFO - ✅ Cobasi: 8 produto(s) encontrado(s) para Drontal
2026-01-20 20:38:00,769 - scraper_base - INFO - 📦 [10/20] Processando Milbemax
2026-01-20 20:38:00,769 - scraper_base - INFO - 🔍 Cobasi: Buscando Milbemax
2026-01-20 20:38:02,612 - scraper_cobasi - INFO - Cobasi: Dados extraídos via JSON para Milbemax
2026-01-20 20:38:02,612 - scraper_base - INFO - ✅ Cobasi: 4 produto(s) encontrado(s) para Milbemax
2026-01-20 20:38:05,034 - scraper_base - INFO - 📦 [11/20] Processando Vermivet
2026-01-20 20:38:05,034 - scraper_base - INFO - 🔍 Cobasi: Buscando Vermivet
2026-01-20 20:38:07,212 - scraper_cobasi - INFO - Cobasi: Dados extraídos via JSON para Vermivet
2026-01-20 20:38:07,212 - scraper_base - INFO - ✅ Cobasi: 5 produto(s) encontrado(s) para Vermivet
2026-01-20 20:38:10,017 - scraper_base - INFO - 📦 [12/20] Processando Rimadyl
2026-01-20 20:38:10,017 - scraper_base - INFO - 🔍 Cobasi: Buscando Rimadyl
2026-01-20 20:38:12,401 - scraper_cobasi - INFO - Cobasi: Dados extraídos via JSON para Rimadyl
2026-01-20 20:38:12,402 - scraper_base - INFO - ✅ Cobasi: 3 produto(s) encontrado(s) para Rimadyl
2026-01-20 20:38:13,502 - scraper_base - INFO - 📦 [13/20] Processando Onsior
2026-01-20 20:38:13,502 - scraper_base - INFO - 🔍 Cobasi: Buscando Onsior
2026-01-20 20:38:15,361 - scraper_cobasi - INFO - Cobasi: Dados extraídos via JSON para Onsior
2026-01-20 20:38:15,361 - scraper_base - INFO - ✅ Cobasi: 4 produto(s) encontrado(s) para Onsior
2026-01-20 20:38:18,181 - scraper_base - INFO - 📦 [14/20] Processando Maxicam
2026-01-20 20:38:18,182 - scraper_base - INFO - 🔍 Cobasi: Buscando Maxicam
2026-01-20 20:38:20,698 - scraper_cobasi - INFO - Cobasi: Dados extraídos via JSON para Maxicam
2026-01-20 20:38:20,698 - scraper_base - INFO - ✅ Cobasi: 20 produto(s) encontrado(s) para Maxicam
2026-01-20 20:38:21,988 - scraper_base - INFO - 📦 [15/20] Processando Carproflan
2026-01-20 20:38:21,989 - scraper_base - INFO - 🔍 Cobasi: Buscando Carproflan
2026-01-20 20:38:23,754 - scraper_cobasi - INFO - Cobasi: Dados extraídos via JSON para Carproflan
2026-01-20 20:38:23,755 - scraper_base - INFO - ✅ Cobasi: 3 produto(s) encontrado(s) para Carproflan
2026-01-20 20:38:26,278 - scraper_base - INFO - 📦 [16/20] Processando Previcox
2026-01-20 20:38:26,278 - scraper_base - INFO - 🔍 Cobasi: Buscando Previcox
2026-01-20 20:38:27,937 - scraper_cobasi - INFO - Cobasi: Dados extraídos via JSON para Previcox
2026-01-20 20:38:27,937 - scraper_base - INFO - ✅ Cobasi: 2 produto(s) encontrado(s) para Previcox
2026-01-20 20:38:29,434 - scraper_base - INFO - 📦 [17/20] Processando Apoquel
2026-01-20 20:38:29,435 - scraper_base - INFO - 🔍 Cobasi: Buscando Apoquel
2026-01-20 20:38:31,300 - scraper_cobasi - INFO - Cobasi: Dados extraídos via JSON para Apoquel
2026-01-20 20:38:31,300 - scraper_base - INFO - ✅ Cobasi: 3 produto(s) encontrado(s) para Apoquel
2026-01-20 20:38:32,314 - scraper_base - INFO - 📦 [18/20] Processando Zenrelia
2026-01-20 20:38:32,314 - scraper_base - INFO - 🔍 Cobasi: Buscando Zenrelia
2026-01-20 20:38:34,612 - scraper_cobasi - INFO - Cobasi: Dados extraídos via JSON para Zenrelia
2026-01-20 20:38:34,612 - scraper_base - INFO - ✅ Cobasi: 4 produto(s) encontrado(s) para Zenrelia
2026-01-20 20:38:37,331 - scraper_base - INFO - 📦 [19/20] Processando Synulox
2026-01-20 20:38:37,332 - scraper_base - INFO - 🔍 Cobasi: Buscando Synulox
2026-01-20 20:38:39,298 - scraper_cobasi - INFO - Cobasi: Dados extraídos via JSON para Synulox
2026-01-20 20:38:39,299 - scraper_base - INFO - ✅ Cobasi: 2 produto(s) encontrado(s) para Synulox
2026-01-20 20:38:41,889 - scraper_base - INFO - 📦 [20/20] Processando Baytril
2026-01-20 20:38:41,889 - scraper_base - INFO - 🔍 Cobasi: Buscando Baytril
2026-01-20 20:38:43,828 - scraper_cobasi - INFO - Cobasi: Dados extraídos via JSON para Baytril
2026-01-20 20:38:43,828 - scraper_base - INFO - ✅ Cobasi: 4 produto(s) encontrado(s) para Baytril
2026-01-20 20:38:46,537 - scraper_base - INFO - 📊 Cobasi - Estatísticas finais:
2026-01-20 20:38:46,537 - scraper_base - INFO -    • Medicamentos processados: 20
2026-01-20 20:38:46,537 - scraper_base - INFO -    • Produtos encontrados: 166
2026-01-20 20:38:46,537 - scraper_base - INFO -    • Medicamentos sem resultado: 0
2026-01-20 20:38:46,537 - scraper_base - INFO -    • Tempo total: 85.5s
2026-01-20 20:38:46,537 - scraper_base - INFO -    • Tempo médio por medicamento: 4.3s
2026-01-20 20:38:46,685 - gerenciador_arquivos - INFO - Excel salvo: dados_coletados/cobasi_20260120_203846.xlsx (166 produtos)
2026-01-20 20:38:46,685 - gerenciador_principal - INFO - Cobasi: Arquivo individual salvo com sucesso
2026-01-20 20:38:46,685 - gerenciador_principal - INFO - Pausando entre sites...
2026-01-20 20:38:48,685 - gerenciador_principal - INFO - [2/3] Processando Petlove
2026-01-20 20:38:48,685 - scraper_base - INFO - 🚀 Iniciando scraping completo - Petlove
2026-01-20 20:38:48,938 - scraper_base - INFO - 📋 20 medicamentos para processar
2026-01-20 20:38:48,938 - scraper_base - INFO - 📦 [1/20] Processando Simparic
2026-01-20 20:38:48,938 - scraper_base - INFO - 🔍 Petlove: Buscando Simparic
2026-01-20 20:38:55,157 - gerenciador_conexoes - INFO - Chrome inicializado com otimizacoes de velocidade
2026-01-20 20:38:58,488 - scraper_base - INFO - ✅ Petlove: 34 produto(s) encontrado(s) para Simparic
2026-01-20 20:38:59,607 - scraper_base - INFO - 📦 [2/20] Processando Revolution
2026-01-20 20:38:59,607 - scraper_base - INFO - 🔍 Petlove: Buscando Revolution
2026-01-20 20:39:01,303 - scraper_base - INFO - ✅ Petlove: 17 produto(s) encontrado(s) para Revolution
2026-01-20 20:39:03,599 - scraper_base - INFO - 📦 [3/20] Processando NexGard
2026-01-20 20:39:03,599 - scraper_base - INFO - 🔍 Petlove: Buscando NexGard
2026-01-20 20:39:05,370 - scraper_base - INFO - ✅ Petlove: 11 produto(s) encontrado(s) para NexGard
2026-01-20 20:39:06,767 - scraper_base - INFO - 📦 [4/20] Processando NexGard Spectra
2026-01-20 20:39:06,767 - scraper_base - INFO - 🔍 Petlove: Buscando NexGard Spectra
2026-01-20 20:39:08,326 - scraper_base - INFO - ✅ Petlove: 5 produto(s) encontrado(s) para NexGard Spectra
2026-01-20 20:39:09,426 - scraper_base - INFO - 📦 [5/20] Processando NexGard Combo
2026-01-20 20:39:09,426 - scraper_base - INFO - 🔍 Petlove: Buscando NexGard Combo
2026-01-20 20:39:10,708 - scraper_base - INFO - ✅ Petlove: 2 produto(s) encontrado(s) para NexGard Combo
2026-01-20 20:39:12,569 - scraper_base - INFO - 📦 [6/20] Processando Bravecto
2026-01-20 20:39:12,569 - scraper_base - INFO - 🔍 Petlove: Buscando Bravecto
2026-01-20 20:39:14,857 - scraper_base - INFO - ✅ Petlove: 23 produto(s) encontrado(s) para Bravecto
2026-01-20 20:39:17,127 - scraper_base - INFO - 📦 [7/20] Processando Frontline
2026-01-20 20:39:17,127 - scraper_base - INFO - 🔍 Petlove: Buscando Frontline
2026-01-20 20:39:18,656 - scraper_base - INFO - ✅ Petlove: 11 produto(s) encontrado(s) para Frontline
2026-01-20 20:39:21,315 - scraper_base - INFO - 📦 [8/20] Processando Advocate
2026-01-20 20:39:21,315 - scraper_base - INFO - 🔍 Petlove: Buscando Advocate
2026-01-20 20:39:22,943 - scraper_base - INFO - ✅ Petlove: 10 produto(s) encontrado(s) para Advocate
2026-01-20 20:39:24,285 - scraper_base - INFO - 📦 [9/20] Processando Drontal
2026-01-20 20:39:24,285 - scraper_base - INFO - 🔍 Petlove: Buscando Drontal
2026-01-20 20:39:26,032 - scraper_base - INFO - ✅ Petlove: 36 produto(s) encontrado(s) para Drontal
2026-01-20 20:39:28,250 - scraper_base - INFO - 📦 [10/20] Processando Milbemax
2026-01-20 20:39:28,250 - scraper_base - INFO - 🔍 Petlove: Buscando Milbemax
2026-01-20 20:39:29,703 - scraper_base - INFO - ✅ Petlove: 14 produto(s) encontrado(s) para Milbemax
2026-01-20 20:39:31,726 - scraper_base - INFO - 📦 [11/20] Processando Vermivet
2026-01-20 20:39:31,726 - scraper_base - INFO - 🔍 Petlove: Buscando Vermivet
2026-01-20 20:39:33,552 - scraper_base - INFO - ✅ Petlove: 36 produto(s) encontrado(s) para Vermivet
2026-01-20 20:39:34,599 - scraper_base - INFO - 📦 [12/20] Processando Rimadyl
2026-01-20 20:39:34,599 - scraper_base - INFO - 🔍 Petlove: Buscando Rimadyl
2026-01-20 20:39:36,572 - scraper_base - INFO - ✅ Petlove: 1 produto(s) encontrado(s) para Rimadyl
2026-01-20 20:39:38,029 - scraper_base - INFO - 📦 [13/20] Processando Onsior
2026-01-20 20:39:38,029 - scraper_base - INFO - 🔍 Petlove: Buscando Onsior
2026-01-20 20:39:39,462 - scraper_base - INFO - ✅ Petlove: 4 produto(s) encontrado(s) para Onsior
2026-01-20 20:39:40,769 - scraper_base - INFO - 📦 [14/20] Processando Maxicam
2026-01-20 20:39:40,769 - scraper_base - INFO - 🔍 Petlove: Buscando Maxicam
2026-01-20 20:39:42,126 - scraper_base - INFO - ✅ Petlove: 3 produto(s) encontrado(s) para Maxicam
2026-01-20 20:39:44,883 - scraper_base - INFO - 📦 [15/20] Processando Carproflan
2026-01-20 20:39:44,883 - scraper_base - INFO - 🔍 Petlove: Buscando Carproflan
2026-01-20 20:39:46,330 - scraper_base - INFO - ✅ Petlove: 8 produto(s) encontrado(s) para Carproflan
2026-01-20 20:39:48,761 - scraper_base - INFO - 📦 [16/20] Processando Previcox
2026-01-20 20:39:48,761 - scraper_base - INFO - 🔍 Petlove: Buscando Previcox
2026-01-20 20:39:50,088 - scraper_base - INFO - ✅ Petlove: 4 produto(s) encontrado(s) para Previcox
2026-01-20 20:39:51,675 - scraper_base - INFO - 📦 [17/20] Processando Apoquel
2026-01-20 20:39:51,675 - scraper_base - INFO - 🔍 Petlove: Buscando Apoquel
2026-01-20 20:39:53,124 - scraper_base - INFO - ✅ Petlove: 16 produto(s) encontrado(s) para Apoquel
2026-01-20 20:39:54,503 - scraper_base - INFO - 📦 [18/20] Processando Zenrelia
2026-01-20 20:39:54,504 - scraper_base - INFO - 🔍 Petlove: Buscando Zenrelia
2026-01-20 20:39:55,835 - scraper_base - INFO - ✅ Petlove: 4 produto(s) encontrado(s) para Zenrelia
2026-01-20 20:39:57,357 - scraper_base - INFO - 📦 [19/20] Processando Synulox
2026-01-20 20:39:57,358 - scraper_base - INFO - 🔍 Petlove: Buscando Synulox
2026-01-20 20:39:58,936 - scraper_base - INFO - ✅ Petlove: 1 produto(s) encontrado(s) para Synulox
2026-01-20 20:40:01,076 - scraper_base - INFO - 📦 [20/20] Processando Baytril
2026-01-20 20:40:01,076 - scraper_base - INFO - 🔍 Petlove: Buscando Baytril
2026-01-20 20:40:02,570 - scraper_base - INFO - ✅ Petlove: 4 produto(s) encontrado(s) para Baytril
2026-01-20 20:40:03,742 - scraper_base - INFO - 📊 Petlove - Estatísticas finais:
2026-01-20 20:40:03,742 - scraper_base - INFO -    • Medicamentos processados: 20
2026-01-20 20:40:03,742 - scraper_base - INFO -    • Produtos encontrados: 244
2026-01-20 20:40:03,742 - scraper_base - INFO -    • Medicamentos sem resultado: 0
2026-01-20 20:40:03,742 - scraper_base - INFO -    • Tempo total: 75.1s
2026-01-20 20:40:03,742 - scraper_base - INFO -    • Tempo médio por medicamento: 3.8s
2026-01-20 20:40:03,786 - gerenciador_arquivos - INFO - Excel salvo: dados_coletados/petlove_20260120_204003.xlsx (244 produtos)
2026-01-20 20:40:03,786 - gerenciador_principal - INFO - Petlove: Arquivo individual salvo com sucesso
2026-01-20 20:40:03,786 - gerenciador_principal - INFO - Pausando entre sites...
2026-01-20 20:40:05,787 - gerenciador_principal - INFO - [3/3] Processando Petz
2026-01-20 20:40:05,787 - scraper_base - INFO - 🚀 Iniciando scraping completo - Petz
2026-01-20 20:40:06,011 - scraper_base - INFO - 📋 20 medicamentos para processar
2026-01-20 20:40:06,011 - scraper_base - INFO - 📦 [1/20] Processando Simparic
2026-01-20 20:40:06,011 - scraper_base - INFO - 🔍 Petz: Buscando Simparic
2026-01-20 20:40:10,512 - scraper_base - INFO - ✅ Petz: 12 produto(s) encontrado(s) para Simparic
2026-01-20 20:40:11,518 - scraper_base - INFO - 📦 [2/20] Processando Revolution
2026-01-20 20:40:11,518 - scraper_base - INFO - 🔍 Petz: Buscando Revolution
2026-01-20 20:40:14,574 - scraper_base - INFO - ✅ Petz: 24 produto(s) encontrado(s) para Revolution
2026-01-20 20:40:17,069 - scraper_base - INFO - 📦 [3/20] Processando NexGard
2026-01-20 20:40:17,069 - scraper_base - INFO - 🔍 Petz: Buscando NexGard
2026-01-20 20:40:19,280 - scraper_base - INFO - ✅ Petz: 22 produto(s) encontrado(s) para NexGard
2026-01-20 20:40:21,230 - scraper_base - INFO - 📦 [4/20] Processando NexGard Spectra
2026-01-20 20:40:21,230 - scraper_base - INFO - 🔍 Petz: Buscando NexGard Spectra
2026-01-20 20:40:23,333 - scraper_base - INFO - ✅ Petz: 10 produto(s) encontrado(s) para NexGard Spectra
2026-01-20 20:40:25,618 - scraper_base - INFO - 📦 [5/20] Processando NexGard Combo
2026-01-20 20:40:25,618 - scraper_base - INFO - 🔍 Petz: Buscando NexGard Combo
2026-01-20 20:40:27,359 - scraper_base - INFO - ✅ Petz: 4 produto(s) encontrado(s) para NexGard Combo
2026-01-20 20:40:29,341 - scraper_base - INFO - 📦 [6/20] Processando Bravecto
2026-01-20 20:40:29,341 - scraper_base - INFO - 🔍 Petz: Buscando Bravecto
2026-01-20 20:40:31,595 - scraper_base - INFO - ✅ Petz: 16 produto(s) encontrado(s) para Bravecto
2026-01-20 20:40:34,320 - scraper_base - INFO - 📦 [7/20] Processando Frontline
2026-01-20 20:40:34,320 - scraper_base - INFO - 🔍 Petz: Buscando Frontline
2026-01-20 20:40:36,366 - scraper_base - INFO - ✅ Petz: 11 produto(s) encontrado(s) para Frontline
2026-01-20 20:40:38,015 - scraper_base - INFO - 📦 [8/20] Processando Advocate
2026-01-20 20:40:38,015 - scraper_base - INFO - 🔍 Petz: Buscando Advocate
2026-01-20 20:40:39,921 - scraper_base - INFO - ✅ Petz: 12 produto(s) encontrado(s) para Advocate
2026-01-20 20:40:42,230 - scraper_base - INFO - 📦 [9/20] Processando Drontal
2026-01-20 20:40:42,231 - scraper_base - INFO - 🔍 Petz: Buscando Drontal
2026-01-20 20:40:45,548 - scraper_base - INFO - ✅ Petz: 29 produto(s) encontrado(s) para Drontal
2026-01-20 20:40:46,823 - scraper_base - INFO - 📦 [10/20] Processando Milbemax
2026-01-20 20:40:46,823 - scraper_base - INFO - 🔍 Petz: Buscando Milbemax
2026-01-20 20:40:48,974 - scraper_base - INFO - ✅ Petz: 4 produto(s) encontrado(s) para Milbemax
2026-01-20 20:40:50,038 - scraper_base - INFO - 📦 [11/20] Processando Vermivet
2026-01-20 20:40:50,038 - scraper_base - INFO - 🔍 Petz: Buscando Vermivet
2026-01-20 20:40:52,492 - scraper_base - INFO - ✅ Petz: 5 produto(s) encontrado(s) para Vermivet
2026-01-20 20:40:54,586 - scraper_base - INFO - 📦 [12/20] Processando Rimadyl
2026-01-20 20:40:54,586 - scraper_base - INFO - 🔍 Petz: Buscando Rimadyl
2026-01-20 20:40:56,346 - scraper_base - INFO - ✅ Petz: 3 produto(s) encontrado(s) para Rimadyl
2026-01-20 20:40:58,780 - scraper_base - INFO - 📦 [13/20] Processando Onsior
2026-01-20 20:40:58,780 - scraper_base - INFO - 🔍 Petz: Buscando Onsior
2026-01-20 20:41:00,530 - scraper_base - INFO - ✅ Petz: 4 produto(s) encontrado(s) para Onsior
2026-01-20 20:41:03,014 - scraper_base - INFO - 📦 [14/20] Processando Maxicam
2026-01-20 20:41:03,014 - scraper_base - INFO - 🔍 Petz: Buscando Maxicam
2026-01-20 20:41:05,593 - scraper_base - INFO - ✅ Petz: 30 produto(s) encontrado(s) para Maxicam
2026-01-20 20:41:07,391 - scraper_base - INFO - 📦 [15/20] Processando Carproflan
2026-01-20 20:41:07,391 - scraper_base - INFO - 🔍 Petz: Buscando Carproflan
2026-01-20 20:41:09,214 - scraper_base - INFO - ✅ Petz: 3 produto(s) encontrado(s) para Carproflan
2026-01-20 20:41:10,729 - scraper_base - INFO - 📦 [16/20] Processando Previcox
2026-01-20 20:41:10,729 - scraper_base - INFO - 🔍 Petz: Buscando Previcox
2026-01-20 20:41:12,472 - scraper_base - INFO - ✅ Petz: 2 produto(s) encontrado(s) para Previcox
2026-01-20 20:41:14,055 - scraper_base - INFO - 📦 [17/20] Processando Apoquel
2026-01-20 20:41:14,055 - scraper_base - INFO - 🔍 Petz: Buscando Apoquel
2026-01-20 20:41:15,679 - scraper_base - INFO - ✅ Petz: 3 produto(s) encontrado(s) para Apoquel
2026-01-20 20:41:17,973 - scraper_base - INFO - 📦 [18/20] Processando Zenrelia
2026-01-20 20:41:17,973 - scraper_base - INFO - 🔍 Petz: Buscando Zenrelia
2026-01-20 20:41:19,943 - scraper_base - INFO - ✅ Petz: 4 produto(s) encontrado(s) para Zenrelia
2026-01-20 20:41:21,728 - scraper_base - INFO - 📦 [19/20] Processando Synulox
2026-01-20 20:41:21,728 - scraper_base - INFO - 🔍 Petz: Buscando Synulox
2026-01-20 20:41:23,468 - scraper_base - INFO - ✅ Petz: 2 produto(s) encontrado(s) para Synulox
2026-01-20 20:41:26,327 - scraper_base - INFO - 📦 [20/20] Processando Baytril
2026-01-20 20:41:26,327 - scraper_base - INFO - 🔍 Petz: Buscando Baytril
2026-01-20 20:41:28,299 - scraper_base - INFO - ✅ Petz: 9 produto(s) encontrado(s) para Baytril
2026-01-20 20:41:29,891 - scraper_base - INFO - 📊 Petz - Estatísticas finais:
2026-01-20 20:41:29,891 - scraper_base - INFO -    • Medicamentos processados: 20
2026-01-20 20:41:29,891 - scraper_base - INFO -    • Produtos encontrados: 209
2026-01-20 20:41:29,891 - scraper_base - INFO -    • Medicamentos sem resultado: 0
2026-01-20 20:41:29,891 - scraper_base - INFO -    • Tempo total: 84.1s
2026-01-20 20:41:29,891 - scraper_base - INFO -    • Tempo médio por medicamento: 4.2s
2026-01-20 20:41:29,934 - gerenciador_arquivos - INFO - Excel salvo: dados_coletados/petz_20260120_204129.xlsx (209 produtos)
2026-01-20 20:41:29,935 - gerenciador_principal - INFO - Petz: Arquivo individual salvo com sucesso
2026-01-20 20:41:29,935 - gerenciador_principal - INFO - Gerando relatório consolidado...
2026-01-20 20:41:30,146 - gerenciador_arquivos - INFO - Relatório consolidado salvo: dados_relatorios/relatorio_consolidado_20260120_204129.xlsx
2026-01-20 20:41:30,288 - gerenciador_conexoes - INFO - Chrome fechado
2026-01-20 20:41:30,288 - gerenciador_conexoes - INFO - Métodos utilizados - Requests: 33.3%, Selenium: 66.7%, Falhas: 0.0%
2026-01-20 20:41:30,288 - gerenciador_principal - INFO - ============================================================
2026-01-20 20:41:30,288 - gerenciador_principal - INFO - RELATORIO FINAL DE EXECUÇÃO
2026-01-20 20:41:30,288 - gerenciador_principal - INFO - ============================================================
2026-01-20 20:41:30,288 - gerenciador_principal - INFO - Sites processados: 3
2026-01-20 20:41:30,288 - gerenciador_principal - INFO - Sites com sucesso: 3
2026-01-20 20:41:30,288 - gerenciador_principal - INFO - Total de produtos coletados: 619
2026-01-20 20:41:30,288 - gerenciador_principal - INFO - Tempo total de execução: 248.9 segundos
2026-01-20 20:41:30,288 - gerenciador_principal - INFO - Estatísticas de conexão:
2026-01-20 20:41:30,288 - gerenciador_principal - INFO -   - Requests bem-sucedidos: 33.3%
2026-01-20 20:41:30,288 - gerenciador_principal - INFO -   - Selenium fallback: 66.7%
2026-01-20 20:41:30,288 - gerenciador_principal - INFO -   - Falhas totais: 0.0%
2026-01-20 20:41:30,290 - gerenciador_principal - INFO - Arquivos salvos na pasta: dados_coletados
2026-01-20 20:41:30,290 - gerenciador_principal - INFO - Total de arquivos: 326
2026-01-20 20:41:30,290 - gerenciador_principal - INFO - ============================================================
