2026-01-30 20:15:29,969 - configurador_logs - INFO - Sistema de logs configurado com sucesso
2026-01-30 20:15:29,970 - configurador_logs - INFO - 🚀 Logs configurados para MODO PRODUÇÃO
2026-01-30 20:15:29,970 - gerenciador_principal - INFO - Inicializando sistema - Modo: PRODUCAO
2026-01-30 20:15:29,970 - gerenciador_arquivos - INFO - Pasta dados_coletados preparada
2026-01-30 20:15:29,970 - gerenciador_principal - INFO - Sistema inicializado com 3 scrapers
2026-01-30 20:15:29,970 - gerenciador_principal - INFO - ============================================================
2026-01-30 20:15:29,970 - gerenciador_principal - INFO - INICIANDO SCRAPING COMPLETO - PRODUCAO
2026-01-30 20:15:29,970 - gerenciador_principal - INFO - ============================================================
2026-01-30 20:15:29,970 - gerenciador_principal - INFO - [1/3] Processando Cobasi
2026-01-30 20:15:29,970 - scraper_base - INFO - 🚀 Iniciando scraping completo - Cobasi
2026-01-30 20:15:30,321 - gerenciador_conexoes - INFO - Sessao estabelecida com cobasi.com.br
2026-01-30 20:15:30,322 - scraper_base - INFO - 📋 20 medicamentos para processar
2026-01-30 20:15:30,322 - scraper_base - INFO - 📦 [1/20] Processando Simparic
2026-01-30 20:15:30,322 - scraper_base - INFO - 🔍 Cobasi: Buscando Simparic
2026-01-30 20:15:33,048 - scraper_cobasi - INFO - Cobasi: Dados extraídos via JSON para Simparic
2026-01-30 20:15:33,048 - scraper_base - INFO - ✅ Cobasi: 12 produto(s) encontrado(s) para Simparic
2026-01-30 20:15:34,289 - scraper_base - INFO - 📦 [2/20] Processando Revolution
2026-01-30 20:15:34,289 - scraper_base - INFO - 🔍 Cobasi: Buscando Revolution
2026-01-30 20:15:34,337 - scraper_cobasi - INFO - Cobasi: Dados extraídos via JSON para Revolution
2026-01-30 20:15:34,337 - scraper_base - INFO - ✅ Cobasi: 18 produto(s) encontrado(s) para Revolution
2026-01-30 20:15:35,798 - scraper_base - INFO - 📦 [3/20] Processando NexGard
2026-01-30 20:15:35,798 - scraper_base - INFO - 🔍 Cobasi: Buscando NexGard
2026-01-30 20:15:38,312 - scraper_cobasi - INFO - Cobasi: Dados extraídos via JSON para NexGard
2026-01-30 20:15:38,312 - scraper_base - INFO - ✅ Cobasi: 22 produto(s) encontrado(s) para NexGard
2026-01-30 20:15:39,480 - scraper_base - INFO - 📦 [4/20] Processando NexGard Spectra
2026-01-30 20:15:39,480 - scraper_base - INFO - 🔍 Cobasi: Buscando NexGard Spectra
2026-01-30 20:15:54,549 - scraper_cobasi - INFO - Cobasi: Dados extraídos via JSON para NexGard Spectra
2026-01-30 20:15:54,549 - scraper_base - INFO - ✅ Cobasi: 10 produto(s) encontrado(s) para NexGard Spectra
2026-01-30 20:15:56,184 - scraper_base - INFO - 📦 [5/20] Processando NexGard Combo
2026-01-30 20:15:56,184 - scraper_base - INFO - 🔍 Cobasi: Buscando NexGard Combo
2026-01-30 20:15:56,643 - scraper_cobasi - INFO - Cobasi: Dados extraídos via JSON para NexGard Combo
2026-01-30 20:15:56,643 - scraper_base - INFO - ✅ Cobasi: 4 produto(s) encontrado(s) para NexGard Combo
2026-01-30 20:15:58,265 - scraper_base - INFO - 📦 [6/20] Processando Bravecto
2026-01-30 20:15:58,265 - scraper_base - INFO - 🔍 Cobasi: Buscando Bravecto
2026-01-30 20:16:00,019 - scraper_cobasi - INFO - Cobasi: Dados extraídos via JSON para Bravecto
2026-01-30 20:16:00,020 - scraper_base - INFO - ✅ Cobasi: 16 produto(s) encontrado(s) para Bravecto
2026-01-30 20:16:01,160 - scraper_base - INFO - 📦 [7/20] Processando Frontline
2026-01-30 20:16:01,160 - scraper_base - INFO - 🔍 Cobasi: Buscando Frontline
2026-01-30 20:16:03,816 - scraper_cobasi - INFO - Cobasi: Dados extraídos via JSON para Frontline
2026-01-30 20:16:03,816 - scraper_base - INFO - ✅ Cobasi: 10 produto(s) encontrado(s) para Frontline
2026-01-30 20:16:06,417 - scraper_base - INFO - 📦 [8/20] Processando Advocate
2026-01-30 20:16:06,417 - scraper_base - INFO - 🔍 Cobasi: Buscando Advocate
2026-01-30 20:16:08,953 - scraper_cobasi - INFO - Cobasi: Dados extraídos via JSON para Advocate
2026-01-30 20:16:08,953 - scraper_base - INFO - ✅ Cobasi: 12 produto(s) encontrado(s) para Advocate
2026-01-30 20:16:10,561 - scraper_base - INFO - 📦 [9/20] Processando Drontal
2026-01-30 20:16:10,561 - scraper_base - INFO - 🔍 Cobasi: Buscando Drontal
2026-01-30 20:16:20,313 - scraper_cobasi - INFO - Cobasi: Dados extraídos via JSON para Drontal
2026-01-30 20:16:20,314 - scraper_base - INFO - ✅ Cobasi: 8 produto(s) encontrado(s) para Drontal
2026-01-30 20:16:22,097 - scraper_base - INFO - 📦 [10/20] Processando Milbemax
2026-01-30 20:16:22,097 - scraper_base - INFO - 🔍 Cobasi: Buscando Milbemax
2026-01-30 20:16:23,937 - scraper_cobasi - INFO - Cobasi: Dados extraídos via JSON para Milbemax
2026-01-30 20:16:23,937 - scraper_base - INFO - ✅ Cobasi: 4 produto(s) encontrado(s) para Milbemax
2026-01-30 20:16:26,692 - scraper_base - INFO - 📦 [11/20] Processando Vermivet
2026-01-30 20:16:26,693 - scraper_base - INFO - 🔍 Cobasi: Buscando Vermivet
2026-01-30 20:16:27,188 - scraper_cobasi - INFO - Cobasi: Dados extraídos via JSON para Vermivet
2026-01-30 20:16:27,189 - scraper_base - INFO - ✅ Cobasi: 5 produto(s) encontrado(s) para Vermivet
2026-01-30 20:16:28,204 - scraper_base - INFO - 📦 [12/20] Processando Rimadyl
2026-01-30 20:16:28,204 - scraper_base - INFO - 🔍 Cobasi: Buscando Rimadyl
2026-01-30 20:16:30,826 - scraper_cobasi - INFO - Cobasi: Dados extraídos via JSON para Rimadyl
2026-01-30 20:16:30,826 - scraper_base - INFO - ✅ Cobasi: 3 produto(s) encontrado(s) para Rimadyl
2026-01-30 20:16:32,341 - scraper_base - INFO - 📦 [13/20] Processando Onsior
2026-01-30 20:16:32,341 - scraper_base - INFO - 🔍 Cobasi: Buscando Onsior
2026-01-30 20:16:32,816 - scraper_cobasi - INFO - Cobasi: Dados extraídos via JSON para Onsior
2026-01-30 20:16:32,816 - scraper_base - INFO - ✅ Cobasi: 4 produto(s) encontrado(s) para Onsior
2026-01-30 20:16:35,712 - scraper_base - INFO - 📦 [14/20] Processando Maxicam
2026-01-30 20:16:35,712 - scraper_base - INFO - 🔍 Cobasi: Buscando Maxicam
2026-01-30 20:16:47,030 - scraper_cobasi - INFO - Cobasi: Dados extraídos via JSON para Maxicam
2026-01-30 20:16:47,030 - scraper_base - INFO - ✅ Cobasi: 21 produto(s) encontrado(s) para Maxicam
2026-01-30 20:16:48,866 - scraper_base - INFO - 📦 [15/20] Processando Carproflan
2026-01-30 20:16:48,867 - scraper_base - INFO - 🔍 Cobasi: Buscando Carproflan
2026-01-30 20:16:49,359 - scraper_cobasi - INFO - Cobasi: Dados extraídos via JSON para Carproflan
2026-01-30 20:16:49,359 - scraper_base - INFO - ✅ Cobasi: 3 produto(s) encontrado(s) para Carproflan
2026-01-30 20:16:52,041 - scraper_base - INFO - 📦 [16/20] Processando Previcox
2026-01-30 20:16:52,041 - scraper_base - INFO - 🔍 Cobasi: Buscando Previcox
2026-01-30 20:16:53,646 - scraper_cobasi - INFO - Cobasi: Dados extraídos via JSON para Previcox
2026-01-30 20:16:53,646 - scraper_base - INFO - ✅ Cobasi: 2 produto(s) encontrado(s) para Previcox
2026-01-30 20:16:55,428 - scraper_base - INFO - 📦 [17/20] Processando Apoquel
2026-01-30 20:16:55,429 - scraper_base - INFO - 🔍 Cobasi: Buscando Apoquel
2026-01-30 20:16:56,010 - scraper_cobasi - INFO - Cobasi: Dados extraídos via JSON para Apoquel
2026-01-30 20:16:56,010 - scraper_base - INFO - ✅ Cobasi: 3 produto(s) encontrado(s) para Apoquel
2026-01-30 20:16:57,463 - scraper_base - INFO - 📦 [18/20] Processando Zenrelia
2026-01-30 20:16:57,463 - scraper_base - INFO - 🔍 Cobasi: Buscando Zenrelia
2026-01-30 20:16:59,472 - scraper_cobasi - INFO - Cobasi: Dados extraídos via JSON para Zenrelia
2026-01-30 20:16:59,472 - scraper_base - INFO - ✅ Cobasi: 4 produto(s) encontrado(s) para Zenrelia
2026-01-30 20:17:00,902 - scraper_base - INFO - 📦 [19/20] Processando Synulox
2026-01-30 20:17:00,902 - scraper_base - INFO - 🔍 Cobasi: Buscando Synulox
2026-01-30 20:17:02,558 - scraper_cobasi - INFO - Cobasi: Dados extraídos via JSON para Synulox
2026-01-30 20:17:02,558 - scraper_base - INFO - ✅ Cobasi: 2 produto(s) encontrado(s) para Synulox
2026-01-30 20:17:04,926 - scraper_base - INFO - 📦 [20/20] Processando Baytril
2026-01-30 20:17:04,926 - scraper_base - INFO - 🔍 Cobasi: Buscando Baytril
2026-01-30 20:17:19,050 - scraper_cobasi - INFO - Cobasi: Dados extraídos via JSON para Baytril
2026-01-30 20:17:19,050 - scraper_base - INFO - ✅ Cobasi: 4 produto(s) encontrado(s) para Baytril
2026-01-30 20:17:20,530 - scraper_base - INFO - 📊 Cobasi - Estatísticas finais:
2026-01-30 20:17:20,530 - scraper_base - INFO -    • Medicamentos processados: 20
2026-01-30 20:17:20,530 - scraper_base - INFO -    • Produtos encontrados: 167
2026-01-30 20:17:20,531 - scraper_base - INFO -    • Medicamentos sem resultado: 0
2026-01-30 20:17:20,531 - scraper_base - INFO -    • Tempo total: 110.6s
2026-01-30 20:17:20,531 - scraper_base - INFO -    • Tempo médio por medicamento: 5.5s
2026-01-30 20:17:20,770 - gerenciador_arquivos - INFO - Excel salvo: dados_coletados/cobasi_20260130_201720.xlsx (167 produtos)
2026-01-30 20:17:20,771 - gerenciador_principal - INFO - Cobasi: Arquivo individual salvo com sucesso
2026-01-30 20:17:20,771 - gerenciador_principal - INFO - Pausando entre sites...
2026-01-30 20:17:22,771 - gerenciador_principal - INFO - [2/3] Processando Petlove
2026-01-30 20:17:22,771 - scraper_base - INFO - 🚀 Iniciando scraping completo - Petlove
2026-01-30 20:17:23,008 - scraper_base - INFO - 📋 20 medicamentos para processar
2026-01-30 20:17:23,008 - scraper_base - INFO - 📦 [1/20] Processando Simparic
2026-01-30 20:17:23,008 - scraper_base - INFO - 🔍 Petlove: Buscando Simparic
2026-01-30 20:17:24,256 - gerenciador_conexoes - INFO - Chrome inicializado com otimizacoes de velocidade
2026-01-30 20:17:26,788 - scraper_base - INFO - ✅ Petlove: 34 produto(s) encontrado(s) para Simparic
2026-01-30 20:17:27,801 - scraper_base - INFO - 📦 [2/20] Processando Revolution
2026-01-30 20:17:27,801 - scraper_base - INFO - 🔍 Petlove: Buscando Revolution
2026-01-30 20:17:29,615 - scraper_base - INFO - ✅ Petlove: 17 produto(s) encontrado(s) para Revolution
2026-01-30 20:17:32,419 - scraper_base - INFO - 📦 [3/20] Processando NexGard
2026-01-30 20:17:32,419 - scraper_base - INFO - 🔍 Petlove: Buscando NexGard
2026-01-30 20:17:34,142 - scraper_base - INFO - ✅ Petlove: 11 produto(s) encontrado(s) para NexGard
2026-01-30 20:17:36,628 - scraper_base - INFO - 📦 [4/20] Processando NexGard Spectra
2026-01-30 20:17:36,628 - scraper_base - INFO - 🔍 Petlove: Buscando NexGard Spectra
2026-01-30 20:17:37,928 - scraper_base - INFO - ✅ Petlove: 5 produto(s) encontrado(s) para NexGard Spectra
2026-01-30 20:17:38,950 - scraper_base - INFO - 📦 [5/20] Processando NexGard Combo
2026-01-30 20:17:38,950 - scraper_base - INFO - 🔍 Petlove: Buscando NexGard Combo
2026-01-30 20:17:40,267 - scraper_base - INFO - ✅ Petlove: 2 produto(s) encontrado(s) para NexGard Combo
2026-01-30 20:17:42,422 - scraper_base - INFO - 📦 [6/20] Processando Bravecto
2026-01-30 20:17:42,423 - scraper_base - INFO - 🔍 Petlove: Buscando Bravecto
2026-01-30 20:17:44,772 - scraper_base - INFO - ✅ Petlove: 23 produto(s) encontrado(s) para Bravecto
2026-01-30 20:17:46,654 - scraper_base - INFO - 📦 [7/20] Processando Frontline
2026-01-30 20:17:46,654 - scraper_base - INFO - 🔍 Petlove: Buscando Frontline
2026-01-30 20:17:48,261 - scraper_base - INFO - ✅ Petlove: 11 produto(s) encontrado(s) para Frontline
2026-01-30 20:17:49,845 - scraper_base - INFO - 📦 [8/20] Processando Advocate
2026-01-30 20:17:49,845 - scraper_base - INFO - 🔍 Petlove: Buscando Advocate
2026-01-30 20:17:51,334 - scraper_base - INFO - ✅ Petlove: 10 produto(s) encontrado(s) para Advocate
2026-01-30 20:17:54,064 - scraper_base - INFO - 📦 [9/20] Processando Drontal
2026-01-30 20:17:54,064 - scraper_base - INFO - 🔍 Petlove: Buscando Drontal
2026-01-30 20:17:55,904 - scraper_base - INFO - ✅ Petlove: 36 produto(s) encontrado(s) para Drontal
2026-01-30 20:17:57,208 - scraper_base - INFO - 📦 [10/20] Processando Milbemax
2026-01-30 20:17:57,209 - scraper_base - INFO - 🔍 Petlove: Buscando Milbemax
2026-01-30 20:17:58,732 - scraper_base - INFO - ✅ Petlove: 15 produto(s) encontrado(s) para Milbemax
2026-01-30 20:18:00,187 - scraper_base - INFO - 📦 [11/20] Processando Vermivet
2026-01-30 20:18:00,187 - scraper_base - INFO - 🔍 Petlove: Buscando Vermivet
2026-01-30 20:18:02,319 - scraper_base - INFO - ✅ Petlove: 36 produto(s) encontrado(s) para Vermivet
2026-01-30 20:18:03,762 - scraper_base - INFO - 📦 [12/20] Processando Rimadyl
2026-01-30 20:18:03,762 - scraper_base - INFO - 🔍 Petlove: Buscando Rimadyl
2026-01-30 20:18:05,203 - scraper_base - INFO - ✅ Petlove: 1 produto(s) encontrado(s) para Rimadyl
2026-01-30 20:18:07,711 - scraper_base - INFO - 📦 [13/20] Processando Onsior
2026-01-30 20:18:07,711 - scraper_base - INFO - 🔍 Petlove: Buscando Onsior
2026-01-30 20:18:09,224 - scraper_base - INFO - ✅ Petlove: 4 produto(s) encontrado(s) para Onsior
2026-01-30 20:18:11,066 - scraper_base - INFO - 📦 [14/20] Processando Maxicam
2026-01-30 20:18:11,066 - scraper_base - INFO - 🔍 Petlove: Buscando Maxicam
2026-01-30 20:18:12,423 - scraper_base - INFO - ✅ Petlove: 3 produto(s) encontrado(s) para Maxicam
2026-01-30 20:18:14,871 - scraper_base - INFO - 📦 [15/20] Processando Carproflan
2026-01-30 20:18:14,871 - scraper_base - INFO - 🔍 Petlove: Buscando Carproflan
2026-01-30 20:18:16,279 - scraper_base - INFO - ✅ Petlove: 8 produto(s) encontrado(s) para Carproflan
2026-01-30 20:18:17,735 - scraper_base - INFO - 📦 [16/20] Processando Previcox
2026-01-30 20:18:17,735 - scraper_base - INFO - 🔍 Petlove: Buscando Previcox
2026-01-30 20:18:19,162 - scraper_base - INFO - ✅ Petlove: 4 produto(s) encontrado(s) para Previcox
2026-01-30 20:18:20,175 - scraper_base - INFO - 📦 [17/20] Processando Apoquel
2026-01-30 20:18:20,175 - scraper_base - INFO - 🔍 Petlove: Buscando Apoquel
2026-01-30 20:18:21,646 - scraper_base - INFO - ✅ Petlove: 16 produto(s) encontrado(s) para Apoquel
2026-01-30 20:18:24,228 - scraper_base - INFO - 📦 [18/20] Processando Zenrelia
2026-01-30 20:18:24,228 - scraper_base - INFO - 🔍 Petlove: Buscando Zenrelia
2026-01-30 20:18:25,508 - scraper_base - INFO - ✅ Petlove: 4 produto(s) encontrado(s) para Zenrelia
2026-01-30 20:18:28,290 - scraper_base - INFO - 📦 [19/20] Processando Synulox
2026-01-30 20:18:28,290 - scraper_base - INFO - 🔍 Petlove: Buscando Synulox
2026-01-30 20:18:29,487 - scraper_base - INFO - ✅ Petlove: 1 produto(s) encontrado(s) para Synulox
2026-01-30 20:18:31,486 - scraper_base - INFO - 📦 [20/20] Processando Baytril
2026-01-30 20:18:31,486 - scraper_base - INFO - 🔍 Petlove: Buscando Baytril
2026-01-30 20:18:33,609 - scraper_base - INFO - ✅ Petlove: 4 produto(s) encontrado(s) para Baytril
2026-01-30 20:18:35,944 - scraper_base - INFO - 📊 Petlove - Estatísticas finais:
2026-01-30 20:18:35,944 - scraper_base - INFO -    • Medicamentos processados: 20
2026-01-30 20:18:35,944 - scraper_base - INFO -    • Produtos encontrados: 245
2026-01-30 20:18:35,944 - scraper_base - INFO -    • Medicamentos sem resultado: 0
2026-01-30 20:18:35,944 - scraper_base - INFO -    • Tempo total: 73.2s
2026-01-30 20:18:35,945 - scraper_base - INFO -    • Tempo médio por medicamento: 3.7s
2026-01-30 20:18:35,991 - gerenciador_arquivos - INFO - Excel salvo: dados_coletados/petlove_20260130_201835.xlsx (245 produtos)
2026-01-30 20:18:35,991 - gerenciador_principal - INFO - Petlove: Arquivo individual salvo com sucesso
2026-01-30 20:18:35,991 - gerenciador_principal - INFO - Pausando entre sites...
2026-01-30 20:18:37,991 - gerenciador_principal - INFO - [3/3] Processando Petz
2026-01-30 20:18:37,992 - scraper_base - INFO - 🚀 Iniciando scraping completo - Petz
2026-01-30 20:18:38,556 - scraper_base - INFO - 📋 20 medicamentos para processar
2026-01-30 20:18:38,556 - scraper_base - INFO - 📦 [1/20] Processando Simparic
2026-01-30 20:18:38,556 - scraper_base - INFO - 🔍 Petz: Buscando Simparic
2026-01-30 20:18:43,909 - scraper_base - INFO - ✅ Petz: 12 produto(s) encontrado(s) para Simparic
2026-01-30 20:18:45,774 - scraper_base - INFO - 📦 [2/20] Processando Revolution
2026-01-30 20:18:45,774 - scraper_base - INFO - 🔍 Petz: Buscando Revolution
2026-01-30 20:18:48,568 - scraper_base - INFO - ✅ Petz: 24 produto(s) encontrado(s) para Revolution
2026-01-30 20:18:50,561 - scraper_base - INFO - 📦 [3/20] Processando NexGard
2026-01-30 20:18:50,561 - scraper_base - INFO - 🔍 Petz: Buscando NexGard
2026-01-30 20:18:52,808 - scraper_base - INFO - ✅ Petz: 22 produto(s) encontrado(s) para NexGard
2026-01-30 20:18:55,319 - scraper_base - INFO - 📦 [4/20] Processando NexGard Spectra
2026-01-30 20:18:55,319 - scraper_base - INFO - 🔍 Petz: Buscando NexGard Spectra
2026-01-30 20:18:57,421 - scraper_base - INFO - ✅ Petz: 10 produto(s) encontrado(s) para NexGard Spectra
2026-01-30 20:18:59,402 - scraper_base - INFO - 📦 [5/20] Processando NexGard Combo
2026-01-30 20:18:59,403 - scraper_base - INFO - 🔍 Petz: Buscando NexGard Combo
2026-01-30 20:19:01,832 - scraper_base - INFO - ✅ Petz: 4 produto(s) encontrado(s) para NexGard Combo
2026-01-30 20:19:03,301 - scraper_base - INFO - 📦 [6/20] Processando Bravecto
2026-01-30 20:19:03,301 - scraper_base - INFO - 🔍 Petz: Buscando Bravecto
2026-01-30 20:19:05,475 - scraper_base - INFO - ✅ Petz: 16 produto(s) encontrado(s) para Bravecto
2026-01-30 20:19:07,206 - scraper_base - INFO - 📦 [7/20] Processando Frontline
2026-01-30 20:19:07,206 - scraper_base - INFO - 🔍 Petz: Buscando Frontline
2026-01-30 20:19:09,183 - scraper_base - INFO - ✅ Petz: 11 produto(s) encontrado(s) para Frontline
2026-01-30 20:19:10,739 - scraper_base - INFO - 📦 [8/20] Processando Advocate
2026-01-30 20:19:10,739 - scraper_base - INFO - 🔍 Petz: Buscando Advocate
2026-01-30 20:19:12,707 - scraper_base - INFO - ✅ Petz: 12 produto(s) encontrado(s) para Advocate
2026-01-30 20:19:15,590 - scraper_base - INFO - 📦 [9/20] Processando Drontal
2026-01-30 20:19:15,590 - scraper_base - INFO - 🔍 Petz: Buscando Drontal
2026-01-30 20:19:19,206 - scraper_base - INFO - ✅ Petz: 30 produto(s) encontrado(s) para Drontal
2026-01-30 20:19:20,647 - scraper_base - INFO - 📦 [10/20] Processando Milbemax
2026-01-30 20:19:20,647 - scraper_base - INFO - 🔍 Petz: Buscando Milbemax
2026-01-30 20:19:22,592 - scraper_base - INFO - ✅ Petz: 4 produto(s) encontrado(s) para Milbemax
2026-01-30 20:19:24,965 - scraper_base - INFO - 📦 [11/20] Processando Vermivet
2026-01-30 20:19:24,965 - scraper_base - INFO - 🔍 Petz: Buscando Vermivet
2026-01-30 20:19:27,152 - scraper_base - INFO - ✅ Petz: 5 produto(s) encontrado(s) para Vermivet
2026-01-30 20:19:29,482 - scraper_base - INFO - 📦 [12/20] Processando Rimadyl
2026-01-30 20:19:29,482 - scraper_base - INFO - 🔍 Petz: Buscando Rimadyl
2026-01-30 20:19:31,249 - scraper_base - INFO - ✅ Petz: 3 produto(s) encontrado(s) para Rimadyl
2026-01-30 20:19:32,749 - scraper_base - INFO - 📦 [13/20] Processando Onsior
2026-01-30 20:19:32,749 - scraper_base - INFO - 🔍 Petz: Buscando Onsior
2026-01-30 20:19:34,527 - scraper_base - INFO - ✅ Petz: 4 produto(s) encontrado(s) para Onsior
2026-01-30 20:19:36,991 - scraper_base - INFO - 📦 [14/20] Processando Maxicam
2026-01-30 20:19:36,992 - scraper_base - INFO - 🔍 Petz: Buscando Maxicam
2026-01-30 20:19:39,455 - scraper_base - INFO - ✅ Petz: 30 produto(s) encontrado(s) para Maxicam
2026-01-30 20:19:42,391 - scraper_base - INFO - 📦 [15/20] Processando Carproflan
2026-01-30 20:19:42,391 - scraper_base - INFO - 🔍 Petz: Buscando Carproflan
2026-01-30 20:19:44,733 - scraper_base - INFO - ✅ Petz: 3 produto(s) encontrado(s) para Carproflan
2026-01-30 20:19:47,697 - scraper_base - INFO - 📦 [16/20] Processando Previcox
2026-01-30 20:19:47,697 - scraper_base - INFO - 🔍 Petz: Buscando Previcox
2026-01-30 20:19:49,897 - scraper_base - INFO - ✅ Petz: 2 produto(s) encontrado(s) para Previcox
2026-01-30 20:19:51,075 - scraper_base - INFO - 📦 [17/20] Processando Apoquel
2026-01-30 20:19:51,075 - scraper_base - INFO - 🔍 Petz: Buscando Apoquel
2026-01-30 20:19:52,896 - scraper_base - INFO - ✅ Petz: 3 produto(s) encontrado(s) para Apoquel
2026-01-30 20:19:55,543 - scraper_base - INFO - 📦 [18/20] Processando Zenrelia
2026-01-30 20:19:55,544 - scraper_base - INFO - 🔍 Petz: Buscando Zenrelia
2026-01-30 20:19:57,419 - scraper_base - INFO - ✅ Petz: 4 produto(s) encontrado(s) para Zenrelia
2026-01-30 20:19:58,537 - scraper_base - INFO - 📦 [19/20] Processando Synulox
2026-01-30 20:19:58,537 - scraper_base - INFO - 🔍 Petz: Buscando Synulox
2026-01-30 20:20:00,239 - scraper_base - INFO - ✅ Petz: 2 produto(s) encontrado(s) para Synulox
2026-01-30 20:20:02,540 - scraper_base - INFO - 📦 [20/20] Processando Baytril
2026-01-30 20:20:02,540 - scraper_base - INFO - 🔍 Petz: Buscando Baytril
2026-01-30 20:20:05,074 - scraper_base - INFO - ✅ Petz: 9 produto(s) encontrado(s) para Baytril
2026-01-30 20:20:06,470 - scraper_base - INFO - 📊 Petz - Estatísticas finais:
2026-01-30 20:20:06,470 - scraper_base - INFO -    • Medicamentos processados: 20
2026-01-30 20:20:06,470 - scraper_base - INFO -    • Produtos encontrados: 210
2026-01-30 20:20:06,470 - scraper_base - INFO -    • Medicamentos sem resultado: 0
2026-01-30 20:20:06,470 - scraper_base - INFO -    • Tempo total: 88.5s
2026-01-30 20:20:06,470 - scraper_base - INFO -    • Tempo médio por medicamento: 4.4s
2026-01-30 20:20:06,514 - gerenciador_arquivos - INFO - Excel salvo: dados_coletados/petz_20260130_202006.xlsx (210 produtos)
2026-01-30 20:20:06,514 - gerenciador_principal - INFO - Petz: Arquivo individual salvo com sucesso
2026-01-30 20:20:06,514 - gerenciador_principal - INFO - Gerando relatório consolidado...
2026-01-30 20:20:06,797 - gerenciador_arquivos - INFO - Relatório consolidado salvo: dados_relatorios/relatorio_consolidado_20260130_202006.xlsx
2026-01-30 20:20:06,942 - gerenciador_conexoes - INFO - Chrome fechado
2026-01-30 20:20:06,942 - gerenciador_conexoes - INFO - Métodos utilizados - Requests: 33.3%, Selenium: 66.7%, Falhas: 0.0%
2026-01-30 20:20:06,942 - gerenciador_principal - INFO - ============================================================
2026-01-30 20:20:06,942 - gerenciador_principal - INFO - RELATORIO FINAL DE EXECUÇÃO
2026-01-30 20:20:06,942 - gerenciador_principal - INFO - ============================================================
2026-01-30 20:20:06,942 - gerenciador_principal - INFO - Sites processados: 3
2026-01-30 20:20:06,942 - gerenciador_principal - INFO - Sites com sucesso: 3
2026-01-30 20:20:06,942 - gerenciador_principal - INFO - Total de produtos coletados: 622
2026-01-30 20:20:06,942 - gerenciador_principal - INFO - Tempo total de execução: 276.5 segundos
2026-01-30 20:20:06,942 - gerenciador_principal - INFO - Estatísticas de conexão:
2026-01-30 20:20:06,943 - gerenciador_principal - INFO -   - Requests bem-sucedidos: 33.3%
2026-01-30 20:20:06,943 - gerenciador_principal - INFO -   - Selenium fallback: 66.7%
2026-01-30 20:20:06,943 - gerenciador_principal - INFO -   - Falhas totais: 0.0%
2026-01-30 20:20:06,944 - gerenciador_principal - INFO - Arquivos salvos na pasta: dados_coletados
2026-01-30 20:20:06,944 - gerenciador_principal - INFO - Total de arquivos: 355
2026-01-30 20:20:06,944 - gerenciador_principal - INFO - ============================================================
