2026-01-23 20:12:50,455 - configurador_logs - INFO - Sistema de logs configurado com sucesso
2026-01-23 20:12:50,455 - configurador_logs - INFO - 🚀 Logs configurados para MODO PRODUÇÃO
2026-01-23 20:12:50,455 - gerenciador_principal - INFO - Inicializando sistema - Modo: PRODUCAO
2026-01-23 20:12:50,455 - gerenciador_arquivos - INFO - Pasta dados_coletados preparada
2026-01-23 20:12:50,456 - gerenciador_principal - INFO - Sistema inicializado com 3 scrapers
2026-01-23 20:12:50,456 - gerenciador_principal - INFO - ============================================================
2026-01-23 20:12:50,456 - gerenciador_principal - INFO - INICIANDO SCRAPING COMPLETO - PRODUCAO
2026-01-23 20:12:50,456 - gerenciador_principal - INFO - ============================================================
2026-01-23 20:12:50,456 - gerenciador_principal - INFO - [1/3] Processando Cobasi
2026-01-23 20:12:50,456 - scraper_base - INFO - 🚀 Iniciando scraping completo - Cobasi
2026-01-23 20:12:50,986 - gerenciador_conexoes - INFO - Sessao estabelecida com cobasi.com.br
2026-01-23 20:12:50,986 - scraper_base - INFO - 📋 20 medicamentos para processar
2026-01-23 20:12:50,986 - scraper_base - INFO - 📦 [1/20] Processando Simparic
2026-01-23 20:12:50,986 - scraper_base - INFO - 🔍 Cobasi: Buscando Simparic
2026-01-23 20:12:54,414 - scraper_cobasi - INFO - Cobasi: Dados extraídos via JSON para Simparic
2026-01-23 20:12:54,414 - scraper_base - INFO - ✅ Cobasi: 12 produto(s) encontrado(s) para Simparic
2026-01-23 20:12:55,968 - scraper_base - INFO - 📦 [2/20] Processando Revolution
2026-01-23 20:12:55,968 - scraper_base - INFO - 🔍 Cobasi: Buscando Revolution
2026-01-23 20:12:58,602 - scraper_cobasi - INFO - Cobasi: Dados extraídos via JSON para Revolution
2026-01-23 20:12:58,602 - scraper_base - INFO - ✅ Cobasi: 18 produto(s) encontrado(s) para Revolution
2026-01-23 20:13:00,958 - scraper_base - INFO - 📦 [3/20] Processando NexGard
2026-01-23 20:13:00,958 - scraper_base - INFO - 🔍 Cobasi: Buscando NexGard
2026-01-23 20:13:03,798 - scraper_cobasi - INFO - Cobasi: Dados extraídos via JSON para NexGard
2026-01-23 20:13:03,799 - scraper_base - INFO - ✅ Cobasi: 22 produto(s) encontrado(s) para NexGard
2026-01-23 20:13:06,199 - scraper_base - INFO - 📦 [4/20] Processando NexGard Spectra
2026-01-23 20:13:06,199 - scraper_base - INFO - 🔍 Cobasi: Buscando NexGard Spectra
2026-01-23 20:13:08,508 - scraper_cobasi - INFO - Cobasi: Dados extraídos via JSON para NexGard Spectra
2026-01-23 20:13:08,508 - scraper_base - INFO - ✅ Cobasi: 10 produto(s) encontrado(s) para NexGard Spectra
2026-01-23 20:13:10,898 - scraper_base - INFO - 📦 [5/20] Processando NexGard Combo
2026-01-23 20:13:10,898 - scraper_base - INFO - 🔍 Cobasi: Buscando NexGard Combo
2026-01-23 20:13:11,508 - scraper_cobasi - INFO - Cobasi: Dados extraídos via JSON para NexGard Combo
2026-01-23 20:13:11,509 - scraper_base - INFO - ✅ Cobasi: 4 produto(s) encontrado(s) para NexGard Combo
2026-01-23 20:13:14,101 - scraper_base - INFO - 📦 [6/20] Processando Bravecto
2026-01-23 20:13:14,101 - scraper_base - INFO - 🔍 Cobasi: Buscando Bravecto
2026-01-23 20:13:14,706 - scraper_cobasi - INFO - Cobasi: Dados extraídos via JSON para Bravecto
2026-01-23 20:13:14,706 - scraper_base - INFO - ✅ Cobasi: 16 produto(s) encontrado(s) para Bravecto
2026-01-23 20:13:17,622 - scraper_base - INFO - 📦 [7/20] Processando Frontline
2026-01-23 20:13:17,622 - scraper_base - INFO - 🔍 Cobasi: Buscando Frontline
2026-01-23 20:13:20,628 - scraper_cobasi - INFO - Cobasi: Dados extraídos via JSON para Frontline
2026-01-23 20:13:20,628 - scraper_base - INFO - ✅ Cobasi: 10 produto(s) encontrado(s) para Frontline
2026-01-23 20:13:23,364 - scraper_base - INFO - 📦 [8/20] Processando Advocate
2026-01-23 20:13:23,364 - scraper_base - INFO - 🔍 Cobasi: Buscando Advocate
2026-01-23 20:13:25,903 - scraper_cobasi - INFO - Cobasi: Dados extraídos via JSON para Advocate
2026-01-23 20:13:25,903 - scraper_base - INFO - ✅ Cobasi: 12 produto(s) encontrado(s) para Advocate
2026-01-23 20:13:27,080 - scraper_base - INFO - 📦 [9/20] Processando Drontal
2026-01-23 20:13:27,080 - scraper_base - INFO - 🔍 Cobasi: Buscando Drontal
2026-01-23 20:13:29,597 - scraper_cobasi - INFO - Cobasi: Dados extraídos via JSON para Drontal
2026-01-23 20:13:29,597 - scraper_base - INFO - ✅ Cobasi: 8 produto(s) encontrado(s) para Drontal
2026-01-23 20:13:31,616 - scraper_base - INFO - 📦 [10/20] Processando Milbemax
2026-01-23 20:13:31,617 - scraper_base - INFO - 🔍 Cobasi: Buscando Milbemax
2026-01-23 20:13:33,540 - scraper_cobasi - INFO - Cobasi: Dados extraídos via JSON para Milbemax
2026-01-23 20:13:33,540 - scraper_base - INFO - ✅ Cobasi: 4 produto(s) encontrado(s) para Milbemax
2026-01-23 20:13:34,690 - scraper_base - INFO - 📦 [11/20] Processando Vermivet
2026-01-23 20:13:34,690 - scraper_base - INFO - 🔍 Cobasi: Buscando Vermivet
2026-01-23 20:13:37,211 - scraper_cobasi - INFO - Cobasi: Dados extraídos via JSON para Vermivet
2026-01-23 20:13:37,211 - scraper_base - INFO - ✅ Cobasi: 5 produto(s) encontrado(s) para Vermivet
2026-01-23 20:13:39,960 - scraper_base - INFO - 📦 [12/20] Processando Rimadyl
2026-01-23 20:13:39,960 - scraper_base - INFO - 🔍 Cobasi: Buscando Rimadyl
2026-01-23 20:13:40,463 - scraper_cobasi - INFO - Cobasi: Dados extraídos via JSON para Rimadyl
2026-01-23 20:13:40,463 - scraper_base - INFO - ✅ Cobasi: 3 produto(s) encontrado(s) para Rimadyl
2026-01-23 20:13:42,285 - scraper_base - INFO - 📦 [13/20] Processando Onsior
2026-01-23 20:13:42,286 - scraper_base - INFO - 🔍 Cobasi: Buscando Onsior
2026-01-23 20:13:44,236 - scraper_cobasi - INFO - Cobasi: Dados extraídos via JSON para Onsior
2026-01-23 20:13:44,236 - scraper_base - INFO - ✅ Cobasi: 4 produto(s) encontrado(s) para Onsior
2026-01-23 20:13:46,270 - scraper_base - INFO - 📦 [14/20] Processando Maxicam
2026-01-23 20:13:46,270 - scraper_base - INFO - 🔍 Cobasi: Buscando Maxicam
2026-01-23 20:13:48,776 - scraper_cobasi - INFO - Cobasi: Dados extraídos via JSON para Maxicam
2026-01-23 20:13:48,776 - scraper_base - INFO - ✅ Cobasi: 21 produto(s) encontrado(s) para Maxicam
2026-01-23 20:13:50,547 - scraper_base - INFO - 📦 [15/20] Processando Carproflan
2026-01-23 20:13:50,547 - scraper_base - INFO - 🔍 Cobasi: Buscando Carproflan
2026-01-23 20:13:52,285 - scraper_cobasi - INFO - Cobasi: Dados extraídos via JSON para Carproflan
2026-01-23 20:13:52,285 - scraper_base - INFO - ✅ Cobasi: 3 produto(s) encontrado(s) para Carproflan
2026-01-23 20:13:53,318 - scraper_base - INFO - 📦 [16/20] Processando Previcox
2026-01-23 20:13:53,318 - scraper_base - INFO - 🔍 Cobasi: Buscando Previcox
2026-01-23 20:13:54,992 - scraper_cobasi - INFO - Cobasi: Dados extraídos via JSON para Previcox
2026-01-23 20:13:54,992 - scraper_base - INFO - ✅ Cobasi: 2 produto(s) encontrado(s) para Previcox
2026-01-23 20:13:56,082 - scraper_base - INFO - 📦 [17/20] Processando Apoquel
2026-01-23 20:13:56,082 - scraper_base - INFO - 🔍 Cobasi: Buscando Apoquel
2026-01-23 20:13:56,637 - scraper_cobasi - INFO - Cobasi: Dados extraídos via JSON para Apoquel
2026-01-23 20:13:56,637 - scraper_base - INFO - ✅ Cobasi: 3 produto(s) encontrado(s) para Apoquel
2026-01-23 20:13:57,938 - scraper_base - INFO - 📦 [18/20] Processando Zenrelia
2026-01-23 20:13:57,938 - scraper_base - INFO - 🔍 Cobasi: Buscando Zenrelia
2026-01-23 20:13:59,922 - scraper_cobasi - INFO - Cobasi: Dados extraídos via JSON para Zenrelia
2026-01-23 20:13:59,923 - scraper_base - INFO - ✅ Cobasi: 4 produto(s) encontrado(s) para Zenrelia
2026-01-23 20:14:02,113 - scraper_base - INFO - 📦 [19/20] Processando Synulox
2026-01-23 20:14:02,113 - scraper_base - INFO - 🔍 Cobasi: Buscando Synulox
2026-01-23 20:14:03,821 - scraper_cobasi - INFO - Cobasi: Dados extraídos via JSON para Synulox
2026-01-23 20:14:03,821 - scraper_base - INFO - ✅ Cobasi: 2 produto(s) encontrado(s) para Synulox
2026-01-23 20:14:06,316 - scraper_base - INFO - 📦 [20/20] Processando Baytril
2026-01-23 20:14:06,316 - scraper_base - INFO - 🔍 Cobasi: Buscando Baytril
2026-01-23 20:14:06,898 - scraper_cobasi - INFO - Cobasi: Dados extraídos via JSON para Baytril
2026-01-23 20:14:06,898 - scraper_base - INFO - ✅ Cobasi: 4 produto(s) encontrado(s) para Baytril
2026-01-23 20:14:08,588 - scraper_base - INFO - 📊 Cobasi - Estatísticas finais:
2026-01-23 20:14:08,588 - scraper_base - INFO -    • Medicamentos processados: 20
2026-01-23 20:14:08,588 - scraper_base - INFO -    • Produtos encontrados: 167
2026-01-23 20:14:08,588 - scraper_base - INFO -    • Medicamentos sem resultado: 0
2026-01-23 20:14:08,588 - scraper_base - INFO -    • Tempo total: 78.1s
2026-01-23 20:14:08,588 - scraper_base - INFO -    • Tempo médio por medicamento: 3.9s
2026-01-23 20:14:08,741 - gerenciador_arquivos - INFO - Excel salvo: dados_coletados/cobasi_20260123_201408.xlsx (167 produtos)
2026-01-23 20:14:08,741 - gerenciador_principal - INFO - Cobasi: Arquivo individual salvo com sucesso
2026-01-23 20:14:08,742 - gerenciador_principal - INFO - Pausando entre sites...
2026-01-23 20:14:10,742 - gerenciador_principal - INFO - [2/3] Processando Petlove
2026-01-23 20:14:10,742 - scraper_base - INFO - 🚀 Iniciando scraping completo - Petlove
2026-01-23 20:14:10,992 - scraper_base - INFO - 📋 20 medicamentos para processar
2026-01-23 20:14:10,992 - scraper_base - INFO - 📦 [1/20] Processando Simparic
2026-01-23 20:14:10,993 - scraper_base - INFO - 🔍 Petlove: Buscando Simparic
2026-01-23 20:14:18,280 - gerenciador_conexoes - INFO - Chrome inicializado com otimizacoes de velocidade
2026-01-23 20:14:21,336 - scraper_base - INFO - ✅ Petlove: 34 produto(s) encontrado(s) para Simparic
2026-01-23 20:14:24,123 - scraper_base - INFO - 📦 [2/20] Processando Revolution
2026-01-23 20:14:24,123 - scraper_base - INFO - 🔍 Petlove: Buscando Revolution
2026-01-23 20:14:25,862 - scraper_base - INFO - ✅ Petlove: 17 produto(s) encontrado(s) para Revolution
2026-01-23 20:14:27,954 - scraper_base - INFO - 📦 [3/20] Processando NexGard
2026-01-23 20:14:27,954 - scraper_base - INFO - 🔍 Petlove: Buscando NexGard
2026-01-23 20:14:29,600 - scraper_base - INFO - ✅ Petlove: 11 produto(s) encontrado(s) para NexGard
2026-01-23 20:14:30,640 - scraper_base - INFO - 📦 [4/20] Processando NexGard Spectra
2026-01-23 20:14:30,640 - scraper_base - INFO - 🔍 Petlove: Buscando NexGard Spectra
2026-01-23 20:14:31,689 - scraper_base - INFO - ✅ Petlove: 5 produto(s) encontrado(s) para NexGard Spectra
2026-01-23 20:14:33,925 - scraper_base - INFO - 📦 [5/20] Processando NexGard Combo
2026-01-23 20:14:33,925 - scraper_base - INFO - 🔍 Petlove: Buscando NexGard Combo
2026-01-23 20:14:35,074 - scraper_base - INFO - ✅ Petlove: 2 produto(s) encontrado(s) para NexGard Combo
2026-01-23 20:14:36,571 - scraper_base - INFO - 📦 [6/20] Processando Bravecto
2026-01-23 20:14:36,572 - scraper_base - INFO - 🔍 Petlove: Buscando Bravecto
2026-01-23 20:14:38,807 - scraper_base - INFO - ✅ Petlove: 23 produto(s) encontrado(s) para Bravecto
2026-01-23 20:14:39,814 - scraper_base - INFO - 📦 [7/20] Processando Frontline
2026-01-23 20:14:39,814 - scraper_base - INFO - 🔍 Petlove: Buscando Frontline
2026-01-23 20:14:42,234 - scraper_base - INFO - ✅ Petlove: 11 produto(s) encontrado(s) para Frontline
2026-01-23 20:14:44,397 - scraper_base - INFO - 📦 [8/20] Processando Advocate
2026-01-23 20:14:44,397 - scraper_base - INFO - 🔍 Petlove: Buscando Advocate
2026-01-23 20:14:46,194 - scraper_base - INFO - ✅ Petlove: 12 produto(s) encontrado(s) para Advocate
2026-01-23 20:14:47,744 - scraper_base - INFO - 📦 [9/20] Processando Drontal
2026-01-23 20:14:47,744 - scraper_base - INFO - 🔍 Petlove: Buscando Drontal
2026-01-23 20:14:49,687 - scraper_base - INFO - ✅ Petlove: 36 produto(s) encontrado(s) para Drontal
2026-01-23 20:14:52,524 - scraper_base - INFO - 📦 [10/20] Processando Milbemax
2026-01-23 20:14:52,524 - scraper_base - INFO - 🔍 Petlove: Buscando Milbemax
2026-01-23 20:14:54,385 - scraper_base - INFO - ✅ Petlove: 14 produto(s) encontrado(s) para Milbemax
2026-01-23 20:14:57,035 - scraper_base - INFO - 📦 [11/20] Processando Vermivet
2026-01-23 20:14:57,035 - scraper_base - INFO - 🔍 Petlove: Buscando Vermivet
2026-01-23 20:14:59,283 - scraper_base - INFO - ✅ Petlove: 36 produto(s) encontrado(s) para Vermivet
2026-01-23 20:15:01,703 - scraper_base - INFO - 📦 [12/20] Processando Rimadyl
2026-01-23 20:15:01,703 - scraper_base - INFO - 🔍 Petlove: Buscando Rimadyl
2026-01-23 20:15:03,507 - scraper_base - INFO - ✅ Petlove: 1 produto(s) encontrado(s) para Rimadyl
2026-01-23 20:15:05,663 - scraper_base - INFO - 📦 [13/20] Processando Onsior
2026-01-23 20:15:05,663 - scraper_base - INFO - 🔍 Petlove: Buscando Onsior
2026-01-23 20:15:06,914 - scraper_base - INFO - ✅ Petlove: 4 produto(s) encontrado(s) para Onsior
2026-01-23 20:15:09,802 - scraper_base - INFO - 📦 [14/20] Processando Maxicam
2026-01-23 20:15:09,802 - scraper_base - INFO - 🔍 Petlove: Buscando Maxicam
2026-01-23 20:15:10,978 - scraper_base - INFO - ✅ Petlove: 3 produto(s) encontrado(s) para Maxicam
2026-01-23 20:15:12,205 - scraper_base - INFO - 📦 [15/20] Processando Carproflan
2026-01-23 20:15:12,206 - scraper_base - INFO - 🔍 Petlove: Buscando Carproflan
2026-01-23 20:15:13,480 - scraper_base - INFO - ✅ Petlove: 8 produto(s) encontrado(s) para Carproflan
2026-01-23 20:15:15,313 - scraper_base - INFO - 📦 [16/20] Processando Previcox
2026-01-23 20:15:15,314 - scraper_base - INFO - 🔍 Petlove: Buscando Previcox
2026-01-23 20:15:17,082 - scraper_base - INFO - ✅ Petlove: 4 produto(s) encontrado(s) para Previcox
2026-01-23 20:15:19,186 - scraper_base - INFO - 📦 [17/20] Processando Apoquel
2026-01-23 20:15:19,186 - scraper_base - INFO - 🔍 Petlove: Buscando Apoquel
2026-01-23 20:15:20,688 - scraper_base - INFO - ✅ Petlove: 16 produto(s) encontrado(s) para Apoquel
2026-01-23 20:15:21,766 - scraper_base - INFO - 📦 [18/20] Processando Zenrelia
2026-01-23 20:15:21,766 - scraper_base - INFO - 🔍 Petlove: Buscando Zenrelia
2026-01-23 20:15:23,045 - scraper_base - INFO - ✅ Petlove: 4 produto(s) encontrado(s) para Zenrelia
2026-01-23 20:15:25,649 - scraper_base - INFO - 📦 [19/20] Processando Synulox
2026-01-23 20:15:25,649 - scraper_base - INFO - 🔍 Petlove: Buscando Synulox
2026-01-23 20:15:26,901 - scraper_base - INFO - ✅ Petlove: 1 produto(s) encontrado(s) para Synulox
2026-01-23 20:15:29,553 - scraper_base - INFO - 📦 [20/20] Processando Baytril
2026-01-23 20:15:29,554 - scraper_base - INFO - 🔍 Petlove: Buscando Baytril
2026-01-23 20:15:30,905 - scraper_base - INFO - ✅ Petlove: 4 produto(s) encontrado(s) para Baytril
2026-01-23 20:15:33,816 - scraper_base - INFO - 📊 Petlove - Estatísticas finais:
2026-01-23 20:15:33,816 - scraper_base - INFO -    • Medicamentos processados: 20
2026-01-23 20:15:33,816 - scraper_base - INFO -    • Produtos encontrados: 246
2026-01-23 20:15:33,816 - scraper_base - INFO -    • Medicamentos sem resultado: 0
2026-01-23 20:15:33,816 - scraper_base - INFO -    • Tempo total: 83.1s
2026-01-23 20:15:33,816 - scraper_base - INFO -    • Tempo médio por medicamento: 4.2s
2026-01-23 20:15:33,862 - gerenciador_arquivos - INFO - Excel salvo: dados_coletados/petlove_20260123_201533.xlsx (246 produtos)
2026-01-23 20:15:33,863 - gerenciador_principal - INFO - Petlove: Arquivo individual salvo com sucesso
2026-01-23 20:15:33,863 - gerenciador_principal - INFO - Pausando entre sites...
2026-01-23 20:15:35,863 - gerenciador_principal - INFO - [3/3] Processando Petz
2026-01-23 20:15:35,863 - scraper_base - INFO - 🚀 Iniciando scraping completo - Petz
2026-01-23 20:15:36,367 - scraper_base - INFO - 📋 20 medicamentos para processar
2026-01-23 20:15:36,367 - scraper_base - INFO - 📦 [1/20] Processando Simparic
2026-01-23 20:15:36,367 - scraper_base - INFO - 🔍 Petz: Buscando Simparic
2026-01-23 20:15:41,091 - scraper_base - INFO - ✅ Petz: 12 produto(s) encontrado(s) para Simparic
2026-01-23 20:15:44,049 - scraper_base - INFO - 📦 [2/20] Processando Revolution
2026-01-23 20:15:44,049 - scraper_base - INFO - 🔍 Petz: Buscando Revolution
2026-01-23 20:15:46,812 - scraper_base - INFO - ✅ Petz: 24 produto(s) encontrado(s) para Revolution
2026-01-23 20:15:49,705 - scraper_base - INFO - 📦 [3/20] Processando NexGard
2026-01-23 20:15:49,705 - scraper_base - INFO - 🔍 Petz: Buscando NexGard
2026-01-23 20:15:51,961 - scraper_base - INFO - ✅ Petz: 22 produto(s) encontrado(s) para NexGard
2026-01-23 20:15:54,276 - scraper_base - INFO - 📦 [4/20] Processando NexGard Spectra
2026-01-23 20:15:54,276 - scraper_base - INFO - 🔍 Petz: Buscando NexGard Spectra
2026-01-23 20:15:56,134 - scraper_base - INFO - ✅ Petz: 10 produto(s) encontrado(s) para NexGard Spectra
2026-01-23 20:15:57,153 - scraper_base - INFO - 📦 [5/20] Processando NexGard Combo
2026-01-23 20:15:57,153 - scraper_base - INFO - 🔍 Petz: Buscando NexGard Combo
2026-01-23 20:15:58,991 - scraper_base - INFO - ✅ Petz: 4 produto(s) encontrado(s) para NexGard Combo
2026-01-23 20:16:00,073 - scraper_base - INFO - 📦 [6/20] Processando Bravecto
2026-01-23 20:16:00,073 - scraper_base - INFO - 🔍 Petz: Buscando Bravecto
2026-01-23 20:16:02,029 - scraper_base - INFO - ✅ Petz: 16 produto(s) encontrado(s) para Bravecto
2026-01-23 20:16:03,865 - scraper_base - INFO - 📦 [7/20] Processando Frontline
2026-01-23 20:16:03,865 - scraper_base - INFO - 🔍 Petz: Buscando Frontline
2026-01-23 20:16:05,751 - scraper_base - INFO - ✅ Petz: 11 produto(s) encontrado(s) para Frontline
2026-01-23 20:16:07,624 - scraper_base - INFO - 📦 [8/20] Processando Advocate
2026-01-23 20:16:07,624 - scraper_base - INFO - 🔍 Petz: Buscando Advocate
2026-01-23 20:16:09,473 - scraper_base - INFO - ✅ Petz: 12 produto(s) encontrado(s) para Advocate
2026-01-23 20:16:11,424 - scraper_base - INFO - 📦 [9/20] Processando Drontal
2026-01-23 20:16:11,424 - scraper_base - INFO - 🔍 Petz: Buscando Drontal
2026-01-23 20:16:13,881 - scraper_base - INFO - ✅ Petz: 30 produto(s) encontrado(s) para Drontal
2026-01-23 20:16:15,528 - scraper_base - INFO - 📦 [10/20] Processando Milbemax
2026-01-23 20:16:15,528 - scraper_base - INFO - 🔍 Petz: Buscando Milbemax
2026-01-23 20:16:17,157 - scraper_base - INFO - ✅ Petz: 4 produto(s) encontrado(s) para Milbemax
2026-01-23 20:16:18,406 - scraper_base - INFO - 📦 [11/20] Processando Vermivet
2026-01-23 20:16:18,406 - scraper_base - INFO - 🔍 Petz: Buscando Vermivet
2026-01-23 20:16:20,586 - scraper_base - INFO - ✅ Petz: 5 produto(s) encontrado(s) para Vermivet
2026-01-23 20:16:21,594 - scraper_base - INFO - 📦 [12/20] Processando Rimadyl
2026-01-23 20:16:21,594 - scraper_base - INFO - 🔍 Petz: Buscando Rimadyl
2026-01-23 20:16:23,274 - scraper_base - INFO - ✅ Petz: 3 produto(s) encontrado(s) para Rimadyl
2026-01-23 20:16:26,003 - scraper_base - INFO - 📦 [13/20] Processando Onsior
2026-01-23 20:16:26,004 - scraper_base - INFO - 🔍 Petz: Buscando Onsior
2026-01-23 20:16:27,643 - scraper_base - INFO - ✅ Petz: 4 produto(s) encontrado(s) para Onsior
2026-01-23 20:16:28,710 - scraper_base - INFO - 📦 [14/20] Processando Maxicam
2026-01-23 20:16:28,710 - scraper_base - INFO - 🔍 Petz: Buscando Maxicam
2026-01-23 20:16:31,283 - scraper_base - INFO - ✅ Petz: 31 produto(s) encontrado(s) para Maxicam
2026-01-23 20:16:33,751 - scraper_base - INFO - 📦 [15/20] Processando Carproflan
2026-01-23 20:16:33,751 - scraper_base - INFO - 🔍 Petz: Buscando Carproflan
2026-01-23 20:16:35,549 - scraper_base - INFO - ✅ Petz: 3 produto(s) encontrado(s) para Carproflan
2026-01-23 20:16:37,411 - scraper_base - INFO - 📦 [16/20] Processando Previcox
2026-01-23 20:16:37,411 - scraper_base - INFO - 🔍 Petz: Buscando Previcox
2026-01-23 20:16:39,067 - scraper_base - INFO - ✅ Petz: 2 produto(s) encontrado(s) para Previcox
2026-01-23 20:16:40,973 - scraper_base - INFO - 📦 [17/20] Processando Apoquel
2026-01-23 20:16:40,974 - scraper_base - INFO - 🔍 Petz: Buscando Apoquel
2026-01-23 20:16:42,664 - scraper_base - INFO - ✅ Petz: 3 produto(s) encontrado(s) para Apoquel
2026-01-23 20:16:44,168 - scraper_base - INFO - 📦 [18/20] Processando Zenrelia
2026-01-23 20:16:44,168 - scraper_base - INFO - 🔍 Petz: Buscando Zenrelia
2026-01-23 20:16:45,670 - scraper_base - INFO - ✅ Petz: 4 produto(s) encontrado(s) para Zenrelia
2026-01-23 20:16:48,467 - scraper_base - INFO - 📦 [19/20] Processando Synulox
2026-01-23 20:16:48,467 - scraper_base - INFO - 🔍 Petz: Buscando Synulox
2026-01-23 20:16:50,256 - scraper_base - INFO - ✅ Petz: 2 produto(s) encontrado(s) para Synulox
2026-01-23 20:16:51,374 - scraper_base - INFO - 📦 [20/20] Processando Baytril
2026-01-23 20:16:51,374 - scraper_base - INFO - 🔍 Petz: Buscando Baytril
2026-01-23 20:16:53,215 - scraper_base - INFO - ✅ Petz: 9 produto(s) encontrado(s) para Baytril
2026-01-23 20:16:55,379 - scraper_base - INFO - 📊 Petz - Estatísticas finais:
2026-01-23 20:16:55,379 - scraper_base - INFO -    • Medicamentos processados: 20
2026-01-23 20:16:55,379 - scraper_base - INFO -    • Produtos encontrados: 211
2026-01-23 20:16:55,379 - scraper_base - INFO -    • Medicamentos sem resultado: 0
2026-01-23 20:16:55,379 - scraper_base - INFO -    • Tempo total: 79.5s
2026-01-23 20:16:55,379 - scraper_base - INFO -    • Tempo médio por medicamento: 4.0s
2026-01-23 20:16:55,425 - gerenciador_arquivos - INFO - Excel salvo: dados_coletados/petz_20260123_201655.xlsx (211 produtos)
2026-01-23 20:16:55,425 - gerenciador_principal - INFO - Petz: Arquivo individual salvo com sucesso
2026-01-23 20:16:55,425 - gerenciador_principal - INFO - Gerando relatório consolidado...
2026-01-23 20:16:55,650 - gerenciador_arquivos - INFO - Relatório consolidado salvo: dados_relatorios/relatorio_consolidado_20260123_201655.xlsx
2026-01-23 20:16:55,769 - gerenciador_conexoes - INFO - Chrome fechado
2026-01-23 20:16:55,769 - gerenciador_conexoes - INFO - Métodos utilizados - Requests: 33.3%, Selenium: 66.7%, Falhas: 0.0%
2026-01-23 20:16:55,769 - gerenciador_principal - INFO - ============================================================
2026-01-23 20:16:55,769 - gerenciador_principal - INFO - RELATORIO FINAL DE EXECUÇÃO
2026-01-23 20:16:55,769 - gerenciador_principal - INFO - ============================================================
2026-01-23 20:16:55,770 - gerenciador_principal - INFO - Sites processados: 3
2026-01-23 20:16:55,770 - gerenciador_principal - INFO - Sites com sucesso: 3
2026-01-23 20:16:55,770 - gerenciador_principal - INFO - Total de produtos coletados: 624
2026-01-23 20:16:55,770 - gerenciador_principal - INFO - Tempo total de execução: 245.0 segundos
2026-01-23 20:16:55,770 - gerenciador_principal - INFO - Estatísticas de conexão:
2026-01-23 20:16:55,770 - gerenciador_principal - INFO -   - Requests bem-sucedidos: 33.3%
2026-01-23 20:16:55,770 - gerenciador_principal - INFO -   - Selenium fallback: 66.7%
2026-01-23 20:16:55,770 - gerenciador_principal - INFO -   - Falhas totais: 0.0%
2026-01-23 20:16:55,772 - gerenciador_principal - INFO - Arquivos salvos na pasta: dados_coletados
2026-01-23 20:16:55,772 - gerenciador_principal - INFO - Total de arquivos: 334
2026-01-23 20:16:55,772 - gerenciador_principal - INFO - ============================================================
