2026-01-03 20:10:56,562 - configurador_logs - INFO - Sistema de logs configurado com sucesso
2026-01-03 20:10:56,562 - configurador_logs - INFO - 🚀 Logs configurados para MODO PRODUÇÃO
2026-01-03 20:10:56,562 - gerenciador_principal - INFO - Inicializando sistema - Modo: PRODUCAO
2026-01-03 20:10:56,563 - gerenciador_arquivos - INFO - Pasta dados_coletados preparada
2026-01-03 20:10:56,563 - gerenciador_principal - INFO - Sistema inicializado com 3 scrapers
2026-01-03 20:10:56,563 - gerenciador_principal - INFO - ============================================================
2026-01-03 20:10:56,563 - gerenciador_principal - INFO - INICIANDO SCRAPING COMPLETO - PRODUCAO
2026-01-03 20:10:56,563 - gerenciador_principal - INFO - ============================================================
2026-01-03 20:10:56,563 - gerenciador_principal - INFO - [1/3] Processando Cobasi
2026-01-03 20:10:56,563 - scraper_base - INFO - 🚀 Iniciando scraping completo - Cobasi
2026-01-03 20:10:56,976 - gerenciador_conexoes - INFO - Sessao estabelecida com cobasi.com.br
2026-01-03 20:10:56,976 - scraper_base - INFO - 📋 20 medicamentos para processar
2026-01-03 20:10:56,976 - scraper_base - INFO - 📦 [1/20] Processando Simparic
2026-01-03 20:10:56,976 - scraper_base - INFO - 🔍 Cobasi: Buscando Simparic
2026-01-03 20:10:59,871 - scraper_cobasi - INFO - Cobasi: Dados extraídos via JSON para Simparic
2026-01-03 20:10:59,871 - scraper_base - INFO - ✅ Cobasi: 12 produto(s) encontrado(s) para Simparic
2026-01-03 20:11:01,752 - scraper_base - INFO - 📦 [2/20] Processando Revolution
2026-01-03 20:11:01,752 - scraper_base - INFO - 🔍 Cobasi: Buscando Revolution
2026-01-03 20:11:05,600 - scraper_cobasi - INFO - Cobasi: Dados extraídos via JSON para Revolution
2026-01-03 20:11:05,600 - scraper_base - INFO - ✅ Cobasi: 18 produto(s) encontrado(s) para Revolution
2026-01-03 20:11:06,929 - scraper_base - INFO - 📦 [3/20] Processando NexGard
2026-01-03 20:11:06,929 - scraper_base - INFO - 🔍 Cobasi: Buscando NexGard
2026-01-03 20:11:09,345 - scraper_cobasi - INFO - Cobasi: Dados extraídos via JSON para NexGard
2026-01-03 20:11:09,345 - scraper_base - INFO - ✅ Cobasi: 22 produto(s) encontrado(s) para NexGard
2026-01-03 20:11:10,418 - scraper_base - INFO - 📦 [4/20] Processando NexGard Spectra
2026-01-03 20:11:10,419 - scraper_base - INFO - 🔍 Cobasi: Buscando NexGard Spectra
2026-01-03 20:11:11,060 - scraper_cobasi - INFO - Cobasi: Dados extraídos via JSON para NexGard Spectra
2026-01-03 20:11:11,060 - scraper_base - INFO - ✅ Cobasi: 10 produto(s) encontrado(s) para NexGard Spectra
2026-01-03 20:11:14,026 - scraper_base - INFO - 📦 [5/20] Processando NexGard Combo
2026-01-03 20:11:14,026 - scraper_base - INFO - 🔍 Cobasi: Buscando NexGard Combo
2026-01-03 20:11:15,670 - scraper_cobasi - INFO - Cobasi: Dados extraídos via JSON para NexGard Combo
2026-01-03 20:11:15,670 - scraper_base - INFO - ✅ Cobasi: 4 produto(s) encontrado(s) para NexGard Combo
2026-01-03 20:11:18,422 - scraper_base - INFO - 📦 [6/20] Processando Bravecto
2026-01-03 20:11:18,422 - scraper_base - INFO - 🔍 Cobasi: Buscando Bravecto
2026-01-03 20:11:18,844 - scraper_cobasi - INFO - Cobasi: Dados extraídos via JSON para Bravecto
2026-01-03 20:11:18,844 - scraper_base - INFO - ✅ Cobasi: 16 produto(s) encontrado(s) para Bravecto
2026-01-03 20:11:20,629 - scraper_base - INFO - 📦 [7/20] Processando Frontline
2026-01-03 20:11:20,629 - scraper_base - INFO - 🔍 Cobasi: Buscando Frontline
2026-01-03 20:11:23,324 - scraper_cobasi - INFO - Cobasi: Dados extraídos via JSON para Frontline
2026-01-03 20:11:23,325 - scraper_base - INFO - ✅ Cobasi: 10 produto(s) encontrado(s) para Frontline
2026-01-03 20:11:24,686 - scraper_base - INFO - 📦 [8/20] Processando Advocate
2026-01-03 20:11:24,686 - scraper_base - INFO - 🔍 Cobasi: Buscando Advocate
2026-01-03 20:11:26,953 - scraper_cobasi - INFO - Cobasi: Dados extraídos via JSON para Advocate
2026-01-03 20:11:26,953 - scraper_base - INFO - ✅ Cobasi: 12 produto(s) encontrado(s) para Advocate
2026-01-03 20:11:29,401 - scraper_base - INFO - 📦 [9/20] Processando Drontal
2026-01-03 20:11:29,401 - scraper_base - INFO - 🔍 Cobasi: Buscando Drontal
2026-01-03 20:11:29,801 - scraper_cobasi - INFO - Cobasi: Dados extraídos via JSON para Drontal
2026-01-03 20:11:29,801 - scraper_base - INFO - ✅ Cobasi: 8 produto(s) encontrado(s) para Drontal
2026-01-03 20:11:31,210 - scraper_base - INFO - 📦 [10/20] Processando Milbemax
2026-01-03 20:11:31,210 - scraper_base - INFO - 🔍 Cobasi: Buscando Milbemax
2026-01-03 20:11:31,661 - scraper_cobasi - INFO - Cobasi: Dados extraídos via JSON para Milbemax
2026-01-03 20:11:31,661 - scraper_base - INFO - ✅ Cobasi: 4 produto(s) encontrado(s) para Milbemax
2026-01-03 20:11:33,134 - scraper_base - INFO - 📦 [11/20] Processando Vermivet
2026-01-03 20:11:33,134 - scraper_base - INFO - 🔍 Cobasi: Buscando Vermivet
2026-01-03 20:11:33,732 - scraper_cobasi - INFO - Cobasi: Dados extraídos via JSON para Vermivet
2026-01-03 20:11:33,732 - scraper_base - INFO - ✅ Cobasi: 5 produto(s) encontrado(s) para Vermivet
2026-01-03 20:11:35,292 - scraper_base - INFO - 📦 [12/20] Processando Rimadyl
2026-01-03 20:11:35,292 - scraper_base - INFO - 🔍 Cobasi: Buscando Rimadyl
2026-01-03 20:11:37,242 - scraper_cobasi - INFO - Cobasi: Dados extraídos via JSON para Rimadyl
2026-01-03 20:11:37,242 - scraper_base - INFO - ✅ Cobasi: 3 produto(s) encontrado(s) para Rimadyl
2026-01-03 20:11:38,689 - scraper_base - INFO - 📦 [13/20] Processando Onsior
2026-01-03 20:11:38,689 - scraper_base - INFO - 🔍 Cobasi: Buscando Onsior
2026-01-03 20:11:40,487 - scraper_cobasi - INFO - Cobasi: Dados extraídos via JSON para Onsior
2026-01-03 20:11:40,487 - scraper_base - INFO - ✅ Cobasi: 4 produto(s) encontrado(s) para Onsior
2026-01-03 20:11:42,667 - scraper_base - INFO - 📦 [14/20] Processando Maxicam
2026-01-03 20:11:42,667 - scraper_base - INFO - 🔍 Cobasi: Buscando Maxicam
2026-01-03 20:11:45,666 - scraper_cobasi - INFO - Cobasi: Dados extraídos via JSON para Maxicam
2026-01-03 20:11:45,666 - scraper_base - INFO - ✅ Cobasi: 21 produto(s) encontrado(s) para Maxicam
2026-01-03 20:11:46,787 - scraper_base - INFO - 📦 [15/20] Processando Carproflan
2026-01-03 20:11:46,787 - scraper_base - INFO - 🔍 Cobasi: Buscando Carproflan
2026-01-03 20:11:48,803 - scraper_cobasi - INFO - Cobasi: Dados extraídos via JSON para Carproflan
2026-01-03 20:11:48,803 - scraper_base - INFO - ✅ Cobasi: 3 produto(s) encontrado(s) para Carproflan
2026-01-03 20:11:50,738 - scraper_base - INFO - 📦 [16/20] Processando Previcox
2026-01-03 20:11:50,738 - scraper_base - INFO - 🔍 Cobasi: Buscando Previcox
2026-01-03 20:11:52,259 - scraper_cobasi - INFO - Cobasi: Dados extraídos via JSON para Previcox
2026-01-03 20:11:52,259 - scraper_base - INFO - ✅ Cobasi: 2 produto(s) encontrado(s) para Previcox
2026-01-03 20:11:53,801 - scraper_base - INFO - 📦 [17/20] Processando Apoquel
2026-01-03 20:11:53,801 - scraper_base - INFO - 🔍 Cobasi: Buscando Apoquel
2026-01-03 20:11:55,702 - scraper_cobasi - INFO - Cobasi: Dados extraídos via JSON para Apoquel
2026-01-03 20:11:55,703 - scraper_base - INFO - ✅ Cobasi: 3 produto(s) encontrado(s) para Apoquel
2026-01-03 20:11:57,451 - scraper_base - INFO - 📦 [18/20] Processando Zenrelia
2026-01-03 20:11:57,452 - scraper_base - INFO - 🔍 Cobasi: Buscando Zenrelia
2026-01-03 20:11:59,353 - scraper_cobasi - INFO - Cobasi: Dados extraídos via JSON para Zenrelia
2026-01-03 20:11:59,353 - scraper_base - INFO - ✅ Cobasi: 4 produto(s) encontrado(s) para Zenrelia
2026-01-03 20:12:02,246 - scraper_base - INFO - 📦 [19/20] Processando Synulox
2026-01-03 20:12:02,246 - scraper_base - INFO - 🔍 Cobasi: Buscando Synulox
2026-01-03 20:12:02,840 - scraper_cobasi - INFO - Cobasi: Dados extraídos via JSON para Synulox
2026-01-03 20:12:02,840 - scraper_base - INFO - ✅ Cobasi: 2 produto(s) encontrado(s) para Synulox
2026-01-03 20:12:05,493 - scraper_base - INFO - 📦 [20/20] Processando Baytril
2026-01-03 20:12:05,493 - scraper_base - INFO - 🔍 Cobasi: Buscando Baytril
2026-01-03 20:12:05,930 - scraper_cobasi - INFO - Cobasi: Dados extraídos via JSON para Baytril
2026-01-03 20:12:05,930 - scraper_base - INFO - ✅ Cobasi: 4 produto(s) encontrado(s) para Baytril
2026-01-03 20:12:08,406 - scraper_base - INFO - 📊 Cobasi - Estatísticas finais:
2026-01-03 20:12:08,406 - scraper_base - INFO -    • Medicamentos processados: 20
2026-01-03 20:12:08,406 - scraper_base - INFO -    • Produtos encontrados: 167
2026-01-03 20:12:08,407 - scraper_base - INFO -    • Medicamentos sem resultado: 0
2026-01-03 20:12:08,407 - scraper_base - INFO -    • Tempo total: 71.8s
2026-01-03 20:12:08,407 - scraper_base - INFO -    • Tempo médio por medicamento: 3.6s
2026-01-03 20:12:08,520 - gerenciador_arquivos - INFO - Excel salvo: dados_coletados/cobasi_20260103_201208.xlsx (167 produtos)
2026-01-03 20:12:08,520 - gerenciador_principal - INFO - Cobasi: Arquivo individual salvo com sucesso
2026-01-03 20:12:08,520 - gerenciador_principal - INFO - Pausando entre sites...
2026-01-03 20:12:10,520 - gerenciador_principal - INFO - [2/3] Processando Petlove
2026-01-03 20:12:10,521 - scraper_base - INFO - 🚀 Iniciando scraping completo - Petlove
2026-01-03 20:12:10,596 - scraper_base - INFO - 📋 20 medicamentos para processar
2026-01-03 20:12:10,596 - scraper_base - INFO - 📦 [1/20] Processando Simparic
2026-01-03 20:12:10,596 - scraper_base - INFO - 🔍 Petlove: Buscando Simparic
2026-01-03 20:12:16,625 - gerenciador_conexoes - INFO - Chrome inicializado com otimizacoes de velocidade
2026-01-03 20:12:19,084 - scraper_base - INFO - ✅ Petlove: 15 produto(s) encontrado(s) para Simparic
2026-01-03 20:12:21,763 - scraper_base - INFO - 📦 [2/20] Processando Revolution
2026-01-03 20:12:21,763 - scraper_base - INFO - 🔍 Petlove: Buscando Revolution
2026-01-03 20:12:23,723 - scraper_base - INFO - ✅ Petlove: 14 produto(s) encontrado(s) para Revolution
2026-01-03 20:12:24,816 - scraper_base - INFO - 📦 [3/20] Processando NexGard
2026-01-03 20:12:24,816 - scraper_base - INFO - 🔍 Petlove: Buscando NexGard
2026-01-03 20:12:26,596 - scraper_base - INFO - ✅ Petlove: 11 produto(s) encontrado(s) para NexGard
2026-01-03 20:12:27,828 - scraper_base - INFO - 📦 [4/20] Processando NexGard Spectra
2026-01-03 20:12:27,828 - scraper_base - INFO - 🔍 Petlove: Buscando NexGard Spectra
2026-01-03 20:12:29,248 - scraper_base - INFO - ✅ Petlove: 5 produto(s) encontrado(s) para NexGard Spectra
2026-01-03 20:12:32,207 - scraper_base - INFO - 📦 [5/20] Processando NexGard Combo
2026-01-03 20:12:32,207 - scraper_base - INFO - 🔍 Petlove: Buscando NexGard Combo
2026-01-03 20:12:33,394 - scraper_base - INFO - ✅ Petlove: 2 produto(s) encontrado(s) para NexGard Combo
2026-01-03 20:12:35,013 - scraper_base - INFO - 📦 [6/20] Processando Bravecto
2026-01-03 20:12:35,014 - scraper_base - INFO - 🔍 Petlove: Buscando Bravecto
2026-01-03 20:12:36,746 - scraper_base - INFO - ✅ Petlove: 23 produto(s) encontrado(s) para Bravecto
2026-01-03 20:12:39,438 - scraper_base - INFO - 📦 [7/20] Processando Frontline
2026-01-03 20:12:39,438 - scraper_base - INFO - 🔍 Petlove: Buscando Frontline
2026-01-03 20:12:41,107 - scraper_base - INFO - ✅ Petlove: 11 produto(s) encontrado(s) para Frontline
2026-01-03 20:12:42,477 - scraper_base - INFO - 📦 [8/20] Processando Advocate
2026-01-03 20:12:42,477 - scraper_base - INFO - 🔍 Petlove: Buscando Advocate
2026-01-03 20:12:44,075 - scraper_base - INFO - ✅ Petlove: 9 produto(s) encontrado(s) para Advocate
2026-01-03 20:12:45,304 - scraper_base - INFO - 📦 [9/20] Processando Drontal
2026-01-03 20:12:45,304 - scraper_base - INFO - 🔍 Petlove: Buscando Drontal
2026-01-03 20:12:46,682 - scraper_base - INFO - ✅ Petlove: 18 produto(s) encontrado(s) para Drontal
2026-01-03 20:12:49,372 - scraper_base - INFO - 📦 [10/20] Processando Milbemax
2026-01-03 20:12:49,372 - scraper_base - INFO - 🔍 Petlove: Buscando Milbemax
2026-01-03 20:12:50,585 - scraper_base - INFO - ✅ Petlove: 4 produto(s) encontrado(s) para Milbemax
2026-01-03 20:12:51,608 - scraper_base - INFO - 📦 [11/20] Processando Vermivet
2026-01-03 20:12:51,608 - scraper_base - INFO - 🔍 Petlove: Buscando Vermivet
2026-01-03 20:12:53,817 - scraper_base - INFO - ✅ Petlove: 36 produto(s) encontrado(s) para Vermivet
2026-01-03 20:12:54,947 - scraper_base - INFO - 📦 [12/20] Processando Rimadyl
2026-01-03 20:12:54,948 - scraper_base - INFO - 🔍 Petlove: Buscando Rimadyl
2026-01-03 20:12:56,294 - scraper_base - INFO - ✅ Petlove: 1 produto(s) encontrado(s) para Rimadyl
2026-01-03 20:12:58,905 - scraper_base - INFO - 📦 [13/20] Processando Onsior
2026-01-03 20:12:58,905 - scraper_base - INFO - 🔍 Petlove: Buscando Onsior
2026-01-03 20:13:00,068 - scraper_base - INFO - ✅ Petlove: 4 produto(s) encontrado(s) para Onsior
2026-01-03 20:13:02,313 - scraper_base - INFO - 📦 [14/20] Processando Maxicam
2026-01-03 20:13:02,314 - scraper_base - INFO - 🔍 Petlove: Buscando Maxicam
2026-01-03 20:13:03,504 - scraper_base - INFO - ✅ Petlove: 4 produto(s) encontrado(s) para Maxicam
2026-01-03 20:13:05,836 - scraper_base - INFO - 📦 [15/20] Processando Carproflan
2026-01-03 20:13:05,836 - scraper_base - INFO - 🔍 Petlove: Buscando Carproflan
2026-01-03 20:13:07,056 - scraper_base - INFO - ✅ Petlove: 4 produto(s) encontrado(s) para Carproflan
2026-01-03 20:13:09,484 - scraper_base - INFO - 📦 [16/20] Processando Previcox
2026-01-03 20:13:09,484 - scraper_base - INFO - 🔍 Petlove: Buscando Previcox
2026-01-03 20:13:11,063 - scraper_base - INFO - ✅ Petlove: 4 produto(s) encontrado(s) para Previcox
2026-01-03 20:13:13,783 - scraper_base - INFO - 📦 [17/20] Processando Apoquel
2026-01-03 20:13:13,783 - scraper_base - INFO - 🔍 Petlove: Buscando Apoquel
2026-01-03 20:13:15,095 - scraper_base - INFO - ✅ Petlove: 16 produto(s) encontrado(s) para Apoquel
2026-01-03 20:13:16,119 - scraper_base - INFO - 📦 [18/20] Processando Zenrelia
2026-01-03 20:13:16,119 - scraper_base - INFO - 🔍 Petlove: Buscando Zenrelia
2026-01-03 20:13:17,421 - scraper_base - INFO - ✅ Petlove: 4 produto(s) encontrado(s) para Zenrelia
2026-01-03 20:13:18,745 - scraper_base - INFO - 📦 [19/20] Processando Synulox
2026-01-03 20:13:18,745 - scraper_base - INFO - 🔍 Petlove: Buscando Synulox
2026-01-03 20:13:20,001 - scraper_base - INFO - ✅ Petlove: 1 produto(s) encontrado(s) para Synulox
2026-01-03 20:13:22,448 - scraper_base - INFO - 📦 [20/20] Processando Baytril
2026-01-03 20:13:22,448 - scraper_base - INFO - 🔍 Petlove: Buscando Baytril
2026-01-03 20:13:24,160 - scraper_base - INFO - ✅ Petlove: 4 produto(s) encontrado(s) para Baytril
2026-01-03 20:13:26,099 - scraper_base - INFO - 📊 Petlove - Estatísticas finais:
2026-01-03 20:13:26,099 - scraper_base - INFO -    • Medicamentos processados: 20
2026-01-03 20:13:26,099 - scraper_base - INFO -    • Produtos encontrados: 190
2026-01-03 20:13:26,099 - scraper_base - INFO -    • Medicamentos sem resultado: 0
2026-01-03 20:13:26,099 - scraper_base - INFO -    • Tempo total: 75.6s
2026-01-03 20:13:26,099 - scraper_base - INFO -    • Tempo médio por medicamento: 3.8s
2026-01-03 20:13:26,136 - gerenciador_arquivos - INFO - Excel salvo: dados_coletados/petlove_20260103_201326.xlsx (190 produtos)
2026-01-03 20:13:26,136 - gerenciador_principal - INFO - Petlove: Arquivo individual salvo com sucesso
2026-01-03 20:13:26,136 - gerenciador_principal - INFO - Pausando entre sites...
2026-01-03 20:13:28,137 - gerenciador_principal - INFO - [3/3] Processando Petz
2026-01-03 20:13:28,137 - scraper_base - INFO - 🚀 Iniciando scraping completo - Petz
2026-01-03 20:13:28,429 - scraper_base - INFO - 📋 20 medicamentos para processar
2026-01-03 20:13:28,430 - scraper_base - INFO - 📦 [1/20] Processando Simparic
2026-01-03 20:13:28,430 - scraper_base - INFO - 🔍 Petz: Buscando Simparic
2026-01-03 20:13:32,553 - scraper_base - INFO - ✅ Petz: 12 produto(s) encontrado(s) para Simparic
2026-01-03 20:13:34,640 - scraper_base - INFO - 📦 [2/20] Processando Revolution
2026-01-03 20:13:34,640 - scraper_base - INFO - 🔍 Petz: Buscando Revolution
2026-01-03 20:13:37,584 - scraper_base - INFO - ✅ Petz: 26 produto(s) encontrado(s) para Revolution
2026-01-03 20:13:40,518 - scraper_base - INFO - 📦 [3/20] Processando NexGard
2026-01-03 20:13:40,519 - scraper_base - INFO - 🔍 Petz: Buscando NexGard
2026-01-03 20:13:42,858 - scraper_base - INFO - ✅ Petz: 22 produto(s) encontrado(s) para NexGard
2026-01-03 20:13:43,886 - scraper_base - INFO - 📦 [4/20] Processando NexGard Spectra
2026-01-03 20:13:43,886 - scraper_base - INFO - 🔍 Petz: Buscando NexGard Spectra
2026-01-03 20:13:45,597 - scraper_base - INFO - ✅ Petz: 10 produto(s) encontrado(s) para NexGard Spectra
2026-01-03 20:13:47,922 - scraper_base - INFO - 📦 [5/20] Processando NexGard Combo
2026-01-03 20:13:47,922 - scraper_base - INFO - 🔍 Petz: Buscando NexGard Combo
2026-01-03 20:13:49,609 - scraper_base - INFO - ✅ Petz: 4 produto(s) encontrado(s) para NexGard Combo
2026-01-03 20:13:50,654 - scraper_base - INFO - 📦 [6/20] Processando Bravecto
2026-01-03 20:13:50,654 - scraper_base - INFO - 🔍 Petz: Buscando Bravecto
2026-01-03 20:13:52,655 - scraper_base - INFO - ✅ Petz: 16 produto(s) encontrado(s) para Bravecto
2026-01-03 20:13:55,404 - scraper_base - INFO - 📦 [7/20] Processando Frontline
2026-01-03 20:13:55,404 - scraper_base - INFO - 🔍 Petz: Buscando Frontline
2026-01-03 20:13:57,350 - scraper_base - INFO - ✅ Petz: 11 produto(s) encontrado(s) para Frontline
2026-01-03 20:13:58,486 - scraper_base - INFO - 📦 [8/20] Processando Advocate
2026-01-03 20:13:58,486 - scraper_base - INFO - 🔍 Petz: Buscando Advocate
2026-01-03 20:14:00,236 - scraper_base - INFO - ✅ Petz: 12 produto(s) encontrado(s) para Advocate
2026-01-03 20:14:02,406 - scraper_base - INFO - 📦 [9/20] Processando Drontal
2026-01-03 20:14:02,406 - scraper_base - INFO - 🔍 Petz: Buscando Drontal
2026-01-03 20:14:04,942 - scraper_base - INFO - ✅ Petz: 30 produto(s) encontrado(s) para Drontal
2026-01-03 20:14:06,863 - scraper_base - INFO - 📦 [10/20] Processando Milbemax
2026-01-03 20:14:06,864 - scraper_base - INFO - 🔍 Petz: Buscando Milbemax
2026-01-03 20:14:08,409 - scraper_base - INFO - ✅ Petz: 4 produto(s) encontrado(s) para Milbemax
2026-01-03 20:14:10,796 - scraper_base - INFO - 📦 [11/20] Processando Vermivet
2026-01-03 20:14:10,796 - scraper_base - INFO - 🔍 Petz: Buscando Vermivet
2026-01-03 20:14:12,417 - scraper_base - INFO - ✅ Petz: 5 produto(s) encontrado(s) para Vermivet
2026-01-03 20:14:13,795 - scraper_base - INFO - 📦 [12/20] Processando Rimadyl
2026-01-03 20:14:13,795 - scraper_base - INFO - 🔍 Petz: Buscando Rimadyl
2026-01-03 20:14:15,418 - scraper_base - INFO - ✅ Petz: 3 produto(s) encontrado(s) para Rimadyl
2026-01-03 20:14:16,607 - scraper_base - INFO - 📦 [13/20] Processando Onsior
2026-01-03 20:14:16,607 - scraper_base - INFO - 🔍 Petz: Buscando Onsior
2026-01-03 20:14:18,382 - scraper_base - INFO - ✅ Petz: 4 produto(s) encontrado(s) para Onsior
2026-01-03 20:14:19,569 - scraper_base - INFO - 📦 [14/20] Processando Maxicam
2026-01-03 20:14:19,569 - scraper_base - INFO - 🔍 Petz: Buscando Maxicam
2026-01-03 20:14:21,855 - scraper_base - INFO - ✅ Petz: 31 produto(s) encontrado(s) para Maxicam
2026-01-03 20:14:23,895 - scraper_base - INFO - 📦 [15/20] Processando Carproflan
2026-01-03 20:14:23,895 - scraper_base - INFO - 🔍 Petz: Buscando Carproflan
2026-01-03 20:14:25,708 - scraper_base - INFO - ✅ Petz: 3 produto(s) encontrado(s) para Carproflan
2026-01-03 20:14:28,633 - scraper_base - INFO - 📦 [16/20] Processando Previcox
2026-01-03 20:14:28,633 - scraper_base - INFO - 🔍 Petz: Buscando Previcox
2026-01-03 20:14:30,176 - scraper_base - INFO - ✅ Petz: 2 produto(s) encontrado(s) para Previcox
2026-01-03 20:14:31,786 - scraper_base - INFO - 📦 [17/20] Processando Apoquel
2026-01-03 20:14:31,786 - scraper_base - INFO - 🔍 Petz: Buscando Apoquel
2026-01-03 20:14:33,488 - scraper_base - INFO - ✅ Petz: 3 produto(s) encontrado(s) para Apoquel
2026-01-03 20:14:35,897 - scraper_base - INFO - 📦 [18/20] Processando Zenrelia
2026-01-03 20:14:35,897 - scraper_base - INFO - 🔍 Petz: Buscando Zenrelia
2026-01-03 20:14:37,343 - scraper_base - INFO - ✅ Petz: 4 produto(s) encontrado(s) para Zenrelia
2026-01-03 20:14:38,442 - scraper_base - INFO - 📦 [19/20] Processando Synulox
2026-01-03 20:14:38,442 - scraper_base - INFO - 🔍 Petz: Buscando Synulox
2026-01-03 20:14:39,922 - scraper_base - INFO - ✅ Petz: 2 produto(s) encontrado(s) para Synulox
2026-01-03 20:14:42,842 - scraper_base - INFO - 📦 [20/20] Processando Baytril
2026-01-03 20:14:42,842 - scraper_base - INFO - 🔍 Petz: Buscando Baytril
2026-01-03 20:14:44,605 - scraper_base - INFO - ✅ Petz: 10 produto(s) encontrado(s) para Baytril
2026-01-03 20:14:46,741 - scraper_base - INFO - 📊 Petz - Estatísticas finais:
2026-01-03 20:14:46,741 - scraper_base - INFO -    • Medicamentos processados: 20
2026-01-03 20:14:46,741 - scraper_base - INFO -    • Produtos encontrados: 214
2026-01-03 20:14:46,741 - scraper_base - INFO -    • Medicamentos sem resultado: 0
2026-01-03 20:14:46,741 - scraper_base - INFO -    • Tempo total: 78.6s
2026-01-03 20:14:46,741 - scraper_base - INFO -    • Tempo médio por medicamento: 3.9s
2026-01-03 20:14:46,784 - gerenciador_arquivos - INFO - Excel salvo: dados_coletados/petz_20260103_201446.xlsx (214 produtos)
2026-01-03 20:14:46,784 - gerenciador_principal - INFO - Petz: Arquivo individual salvo com sucesso
2026-01-03 20:14:46,784 - gerenciador_principal - INFO - Gerando relatório consolidado...
2026-01-03 20:14:47,035 - gerenciador_arquivos - INFO - Relatório consolidado salvo: dados_relatorios/relatorio_consolidado_20260103_201446.xlsx
2026-01-03 20:14:47,167 - gerenciador_conexoes - INFO - Chrome fechado
2026-01-03 20:14:47,167 - gerenciador_conexoes - INFO - Métodos utilizados - Requests: 33.3%, Selenium: 66.7%, Falhas: 0.0%
2026-01-03 20:14:47,167 - gerenciador_principal - INFO - ============================================================
2026-01-03 20:14:47,167 - gerenciador_principal - INFO - RELATORIO FINAL DE EXECUÇÃO
2026-01-03 20:14:47,167 - gerenciador_principal - INFO - ============================================================
2026-01-03 20:14:47,167 - gerenciador_principal - INFO - Sites processados: 3
2026-01-03 20:14:47,167 - gerenciador_principal - INFO - Sites com sucesso: 3
2026-01-03 20:14:47,167 - gerenciador_principal - INFO - Total de produtos coletados: 571
2026-01-03 20:14:47,167 - gerenciador_principal - INFO - Tempo total de execução: 230.2 segundos
2026-01-03 20:14:47,167 - gerenciador_principal - INFO - Estatísticas de conexão:
2026-01-03 20:14:47,167 - gerenciador_principal - INFO -   - Requests bem-sucedidos: 33.3%
2026-01-03 20:14:47,168 - gerenciador_principal - INFO -   - Selenium fallback: 66.7%
2026-01-03 20:14:47,168 - gerenciador_principal - INFO -   - Falhas totais: 0.0%
2026-01-03 20:14:47,169 - gerenciador_principal - INFO - Arquivos salvos na pasta: dados_coletados
2026-01-03 20:14:47,169 - gerenciador_principal - INFO - Total de arquivos: 276
2026-01-03 20:14:47,169 - gerenciador_principal - INFO - ============================================================
