2026-02-09 20:28:33,555 - configurador_logs - INFO - Sistema de logs configurado com sucesso
2026-02-09 20:28:33,555 - configurador_logs - INFO - 🚀 Logs configurados para MODO PRODUÇÃO
2026-02-09 20:28:33,555 - gerenciador_principal - INFO - Inicializando sistema - Modo: PRODUCAO
2026-02-09 20:28:33,555 - gerenciador_arquivos - INFO - Pasta dados_coletados preparada
2026-02-09 20:28:33,555 - gerenciador_principal - INFO - Sistema inicializado com 3 scrapers
2026-02-09 20:28:33,555 - gerenciador_principal - INFO - ============================================================
2026-02-09 20:28:33,556 - gerenciador_principal - INFO - INICIANDO SCRAPING COMPLETO - PRODUCAO
2026-02-09 20:28:33,556 - gerenciador_principal - INFO - ============================================================
2026-02-09 20:28:33,556 - gerenciador_principal - INFO - [1/3] Processando Cobasi
2026-02-09 20:28:33,556 - scraper_base - INFO - 🚀 Iniciando scraping completo - Cobasi
2026-02-09 20:28:34,038 - gerenciador_conexoes - INFO - Sessao estabelecida com cobasi.com.br
2026-02-09 20:28:34,038 - scraper_base - INFO - 📋 20 medicamentos para processar
2026-02-09 20:28:34,038 - scraper_base - INFO - 📦 [1/20] Processando Simparic
2026-02-09 20:28:34,038 - scraper_base - INFO - 🔍 Cobasi: Buscando Simparic
2026-02-09 20:28:34,093 - scraper_cobasi - INFO - Cobasi: Dados extraídos via JSON para Simparic
2026-02-09 20:28:34,093 - scraper_base - INFO - ✅ Cobasi: 12 produto(s) encontrado(s) para Simparic
2026-02-09 20:28:37,052 - scraper_base - INFO - 📦 [2/20] Processando Revolution
2026-02-09 20:28:37,052 - scraper_base - INFO - 🔍 Cobasi: Buscando Revolution
2026-02-09 20:28:37,108 - scraper_cobasi - INFO - Cobasi: Dados extraídos via JSON para Revolution
2026-02-09 20:28:37,108 - scraper_base - INFO - ✅ Cobasi: 18 produto(s) encontrado(s) para Revolution
2026-02-09 20:28:39,935 - scraper_base - INFO - 📦 [3/20] Processando NexGard
2026-02-09 20:28:39,936 - scraper_base - INFO - 🔍 Cobasi: Buscando NexGard
2026-02-09 20:28:42,518 - scraper_cobasi - INFO - Cobasi: Dados extraídos via JSON para NexGard
2026-02-09 20:28:42,518 - scraper_base - INFO - ✅ Cobasi: 22 produto(s) encontrado(s) para NexGard
2026-02-09 20:28:44,520 - scraper_base - INFO - 📦 [4/20] Processando NexGard Spectra
2026-02-09 20:28:44,520 - scraper_base - INFO - 🔍 Cobasi: Buscando NexGard Spectra
2026-02-09 20:28:44,599 - scraper_cobasi - INFO - Cobasi: Dados extraídos via JSON para NexGard Spectra
2026-02-09 20:28:44,599 - scraper_base - INFO - ✅ Cobasi: 10 produto(s) encontrado(s) para NexGard Spectra
2026-02-09 20:28:47,415 - scraper_base - INFO - 📦 [5/20] Processando NexGard Combo
2026-02-09 20:28:47,415 - scraper_base - INFO - 🔍 Cobasi: Buscando NexGard Combo
2026-02-09 20:28:47,761 - scraper_cobasi - INFO - Cobasi: Dados extraídos via JSON para NexGard Combo
2026-02-09 20:28:47,761 - scraper_base - INFO - ✅ Cobasi: 4 produto(s) encontrado(s) para NexGard Combo
2026-02-09 20:28:50,086 - scraper_base - INFO - 📦 [6/20] Processando Bravecto
2026-02-09 20:28:50,086 - scraper_base - INFO - 🔍 Cobasi: Buscando Bravecto
2026-02-09 20:28:53,294 - scraper_cobasi - INFO - Cobasi: Dados extraídos via JSON para Bravecto
2026-02-09 20:28:53,294 - scraper_base - INFO - ✅ Cobasi: 16 produto(s) encontrado(s) para Bravecto
2026-02-09 20:28:55,120 - scraper_base - INFO - 📦 [7/20] Processando Frontline
2026-02-09 20:28:55,120 - scraper_base - INFO - 🔍 Cobasi: Buscando Frontline
2026-02-09 20:28:57,721 - scraper_cobasi - INFO - Cobasi: Dados extraídos via JSON para Frontline
2026-02-09 20:28:57,721 - scraper_base - INFO - ✅ Cobasi: 10 produto(s) encontrado(s) para Frontline
2026-02-09 20:29:00,251 - scraper_base - INFO - 📦 [8/20] Processando Advocate
2026-02-09 20:29:00,251 - scraper_base - INFO - 🔍 Cobasi: Buscando Advocate
2026-02-09 20:29:00,889 - scraper_cobasi - INFO - Cobasi: Dados extraídos via JSON para Advocate
2026-02-09 20:29:00,889 - scraper_base - INFO - ✅ Cobasi: 12 produto(s) encontrado(s) para Advocate
2026-02-09 20:29:02,805 - scraper_base - INFO - 📦 [9/20] Processando Drontal
2026-02-09 20:29:02,805 - scraper_base - INFO - 🔍 Cobasi: Buscando Drontal
2026-02-09 20:29:05,312 - scraper_cobasi - INFO - Cobasi: Dados extraídos via JSON para Drontal
2026-02-09 20:29:05,312 - scraper_base - INFO - ✅ Cobasi: 8 produto(s) encontrado(s) para Drontal
2026-02-09 20:29:07,120 - scraper_base - INFO - 📦 [10/20] Processando Milbemax
2026-02-09 20:29:07,120 - scraper_base - INFO - 🔍 Cobasi: Buscando Milbemax
2026-02-09 20:29:09,218 - scraper_cobasi - INFO - Cobasi: Dados extraídos via JSON para Milbemax
2026-02-09 20:29:09,219 - scraper_base - INFO - ✅ Cobasi: 4 produto(s) encontrado(s) para Milbemax
2026-02-09 20:29:11,531 - scraper_base - INFO - 📦 [11/20] Processando Vermivet
2026-02-09 20:29:11,531 - scraper_base - INFO - 🔍 Cobasi: Buscando Vermivet
2026-02-09 20:29:15,377 - scraper_cobasi - INFO - Cobasi: Dados extraídos via JSON para Vermivet
2026-02-09 20:29:15,377 - scraper_base - INFO - ✅ Cobasi: 5 produto(s) encontrado(s) para Vermivet
2026-02-09 20:29:17,189 - scraper_base - INFO - 📦 [12/20] Processando Rimadyl
2026-02-09 20:29:17,189 - scraper_base - INFO - 🔍 Cobasi: Buscando Rimadyl
2026-02-09 20:29:18,089 - scraper_cobasi - INFO - Cobasi: Dados extraídos via JSON para Rimadyl
2026-02-09 20:29:18,089 - scraper_base - INFO - ✅ Cobasi: 3 produto(s) encontrado(s) para Rimadyl
2026-02-09 20:29:21,041 - scraper_base - INFO - 📦 [13/20] Processando Onsior
2026-02-09 20:29:21,041 - scraper_base - INFO - 🔍 Cobasi: Buscando Onsior
2026-02-09 20:29:21,733 - scraper_cobasi - INFO - Cobasi: Dados extraídos via JSON para Onsior
2026-02-09 20:29:21,734 - scraper_base - INFO - ✅ Cobasi: 4 produto(s) encontrado(s) para Onsior
2026-02-09 20:29:23,471 - scraper_base - INFO - 📦 [14/20] Processando Maxicam
2026-02-09 20:29:23,471 - scraper_base - INFO - 🔍 Cobasi: Buscando Maxicam
2026-02-09 20:29:28,226 - scraper_cobasi - INFO - Cobasi: Dados extraídos via JSON para Maxicam
2026-02-09 20:29:28,226 - scraper_base - INFO - ✅ Cobasi: 21 produto(s) encontrado(s) para Maxicam
2026-02-09 20:29:29,415 - scraper_base - INFO - 📦 [15/20] Processando Carproflan
2026-02-09 20:29:29,415 - scraper_base - INFO - 🔍 Cobasi: Buscando Carproflan
2026-02-09 20:29:31,665 - scraper_cobasi - INFO - Cobasi: Dados extraídos via JSON para Carproflan
2026-02-09 20:29:31,665 - scraper_base - INFO - ✅ Cobasi: 3 produto(s) encontrado(s) para Carproflan
2026-02-09 20:29:34,565 - scraper_base - INFO - 📦 [16/20] Processando Previcox
2026-02-09 20:29:34,565 - scraper_base - INFO - 🔍 Cobasi: Buscando Previcox
2026-02-09 20:29:36,033 - scraper_cobasi - INFO - Cobasi: Dados extraídos via JSON para Previcox
2026-02-09 20:29:36,033 - scraper_base - INFO - ✅ Cobasi: 2 produto(s) encontrado(s) para Previcox
2026-02-09 20:29:38,259 - scraper_base - INFO - 📦 [17/20] Processando Apoquel
2026-02-09 20:29:38,259 - scraper_base - INFO - 🔍 Cobasi: Buscando Apoquel
2026-02-09 20:29:38,602 - scraper_cobasi - INFO - Cobasi: Dados extraídos via JSON para Apoquel
2026-02-09 20:29:38,602 - scraper_base - INFO - ✅ Cobasi: 3 produto(s) encontrado(s) para Apoquel
2026-02-09 20:29:39,839 - scraper_base - INFO - 📦 [18/20] Processando Zenrelia
2026-02-09 20:29:39,840 - scraper_base - INFO - 🔍 Cobasi: Buscando Zenrelia
2026-02-09 20:29:41,571 - scraper_cobasi - INFO - Cobasi: Dados extraídos via JSON para Zenrelia
2026-02-09 20:29:41,572 - scraper_base - INFO - ✅ Cobasi: 4 produto(s) encontrado(s) para Zenrelia
2026-02-09 20:29:43,382 - scraper_base - INFO - 📦 [19/20] Processando Synulox
2026-02-09 20:29:43,382 - scraper_base - INFO - 🔍 Cobasi: Buscando Synulox
2026-02-09 20:29:45,019 - scraper_cobasi - INFO - Cobasi: Dados extraídos via JSON para Synulox
2026-02-09 20:29:45,020 - scraper_base - INFO - ✅ Cobasi: 2 produto(s) encontrado(s) para Synulox
2026-02-09 20:29:46,718 - scraper_base - INFO - 📦 [20/20] Processando Baytril
2026-02-09 20:29:46,718 - scraper_base - INFO - 🔍 Cobasi: Buscando Baytril
2026-02-09 20:29:49,009 - scraper_cobasi - INFO - Cobasi: Dados extraídos via JSON para Baytril
2026-02-09 20:29:49,009 - scraper_base - INFO - ✅ Cobasi: 4 produto(s) encontrado(s) para Baytril
2026-02-09 20:29:51,430 - scraper_base - INFO - 📊 Cobasi - Estatísticas finais:
2026-02-09 20:29:51,430 - scraper_base - INFO -    • Medicamentos processados: 20
2026-02-09 20:29:51,430 - scraper_base - INFO -    • Produtos encontrados: 167
2026-02-09 20:29:51,430 - scraper_base - INFO -    • Medicamentos sem resultado: 0
2026-02-09 20:29:51,430 - scraper_base - INFO -    • Tempo total: 77.9s
2026-02-09 20:29:51,430 - scraper_base - INFO -    • Tempo médio por medicamento: 3.9s
2026-02-09 20:29:51,584 - gerenciador_arquivos - INFO - Excel salvo: dados_coletados/cobasi_20260209_202951.xlsx (167 produtos)
2026-02-09 20:29:51,584 - gerenciador_principal - INFO - Cobasi: Arquivo individual salvo com sucesso
2026-02-09 20:29:51,584 - gerenciador_principal - INFO - Pausando entre sites...
2026-02-09 20:29:53,584 - gerenciador_principal - INFO - [2/3] Processando Petlove
2026-02-09 20:29:53,584 - scraper_base - INFO - 🚀 Iniciando scraping completo - Petlove
2026-02-09 20:29:53,777 - scraper_base - INFO - 📋 20 medicamentos para processar
2026-02-09 20:29:53,778 - scraper_base - INFO - 📦 [1/20] Processando Simparic
2026-02-09 20:29:53,778 - scraper_base - INFO - 🔍 Petlove: Buscando Simparic
2026-02-09 20:30:01,340 - gerenciador_conexoes - INFO - Chrome inicializado com otimizacoes de velocidade
2026-02-09 20:30:04,836 - scraper_base - INFO - ✅ Petlove: 33 produto(s) encontrado(s) para Simparic
2026-02-09 20:30:06,068 - scraper_base - INFO - 📦 [2/20] Processando Revolution
2026-02-09 20:30:06,068 - scraper_base - INFO - 🔍 Petlove: Buscando Revolution
2026-02-09 20:30:07,944 - scraper_base - INFO - ✅ Petlove: 18 produto(s) encontrado(s) para Revolution
2026-02-09 20:30:09,811 - scraper_base - INFO - 📦 [3/20] Processando NexGard
2026-02-09 20:30:09,811 - scraper_base - INFO - 🔍 Petlove: Buscando NexGard
2026-02-09 20:30:11,383 - scraper_base - INFO - ✅ Petlove: 11 produto(s) encontrado(s) para NexGard
2026-02-09 20:30:13,037 - scraper_base - INFO - 📦 [4/20] Processando NexGard Spectra
2026-02-09 20:30:13,037 - scraper_base - INFO - 🔍 Petlove: Buscando NexGard Spectra
2026-02-09 20:30:14,451 - scraper_base - INFO - ✅ Petlove: 5 produto(s) encontrado(s) para NexGard Spectra
2026-02-09 20:30:17,205 - scraper_base - INFO - 📦 [5/20] Processando NexGard Combo
2026-02-09 20:30:17,205 - scraper_base - INFO - 🔍 Petlove: Buscando NexGard Combo
2026-02-09 20:30:18,482 - scraper_base - INFO - ✅ Petlove: 2 produto(s) encontrado(s) para NexGard Combo
2026-02-09 20:30:21,341 - scraper_base - INFO - 📦 [6/20] Processando Bravecto
2026-02-09 20:30:21,341 - scraper_base - INFO - 🔍 Petlove: Buscando Bravecto
2026-02-09 20:30:23,835 - scraper_base - INFO - ✅ Petlove: 23 produto(s) encontrado(s) para Bravecto
2026-02-09 20:30:24,862 - scraper_base - INFO - 📦 [7/20] Processando Frontline
2026-02-09 20:30:24,862 - scraper_base - INFO - 🔍 Petlove: Buscando Frontline
2026-02-09 20:30:26,776 - scraper_base - INFO - ✅ Petlove: 11 produto(s) encontrado(s) para Frontline
2026-02-09 20:30:29,173 - scraper_base - INFO - 📦 [8/20] Processando Advocate
2026-02-09 20:30:29,173 - scraper_base - INFO - 🔍 Petlove: Buscando Advocate
2026-02-09 20:30:30,823 - scraper_base - INFO - ✅ Petlove: 12 produto(s) encontrado(s) para Advocate
2026-02-09 20:30:32,938 - scraper_base - INFO - 📦 [9/20] Processando Drontal
2026-02-09 20:30:32,938 - scraper_base - INFO - 🔍 Petlove: Buscando Drontal
2026-02-09 20:30:34,564 - scraper_base - INFO - ✅ Petlove: 36 produto(s) encontrado(s) para Drontal
2026-02-09 20:30:36,481 - scraper_base - INFO - 📦 [10/20] Processando Milbemax
2026-02-09 20:30:36,481 - scraper_base - INFO - 🔍 Petlove: Buscando Milbemax
2026-02-09 20:30:37,932 - scraper_base - INFO - ✅ Petlove: 15 produto(s) encontrado(s) para Milbemax
2026-02-09 20:30:39,916 - scraper_base - INFO - 📦 [11/20] Processando Vermivet
2026-02-09 20:30:39,916 - scraper_base - INFO - 🔍 Petlove: Buscando Vermivet
2026-02-09 20:30:42,016 - scraper_base - INFO - ✅ Petlove: 36 produto(s) encontrado(s) para Vermivet
2026-02-09 20:30:43,099 - scraper_base - INFO - 📦 [12/20] Processando Rimadyl
2026-02-09 20:30:43,099 - scraper_base - INFO - 🔍 Petlove: Buscando Rimadyl
2026-02-09 20:30:44,813 - scraper_base - INFO - ✅ Petlove: 1 produto(s) encontrado(s) para Rimadyl
2026-02-09 20:30:45,969 - scraper_base - INFO - 📦 [13/20] Processando Onsior
2026-02-09 20:30:45,970 - scraper_base - INFO - 🔍 Petlove: Buscando Onsior
2026-02-09 20:30:47,354 - scraper_base - INFO - ✅ Petlove: 4 produto(s) encontrado(s) para Onsior
2026-02-09 20:30:48,493 - scraper_base - INFO - 📦 [14/20] Processando Maxicam
2026-02-09 20:30:48,493 - scraper_base - INFO - 🔍 Petlove: Buscando Maxicam
2026-02-09 20:30:49,617 - scraper_base - INFO - ✅ Petlove: 3 produto(s) encontrado(s) para Maxicam
2026-02-09 20:30:52,232 - scraper_base - INFO - 📦 [15/20] Processando Carproflan
2026-02-09 20:30:52,232 - scraper_base - INFO - 🔍 Petlove: Buscando Carproflan
2026-02-09 20:30:53,423 - scraper_base - INFO - ✅ Petlove: 8 produto(s) encontrado(s) para Carproflan
2026-02-09 20:30:55,670 - scraper_base - INFO - 📦 [16/20] Processando Previcox
2026-02-09 20:30:55,670 - scraper_base - INFO - 🔍 Petlove: Buscando Previcox
2026-02-09 20:30:56,799 - scraper_base - INFO - ✅ Petlove: 4 produto(s) encontrado(s) para Previcox
2026-02-09 20:30:58,742 - scraper_base - INFO - 📦 [17/20] Processando Apoquel
2026-02-09 20:30:58,742 - scraper_base - INFO - 🔍 Petlove: Buscando Apoquel
2026-02-09 20:31:00,175 - scraper_base - INFO - ✅ Petlove: 16 produto(s) encontrado(s) para Apoquel
2026-02-09 20:31:01,498 - scraper_base - INFO - 📦 [18/20] Processando Zenrelia
2026-02-09 20:31:01,498 - scraper_base - INFO - 🔍 Petlove: Buscando Zenrelia
2026-02-09 20:31:03,461 - scraper_base - INFO - ✅ Petlove: 4 produto(s) encontrado(s) para Zenrelia
2026-02-09 20:31:04,468 - scraper_base - INFO - 📦 [19/20] Processando Synulox
2026-02-09 20:31:04,468 - scraper_base - INFO - 🔍 Petlove: Buscando Synulox
2026-02-09 20:31:06,017 - scraper_base - INFO - ✅ Petlove: 1 produto(s) encontrado(s) para Synulox
2026-02-09 20:31:08,388 - scraper_base - INFO - 📦 [20/20] Processando Baytril
2026-02-09 20:31:08,388 - scraper_base - INFO - 🔍 Petlove: Buscando Baytril
2026-02-09 20:31:09,731 - scraper_base - INFO - ✅ Petlove: 4 produto(s) encontrado(s) para Baytril
2026-02-09 20:31:12,100 - scraper_base - INFO - 📊 Petlove - Estatísticas finais:
2026-02-09 20:31:12,101 - scraper_base - INFO -    • Medicamentos processados: 20
2026-02-09 20:31:12,101 - scraper_base - INFO -    • Produtos encontrados: 247
2026-02-09 20:31:12,101 - scraper_base - INFO -    • Medicamentos sem resultado: 0
2026-02-09 20:31:12,101 - scraper_base - INFO -    • Tempo total: 78.5s
2026-02-09 20:31:12,101 - scraper_base - INFO -    • Tempo médio por medicamento: 3.9s
2026-02-09 20:31:12,148 - gerenciador_arquivos - INFO - Excel salvo: dados_coletados/petlove_20260209_203112.xlsx (247 produtos)
2026-02-09 20:31:12,148 - gerenciador_principal - INFO - Petlove: Arquivo individual salvo com sucesso
2026-02-09 20:31:12,148 - gerenciador_principal - INFO - Pausando entre sites...
2026-02-09 20:31:14,148 - gerenciador_principal - INFO - [3/3] Processando Petz
2026-02-09 20:31:14,148 - scraper_base - INFO - 🚀 Iniciando scraping completo - Petz
2026-02-09 20:31:14,406 - scraper_base - INFO - 📋 20 medicamentos para processar
2026-02-09 20:31:14,407 - scraper_base - INFO - 📦 [1/20] Processando Simparic
2026-02-09 20:31:14,407 - scraper_base - INFO - 🔍 Petz: Buscando Simparic
2026-02-09 20:31:14,534 - scraper_petz - INFO - Petz: Nenhum product-card encontrado para Simparic
2026-02-09 20:31:14,534 - scraper_base - INFO - ⚪ Petz: Nenhum produto encontrado para Simparic
2026-02-09 20:31:16,278 - scraper_base - INFO - 📦 [2/20] Processando Revolution
2026-02-09 20:31:16,278 - scraper_base - INFO - 🔍 Petz: Buscando Revolution
2026-02-09 20:31:16,376 - scraper_petz - INFO - Petz: Nenhum product-card encontrado para Revolution
2026-02-09 20:31:16,376 - scraper_base - INFO - ⚪ Petz: Nenhum produto encontrado para Revolution
2026-02-09 20:31:18,590 - scraper_base - INFO - 📦 [3/20] Processando NexGard
2026-02-09 20:31:18,590 - scraper_base - INFO - 🔍 Petz: Buscando NexGard
2026-02-09 20:31:18,711 - scraper_petz - INFO - Petz: Nenhum product-card encontrado para NexGard
2026-02-09 20:31:18,711 - scraper_base - INFO - ⚪ Petz: Nenhum produto encontrado para NexGard
2026-02-09 20:31:21,292 - scraper_base - INFO - 📦 [4/20] Processando NexGard Spectra
2026-02-09 20:31:21,292 - scraper_base - INFO - 🔍 Petz: Buscando NexGard Spectra
2026-02-09 20:31:21,391 - scraper_petz - INFO - Petz: Nenhum product-card encontrado para NexGard Spectra
2026-02-09 20:31:21,392 - scraper_base - INFO - ⚪ Petz: Nenhum produto encontrado para NexGard Spectra
2026-02-09 20:31:24,296 - scraper_base - INFO - 📦 [5/20] Processando NexGard Combo
2026-02-09 20:31:24,296 - scraper_base - INFO - 🔍 Petz: Buscando NexGard Combo
2026-02-09 20:31:24,397 - scraper_petz - INFO - Petz: Nenhum product-card encontrado para NexGard Combo
2026-02-09 20:31:24,397 - scraper_base - INFO - ⚪ Petz: Nenhum produto encontrado para NexGard Combo
2026-02-09 20:31:26,599 - scraper_base - INFO - 📦 [6/20] Processando Bravecto
2026-02-09 20:31:26,599 - scraper_base - INFO - 🔍 Petz: Buscando Bravecto
2026-02-09 20:31:26,704 - scraper_petz - INFO - Petz: Nenhum product-card encontrado para Bravecto
2026-02-09 20:31:26,704 - scraper_base - INFO - ⚪ Petz: Nenhum produto encontrado para Bravecto
2026-02-09 20:31:28,609 - scraper_base - INFO - 📦 [7/20] Processando Frontline
2026-02-09 20:31:28,609 - scraper_base - INFO - 🔍 Petz: Buscando Frontline
2026-02-09 20:31:28,711 - scraper_petz - INFO - Petz: Nenhum product-card encontrado para Frontline
2026-02-09 20:31:28,712 - scraper_base - INFO - ⚪ Petz: Nenhum produto encontrado para Frontline
2026-02-09 20:31:31,414 - scraper_base - INFO - 📦 [8/20] Processando Advocate
2026-02-09 20:31:31,414 - scraper_base - INFO - 🔍 Petz: Buscando Advocate
2026-02-09 20:31:31,500 - scraper_petz - INFO - Petz: Nenhum product-card encontrado para Advocate
2026-02-09 20:31:31,500 - scraper_base - INFO - ⚪ Petz: Nenhum produto encontrado para Advocate
2026-02-09 20:31:33,434 - scraper_base - INFO - 📦 [9/20] Processando Drontal
2026-02-09 20:31:33,435 - scraper_base - INFO - 🔍 Petz: Buscando Drontal
2026-02-09 20:31:33,919 - scraper_petz - INFO - Petz: Nenhum product-card encontrado para Drontal
2026-02-09 20:31:33,919 - scraper_base - INFO - ⚪ Petz: Nenhum produto encontrado para Drontal
2026-02-09 20:31:35,645 - scraper_base - INFO - 📦 [10/20] Processando Milbemax
2026-02-09 20:31:35,645 - scraper_base - INFO - 🔍 Petz: Buscando Milbemax
2026-02-09 20:31:35,786 - scraper_petz - INFO - Petz: Nenhum product-card encontrado para Milbemax
2026-02-09 20:31:35,786 - scraper_base - INFO - ⚪ Petz: Nenhum produto encontrado para Milbemax
2026-02-09 20:31:38,347 - scraper_base - INFO - 📦 [11/20] Processando Vermivet
2026-02-09 20:31:38,347 - scraper_base - INFO - 🔍 Petz: Buscando Vermivet
2026-02-09 20:31:38,601 - scraper_petz - INFO - Petz: Nenhum product-card encontrado para Vermivet
2026-02-09 20:31:38,601 - scraper_base - INFO - ⚪ Petz: Nenhum produto encontrado para Vermivet
2026-02-09 20:31:40,399 - scraper_base - INFO - 📦 [12/20] Processando Rimadyl
2026-02-09 20:31:40,400 - scraper_base - INFO - 🔍 Petz: Buscando Rimadyl
2026-02-09 20:31:40,595 - scraper_petz - INFO - Petz: Nenhum product-card encontrado para Rimadyl
2026-02-09 20:31:40,596 - scraper_base - INFO - ⚪ Petz: Nenhum produto encontrado para Rimadyl
2026-02-09 20:31:43,095 - scraper_base - INFO - 📦 [13/20] Processando Onsior
2026-02-09 20:31:43,095 - scraper_base - INFO - 🔍 Petz: Buscando Onsior
2026-02-09 20:31:43,565 - scraper_petz - INFO - Petz: Nenhum product-card encontrado para Onsior
2026-02-09 20:31:43,565 - scraper_base - INFO - ⚪ Petz: Nenhum produto encontrado para Onsior
2026-02-09 20:31:46,000 - scraper_base - INFO - 📦 [14/20] Processando Maxicam
2026-02-09 20:31:46,001 - scraper_base - INFO - 🔍 Petz: Buscando Maxicam
2026-02-09 20:31:46,107 - scraper_petz - INFO - Petz: Nenhum product-card encontrado para Maxicam
2026-02-09 20:31:46,107 - scraper_base - INFO - ⚪ Petz: Nenhum produto encontrado para Maxicam
2026-02-09 20:31:48,481 - scraper_base - INFO - 📦 [15/20] Processando Carproflan
2026-02-09 20:31:48,481 - scraper_base - INFO - 🔍 Petz: Buscando Carproflan
2026-02-09 20:31:48,577 - scraper_petz - INFO - Petz: Nenhum product-card encontrado para Carproflan
2026-02-09 20:31:48,577 - scraper_base - INFO - ⚪ Petz: Nenhum produto encontrado para Carproflan
2026-02-09 20:31:50,431 - scraper_base - INFO - 📦 [16/20] Processando Previcox
2026-02-09 20:31:50,431 - scraper_base - INFO - 🔍 Petz: Buscando Previcox
2026-02-09 20:31:50,522 - scraper_petz - INFO - Petz: Nenhum product-card encontrado para Previcox
2026-02-09 20:31:50,522 - scraper_base - INFO - ⚪ Petz: Nenhum produto encontrado para Previcox
2026-02-09 20:31:52,332 - scraper_base - INFO - 📦 [17/20] Processando Apoquel
2026-02-09 20:31:52,333 - scraper_base - INFO - 🔍 Petz: Buscando Apoquel
2026-02-09 20:31:52,436 - scraper_petz - INFO - Petz: Nenhum product-card encontrado para Apoquel
2026-02-09 20:31:52,436 - scraper_base - INFO - ⚪ Petz: Nenhum produto encontrado para Apoquel
2026-02-09 20:31:54,773 - scraper_base - INFO - 📦 [18/20] Processando Zenrelia
2026-02-09 20:31:54,773 - scraper_base - INFO - 🔍 Petz: Buscando Zenrelia
2026-02-09 20:31:55,065 - scraper_petz - INFO - Petz: Nenhum product-card encontrado para Zenrelia
2026-02-09 20:31:55,065 - scraper_base - INFO - ⚪ Petz: Nenhum produto encontrado para Zenrelia
2026-02-09 20:31:57,476 - scraper_base - INFO - 📦 [19/20] Processando Synulox
2026-02-09 20:31:57,476 - scraper_base - INFO - 🔍 Petz: Buscando Synulox
2026-02-09 20:31:57,570 - scraper_petz - INFO - Petz: Nenhum product-card encontrado para Synulox
2026-02-09 20:31:57,570 - scraper_base - INFO - ⚪ Petz: Nenhum produto encontrado para Synulox
2026-02-09 20:31:58,705 - scraper_base - INFO - 📦 [20/20] Processando Baytril
2026-02-09 20:31:58,705 - scraper_base - INFO - 🔍 Petz: Buscando Baytril
2026-02-09 20:31:58,805 - scraper_petz - INFO - Petz: Nenhum product-card encontrado para Baytril
2026-02-09 20:31:58,805 - scraper_base - INFO - ⚪ Petz: Nenhum produto encontrado para Baytril
2026-02-09 20:32:01,542 - scraper_base - INFO - 📊 Petz - Estatísticas finais:
2026-02-09 20:32:01,542 - scraper_base - INFO -    • Medicamentos processados: 20
2026-02-09 20:32:01,542 - scraper_base - INFO -    • Produtos encontrados: 0
2026-02-09 20:32:01,542 - scraper_base - INFO -    • Medicamentos sem resultado: 20
2026-02-09 20:32:01,542 - scraper_base - INFO -    • Tempo total: 47.4s
2026-02-09 20:32:01,542 - scraper_base - INFO -    • Tempo médio por medicamento: 2.4s
2026-02-09 20:32:01,542 - gerenciador_principal - WARNING - Petz: Nenhum produto coletado
2026-02-09 20:32:01,543 - gerenciador_principal - INFO - Gerando relatório consolidado...
2026-02-09 20:32:01,684 - gerenciador_arquivos - INFO - Relatório consolidado salvo: dados_relatorios/relatorio_consolidado_20260209_203201.xlsx
2026-02-09 20:32:01,797 - gerenciador_conexoes - INFO - Chrome fechado
2026-02-09 20:32:01,797 - gerenciador_conexoes - INFO - Métodos utilizados - Requests: 33.3%, Selenium: 66.7%, Falhas: 0.0%
2026-02-09 20:32:01,797 - gerenciador_principal - INFO - ============================================================
2026-02-09 20:32:01,798 - gerenciador_principal - INFO - RELATORIO FINAL DE EXECUÇÃO
2026-02-09 20:32:01,798 - gerenciador_principal - INFO - ============================================================
2026-02-09 20:32:01,798 - gerenciador_principal - INFO - Sites processados: 3
2026-02-09 20:32:01,798 - gerenciador_principal - INFO - Sites com sucesso: 2
2026-02-09 20:32:01,798 - gerenciador_principal - INFO - Total de produtos coletados: 414
2026-02-09 20:32:01,798 - gerenciador_principal - WARNING - Sites com falhas: Petz
2026-02-09 20:32:01,798 - gerenciador_principal - INFO - Tempo total de execução: 208.0 segundos
2026-02-09 20:32:01,798 - gerenciador_principal - INFO - Estatísticas de conexão:
2026-02-09 20:32:01,798 - gerenciador_principal - INFO -   - Requests bem-sucedidos: 33.3%
2026-02-09 20:32:01,799 - gerenciador_principal - INFO -   - Selenium fallback: 66.7%
2026-02-09 20:32:01,799 - gerenciador_principal - INFO -   - Falhas totais: 0.0%
2026-02-09 20:32:01,800 - gerenciador_principal - INFO - Arquivos salvos na pasta: dados_coletados
2026-02-09 20:32:01,800 - gerenciador_principal - INFO - Total de arquivos: 380
2026-02-09 20:32:01,801 - gerenciador_principal - INFO - ============================================================
