2026-02-11 20:26:42,836 - configurador_logs - INFO - Sistema de logs configurado com sucesso
2026-02-11 20:26:42,836 - configurador_logs - INFO - 🚀 Logs configurados para MODO PRODUÇÃO
2026-02-11 20:26:42,836 - gerenciador_principal - INFO - Inicializando sistema - Modo: PRODUCAO
2026-02-11 20:26:42,836 - gerenciador_arquivos - INFO - Pasta dados_coletados preparada
2026-02-11 20:26:42,837 - gerenciador_principal - INFO - Sistema inicializado com 3 scrapers
2026-02-11 20:26:42,837 - gerenciador_principal - INFO - ============================================================
2026-02-11 20:26:42,837 - gerenciador_principal - INFO - INICIANDO SCRAPING COMPLETO - PRODUCAO
2026-02-11 20:26:42,837 - gerenciador_principal - INFO - ============================================================
2026-02-11 20:26:42,837 - gerenciador_principal - INFO - [1/3] Processando Cobasi
2026-02-11 20:26:42,837 - scraper_base - INFO - 🚀 Iniciando scraping completo - Cobasi
2026-02-11 20:26:44,250 - gerenciador_conexoes - INFO - Sessao estabelecida com cobasi.com.br
2026-02-11 20:26:44,250 - scraper_base - INFO - 📋 20 medicamentos para processar
2026-02-11 20:26:44,250 - scraper_base - INFO - 📦 [1/20] Processando Simparic
2026-02-11 20:26:44,251 - scraper_base - INFO - 🔍 Cobasi: Buscando Simparic
2026-02-11 20:26:46,824 - scraper_cobasi - INFO - Cobasi: Dados extraídos via JSON para Simparic
2026-02-11 20:26:46,824 - scraper_base - INFO - ✅ Cobasi: 12 produto(s) encontrado(s) para Simparic
2026-02-11 20:26:48,481 - scraper_base - INFO - 📦 [2/20] Processando Revolution
2026-02-11 20:26:48,482 - scraper_base - INFO - 🔍 Cobasi: Buscando Revolution
2026-02-11 20:26:51,259 - scraper_cobasi - INFO - Cobasi: Dados extraídos via JSON para Revolution
2026-02-11 20:26:51,259 - scraper_base - INFO - ✅ Cobasi: 18 produto(s) encontrado(s) para Revolution
2026-02-11 20:26:53,426 - scraper_base - INFO - 📦 [3/20] Processando NexGard
2026-02-11 20:26:53,426 - scraper_base - INFO - 🔍 Cobasi: Buscando NexGard
2026-02-11 20:26:53,563 - scraper_cobasi - INFO - Cobasi: Dados extraídos via JSON para NexGard
2026-02-11 20:26:53,563 - scraper_base - INFO - ✅ Cobasi: 22 produto(s) encontrado(s) para NexGard
2026-02-11 20:26:56,234 - scraper_base - INFO - 📦 [4/20] Processando NexGard Spectra
2026-02-11 20:26:56,234 - scraper_base - INFO - 🔍 Cobasi: Buscando NexGard Spectra
2026-02-11 20:26:57,019 - scraper_cobasi - INFO - Cobasi: Dados extraídos via JSON para NexGard Spectra
2026-02-11 20:26:57,019 - scraper_base - INFO - ✅ Cobasi: 10 produto(s) encontrado(s) para NexGard Spectra
2026-02-11 20:26:58,211 - scraper_base - INFO - 📦 [5/20] Processando NexGard Combo
2026-02-11 20:26:58,211 - scraper_base - INFO - 🔍 Cobasi: Buscando NexGard Combo
2026-02-11 20:27:00,804 - scraper_cobasi - INFO - Cobasi: Dados extraídos via JSON para NexGard Combo
2026-02-11 20:27:00,805 - scraper_base - INFO - ✅ Cobasi: 4 produto(s) encontrado(s) para NexGard Combo
2026-02-11 20:27:03,689 - scraper_base - INFO - 📦 [6/20] Processando Bravecto
2026-02-11 20:27:03,689 - scraper_base - INFO - 🔍 Cobasi: Buscando Bravecto
2026-02-11 20:27:04,488 - scraper_cobasi - INFO - Cobasi: Dados extraídos via JSON para Bravecto
2026-02-11 20:27:04,488 - scraper_base - INFO - ✅ Cobasi: 16 produto(s) encontrado(s) para Bravecto
2026-02-11 20:27:06,193 - scraper_base - INFO - 📦 [7/20] Processando Frontline
2026-02-11 20:27:06,193 - scraper_base - INFO - 🔍 Cobasi: Buscando Frontline
2026-02-11 20:27:10,108 - scraper_cobasi - INFO - Cobasi: Dados extraídos via JSON para Frontline
2026-02-11 20:27:10,108 - scraper_base - INFO - ✅ Cobasi: 10 produto(s) encontrado(s) para Frontline
2026-02-11 20:27:12,499 - scraper_base - INFO - 📦 [8/20] Processando Advocate
2026-02-11 20:27:12,500 - scraper_base - INFO - 🔍 Cobasi: Buscando Advocate
2026-02-11 20:27:17,185 - scraper_cobasi - INFO - Cobasi: Dados extraídos via JSON para Advocate
2026-02-11 20:27:17,185 - scraper_base - INFO - ✅ Cobasi: 12 produto(s) encontrado(s) para Advocate
2026-02-11 20:27:19,494 - scraper_base - INFO - 📦 [9/20] Processando Drontal
2026-02-11 20:27:19,494 - scraper_base - INFO - 🔍 Cobasi: Buscando Drontal
2026-02-11 20:27:21,758 - scraper_cobasi - INFO - Cobasi: Dados extraídos via JSON para Drontal
2026-02-11 20:27:21,758 - scraper_base - INFO - ✅ Cobasi: 8 produto(s) encontrado(s) para Drontal
2026-02-11 20:27:23,689 - scraper_base - INFO - 📦 [10/20] Processando Milbemax
2026-02-11 20:27:23,690 - scraper_base - INFO - 🔍 Cobasi: Buscando Milbemax
2026-02-11 20:27:26,556 - scraper_cobasi - INFO - Cobasi: Dados extraídos via JSON para Milbemax
2026-02-11 20:27:26,556 - scraper_base - INFO - ✅ Cobasi: 4 produto(s) encontrado(s) para Milbemax
2026-02-11 20:27:29,500 - scraper_base - INFO - 📦 [11/20] Processando Vermivet
2026-02-11 20:27:29,500 - scraper_base - INFO - 🔍 Cobasi: Buscando Vermivet
2026-02-11 20:27:33,114 - scraper_cobasi - INFO - Cobasi: Dados extraídos via JSON para Vermivet
2026-02-11 20:27:33,114 - scraper_base - INFO - ✅ Cobasi: 5 produto(s) encontrado(s) para Vermivet
2026-02-11 20:27:35,228 - scraper_base - INFO - 📦 [12/20] Processando Rimadyl
2026-02-11 20:27:35,228 - scraper_base - INFO - 🔍 Cobasi: Buscando Rimadyl
2026-02-11 20:27:39,462 - scraper_cobasi - INFO - Cobasi: Dados extraídos via JSON para Rimadyl
2026-02-11 20:27:39,462 - scraper_base - INFO - ✅ Cobasi: 3 produto(s) encontrado(s) para Rimadyl
2026-02-11 20:27:41,265 - scraper_base - INFO - 📦 [13/20] Processando Onsior
2026-02-11 20:27:41,265 - scraper_base - INFO - 🔍 Cobasi: Buscando Onsior
2026-02-11 20:27:42,487 - scraper_cobasi - INFO - Cobasi: Dados extraídos via JSON para Onsior
2026-02-11 20:27:42,487 - scraper_base - INFO - ✅ Cobasi: 4 produto(s) encontrado(s) para Onsior
2026-02-11 20:27:44,308 - scraper_base - INFO - 📦 [14/20] Processando Maxicam
2026-02-11 20:27:44,308 - scraper_base - INFO - 🔍 Cobasi: Buscando Maxicam
2026-02-11 20:27:47,988 - scraper_cobasi - INFO - Cobasi: Dados extraídos via JSON para Maxicam
2026-02-11 20:27:47,988 - scraper_base - INFO - ✅ Cobasi: 21 produto(s) encontrado(s) para Maxicam
2026-02-11 20:27:48,995 - scraper_base - INFO - 📦 [15/20] Processando Carproflan
2026-02-11 20:27:48,995 - scraper_base - INFO - 🔍 Cobasi: Buscando Carproflan
2026-02-11 20:27:49,765 - scraper_cobasi - INFO - Cobasi: Dados extraídos via JSON para Carproflan
2026-02-11 20:27:49,765 - scraper_base - INFO - ✅ Cobasi: 3 produto(s) encontrado(s) para Carproflan
2026-02-11 20:27:52,086 - scraper_base - INFO - 📦 [16/20] Processando Previcox
2026-02-11 20:27:52,086 - scraper_base - INFO - 🔍 Cobasi: Buscando Previcox
2026-02-11 20:27:54,042 - scraper_cobasi - INFO - Cobasi: Dados extraídos via JSON para Previcox
2026-02-11 20:27:54,042 - scraper_base - INFO - ✅ Cobasi: 2 produto(s) encontrado(s) para Previcox
2026-02-11 20:27:55,827 - scraper_base - INFO - 📦 [17/20] Processando Apoquel
2026-02-11 20:27:55,827 - scraper_base - INFO - 🔍 Cobasi: Buscando Apoquel
2026-02-11 20:27:56,522 - scraper_cobasi - INFO - Cobasi: Dados extraídos via JSON para Apoquel
2026-02-11 20:27:56,522 - scraper_base - INFO - ✅ Cobasi: 3 produto(s) encontrado(s) para Apoquel
2026-02-11 20:27:59,341 - scraper_base - INFO - 📦 [18/20] Processando Zenrelia
2026-02-11 20:27:59,341 - scraper_base - INFO - 🔍 Cobasi: Buscando Zenrelia
2026-02-11 20:28:02,637 - scraper_cobasi - INFO - Cobasi: Dados extraídos via JSON para Zenrelia
2026-02-11 20:28:02,637 - scraper_base - INFO - ✅ Cobasi: 4 produto(s) encontrado(s) para Zenrelia
2026-02-11 20:28:05,603 - scraper_base - INFO - 📦 [19/20] Processando Synulox
2026-02-11 20:28:05,603 - scraper_base - INFO - 🔍 Cobasi: Buscando Synulox
2026-02-11 20:28:08,315 - scraper_cobasi - INFO - Cobasi: Dados extraídos via JSON para Synulox
2026-02-11 20:28:08,315 - scraper_base - INFO - ✅ Cobasi: 2 produto(s) encontrado(s) para Synulox
2026-02-11 20:28:09,331 - scraper_base - INFO - 📦 [20/20] Processando Baytril
2026-02-11 20:28:09,331 - scraper_base - INFO - 🔍 Cobasi: Buscando Baytril
2026-02-11 20:28:12,123 - scraper_cobasi - INFO - Cobasi: Dados extraídos via JSON para Baytril
2026-02-11 20:28:12,123 - scraper_base - INFO - ✅ Cobasi: 4 produto(s) encontrado(s) para Baytril
2026-02-11 20:28:13,276 - scraper_base - INFO - 📊 Cobasi - Estatísticas finais:
2026-02-11 20:28:13,276 - scraper_base - INFO -    • Medicamentos processados: 20
2026-02-11 20:28:13,276 - scraper_base - INFO -    • Produtos encontrados: 167
2026-02-11 20:28:13,276 - scraper_base - INFO -    • Medicamentos sem resultado: 0
2026-02-11 20:28:13,276 - scraper_base - INFO -    • Tempo total: 90.4s
2026-02-11 20:28:13,276 - scraper_base - INFO -    • Tempo médio por medicamento: 4.5s
2026-02-11 20:28:13,393 - gerenciador_arquivos - INFO - Excel salvo: dados_coletados/cobasi_20260211_202813.xlsx (167 produtos)
2026-02-11 20:28:13,393 - gerenciador_principal - INFO - Cobasi: Arquivo individual salvo com sucesso
2026-02-11 20:28:13,393 - gerenciador_principal - INFO - Pausando entre sites...
2026-02-11 20:28:15,393 - gerenciador_principal - INFO - [2/3] Processando Petlove
2026-02-11 20:28:15,393 - scraper_base - INFO - 🚀 Iniciando scraping completo - Petlove
2026-02-11 20:28:15,561 - scraper_base - INFO - 📋 20 medicamentos para processar
2026-02-11 20:28:15,562 - scraper_base - INFO - 📦 [1/20] Processando Simparic
2026-02-11 20:28:15,562 - scraper_base - INFO - 🔍 Petlove: Buscando Simparic
2026-02-11 20:28:23,592 - gerenciador_conexoes - INFO - Chrome inicializado com otimizacoes de velocidade
2026-02-11 20:28:27,427 - scraper_base - INFO - ✅ Petlove: 33 produto(s) encontrado(s) para Simparic
2026-02-11 20:28:30,083 - scraper_base - INFO - 📦 [2/20] Processando Revolution
2026-02-11 20:28:30,084 - scraper_base - INFO - 🔍 Petlove: Buscando Revolution
2026-02-11 20:28:32,085 - scraper_base - INFO - ✅ Petlove: 18 produto(s) encontrado(s) para Revolution
2026-02-11 20:28:33,690 - scraper_base - INFO - 📦 [3/20] Processando NexGard
2026-02-11 20:28:33,690 - scraper_base - INFO - 🔍 Petlove: Buscando NexGard
2026-02-11 20:28:35,372 - scraper_base - INFO - ✅ Petlove: 11 produto(s) encontrado(s) para NexGard
2026-02-11 20:28:37,481 - scraper_base - INFO - 📦 [4/20] Processando NexGard Spectra
2026-02-11 20:28:37,481 - scraper_base - INFO - 🔍 Petlove: Buscando NexGard Spectra
2026-02-11 20:28:38,595 - scraper_base - INFO - ✅ Petlove: 5 produto(s) encontrado(s) para NexGard Spectra
2026-02-11 20:28:41,050 - scraper_base - INFO - 📦 [5/20] Processando NexGard Combo
2026-02-11 20:28:41,050 - scraper_base - INFO - 🔍 Petlove: Buscando NexGard Combo
2026-02-11 20:28:42,141 - scraper_base - INFO - ✅ Petlove: 2 produto(s) encontrado(s) para NexGard Combo
2026-02-11 20:28:43,213 - scraper_base - INFO - 📦 [6/20] Processando Bravecto
2026-02-11 20:28:43,213 - scraper_base - INFO - 🔍 Petlove: Buscando Bravecto
2026-02-11 20:28:45,071 - scraper_base - INFO - ✅ Petlove: 23 produto(s) encontrado(s) para Bravecto
2026-02-11 20:28:47,801 - scraper_base - INFO - 📦 [7/20] Processando Frontline
2026-02-11 20:28:47,801 - scraper_base - INFO - 🔍 Petlove: Buscando Frontline
2026-02-11 20:28:49,662 - scraper_base - INFO - ✅ Petlove: 11 produto(s) encontrado(s) para Frontline
2026-02-11 20:28:51,561 - scraper_base - INFO - 📦 [8/20] Processando Advocate
2026-02-11 20:28:51,562 - scraper_base - INFO - 🔍 Petlove: Buscando Advocate
2026-02-11 20:28:53,159 - scraper_base - INFO - ✅ Petlove: 11 produto(s) encontrado(s) para Advocate
2026-02-11 20:28:55,967 - scraper_base - INFO - 📦 [9/20] Processando Drontal
2026-02-11 20:28:55,968 - scraper_base - INFO - 🔍 Petlove: Buscando Drontal
2026-02-11 20:28:57,755 - scraper_base - INFO - ✅ Petlove: 36 produto(s) encontrado(s) para Drontal
2026-02-11 20:28:58,855 - scraper_base - INFO - 📦 [10/20] Processando Milbemax
2026-02-11 20:28:58,855 - scraper_base - INFO - 🔍 Petlove: Buscando Milbemax
2026-02-11 20:29:00,416 - scraper_base - INFO - ✅ Petlove: 15 produto(s) encontrado(s) para Milbemax
2026-02-11 20:29:01,630 - scraper_base - INFO - 📦 [11/20] Processando Vermivet
2026-02-11 20:29:01,631 - scraper_base - INFO - 🔍 Petlove: Buscando Vermivet
2026-02-11 20:29:04,165 - scraper_base - INFO - ✅ Petlove: 36 produto(s) encontrado(s) para Vermivet
2026-02-11 20:29:06,212 - scraper_base - INFO - 📦 [12/20] Processando Rimadyl
2026-02-11 20:29:06,212 - scraper_base - INFO - 🔍 Petlove: Buscando Rimadyl
2026-02-11 20:29:08,275 - scraper_base - INFO - ✅ Petlove: 1 produto(s) encontrado(s) para Rimadyl
2026-02-11 20:29:09,632 - scraper_base - INFO - 📦 [13/20] Processando Onsior
2026-02-11 20:29:09,633 - scraper_base - INFO - 🔍 Petlove: Buscando Onsior
2026-02-11 20:29:10,858 - scraper_base - INFO - ✅ Petlove: 4 produto(s) encontrado(s) para Onsior
2026-02-11 20:29:12,310 - scraper_base - INFO - 📦 [14/20] Processando Maxicam
2026-02-11 20:29:12,310 - scraper_base - INFO - 🔍 Petlove: Buscando Maxicam
2026-02-11 20:29:13,518 - scraper_base - INFO - ✅ Petlove: 3 produto(s) encontrado(s) para Maxicam
2026-02-11 20:29:16,146 - scraper_base - INFO - 📦 [15/20] Processando Carproflan
2026-02-11 20:29:16,146 - scraper_base - INFO - 🔍 Petlove: Buscando Carproflan
2026-02-11 20:29:17,632 - scraper_base - INFO - ✅ Petlove: 7 produto(s) encontrado(s) para Carproflan
2026-02-11 20:29:20,549 - scraper_base - INFO - 📦 [16/20] Processando Previcox
2026-02-11 20:29:20,550 - scraper_base - INFO - 🔍 Petlove: Buscando Previcox
2026-02-11 20:29:22,048 - scraper_base - INFO - ✅ Petlove: 4 produto(s) encontrado(s) para Previcox
2026-02-11 20:29:24,714 - scraper_base - INFO - 📦 [17/20] Processando Apoquel
2026-02-11 20:29:24,714 - scraper_base - INFO - 🔍 Petlove: Buscando Apoquel
2026-02-11 20:29:26,387 - scraper_base - INFO - ✅ Petlove: 16 produto(s) encontrado(s) para Apoquel
2026-02-11 20:29:29,229 - scraper_base - INFO - 📦 [18/20] Processando Zenrelia
2026-02-11 20:29:29,229 - scraper_base - INFO - 🔍 Petlove: Buscando Zenrelia
2026-02-11 20:29:30,596 - scraper_base - INFO - ✅ Petlove: 4 produto(s) encontrado(s) para Zenrelia
2026-02-11 20:29:33,498 - scraper_base - INFO - 📦 [19/20] Processando Synulox
2026-02-11 20:29:33,498 - scraper_base - INFO - 🔍 Petlove: Buscando Synulox
2026-02-11 20:29:34,600 - scraper_base - INFO - ✅ Petlove: 1 produto(s) encontrado(s) para Synulox
2026-02-11 20:29:36,926 - scraper_base - INFO - 📦 [20/20] Processando Baytril
2026-02-11 20:29:36,926 - scraper_base - INFO - 🔍 Petlove: Buscando Baytril
2026-02-11 20:29:38,055 - scraper_base - INFO - ✅ Petlove: 4 produto(s) encontrado(s) para Baytril
2026-02-11 20:29:40,403 - scraper_base - INFO - 📊 Petlove - Estatísticas finais:
2026-02-11 20:29:40,403 - scraper_base - INFO -    • Medicamentos processados: 20
2026-02-11 20:29:40,403 - scraper_base - INFO -    • Produtos encontrados: 245
2026-02-11 20:29:40,403 - scraper_base - INFO -    • Medicamentos sem resultado: 0
2026-02-11 20:29:40,403 - scraper_base - INFO -    • Tempo total: 85.0s
2026-02-11 20:29:40,403 - scraper_base - INFO -    • Tempo médio por medicamento: 4.3s
2026-02-11 20:29:40,451 - gerenciador_arquivos - INFO - Excel salvo: dados_coletados/petlove_20260211_202940.xlsx (245 produtos)
2026-02-11 20:29:40,451 - gerenciador_principal - INFO - Petlove: Arquivo individual salvo com sucesso
2026-02-11 20:29:40,451 - gerenciador_principal - INFO - Pausando entre sites...
2026-02-11 20:29:42,452 - gerenciador_principal - INFO - [3/3] Processando Petz
2026-02-11 20:29:42,452 - scraper_base - INFO - 🚀 Iniciando scraping completo - Petz
2026-02-11 20:29:42,707 - scraper_base - INFO - 📋 20 medicamentos para processar
2026-02-11 20:29:42,707 - scraper_base - INFO - 📦 [1/20] Processando Simparic
2026-02-11 20:29:42,707 - scraper_base - INFO - 🔍 Petz: Buscando Simparic
2026-02-11 20:29:46,496 - scraper_base - INFO - ✅ Petz: 12 produto(s) encontrado(s) para Simparic
2026-02-11 20:29:48,259 - scraper_base - INFO - 📦 [2/20] Processando Revolution
2026-02-11 20:29:48,259 - scraper_base - INFO - 🔍 Petz: Buscando Revolution
2026-02-11 20:29:51,417 - scraper_base - INFO - ✅ Petz: 26 produto(s) encontrado(s) para Revolution
2026-02-11 20:29:54,375 - scraper_base - INFO - 📦 [3/20] Processando NexGard
2026-02-11 20:29:54,375 - scraper_base - INFO - 🔍 Petz: Buscando NexGard
2026-02-11 20:29:56,619 - scraper_base - INFO - ✅ Petz: 22 produto(s) encontrado(s) para NexGard
2026-02-11 20:29:58,561 - scraper_base - INFO - 📦 [4/20] Processando NexGard Spectra
2026-02-11 20:29:58,561 - scraper_base - INFO - 🔍 Petz: Buscando NexGard Spectra
2026-02-11 20:30:00,388 - scraper_base - INFO - ✅ Petz: 10 produto(s) encontrado(s) para NexGard Spectra
2026-02-11 20:30:02,011 - scraper_base - INFO - 📦 [5/20] Processando NexGard Combo
2026-02-11 20:30:02,012 - scraper_base - INFO - 🔍 Petz: Buscando NexGard Combo
2026-02-11 20:30:03,569 - scraper_base - INFO - ✅ Petz: 4 produto(s) encontrado(s) para NexGard Combo
2026-02-11 20:30:05,712 - scraper_base - INFO - 📦 [6/20] Processando Bravecto
2026-02-11 20:30:05,712 - scraper_base - INFO - 🔍 Petz: Buscando Bravecto
2026-02-11 20:30:08,123 - scraper_base - INFO - ✅ Petz: 16 produto(s) encontrado(s) para Bravecto
2026-02-11 20:30:10,426 - scraper_base - INFO - 📦 [7/20] Processando Frontline
2026-02-11 20:30:10,426 - scraper_base - INFO - 🔍 Petz: Buscando Frontline
2026-02-11 20:30:12,402 - scraper_base - INFO - ✅ Petz: 11 produto(s) encontrado(s) para Frontline
2026-02-11 20:30:13,622 - scraper_base - INFO - 📦 [8/20] Processando Advocate
2026-02-11 20:30:13,623 - scraper_base - INFO - 🔍 Petz: Buscando Advocate
2026-02-11 20:30:15,974 - scraper_base - INFO - ✅ Petz: 12 produto(s) encontrado(s) para Advocate
2026-02-11 20:30:18,158 - scraper_base - INFO - 📦 [9/20] Processando Drontal
2026-02-11 20:30:18,158 - scraper_base - INFO - 🔍 Petz: Buscando Drontal
2026-02-11 20:30:21,225 - scraper_base - INFO - ✅ Petz: 28 produto(s) encontrado(s) para Drontal
2026-02-11 20:30:24,111 - scraper_base - INFO - 📦 [10/20] Processando Milbemax
2026-02-11 20:30:24,111 - scraper_base - INFO - 🔍 Petz: Buscando Milbemax
2026-02-11 20:30:25,932 - scraper_base - INFO - ✅ Petz: 4 produto(s) encontrado(s) para Milbemax
2026-02-11 20:30:28,832 - scraper_base - INFO - 📦 [11/20] Processando Vermivet
2026-02-11 20:30:28,832 - scraper_base - INFO - 🔍 Petz: Buscando Vermivet
2026-02-11 20:30:30,928 - scraper_base - INFO - ✅ Petz: 5 produto(s) encontrado(s) para Vermivet
2026-02-11 20:30:32,145 - scraper_base - INFO - 📦 [12/20] Processando Rimadyl
2026-02-11 20:30:32,145 - scraper_base - INFO - 🔍 Petz: Buscando Rimadyl
2026-02-11 20:30:34,362 - scraper_base - INFO - ✅ Petz: 3 produto(s) encontrado(s) para Rimadyl
2026-02-11 20:30:37,357 - scraper_base - INFO - 📦 [13/20] Processando Onsior
2026-02-11 20:30:37,357 - scraper_base - INFO - 🔍 Petz: Buscando Onsior
2026-02-11 20:30:39,102 - scraper_base - INFO - ✅ Petz: 4 produto(s) encontrado(s) para Onsior
2026-02-11 20:30:40,774 - scraper_base - INFO - 📦 [14/20] Processando Maxicam
2026-02-11 20:30:40,774 - scraper_base - INFO - 🔍 Petz: Buscando Maxicam
2026-02-11 20:30:43,254 - scraper_base - INFO - ✅ Petz: 28 produto(s) encontrado(s) para Maxicam
2026-02-11 20:30:45,822 - scraper_base - INFO - 📦 [15/20] Processando Carproflan
2026-02-11 20:30:45,822 - scraper_base - INFO - 🔍 Petz: Buscando Carproflan
2026-02-11 20:30:47,428 - scraper_base - INFO - ✅ Petz: 3 produto(s) encontrado(s) para Carproflan
2026-02-11 20:30:49,307 - scraper_base - INFO - 📦 [16/20] Processando Previcox
2026-02-11 20:30:49,307 - scraper_base - INFO - 🔍 Petz: Buscando Previcox
2026-02-11 20:30:51,109 - scraper_base - INFO - ✅ Petz: 2 produto(s) encontrado(s) para Previcox
2026-02-11 20:30:52,697 - scraper_base - INFO - 📦 [17/20] Processando Apoquel
2026-02-11 20:30:52,697 - scraper_base - INFO - 🔍 Petz: Buscando Apoquel
2026-02-11 20:30:54,102 - scraper_base - INFO - ✅ Petz: 3 produto(s) encontrado(s) para Apoquel
2026-02-11 20:30:55,979 - scraper_base - INFO - 📦 [18/20] Processando Zenrelia
2026-02-11 20:30:55,979 - scraper_base - INFO - 🔍 Petz: Buscando Zenrelia
2026-02-11 20:30:57,874 - scraper_base - INFO - ✅ Petz: 4 produto(s) encontrado(s) para Zenrelia
2026-02-11 20:31:00,761 - scraper_base - INFO - 📦 [19/20] Processando Synulox
2026-02-11 20:31:00,761 - scraper_base - INFO - 🔍 Petz: Buscando Synulox
2026-02-11 20:31:02,296 - scraper_base - INFO - ✅ Petz: 2 produto(s) encontrado(s) para Synulox
2026-02-11 20:31:04,799 - scraper_base - INFO - 📦 [20/20] Processando Baytril
2026-02-11 20:31:04,800 - scraper_base - INFO - 🔍 Petz: Buscando Baytril
2026-02-11 20:31:06,941 - scraper_base - INFO - ✅ Petz: 9 produto(s) encontrado(s) para Baytril
2026-02-11 20:31:07,949 - scraper_base - INFO - 📊 Petz - Estatísticas finais:
2026-02-11 20:31:07,949 - scraper_base - INFO -    • Medicamentos processados: 20
2026-02-11 20:31:07,949 - scraper_base - INFO -    • Produtos encontrados: 208
2026-02-11 20:31:07,949 - scraper_base - INFO -    • Medicamentos sem resultado: 0
2026-02-11 20:31:07,949 - scraper_base - INFO -    • Tempo total: 85.5s
2026-02-11 20:31:07,949 - scraper_base - INFO -    • Tempo médio por medicamento: 4.3s
2026-02-11 20:31:08,053 - gerenciador_arquivos - INFO - Excel salvo: dados_coletados/petz_20260211_203107.xlsx (208 produtos)
2026-02-11 20:31:08,053 - gerenciador_principal - INFO - Petz: Arquivo individual salvo com sucesso
2026-02-11 20:31:08,053 - gerenciador_principal - INFO - Gerando relatório consolidado...
2026-02-11 20:31:08,268 - gerenciador_arquivos - INFO - Relatório consolidado salvo: dados_relatorios/relatorio_consolidado_20260211_203108.xlsx
2026-02-11 20:31:08,414 - gerenciador_conexoes - INFO - Chrome fechado
2026-02-11 20:31:08,414 - gerenciador_conexoes - INFO - Métodos utilizados - Requests: 33.3%, Selenium: 66.7%, Falhas: 0.0%
2026-02-11 20:31:08,414 - gerenciador_principal - INFO - ============================================================
2026-02-11 20:31:08,414 - gerenciador_principal - INFO - RELATORIO FINAL DE EXECUÇÃO
2026-02-11 20:31:08,414 - gerenciador_principal - INFO - ============================================================
2026-02-11 20:31:08,414 - gerenciador_principal - INFO - Sites processados: 3
2026-02-11 20:31:08,414 - gerenciador_principal - INFO - Sites com sucesso: 3
2026-02-11 20:31:08,414 - gerenciador_principal - INFO - Total de produtos coletados: 620
2026-02-11 20:31:08,414 - gerenciador_principal - INFO - Tempo total de execução: 265.2 segundos
2026-02-11 20:31:08,414 - gerenciador_principal - INFO - Estatísticas de conexão:
2026-02-11 20:31:08,414 - gerenciador_principal - INFO -   - Requests bem-sucedidos: 33.3%
2026-02-11 20:31:08,415 - gerenciador_principal - INFO -   - Selenium fallback: 66.7%
2026-02-11 20:31:08,415 - gerenciador_principal - INFO -   - Falhas totais: 0.0%
2026-02-11 20:31:08,417 - gerenciador_principal - INFO - Arquivos salvos na pasta: dados_coletados
2026-02-11 20:31:08,417 - gerenciador_principal - INFO - Total de arquivos: 386
2026-02-11 20:31:08,417 - gerenciador_principal - INFO - ============================================================
